[0.883s] Invoking command in '/home/vincent-pc/ros2_jazzy/src/build/my_robot_cpp': AMENT_PREFIX_PATH=/home/vincent-pc/ros2_jazzy/src/install/my_robot_interfaces:${AMENT_PREFIX_PATH} CMAKE_PREFIX_PATH=/home/vincent-pc/ros2_jazzy/src/install/my_robot_interfaces:/home/vincent-pc/ros2_jazzy/install/my_robot_cpp:/home/vincent-pc/ros2_jazzy/install/actions_cpp:/home/vincent-pc/ros2_jazzy/install/my_robot_interfaces:/home/vincent-pc/ros2_jazzy/install/my_robot_description:/home/vincent-pc/ros2_jazzy/install/my_robot_bringup:/opt/ros/jazzy/opt/gz_sim_vendor:/opt/ros/jazzy/opt/gz_sensors_vendor:/opt/ros/jazzy/opt/gz_physics_vendor:/opt/ros/jazzy/opt/sdformat_vendor:/opt/ros/jazzy/opt/gz_gui_vendor:/opt/ros/jazzy/opt/gz_transport_vendor:/opt/ros/jazzy/opt/gz_rendering_vendor:/opt/ros/jazzy/opt/gz_plugin_vendor:/opt/ros/jazzy/opt/gz_fuel_tools_vendor:/opt/ros/jazzy/opt/gz_msgs_vendor:/opt/ros/jazzy/opt/gz_common_vendor:/opt/ros/jazzy/opt/gz_math_vendor:/opt/ros/jazzy/opt/gz_utils_vendor:/opt/ros/jazzy/opt/gz_tools_vendor:/opt/ros/jazzy/opt/gz_ogre_next_vendor:/opt/ros/jazzy/opt/gz_dartsim_vendor:/opt/ros/jazzy/opt/gz_cmake_vendor:/home/vincent-pc/ros2_jazzy/install/my_robot_python:/home/vincent-pc/ros2_jazzy/install/actions_py:/opt/ros/jazzy DEBUGINFOD_URLS=https://debuginfod.ubuntu.com LD_LIBRARY_PATH=/home/vincent-pc/ros2_jazzy/src/install/my_robot_interfaces/lib:${LD_LIBRARY_PATH} PYTHONPATH=/home/vincent-pc/ros2_jazzy/src/install/my_robot_interfaces/lib/python3.12/site-packages:${PYTHONPATH} /usr/bin/cmake --build /home/vincent-pc/ros2_jazzy/src/build/my_robot_cpp -- -j8 -l8
[0.942s] -- Found ament_cmake: 2.5.4 (/opt/ros/jazzy/share/ament_cmake/cmake)
[1.364s] -- Override CMake install command with custom implementation using symlinks instead of copying resources
[1.383s] -- Found rclcpp: 28.1.13 (/opt/ros/jazzy/share/rclcpp/cmake)
[1.436s] -- Found rosidl_generator_c: 4.6.6 (/opt/ros/jazzy/share/rosidl_generator_c/cmake)
[1.455s] -- Found rosidl_generator_cpp: 4.6.6 (/opt/ros/jazzy/share/rosidl_generator_cpp/cmake)
[1.481s] -- Using all available rosidl_typesupport_c: rosidl_typesupport_fastrtps_c;rosidl_typesupport_introspection_c
[1.512s] -- Using all available rosidl_typesupport_cpp: rosidl_typesupport_fastrtps_cpp;rosidl_typesupport_introspection_cpp
[1.640s] -- Found rmw_implementation_cmake: 7.3.2 (/opt/ros/jazzy/share/rmw_implementation_cmake/cmake)
[1.644s] -- Found rmw_fastrtps_cpp: 8.4.3 (/opt/ros/jazzy/share/rmw_fastrtps_cpp/cmake)
[1.903s] -- Using RMW implementation 'rmw_fastrtps_cpp' as default
[2.066s] -- Found geometry_msgs: 5.3.6 (/opt/ros/jazzy/share/geometry_msgs/cmake)
[2.221s] -- Found my_robot_interfaces: 0.0.0 (/home/vincent-pc/ros2_jazzy/src/install/my_robot_interfaces/share/my_robot_interfaces/cmake)
[2.342s] -- Found sensor_msgs: 5.3.6 (/opt/ros/jazzy/share/sensor_msgs/cmake)
[2.794s] -- Configuring done (1.9s)
[3.072s] -- Generating done (0.2s)
[3.171s] -- Build files have been written to: /home/vincent-pc/ros2_jazzy/src/build/my_robot_cpp
[3.466s] [ 16%] Built target my_robot_differential_cpp
[3.497s] [ 33%] Built target my_robot_master_cpp
[3.503s] [ 41%] [32mBuilding CXX object CMakeFiles/battery_cpp.dir/src/led_panel.cpp.o[0m
[3.523s] [ 50%] [32mBuilding CXX object CMakeFiles/led_panel_cpp.dir/src/led_panel.cpp.o[0m
[3.534s] [ 58%] [32mBuilding CXX object CMakeFiles/differential_node_srv.dir/src/my_robot_differential_srv.cpp.o[0m
[3.566s] [ 66%] [32mBuilding CXX object CMakeFiles/master_srv_cpp.dir/src/my_robot_master_srv.cpp.o[0m
[21.045s] [ 75%] [32m[1mLinking CXX executable master_srv_cpp[0m
[21.404s] [ 75%] Built target master_srv_cpp
[21.845s] [ 83%] [32m[1mLinking CXX executable led_panel_cpp[0m
[22.213s] [ 83%] Built target led_panel_cpp
[22.570s] [ 91%] [32m[1mLinking CXX executable battery_cpp[0m
[22.928s] [ 91%] Built target battery_cpp
[27.927s] [100%] [32m[1mLinking CXX executable differential_node_srv[0m
[28.377s] [100%] Built target differential_node_srv
[28.390s] Invoked command in '/home/vincent-pc/ros2_jazzy/src/build/my_robot_cpp' returned '0': AMENT_PREFIX_PATH=/home/vincent-pc/ros2_jazzy/src/install/my_robot_interfaces:${AMENT_PREFIX_PATH} CMAKE_PREFIX_PATH=/home/vincent-pc/ros2_jazzy/src/install/my_robot_interfaces:/home/vincent-pc/ros2_jazzy/install/my_robot_cpp:/home/vincent-pc/ros2_jazzy/install/actions_cpp:/home/vincent-pc/ros2_jazzy/install/my_robot_interfaces:/home/vincent-pc/ros2_jazzy/install/my_robot_description:/home/vincent-pc/ros2_jazzy/install/my_robot_bringup:/opt/ros/jazzy/opt/gz_sim_vendor:/opt/ros/jazzy/opt/gz_sensors_vendor:/opt/ros/jazzy/opt/gz_physics_vendor:/opt/ros/jazzy/opt/sdformat_vendor:/opt/ros/jazzy/opt/gz_gui_vendor:/opt/ros/jazzy/opt/gz_transport_vendor:/opt/ros/jazzy/opt/gz_rendering_vendor:/opt/ros/jazzy/opt/gz_plugin_vendor:/opt/ros/jazzy/opt/gz_fuel_tools_vendor:/opt/ros/jazzy/opt/gz_msgs_vendor:/opt/ros/jazzy/opt/gz_common_vendor:/opt/ros/jazzy/opt/gz_math_vendor:/opt/ros/jazzy/opt/gz_utils_vendor:/opt/ros/jazzy/opt/gz_tools_vendor:/opt/ros/jazzy/opt/gz_ogre_next_vendor:/opt/ros/jazzy/opt/gz_dartsim_vendor:/opt/ros/jazzy/opt/gz_cmake_vendor:/home/vincent-pc/ros2_jazzy/install/my_robot_python:/home/vincent-pc/ros2_jazzy/install/actions_py:/opt/ros/jazzy DEBUGINFOD_URLS=https://debuginfod.ubuntu.com LD_LIBRARY_PATH=/home/vincent-pc/ros2_jazzy/src/install/my_robot_interfaces/lib:${LD_LIBRARY_PATH} PYTHONPATH=/home/vincent-pc/ros2_jazzy/src/install/my_robot_interfaces/lib/python3.12/site-packages:${PYTHONPATH} /usr/bin/cmake --build /home/vincent-pc/ros2_jazzy/src/build/my_robot_cpp -- -j8 -l8
[28.392s] Invoking command in '/home/vincent-pc/ros2_jazzy/src/build/my_robot_cpp': AMENT_PREFIX_PATH=/home/vincent-pc/ros2_jazzy/src/install/my_robot_interfaces:${AMENT_PREFIX_PATH} CMAKE_PREFIX_PATH=/home/vincent-pc/ros2_jazzy/src/install/my_robot_interfaces:/home/vincent-pc/ros2_jazzy/install/my_robot_cpp:/home/vincent-pc/ros2_jazzy/install/actions_cpp:/home/vincent-pc/ros2_jazzy/install/my_robot_interfaces:/home/vincent-pc/ros2_jazzy/install/my_robot_description:/home/vincent-pc/ros2_jazzy/install/my_robot_bringup:/opt/ros/jazzy/opt/gz_sim_vendor:/opt/ros/jazzy/opt/gz_sensors_vendor:/opt/ros/jazzy/opt/gz_physics_vendor:/opt/ros/jazzy/opt/sdformat_vendor:/opt/ros/jazzy/opt/gz_gui_vendor:/opt/ros/jazzy/opt/gz_transport_vendor:/opt/ros/jazzy/opt/gz_rendering_vendor:/opt/ros/jazzy/opt/gz_plugin_vendor:/opt/ros/jazzy/opt/gz_fuel_tools_vendor:/opt/ros/jazzy/opt/gz_msgs_vendor:/opt/ros/jazzy/opt/gz_common_vendor:/opt/ros/jazzy/opt/gz_math_vendor:/opt/ros/jazzy/opt/gz_utils_vendor:/opt/ros/jazzy/opt/gz_tools_vendor:/opt/ros/jazzy/opt/gz_ogre_next_vendor:/opt/ros/jazzy/opt/gz_dartsim_vendor:/opt/ros/jazzy/opt/gz_cmake_vendor:/home/vincent-pc/ros2_jazzy/install/my_robot_python:/home/vincent-pc/ros2_jazzy/install/actions_py:/opt/ros/jazzy DEBUGINFOD_URLS=https://debuginfod.ubuntu.com LD_LIBRARY_PATH=/home/vincent-pc/ros2_jazzy/src/install/my_robot_interfaces/lib:${LD_LIBRARY_PATH} PYTHONPATH=/home/vincent-pc/ros2_jazzy/src/install/my_robot_interfaces/lib/python3.12/site-packages:${PYTHONPATH} /usr/bin/cmake --install /home/vincent-pc/ros2_jazzy/src/build/my_robot_cpp
[28.404s] -- Install configuration: ""
[28.405s] -- Execute custom install script
[28.406s] -- Up-to-date symlink: /home/vincent-pc/ros2_jazzy/src/install/my_robot_cpp/lib/my_robot_cpp/my_robot_differential_cpp
[28.406s] -- Up-to-date symlink: /home/vincent-pc/ros2_jazzy/src/install/my_robot_cpp/lib/my_robot_cpp/my_robot_master_cpp
[28.406s] -- Up-to-date symlink: /home/vincent-pc/ros2_jazzy/src/install/my_robot_cpp/lib/my_robot_cpp/led_panel_cpp
[28.407s] -- Up-to-date symlink: /home/vincent-pc/ros2_jazzy/src/install/my_robot_cpp/lib/my_robot_cpp/battery_cpp
[28.407s] -- Up-to-date symlink: /home/vincent-pc/ros2_jazzy/src/install/my_robot_cpp/lib/my_robot_cpp/master_srv_cpp
[28.407s] -- Up-to-date symlink: /home/vincent-pc/ros2_jazzy/src/install/my_robot_cpp/lib/my_robot_cpp/differential_node_srv
[28.407s] -- Up-to-date symlink: /home/vincent-pc/ros2_jazzy/src/install/my_robot_cpp/share/ament_index/resource_index/package_run_dependencies/my_robot_cpp
[28.407s] -- Up-to-date symlink: /home/vincent-pc/ros2_jazzy/src/install/my_robot_cpp/share/ament_index/resource_index/parent_prefix_path/my_robot_cpp
[28.407s] -- Up-to-date symlink: /home/vincent-pc/ros2_jazzy/src/install/my_robot_cpp/share/my_robot_cpp/environment/ament_prefix_path.sh
[28.408s] -- Up-to-date symlink: /home/vincent-pc/ros2_jazzy/src/install/my_robot_cpp/share/my_robot_cpp/environment/ament_prefix_path.dsv
[28.408s] -- Up-to-date symlink: /home/vincent-pc/ros2_jazzy/src/install/my_robot_cpp/share/my_robot_cpp/environment/path.sh
[28.408s] -- Up-to-date symlink: /home/vincent-pc/ros2_jazzy/src/install/my_robot_cpp/share/my_robot_cpp/environment/path.dsv
[28.408s] -- Up-to-date symlink: /home/vincent-pc/ros2_jazzy/src/install/my_robot_cpp/share/my_robot_cpp/local_setup.bash
[28.408s] -- Up-to-date symlink: /home/vincent-pc/ros2_jazzy/src/install/my_robot_cpp/share/my_robot_cpp/local_setup.sh
[28.409s] -- Up-to-date symlink: /home/vincent-pc/ros2_jazzy/src/install/my_robot_cpp/share/my_robot_cpp/local_setup.zsh
[28.409s] -- Up-to-date symlink: /home/vincent-pc/ros2_jazzy/src/install/my_robot_cpp/share/my_robot_cpp/local_setup.dsv
[28.409s] -- Symlinking: /home/vincent-pc/ros2_jazzy/src/install/my_robot_cpp/share/my_robot_cpp/package.dsv
[28.420s] -- Up-to-date symlink: /home/vincent-pc/ros2_jazzy/src/install/my_robot_cpp/share/ament_index/resource_index/packages/my_robot_cpp
[28.420s] -- Up-to-date symlink: /home/vincent-pc/ros2_jazzy/src/install/my_robot_cpp/share/my_robot_cpp/cmake/my_robot_cppConfig.cmake
[28.420s] -- Up-to-date symlink: /home/vincent-pc/ros2_jazzy/src/install/my_robot_cpp/share/my_robot_cpp/cmake/my_robot_cppConfig-version.cmake
[28.421s] -- Up-to-date symlink: /home/vincent-pc/ros2_jazzy/src/install/my_robot_cpp/share/my_robot_cpp/package.xml
[28.423s] Invoked command in '/home/vincent-pc/ros2_jazzy/src/build/my_robot_cpp' returned '0': AMENT_PREFIX_PATH=/home/vincent-pc/ros2_jazzy/src/install/my_robot_interfaces:${AMENT_PREFIX_PATH} CMAKE_PREFIX_PATH=/home/vincent-pc/ros2_jazzy/src/install/my_robot_interfaces:/home/vincent-pc/ros2_jazzy/install/my_robot_cpp:/home/vincent-pc/ros2_jazzy/install/actions_cpp:/home/vincent-pc/ros2_jazzy/install/my_robot_interfaces:/home/vincent-pc/ros2_jazzy/install/my_robot_description:/home/vincent-pc/ros2_jazzy/install/my_robot_bringup:/opt/ros/jazzy/opt/gz_sim_vendor:/opt/ros/jazzy/opt/gz_sensors_vendor:/opt/ros/jazzy/opt/gz_physics_vendor:/opt/ros/jazzy/opt/sdformat_vendor:/opt/ros/jazzy/opt/gz_gui_vendor:/opt/ros/jazzy/opt/gz_transport_vendor:/opt/ros/jazzy/opt/gz_rendering_vendor:/opt/ros/jazzy/opt/gz_plugin_vendor:/opt/ros/jazzy/opt/gz_fuel_tools_vendor:/opt/ros/jazzy/opt/gz_msgs_vendor:/opt/ros/jazzy/opt/gz_common_vendor:/opt/ros/jazzy/opt/gz_math_vendor:/opt/ros/jazzy/opt/gz_utils_vendor:/opt/ros/jazzy/opt/gz_tools_vendor:/opt/ros/jazzy/opt/gz_ogre_next_vendor:/opt/ros/jazzy/opt/gz_dartsim_vendor:/opt/ros/jazzy/opt/gz_cmake_vendor:/home/vincent-pc/ros2_jazzy/install/my_robot_python:/home/vincent-pc/ros2_jazzy/install/actions_py:/opt/ros/jazzy DEBUGINFOD_URLS=https://debuginfod.ubuntu.com LD_LIBRARY_PATH=/home/vincent-pc/ros2_jazzy/src/install/my_robot_interfaces/lib:${LD_LIBRARY_PATH} PYTHONPATH=/home/vincent-pc/ros2_jazzy/src/install/my_robot_interfaces/lib/python3.12/site-packages:${PYTHONPATH} /usr/bin/cmake --install /home/vincent-pc/ros2_jazzy/src/build/my_robot_cpp
