[0.025s] Invoking command in '/home/vincent-pc/ros2_jazzy/build/final_project': CMAKE_PREFIX_PATH=/home/vincent-pc/ros2_jazzy/install/my_robot_interfaces:/home/vincent-pc/ros2_jazzy/install/robot_cpp:/home/vincent-pc/ros2_jazzy/install/my_robot_cpp:/home/vincent-pc/ros2_jazzy/install/my_robot_bringup:/home/vincent-pc/ros2_jazzy/install/lifecycle_cpp:/home/vincent-pc/ros2_jazzy/install/final_project:/home/vincent-pc/ros2_jazzy/install/executors_cpp:/home/vincent-pc/ros2_jazzy/install/components_cpp:/home/vincent-pc/ros2_jazzy/install/actions_cpp:/home/vincent-pc/ros2_jazzy/install/my_robot_description:/opt/ros/jazzy/opt/gz_sim_vendor:/opt/ros/jazzy/opt/gz_sensors_vendor:/opt/ros/jazzy/opt/gz_physics_vendor:/opt/ros/jazzy/opt/sdformat_vendor:/opt/ros/jazzy/opt/gz_gui_vendor:/opt/ros/jazzy/opt/gz_transport_vendor:/opt/ros/jazzy/opt/gz_rendering_vendor:/opt/ros/jazzy/opt/gz_plugin_vendor:/opt/ros/jazzy/opt/gz_fuel_tools_vendor:/opt/ros/jazzy/opt/gz_msgs_vendor:/opt/ros/jazzy/opt/gz_common_vendor:/opt/ros/jazzy/opt/gz_math_vendor:/opt/ros/jazzy/opt/gz_utils_vendor:/opt/ros/jazzy/opt/gz_tools_vendor:/opt/ros/jazzy/opt/gz_ogre_next_vendor:/opt/ros/jazzy/opt/gz_dartsim_vendor:/opt/ros/jazzy/opt/gz_cmake_vendor:/home/vincent-pc/ros2_jazzy/install/robot_py:/home/vincent-pc/ros2_jazzy/install/my_robot_python:/home/vincent-pc/ros2_jazzy/install/lifecycle_py:/home/vincent-pc/ros2_jazzy/install/executors_py:/home/vincent-pc/ros2_jazzy/install/components_py:/home/vincent-pc/ros2_jazzy/install/actions_py:/opt/ros/jazzy DEBUGINFOD_URLS=https://debuginfod.ubuntu.com LD_LIBRARY_PATH=/home/vincent-pc/ros2_jazzy/install/my_robot_interfaces/lib:/home/vincent-pc/ros2_jazzy/install/final_project/lib:/home/vincent-pc/ros2_jazzy/install/components_cpp/lib:/opt/ros/jazzy/opt/gz_sim_vendor/lib:/opt/ros/jazzy/opt/gz_sensors_vendor/lib:/opt/ros/jazzy/opt/gz_physics_vendor/lib:/opt/ros/jazzy/opt/sdformat_vendor/lib:/opt/ros/jazzy/opt/rviz_ogre_vendor/lib:/opt/ros/jazzy/lib/x86_64-linux-gnu:/opt/ros/jazzy/opt/gz_gui_vendor/lib:/opt/ros/jazzy/opt/gz_transport_vendor/lib:/opt/ros/jazzy/opt/gz_rendering_vendor/lib:/opt/ros/jazzy/opt/gz_plugin_vendor/lib:/opt/ros/jazzy/opt/gz_fuel_tools_vendor/lib:/opt/ros/jazzy/opt/gz_msgs_vendor/lib:/opt/ros/jazzy/opt/gz_common_vendor/lib:/opt/ros/jazzy/opt/gz_math_vendor/lib:/opt/ros/jazzy/opt/gz_utils_vendor/lib:/opt/ros/jazzy/opt/gz_tools_vendor/lib:/opt/ros/jazzy/opt/gz_ogre_next_vendor/lib:/opt/ros/jazzy/opt/gz_dartsim_vendor/lib:/opt/ros/jazzy/opt/gz_cmake_vendor/lib:/opt/ros/jazzy/lib PYTHONPATH=/home/vincent-pc/ros2_jazzy/install/my_robot_interfaces/lib/python3.12/site-packages:/home/vincent-pc/ros2_jazzy/install/robot_py/lib/python3.12/site-packages:/home/vincent-pc/ros2_jazzy/install/my_robot_python/lib/python3.12/site-packages:/home/vincent-pc/ros2_jazzy/install/lifecycle_py/lib/python3.12/site-packages:/home/vincent-pc/ros2_jazzy/install/executors_py/lib/python3.12/site-packages:/home/vincent-pc/ros2_jazzy/install/components_py/lib/python3.12/site-packages:/home/vincent-pc/ros2_jazzy/install/actions_py/lib/python3.12/site-packages:/opt/ros/jazzy/lib/python3.12/site-packages /usr/bin/cmake --build /home/vincent-pc/ros2_jazzy/build/final_project -- -j8 -l8
[0.061s] -- Found ament_cmake: 2.5.4 (/opt/ros/jazzy/share/ament_cmake/cmake)
[0.391s] -- Found rclcpp: 28.1.13 (/opt/ros/jazzy/share/rclcpp/cmake)
[0.443s] -- Found rosidl_generator_c: 4.6.6 (/opt/ros/jazzy/share/rosidl_generator_c/cmake)
[0.456s] -- Found rosidl_generator_cpp: 4.6.6 (/opt/ros/jazzy/share/rosidl_generator_cpp/cmake)
[0.475s] -- Using all available rosidl_typesupport_c: rosidl_typesupport_fastrtps_c;rosidl_typesupport_introspection_c
[0.502s] -- Using all available rosidl_typesupport_cpp: rosidl_typesupport_fastrtps_cpp;rosidl_typesupport_introspection_cpp
[0.604s] -- Found rmw_implementation_cmake: 7.3.2 (/opt/ros/jazzy/share/rmw_implementation_cmake/cmake)
[0.607s] -- Found rmw_fastrtps_cpp: 8.4.3 (/opt/ros/jazzy/share/rmw_fastrtps_cpp/cmake)
[0.703s] -- Using RMW implementation 'rmw_fastrtps_cpp' as default
[0.802s] -- Found turtlesim: 1.8.3 (/opt/ros/jazzy/share/turtlesim/cmake)
[0.879s] -- Found rclcpp_action: 28.1.13 (/opt/ros/jazzy/share/rclcpp_action/cmake)
[0.893s] -- Found rclcpp_lifecycle: 28.1.13 (/opt/ros/jazzy/share/rclcpp_lifecycle/cmake)
[0.943s] -- Found rclcpp_components: 28.1.13 (/opt/ros/jazzy/share/rclcpp_components/cmake)
[1.018s] -- Found my_robot_interfaces: 0.0.0 (/home/vincent-pc/ros2_jazzy/install/my_robot_interfaces/share/my_robot_interfaces/cmake)
[1.056s] -- Found geometry_msgs: 5.3.6 (/opt/ros/jazzy/share/geometry_msgs/cmake)
[1.252s] -- Configuring done (1.2s)
[1.302s] -- Generating done (0.0s)
[1.320s] -- Build files have been written to: /home/vincent-pc/ros2_jazzy/build/final_project
[1.379s] [  8%] [32mBuilding CXX object CMakeFiles/move_turtle_client_cpp.dir/src/move_turtle_client.cpp.o[0m
[1.391s] [ 25%] Built target turtle_controller_action_cpp
[1.393s] [ 41%] Built target turtle_controller_node_cpp
[1.395s] [ 58%] Built target turtle_controller_cpp
[1.397s] [ 91%] Built target turtlebot3_controller_component
[1.397s] [ 91%] Built target turtle_controller_component
[4.871s] [01m[K/home/vincent-pc/ros2_jazzy/src/final_project/src/move_turtle_client.cpp:7:12:[m[K [01;31m[Kerror: [m[Kusing-declaration may not name namespace ‘[01m[Kstd::placeholders[m[K’
[4.871s]     7 | using std::[01;31m[Kplaceholders[m[K;
[4.871s]       |            [01;31m[K^~~~~~~~~~~~[m[K
[4.897s] [01m[K/home/vincent-pc/ros2_jazzy/src/final_project/src/move_turtle_client.cpp:[m[K In member function ‘[01m[Kvoid MoveTurtleClient::[01;32m[Ksend_goal[m[K()[m[K’:
[4.898s] [01m[K/home/vincent-pc/ros2_jazzy/src/final_project/src/move_turtle_client.cpp:34:92:[m[K [01;31m[Kerror: [m[K‘[01m[K_1[m[K’ was not declared in this scope; did you mean ‘[01m[Kstd::placeholders::_1[m[K’?
[4.898s]    34 |         options.result_callback = std::bind(&MoveTurtleClient::goal_result_callback, this, [01;31m[K_1[m[K);
[4.898s]       |                                                                                            [01;31m[K^~[m[K
[4.898s]       |                                                                                            [32m[Kstd::placeholders::_1[m[K
[4.899s] In file included from [01m[K/opt/ros/jazzy/include/rclcpp/rclcpp/utilities.hpp:19[m[K,
[4.899s]                  from [01m[K/opt/ros/jazzy/include/rclcpp/rclcpp/logging.hpp:25[m[K,
[4.899s]                  from [01m[K/opt/ros/jazzy/include/rclcpp/rclcpp/copy_all_parameter_values.hpp:27[m[K,
[4.900s]                  from [01m[K/opt/ros/jazzy/include/rclcpp/rclcpp/rclcpp.hpp:171[m[K,
[4.900s]                  from [01m[K/home/vincent-pc/ros2_jazzy/src/final_project/src/move_turtle_client.cpp:1[m[K:
[4.900s] [01m[K/usr/include/c++/13/functional:294:48:[m[K [01;36m[Knote: [m[K‘[01m[Kstd::placeholders::_1[m[K’ declared here
[4.900s]   294 |     _GLIBCXX_PLACEHOLDER const _Placeholder<1> [01;36m[K_1[m[K;
[4.901s]       |                                                [01;36m[K^~[m[K
[4.901s] [01m[K/home/vincent-pc/ros2_jazzy/src/final_project/src/move_turtle_client.cpp:37:30:[m[K [01;31m[Kerror: [m[K‘[01m[Kusing std::__shared_ptr_access<rclcpp_action::Client<my_robot_interfaces::action::MoveTurtle>, __gnu_cxx::_S_atomic, false, false>::element_type = class rclcpp_action::Client<my_robot_interfaces::action::MoveTurtle>[m[K’ {aka ‘[01m[Kclass rclcpp_action::Client<my_robot_interfaces::action::MoveTurtle>[m[K’} has no member named ‘[01m[Kasync_send_goal_[m[K’; did you mean ‘[01m[Kasync_send_goal[m[K’?
[4.901s]    37 |         move_turtle_client_->[01;31m[Kasync_send_goal_[m[K(goal, options);
[4.902s]       |                              [01;31m[K^~~~~~~~~~~~~~~~[m[K
[4.902s]       |                              [32m[Kasync_send_goal[m[K
[4.902s] [01m[K/home/vincent-pc/ros2_jazzy/src/final_project/src/move_turtle_client.cpp:45:30:[m[K [01;31m[Kerror: [m[K‘[01m[Kusing std::__shared_ptr_access<rclcpp_action::Client<my_robot_interfaces::action::MoveTurtle>, __gnu_cxx::_S_atomic, false, false>::element_type = class rclcpp_action::Client<my_robot_interfaces::action::MoveTurtle>[m[K’ {aka ‘[01m[Kclass rclcpp_action::Client<my_robot_interfaces::action::MoveTurtle>[m[K’} has no member named ‘[01m[Kasync_send_goal_[m[K’; did you mean ‘[01m[Kasync_send_goal[m[K’?
[4.902s]    45 |         move_turtle_client_->[01;31m[Kasync_send_goal_[m[K(goal, options);
[4.903s]       |                              [01;31m[K^~~~~~~~~~~~~~~~[m[K
[4.903s]       |                              [32m[Kasync_send_goal[m[K
[4.904s] [01m[K/home/vincent-pc/ros2_jazzy/src/final_project/src/move_turtle_client.cpp:53:30:[m[K [01;31m[Kerror: [m[K‘[01m[Kusing std::__shared_ptr_access<rclcpp_action::Client<my_robot_interfaces::action::MoveTurtle>, __gnu_cxx::_S_atomic, false, false>::element_type = class rclcpp_action::Client<my_robot_interfaces::action::MoveTurtle>[m[K’ {aka ‘[01m[Kclass rclcpp_action::Client<my_robot_interfaces::action::MoveTurtle>[m[K’} has no member named ‘[01m[Kasync_send_goal_[m[K’; did you mean ‘[01m[Kasync_send_goal[m[K’?
[4.904s]    53 |         move_turtle_client_->[01;31m[Kasync_send_goal_[m[K(goal, options);
[4.904s]       |                              [01;31m[K^~~~~~~~~~~~~~~~[m[K
[4.904s]       |                              [32m[Kasync_send_goal[m[K
[4.905s] [01m[K/home/vincent-pc/ros2_jazzy/src/final_project/src/move_turtle_client.cpp:61:30:[m[K [01;31m[Kerror: [m[K‘[01m[Kusing std::__shared_ptr_access<rclcpp_action::Client<my_robot_interfaces::action::MoveTurtle>, __gnu_cxx::_S_atomic, false, false>::element_type = class rclcpp_action::Client<my_robot_interfaces::action::MoveTurtle>[m[K’ {aka ‘[01m[Kclass rclcpp_action::Client<my_robot_interfaces::action::MoveTurtle>[m[K’} has no member named ‘[01m[Kasync_send_goal_[m[K’; did you mean ‘[01m[Kasync_send_goal[m[K’?
[4.905s]    61 |         move_turtle_client_->[01;31m[Kasync_send_goal_[m[K(goal, options);
[4.905s]       |                              [01;31m[K^~~~~~~~~~~~~~~~[m[K
[4.905s]       |                              [32m[Kasync_send_goal[m[K
[6.102s] gmake[2]: *** [CMakeFiles/move_turtle_client_cpp.dir/build.make:76: CMakeFiles/move_turtle_client_cpp.dir/src/move_turtle_client.cpp.o] Error 1
[6.103s] gmake[1]: *** [CMakeFiles/Makefile2:199: CMakeFiles/move_turtle_client_cpp.dir/all] Error 2
[6.103s] gmake: *** [Makefile:146: all] Error 2
[6.106s] Invoked command in '/home/vincent-pc/ros2_jazzy/build/final_project' returned '2': CMAKE_PREFIX_PATH=/home/vincent-pc/ros2_jazzy/install/my_robot_interfaces:/home/vincent-pc/ros2_jazzy/install/robot_cpp:/home/vincent-pc/ros2_jazzy/install/my_robot_cpp:/home/vincent-pc/ros2_jazzy/install/my_robot_bringup:/home/vincent-pc/ros2_jazzy/install/lifecycle_cpp:/home/vincent-pc/ros2_jazzy/install/final_project:/home/vincent-pc/ros2_jazzy/install/executors_cpp:/home/vincent-pc/ros2_jazzy/install/components_cpp:/home/vincent-pc/ros2_jazzy/install/actions_cpp:/home/vincent-pc/ros2_jazzy/install/my_robot_description:/opt/ros/jazzy/opt/gz_sim_vendor:/opt/ros/jazzy/opt/gz_sensors_vendor:/opt/ros/jazzy/opt/gz_physics_vendor:/opt/ros/jazzy/opt/sdformat_vendor:/opt/ros/jazzy/opt/gz_gui_vendor:/opt/ros/jazzy/opt/gz_transport_vendor:/opt/ros/jazzy/opt/gz_rendering_vendor:/opt/ros/jazzy/opt/gz_plugin_vendor:/opt/ros/jazzy/opt/gz_fuel_tools_vendor:/opt/ros/jazzy/opt/gz_msgs_vendor:/opt/ros/jazzy/opt/gz_common_vendor:/opt/ros/jazzy/opt/gz_math_vendor:/opt/ros/jazzy/opt/gz_utils_vendor:/opt/ros/jazzy/opt/gz_tools_vendor:/opt/ros/jazzy/opt/gz_ogre_next_vendor:/opt/ros/jazzy/opt/gz_dartsim_vendor:/opt/ros/jazzy/opt/gz_cmake_vendor:/home/vincent-pc/ros2_jazzy/install/robot_py:/home/vincent-pc/ros2_jazzy/install/my_robot_python:/home/vincent-pc/ros2_jazzy/install/lifecycle_py:/home/vincent-pc/ros2_jazzy/install/executors_py:/home/vincent-pc/ros2_jazzy/install/components_py:/home/vincent-pc/ros2_jazzy/install/actions_py:/opt/ros/jazzy DEBUGINFOD_URLS=https://debuginfod.ubuntu.com LD_LIBRARY_PATH=/home/vincent-pc/ros2_jazzy/install/my_robot_interfaces/lib:/home/vincent-pc/ros2_jazzy/install/final_project/lib:/home/vincent-pc/ros2_jazzy/install/components_cpp/lib:/opt/ros/jazzy/opt/gz_sim_vendor/lib:/opt/ros/jazzy/opt/gz_sensors_vendor/lib:/opt/ros/jazzy/opt/gz_physics_vendor/lib:/opt/ros/jazzy/opt/sdformat_vendor/lib:/opt/ros/jazzy/opt/rviz_ogre_vendor/lib:/opt/ros/jazzy/lib/x86_64-linux-gnu:/opt/ros/jazzy/opt/gz_gui_vendor/lib:/opt/ros/jazzy/opt/gz_transport_vendor/lib:/opt/ros/jazzy/opt/gz_rendering_vendor/lib:/opt/ros/jazzy/opt/gz_plugin_vendor/lib:/opt/ros/jazzy/opt/gz_fuel_tools_vendor/lib:/opt/ros/jazzy/opt/gz_msgs_vendor/lib:/opt/ros/jazzy/opt/gz_common_vendor/lib:/opt/ros/jazzy/opt/gz_math_vendor/lib:/opt/ros/jazzy/opt/gz_utils_vendor/lib:/opt/ros/jazzy/opt/gz_tools_vendor/lib:/opt/ros/jazzy/opt/gz_ogre_next_vendor/lib:/opt/ros/jazzy/opt/gz_dartsim_vendor/lib:/opt/ros/jazzy/opt/gz_cmake_vendor/lib:/opt/ros/jazzy/lib PYTHONPATH=/home/vincent-pc/ros2_jazzy/install/my_robot_interfaces/lib/python3.12/site-packages:/home/vincent-pc/ros2_jazzy/install/robot_py/lib/python3.12/site-packages:/home/vincent-pc/ros2_jazzy/install/my_robot_python/lib/python3.12/site-packages:/home/vincent-pc/ros2_jazzy/install/lifecycle_py/lib/python3.12/site-packages:/home/vincent-pc/ros2_jazzy/install/executors_py/lib/python3.12/site-packages:/home/vincent-pc/ros2_jazzy/install/components_py/lib/python3.12/site-packages:/home/vincent-pc/ros2_jazzy/install/actions_py/lib/python3.12/site-packages:/opt/ros/jazzy/lib/python3.12/site-packages /usr/bin/cmake --build /home/vincent-pc/ros2_jazzy/build/final_project -- -j8 -l8
