[0.021s] Invoking command in '/home/vincent-pc/ros2_jazzy/src/build/my_robot_bringup': CMAKE_PREFIX_PATH=${CMAKE_PREFIX_PATH}:/home/vincent-pc/ros2_jazzy/install/my_robot_python:/home/vincent-pc/ros2_jazzy/install/actions_py:/opt/ros/jazzy DEBUGINFOD_URLS=https://debuginfod.ubuntu.com /usr/bin/cmake --build /home/vincent-pc/ros2_jazzy/src/build/my_robot_bringup -- -j8 -l8
[0.051s] -- Found ament_cmake: 2.5.4 (/opt/ros/jazzy/share/ament_cmake/cmake)
[0.303s] -- Override CMake install command with custom implementation using symlinks instead of copying resources
[0.424s] -- Configuring done (0.4s)
[0.429s] -- Generating done (0.0s)
[0.431s] -- Build files have been written to: /home/vincent-pc/ros2_jazzy/src/build/my_robot_bringup
[0.456s] Invoked command in '/home/vincent-pc/ros2_jazzy/src/build/my_robot_bringup' returned '0': CMAKE_PREFIX_PATH=${CMAKE_PREFIX_PATH}:/home/vincent-pc/ros2_jazzy/install/my_robot_python:/home/vincent-pc/ros2_jazzy/install/actions_py:/opt/ros/jazzy DEBUGINFOD_URLS=https://debuginfod.ubuntu.com /usr/bin/cmake --build /home/vincent-pc/ros2_jazzy/src/build/my_robot_bringup -- -j8 -l8
[0.458s] Invoking command in '/home/vincent-pc/ros2_jazzy/src/build/my_robot_bringup': CMAKE_PREFIX_PATH=${CMAKE_PREFIX_PATH}:/home/vincent-pc/ros2_jazzy/install/my_robot_python:/home/vincent-pc/ros2_jazzy/install/actions_py:/opt/ros/jazzy DEBUGINFOD_URLS=https://debuginfod.ubuntu.com /usr/bin/cmake --install /home/vincent-pc/ros2_jazzy/src/build/my_robot_bringup
[0.466s] -- Install configuration: ""
[0.467s] -- Execute custom install script
[0.468s] -- Up-to-date symlink: /home/vincent-pc/ros2_jazzy/src/install/my_robot_bringup/share/my_robot_bringup//launch/my_arm_gazebo.launch.xml
[0.468s] -- Symlinking: /home/vincent-pc/ros2_jazzy/src/install/my_robot_bringup/share/my_robot_bringup//launch/my_robot_expo.launch.xml
[0.479s] -- Symlinking: /home/vincent-pc/ros2_jazzy/src/install/my_robot_bringup/share/my_robot_bringup//launch/my_robot_expo_Launch.launch.xml
[0.489s] -- Up-to-date symlink: /home/vincent-pc/ros2_jazzy/src/install/my_robot_bringup/share/my_robot_bringup//launch/my_robot_gazebo.launch.xml
[0.489s] -- Up-to-date symlink: /home/vincent-pc/ros2_jazzy/src/install/my_robot_bringup/share/my_robot_bringup//launch/my_robot_gazebo_teleop.launch.xml
[0.489s] -- Up-to-date symlink: /home/vincent-pc/ros2_jazzy/src/install/my_robot_bringup/share/my_robot_bringup//launch/my_robot_gzb2.launch.xml
[0.490s] -- Up-to-date symlink: /home/vincent-pc/ros2_jazzy/src/install/my_robot_bringup/share/my_robot_bringup//config/gazebo_bridge.yaml
[0.490s] -- Up-to-date symlink: /home/vincent-pc/ros2_jazzy/src/install/my_robot_bringup/share/my_robot_bringup//config/gazebo_bridge2.yaml
[0.490s] -- Symlinking: /home/vincent-pc/ros2_jazzy/src/install/my_robot_bringup/share/my_robot_bringup//worlds/fetchit_challenge_tests_lowlights.world
[0.501s] -- Symlinking: /home/vincent-pc/ros2_jazzy/src/install/my_robot_bringup/share/my_robot_bringup//worlds/jetty.sdf
[0.511s] -- Up-to-date symlink: /home/vincent-pc/ros2_jazzy/src/install/my_robot_bringup/share/my_robot_bringup//worlds/test_world.sdf
[0.511s] -- Symlinking: /home/vincent-pc/ros2_jazzy/src/install/my_robot_bringup/share/my_robot_bringup//worlds/tugbot_depot.sdf
[0.521s] -- Symlinking: /home/vincent-pc/ros2_jazzy/src/install/my_robot_bringup/share/my_robot_bringup//worlds/tugbot_depot.zip
[0.531s] -- Symlinking: /home/vincent-pc/ros2_jazzy/src/install/my_robot_bringup/share/my_robot_bringup//worlds/tugbot_warehouse.sdf
[0.540s] -- Symlinking: /home/vincent-pc/ros2_jazzy/src/install/my_robot_bringup/share/my_robot_bringup//worlds/warehouse.sdf
[0.550s] -- Up-to-date symlink: /home/vincent-pc/ros2_jazzy/src/install/my_robot_bringup/share/ament_index/resource_index/package_run_dependencies/my_robot_bringup
[0.551s] -- Up-to-date symlink: /home/vincent-pc/ros2_jazzy/src/install/my_robot_bringup/share/ament_index/resource_index/parent_prefix_path/my_robot_bringup
[0.551s] -- Up-to-date symlink: /home/vincent-pc/ros2_jazzy/src/install/my_robot_bringup/share/my_robot_bringup/environment/ament_prefix_path.sh
[0.551s] -- Up-to-date symlink: /home/vincent-pc/ros2_jazzy/src/install/my_robot_bringup/share/my_robot_bringup/environment/ament_prefix_path.dsv
[0.551s] -- Up-to-date symlink: /home/vincent-pc/ros2_jazzy/src/install/my_robot_bringup/share/my_robot_bringup/environment/path.sh
[0.552s] -- Up-to-date symlink: /home/vincent-pc/ros2_jazzy/src/install/my_robot_bringup/share/my_robot_bringup/environment/path.dsv
[0.552s] -- Up-to-date symlink: /home/vincent-pc/ros2_jazzy/src/install/my_robot_bringup/share/my_robot_bringup/local_setup.bash
[0.552s] -- Up-to-date symlink: /home/vincent-pc/ros2_jazzy/src/install/my_robot_bringup/share/my_robot_bringup/local_setup.sh
[0.553s] -- Up-to-date symlink: /home/vincent-pc/ros2_jazzy/src/install/my_robot_bringup/share/my_robot_bringup/local_setup.zsh
[0.553s] -- Up-to-date symlink: /home/vincent-pc/ros2_jazzy/src/install/my_robot_bringup/share/my_robot_bringup/local_setup.dsv
[0.553s] -- Symlinking: /home/vincent-pc/ros2_jazzy/src/install/my_robot_bringup/share/my_robot_bringup/package.dsv
[0.563s] -- Up-to-date symlink: /home/vincent-pc/ros2_jazzy/src/install/my_robot_bringup/share/ament_index/resource_index/packages/my_robot_bringup
[0.563s] -- Up-to-date symlink: /home/vincent-pc/ros2_jazzy/src/install/my_robot_bringup/share/my_robot_bringup/cmake/my_robot_bringupConfig.cmake
[0.563s] -- Up-to-date symlink: /home/vincent-pc/ros2_jazzy/src/install/my_robot_bringup/share/my_robot_bringup/cmake/my_robot_bringupConfig-version.cmake
[0.564s] -- Up-to-date symlink: /home/vincent-pc/ros2_jazzy/src/install/my_robot_bringup/share/my_robot_bringup/package.xml
[0.566s] Invoked command in '/home/vincent-pc/ros2_jazzy/src/build/my_robot_bringup' returned '0': CMAKE_PREFIX_PATH=${CMAKE_PREFIX_PATH}:/home/vincent-pc/ros2_jazzy/install/my_robot_python:/home/vincent-pc/ros2_jazzy/install/actions_py:/opt/ros/jazzy DEBUGINFOD_URLS=https://debuginfod.ubuntu.com /usr/bin/cmake --install /home/vincent-pc/ros2_jazzy/src/build/my_robot_bringup
