[0.261s] Invoking command in '/home/vincent-pc/ros2_jazzy/src/build/my_robot_cpp': AMENT_PREFIX_PATH=/home/vincent-pc/ros2_jazzy/src/install/my_robot_interfaces:${AMENT_PREFIX_PATH} CMAKE_PREFIX_PATH=/home/vincent-pc/ros2_jazzy/src/install/my_robot_interfaces:/home/vincent-pc/ros2_jazzy/install/my_robot_cpp:/home/vincent-pc/ros2_jazzy/install/actions_cpp:/home/vincent-pc/ros2_jazzy/install/my_robot_interfaces:/home/vincent-pc/ros2_jazzy/install/my_robot_description:/home/vincent-pc/ros2_jazzy/install/my_robot_bringup:/opt/ros/jazzy/opt/gz_sim_vendor:/opt/ros/jazzy/opt/gz_sensors_vendor:/opt/ros/jazzy/opt/gz_physics_vendor:/opt/ros/jazzy/opt/sdformat_vendor:/opt/ros/jazzy/opt/gz_gui_vendor:/opt/ros/jazzy/opt/gz_transport_vendor:/opt/ros/jazzy/opt/gz_rendering_vendor:/opt/ros/jazzy/opt/gz_plugin_vendor:/opt/ros/jazzy/opt/gz_fuel_tools_vendor:/opt/ros/jazzy/opt/gz_msgs_vendor:/opt/ros/jazzy/opt/gz_common_vendor:/opt/ros/jazzy/opt/gz_math_vendor:/opt/ros/jazzy/opt/gz_utils_vendor:/opt/ros/jazzy/opt/gz_tools_vendor:/opt/ros/jazzy/opt/gz_ogre_next_vendor:/opt/ros/jazzy/opt/gz_dartsim_vendor:/opt/ros/jazzy/opt/gz_cmake_vendor:/home/vincent-pc/ros2_jazzy/install/my_robot_python:/home/vincent-pc/ros2_jazzy/install/actions_py:/opt/ros/jazzy DEBUGINFOD_URLS=https://debuginfod.ubuntu.com LD_LIBRARY_PATH=/home/vincent-pc/ros2_jazzy/src/install/my_robot_interfaces/lib:${LD_LIBRARY_PATH} PYTHONPATH=/home/vincent-pc/ros2_jazzy/src/install/my_robot_interfaces/lib/python3.12/site-packages:${PYTHONPATH} /usr/bin/cmake /home/vincent-pc/ros2_jazzy/src/my_robot_cpp -DAMENT_CMAKE_SYMLINK_INSTALL=1 -DCMAKE_INSTALL_PREFIX=/home/vincent-pc/ros2_jazzy/src/install/my_robot_cpp
[0.279s] -- Found ament_cmake: 2.5.4 (/opt/ros/jazzy/share/ament_cmake/cmake)
[0.556s] -- Override CMake install command with custom implementation using symlinks instead of copying resources
[0.570s] -- Found rclcpp: 28.1.13 (/opt/ros/jazzy/share/rclcpp/cmake)
[0.618s] -- Found rosidl_generator_c: 4.6.6 (/opt/ros/jazzy/share/rosidl_generator_c/cmake)
[0.631s] -- Found rosidl_generator_cpp: 4.6.6 (/opt/ros/jazzy/share/rosidl_generator_cpp/cmake)
[0.646s] -- Using all available rosidl_typesupport_c: rosidl_typesupport_fastrtps_c;rosidl_typesupport_introspection_c
[0.666s] -- Using all available rosidl_typesupport_cpp: rosidl_typesupport_fastrtps_cpp;rosidl_typesupport_introspection_cpp
[0.746s] -- Found rmw_implementation_cmake: 7.3.2 (/opt/ros/jazzy/share/rmw_implementation_cmake/cmake)
[0.748s] -- Found rmw_fastrtps_cpp: 8.4.3 (/opt/ros/jazzy/share/rmw_fastrtps_cpp/cmake)
[0.822s] -- Using RMW implementation 'rmw_fastrtps_cpp' as default
[0.909s] -- Found geometry_msgs: 5.3.6 (/opt/ros/jazzy/share/geometry_msgs/cmake)
[0.953s] -- Found my_robot_interfaces: 0.0.0 (/home/vincent-pc/ros2_jazzy/src/install/my_robot_interfaces/share/my_robot_interfaces/cmake)
[1.029s] -- Found sensor_msgs: 5.3.6 (/opt/ros/jazzy/share/sensor_msgs/cmake)
[1.184s] -- Configuring done (0.9s)
[1.228s] -- Generating done (0.0s)
[1.245s] -- Build files have been written to: /home/vincent-pc/ros2_jazzy/src/build/my_robot_cpp
[1.254s] Invoked command in '/home/vincent-pc/ros2_jazzy/src/build/my_robot_cpp' returned '0': AMENT_PREFIX_PATH=/home/vincent-pc/ros2_jazzy/src/install/my_robot_interfaces:${AMENT_PREFIX_PATH} CMAKE_PREFIX_PATH=/home/vincent-pc/ros2_jazzy/src/install/my_robot_interfaces:/home/vincent-pc/ros2_jazzy/install/my_robot_cpp:/home/vincent-pc/ros2_jazzy/install/actions_cpp:/home/vincent-pc/ros2_jazzy/install/my_robot_interfaces:/home/vincent-pc/ros2_jazzy/install/my_robot_description:/home/vincent-pc/ros2_jazzy/install/my_robot_bringup:/opt/ros/jazzy/opt/gz_sim_vendor:/opt/ros/jazzy/opt/gz_sensors_vendor:/opt/ros/jazzy/opt/gz_physics_vendor:/opt/ros/jazzy/opt/sdformat_vendor:/opt/ros/jazzy/opt/gz_gui_vendor:/opt/ros/jazzy/opt/gz_transport_vendor:/opt/ros/jazzy/opt/gz_rendering_vendor:/opt/ros/jazzy/opt/gz_plugin_vendor:/opt/ros/jazzy/opt/gz_fuel_tools_vendor:/opt/ros/jazzy/opt/gz_msgs_vendor:/opt/ros/jazzy/opt/gz_common_vendor:/opt/ros/jazzy/opt/gz_math_vendor:/opt/ros/jazzy/opt/gz_utils_vendor:/opt/ros/jazzy/opt/gz_tools_vendor:/opt/ros/jazzy/opt/gz_ogre_next_vendor:/opt/ros/jazzy/opt/gz_dartsim_vendor:/opt/ros/jazzy/opt/gz_cmake_vendor:/home/vincent-pc/ros2_jazzy/install/my_robot_python:/home/vincent-pc/ros2_jazzy/install/actions_py:/opt/ros/jazzy DEBUGINFOD_URLS=https://debuginfod.ubuntu.com LD_LIBRARY_PATH=/home/vincent-pc/ros2_jazzy/src/install/my_robot_interfaces/lib:${LD_LIBRARY_PATH} PYTHONPATH=/home/vincent-pc/ros2_jazzy/src/install/my_robot_interfaces/lib/python3.12/site-packages:${PYTHONPATH} /usr/bin/cmake /home/vincent-pc/ros2_jazzy/src/my_robot_cpp -DAMENT_CMAKE_SYMLINK_INSTALL=1 -DCMAKE_INSTALL_PREFIX=/home/vincent-pc/ros2_jazzy/src/install/my_robot_cpp
[1.255s] Invoking command in '/home/vincent-pc/ros2_jazzy/src/build/my_robot_cpp': AMENT_PREFIX_PATH=/home/vincent-pc/ros2_jazzy/src/install/my_robot_interfaces:${AMENT_PREFIX_PATH} CMAKE_PREFIX_PATH=/home/vincent-pc/ros2_jazzy/src/install/my_robot_interfaces:/home/vincent-pc/ros2_jazzy/install/my_robot_cpp:/home/vincent-pc/ros2_jazzy/install/actions_cpp:/home/vincent-pc/ros2_jazzy/install/my_robot_interfaces:/home/vincent-pc/ros2_jazzy/install/my_robot_description:/home/vincent-pc/ros2_jazzy/install/my_robot_bringup:/opt/ros/jazzy/opt/gz_sim_vendor:/opt/ros/jazzy/opt/gz_sensors_vendor:/opt/ros/jazzy/opt/gz_physics_vendor:/opt/ros/jazzy/opt/sdformat_vendor:/opt/ros/jazzy/opt/gz_gui_vendor:/opt/ros/jazzy/opt/gz_transport_vendor:/opt/ros/jazzy/opt/gz_rendering_vendor:/opt/ros/jazzy/opt/gz_plugin_vendor:/opt/ros/jazzy/opt/gz_fuel_tools_vendor:/opt/ros/jazzy/opt/gz_msgs_vendor:/opt/ros/jazzy/opt/gz_common_vendor:/opt/ros/jazzy/opt/gz_math_vendor:/opt/ros/jazzy/opt/gz_utils_vendor:/opt/ros/jazzy/opt/gz_tools_vendor:/opt/ros/jazzy/opt/gz_ogre_next_vendor:/opt/ros/jazzy/opt/gz_dartsim_vendor:/opt/ros/jazzy/opt/gz_cmake_vendor:/home/vincent-pc/ros2_jazzy/install/my_robot_python:/home/vincent-pc/ros2_jazzy/install/actions_py:/opt/ros/jazzy DEBUGINFOD_URLS=https://debuginfod.ubuntu.com LD_LIBRARY_PATH=/home/vincent-pc/ros2_jazzy/src/install/my_robot_interfaces/lib:${LD_LIBRARY_PATH} PYTHONPATH=/home/vincent-pc/ros2_jazzy/src/install/my_robot_interfaces/lib/python3.12/site-packages:${PYTHONPATH} /usr/bin/cmake --build /home/vincent-pc/ros2_jazzy/src/build/my_robot_cpp -- -j8 -l8
[1.331s] [  8%] [32mBuilding CXX object CMakeFiles/led_panel_cpp.dir/src/led_panel.cpp.o[0m
[1.339s] [ 25%] [32mBuilding CXX object CMakeFiles/master_srv_cpp.dir/src/my_robot_master_srv.cpp.o[0m
[1.340s] [ 33%] [32mBuilding CXX object CMakeFiles/battery_cpp.dir/src/led_panel.cpp.o[0m
[1.340s] [ 33%] [32mBuilding CXX object CMakeFiles/my_robot_master_cpp.dir/src/my_robot_master.cpp.o[0m
[1.348s] [ 41%] [32mBuilding CXX object CMakeFiles/differential_node_srv.dir/src/my_robot_differential_srv.cpp.o[0m
[1.355s] [ 50%] [32mBuilding CXX object CMakeFiles/my_robot_differential_cpp.dir/src/my_robot_differential.cpp.o[0m
[15.410s] [ 58%] [32m[1mLinking CXX executable master_srv_cpp[0m
[15.856s] [ 58%] Built target master_srv_cpp
[17.805s] [ 66%] [32m[1mLinking CXX executable led_panel_cpp[0m
[18.159s] [ 66%] Built target led_panel_cpp
[18.876s] [ 75%] [32m[1mLinking CXX executable battery_cpp[0m
[19.210s] [ 75%] Built target battery_cpp
[21.317s] [ 83%] [32m[1mLinking CXX executable my_robot_master_cpp[0m
[21.711s] [ 83%] Built target my_robot_master_cpp
[22.195s] [ 91%] [32m[1mLinking CXX executable my_robot_differential_cpp[0m
[22.562s] [ 91%] Built target my_robot_differential_cpp
[23.616s] [100%] [32m[1mLinking CXX executable differential_node_srv[0m
[23.996s] [100%] Built target differential_node_srv
[24.024s] Invoked command in '/home/vincent-pc/ros2_jazzy/src/build/my_robot_cpp' returned '0': AMENT_PREFIX_PATH=/home/vincent-pc/ros2_jazzy/src/install/my_robot_interfaces:${AMENT_PREFIX_PATH} CMAKE_PREFIX_PATH=/home/vincent-pc/ros2_jazzy/src/install/my_robot_interfaces:/home/vincent-pc/ros2_jazzy/install/my_robot_cpp:/home/vincent-pc/ros2_jazzy/install/actions_cpp:/home/vincent-pc/ros2_jazzy/install/my_robot_interfaces:/home/vincent-pc/ros2_jazzy/install/my_robot_description:/home/vincent-pc/ros2_jazzy/install/my_robot_bringup:/opt/ros/jazzy/opt/gz_sim_vendor:/opt/ros/jazzy/opt/gz_sensors_vendor:/opt/ros/jazzy/opt/gz_physics_vendor:/opt/ros/jazzy/opt/sdformat_vendor:/opt/ros/jazzy/opt/gz_gui_vendor:/opt/ros/jazzy/opt/gz_transport_vendor:/opt/ros/jazzy/opt/gz_rendering_vendor:/opt/ros/jazzy/opt/gz_plugin_vendor:/opt/ros/jazzy/opt/gz_fuel_tools_vendor:/opt/ros/jazzy/opt/gz_msgs_vendor:/opt/ros/jazzy/opt/gz_common_vendor:/opt/ros/jazzy/opt/gz_math_vendor:/opt/ros/jazzy/opt/gz_utils_vendor:/opt/ros/jazzy/opt/gz_tools_vendor:/opt/ros/jazzy/opt/gz_ogre_next_vendor:/opt/ros/jazzy/opt/gz_dartsim_vendor:/opt/ros/jazzy/opt/gz_cmake_vendor:/home/vincent-pc/ros2_jazzy/install/my_robot_python:/home/vincent-pc/ros2_jazzy/install/actions_py:/opt/ros/jazzy DEBUGINFOD_URLS=https://debuginfod.ubuntu.com LD_LIBRARY_PATH=/home/vincent-pc/ros2_jazzy/src/install/my_robot_interfaces/lib:${LD_LIBRARY_PATH} PYTHONPATH=/home/vincent-pc/ros2_jazzy/src/install/my_robot_interfaces/lib/python3.12/site-packages:${PYTHONPATH} /usr/bin/cmake --build /home/vincent-pc/ros2_jazzy/src/build/my_robot_cpp -- -j8 -l8
[24.025s] Invoking command in '/home/vincent-pc/ros2_jazzy/src/build/my_robot_cpp': AMENT_PREFIX_PATH=/home/vincent-pc/ros2_jazzy/src/install/my_robot_interfaces:${AMENT_PREFIX_PATH} CMAKE_PREFIX_PATH=/home/vincent-pc/ros2_jazzy/src/install/my_robot_interfaces:/home/vincent-pc/ros2_jazzy/install/my_robot_cpp:/home/vincent-pc/ros2_jazzy/install/actions_cpp:/home/vincent-pc/ros2_jazzy/install/my_robot_interfaces:/home/vincent-pc/ros2_jazzy/install/my_robot_description:/home/vincent-pc/ros2_jazzy/install/my_robot_bringup:/opt/ros/jazzy/opt/gz_sim_vendor:/opt/ros/jazzy/opt/gz_sensors_vendor:/opt/ros/jazzy/opt/gz_physics_vendor:/opt/ros/jazzy/opt/sdformat_vendor:/opt/ros/jazzy/opt/gz_gui_vendor:/opt/ros/jazzy/opt/gz_transport_vendor:/opt/ros/jazzy/opt/gz_rendering_vendor:/opt/ros/jazzy/opt/gz_plugin_vendor:/opt/ros/jazzy/opt/gz_fuel_tools_vendor:/opt/ros/jazzy/opt/gz_msgs_vendor:/opt/ros/jazzy/opt/gz_common_vendor:/opt/ros/jazzy/opt/gz_math_vendor:/opt/ros/jazzy/opt/gz_utils_vendor:/opt/ros/jazzy/opt/gz_tools_vendor:/opt/ros/jazzy/opt/gz_ogre_next_vendor:/opt/ros/jazzy/opt/gz_dartsim_vendor:/opt/ros/jazzy/opt/gz_cmake_vendor:/home/vincent-pc/ros2_jazzy/install/my_robot_python:/home/vincent-pc/ros2_jazzy/install/actions_py:/opt/ros/jazzy DEBUGINFOD_URLS=https://debuginfod.ubuntu.com LD_LIBRARY_PATH=/home/vincent-pc/ros2_jazzy/src/install/my_robot_interfaces/lib:${LD_LIBRARY_PATH} PYTHONPATH=/home/vincent-pc/ros2_jazzy/src/install/my_robot_interfaces/lib/python3.12/site-packages:${PYTHONPATH} /usr/bin/cmake --install /home/vincent-pc/ros2_jazzy/src/build/my_robot_cpp
[24.033s] -- Install configuration: ""
[24.034s] -- Execute custom install script
[24.034s] -- Symlinking: /home/vincent-pc/ros2_jazzy/src/install/my_robot_cpp/lib/my_robot_cpp/my_robot_differential_cpp
[24.043s] -- Symlinking: /home/vincent-pc/ros2_jazzy/src/install/my_robot_cpp/lib/my_robot_cpp/my_robot_master_cpp
[24.052s] -- Symlinking: /home/vincent-pc/ros2_jazzy/src/install/my_robot_cpp/lib/my_robot_cpp/led_panel_cpp
[24.061s] -- Symlinking: /home/vincent-pc/ros2_jazzy/src/install/my_robot_cpp/lib/my_robot_cpp/battery_cpp
[24.071s] -- Symlinking: /home/vincent-pc/ros2_jazzy/src/install/my_robot_cpp/lib/my_robot_cpp/master_srv_cpp
[24.081s] -- Symlinking: /home/vincent-pc/ros2_jazzy/src/install/my_robot_cpp/lib/my_robot_cpp/differential_node_srv
[24.090s] -- Symlinking: /home/vincent-pc/ros2_jazzy/src/install/my_robot_cpp/share/ament_index/resource_index/package_run_dependencies/my_robot_cpp
[24.099s] -- Symlinking: /home/vincent-pc/ros2_jazzy/src/install/my_robot_cpp/share/ament_index/resource_index/parent_prefix_path/my_robot_cpp
[24.108s] -- Symlinking: /home/vincent-pc/ros2_jazzy/src/install/my_robot_cpp/share/my_robot_cpp/environment/ament_prefix_path.sh
[24.116s] -- Symlinking: /home/vincent-pc/ros2_jazzy/src/install/my_robot_cpp/share/my_robot_cpp/environment/ament_prefix_path.dsv
[24.125s] -- Symlinking: /home/vincent-pc/ros2_jazzy/src/install/my_robot_cpp/share/my_robot_cpp/environment/path.sh
[24.134s] -- Symlinking: /home/vincent-pc/ros2_jazzy/src/install/my_robot_cpp/share/my_robot_cpp/environment/path.dsv
[24.143s] -- Symlinking: /home/vincent-pc/ros2_jazzy/src/install/my_robot_cpp/share/my_robot_cpp/local_setup.bash
[24.153s] -- Symlinking: /home/vincent-pc/ros2_jazzy/src/install/my_robot_cpp/share/my_robot_cpp/local_setup.sh
[24.162s] -- Symlinking: /home/vincent-pc/ros2_jazzy/src/install/my_robot_cpp/share/my_robot_cpp/local_setup.zsh
[24.172s] -- Symlinking: /home/vincent-pc/ros2_jazzy/src/install/my_robot_cpp/share/my_robot_cpp/local_setup.dsv
[24.182s] -- Symlinking: /home/vincent-pc/ros2_jazzy/src/install/my_robot_cpp/share/my_robot_cpp/package.dsv
[24.191s] -- Symlinking: /home/vincent-pc/ros2_jazzy/src/install/my_robot_cpp/share/ament_index/resource_index/packages/my_robot_cpp
[24.200s] -- Symlinking: /home/vincent-pc/ros2_jazzy/src/install/my_robot_cpp/share/my_robot_cpp/cmake/my_robot_cppConfig.cmake
[24.209s] -- Symlinking: /home/vincent-pc/ros2_jazzy/src/install/my_robot_cpp/share/my_robot_cpp/cmake/my_robot_cppConfig-version.cmake
[24.218s] -- Symlinking: /home/vincent-pc/ros2_jazzy/src/install/my_robot_cpp/share/my_robot_cpp/package.xml
[24.228s] Invoked command in '/home/vincent-pc/ros2_jazzy/src/build/my_robot_cpp' returned '0': AMENT_PREFIX_PATH=/home/vincent-pc/ros2_jazzy/src/install/my_robot_interfaces:${AMENT_PREFIX_PATH} CMAKE_PREFIX_PATH=/home/vincent-pc/ros2_jazzy/src/install/my_robot_interfaces:/home/vincent-pc/ros2_jazzy/install/my_robot_cpp:/home/vincent-pc/ros2_jazzy/install/actions_cpp:/home/vincent-pc/ros2_jazzy/install/my_robot_interfaces:/home/vincent-pc/ros2_jazzy/install/my_robot_description:/home/vincent-pc/ros2_jazzy/install/my_robot_bringup:/opt/ros/jazzy/opt/gz_sim_vendor:/opt/ros/jazzy/opt/gz_sensors_vendor:/opt/ros/jazzy/opt/gz_physics_vendor:/opt/ros/jazzy/opt/sdformat_vendor:/opt/ros/jazzy/opt/gz_gui_vendor:/opt/ros/jazzy/opt/gz_transport_vendor:/opt/ros/jazzy/opt/gz_rendering_vendor:/opt/ros/jazzy/opt/gz_plugin_vendor:/opt/ros/jazzy/opt/gz_fuel_tools_vendor:/opt/ros/jazzy/opt/gz_msgs_vendor:/opt/ros/jazzy/opt/gz_common_vendor:/opt/ros/jazzy/opt/gz_math_vendor:/opt/ros/jazzy/opt/gz_utils_vendor:/opt/ros/jazzy/opt/gz_tools_vendor:/opt/ros/jazzy/opt/gz_ogre_next_vendor:/opt/ros/jazzy/opt/gz_dartsim_vendor:/opt/ros/jazzy/opt/gz_cmake_vendor:/home/vincent-pc/ros2_jazzy/install/my_robot_python:/home/vincent-pc/ros2_jazzy/install/actions_py:/opt/ros/jazzy DEBUGINFOD_URLS=https://debuginfod.ubuntu.com LD_LIBRARY_PATH=/home/vincent-pc/ros2_jazzy/src/install/my_robot_interfaces/lib:${LD_LIBRARY_PATH} PYTHONPATH=/home/vincent-pc/ros2_jazzy/src/install/my_robot_interfaces/lib/python3.12/site-packages:${PYTHONPATH} /usr/bin/cmake --install /home/vincent-pc/ros2_jazzy/src/build/my_robot_cpp
