[0.023s] Invoking command in '/home/vincent-pc/ros2_jazzy/build/my_robot_interfaces': CMAKE_PREFIX_PATH=${CMAKE_PREFIX_PATH}:/home/vincent-pc/ros2_jazzy/install/my_robot_python:/opt/ros/jazzy DEBUGINFOD_URLS=https://debuginfod.ubuntu.com /usr/bin/cmake --build /home/vincent-pc/ros2_jazzy/build/my_robot_interfaces -- -j8 -l8
[0.055s] -- Found ament_cmake: 2.5.4 (/opt/ros/jazzy/share/ament_cmake/cmake)
[0.082s] -- Found Python3: /usr/bin/python3 (found version "3.12.3") found components: Interpreter 
[0.170s] -- Override CMake install command with custom implementation using symlinks instead of copying resources
[0.177s] -- Found rosidl_default_generators: 1.6.0 (/opt/ros/jazzy/share/rosidl_default_generators/cmake)
[0.180s] -- Using all available rosidl_typesupport_c: rosidl_typesupport_fastrtps_c;rosidl_typesupport_introspection_c
[0.219s] -- Using all available rosidl_typesupport_cpp: rosidl_typesupport_fastrtps_cpp;rosidl_typesupport_introspection_cpp
[0.252s] -- Found rosidl_adapter: 4.6.5 (/opt/ros/jazzy/share/rosidl_adapter/cmake)
[0.631s] -- Found ament_cmake_ros: 0.12.0 (/opt/ros/jazzy/share/ament_cmake_ros/cmake)
[0.732s] -- Using all available rosidl_typesupport_c: rosidl_typesupport_fastrtps_c;rosidl_typesupport_introspection_c
[0.862s] -- Using all available rosidl_typesupport_cpp: rosidl_typesupport_fastrtps_cpp;rosidl_typesupport_introspection_cpp
[0.864s] -- Found python_cmake_module: 0.11.1 (/opt/ros/jazzy/share/python_cmake_module/cmake)
[1.176s] -- Found Python3: /usr/bin/python3 (found version "3.12.3") found components: Interpreter Development NumPy Development.Module Development.Embed 
[1.198s] -- Configuring done (1.1s)
[1.249s] -- Generating done (0.0s)
[1.264s] -- Build files have been written to: /home/vincent-pc/ros2_jazzy/build/my_robot_interfaces
[1.303s] [  1%] [34m[1mGenerating type hashes for ROS interfaces[0m
[1.314s] [  1%] Built target ament_cmake_python_symlink_my_robot_interfaces
[1.569s] running egg_info
[1.572s] [  1%] Built target my_robot_interfaces__rosidl_generator_type_description
[1.584s] [  2%] [34m[1mGenerating C code for ROS interfaces[0m
[1.594s] writing my_robot_interfaces.egg-info/PKG-INFO
[1.594s] writing dependency_links to my_robot_interfaces.egg-info/dependency_links.txt
[1.594s] writing top-level names to my_robot_interfaces.egg-info/top_level.txt
[1.598s] [  3%] [34m[1mGenerating C++ code for ROS interfaces[0m
[1.703s] reading manifest file 'my_robot_interfaces.egg-info/SOURCES.txt'
[1.705s] writing manifest file 'my_robot_interfaces.egg-info/SOURCES.txt'
[1.775s] [  3%] Built target ament_cmake_python_build_my_robot_interfaces_egg
[2.196s] [  3%] Built target my_robot_interfaces__cpp
[2.398s] [  6%] [32mBuilding C object CMakeFiles/my_robot_interfaces__rosidl_generator_c.dir/rosidl_generator_c/my_robot_interfaces/msg/detail/my_robot_state__description.c.o[0m
[2.399s] [  6%] [32mBuilding C object CMakeFiles/my_robot_interfaces__rosidl_generator_c.dir/rosidl_generator_c/my_robot_interfaces/msg/detail/my_robot_differential__description.c.o[0m
[2.399s] [  6%] [32mBuilding C object CMakeFiles/my_robot_interfaces__rosidl_generator_c.dir/rosidl_generator_c/my_robot_interfaces/msg/detail/my_robot_state__functions.c.o[0m
[2.399s] [  7%] [32mBuilding C object CMakeFiles/my_robot_interfaces__rosidl_generator_c.dir/rosidl_generator_c/my_robot_interfaces/msg/detail/my_robot_differential__type_support.c.o[0m
[2.400s] [  8%] [32mBuilding C object CMakeFiles/my_robot_interfaces__rosidl_generator_c.dir/rosidl_generator_c/my_robot_interfaces/msg/detail/my_robot_joint0__description.c.o[0m
[2.400s] [  9%] [32mBuilding C object CMakeFiles/my_robot_interfaces__rosidl_generator_c.dir/rosidl_generator_c/my_robot_interfaces/msg/detail/my_robot_differential__functions.c.o[0m
[2.401s] [ 10%] [32mBuilding C object CMakeFiles/my_robot_interfaces__rosidl_generator_c.dir/rosidl_generator_c/my_robot_interfaces/msg/detail/my_robot_state__type_support.c.o[0m
[2.407s] [ 11%] [32mBuilding C object CMakeFiles/my_robot_interfaces__rosidl_generator_c.dir/rosidl_generator_c/my_robot_interfaces/msg/detail/my_robot_joint0__functions.c.o[0m
[2.463s] [ 12%] [32mBuilding C object CMakeFiles/my_robot_interfaces__rosidl_generator_c.dir/rosidl_generator_c/my_robot_interfaces/msg/detail/my_robot_joint1__description.c.o[0m
[2.463s] [ 13%] [32mBuilding C object CMakeFiles/my_robot_interfaces__rosidl_generator_c.dir/rosidl_generator_c/my_robot_interfaces/msg/detail/my_robot_joint0__type_support.c.o[0m
[2.470s] [ 14%] [32mBuilding C object CMakeFiles/my_robot_interfaces__rosidl_generator_c.dir/rosidl_generator_c/my_robot_interfaces/msg/detail/my_robot_joint1__functions.c.o[0m
[2.481s] [ 15%] [32mBuilding C object CMakeFiles/my_robot_interfaces__rosidl_generator_c.dir/rosidl_generator_c/my_robot_interfaces/msg/detail/my_robot_joint1__type_support.c.o[0m
[2.485s] [ 17%] [32mBuilding C object CMakeFiles/my_robot_interfaces__rosidl_generator_c.dir/rosidl_generator_c/my_robot_interfaces/msg/detail/led_state_array__description.c.o[0m
[2.500s] [ 18%] [32mBuilding C object CMakeFiles/my_robot_interfaces__rosidl_generator_c.dir/rosidl_generator_c/my_robot_interfaces/msg/detail/led_state_array__functions.c.o[0m
[2.507s] [ 19%] [32mBuilding C object CMakeFiles/my_robot_interfaces__rosidl_generator_c.dir/rosidl_generator_c/my_robot_interfaces/msg/detail/led_state_array__type_support.c.o[0m
[2.522s] [ 20%] [32mBuilding C object CMakeFiles/my_robot_interfaces__rosidl_generator_c.dir/rosidl_generator_c/my_robot_interfaces/srv/detail/my_robot_srv__description.c.o[0m
[2.531s] [ 21%] [32mBuilding C object CMakeFiles/my_robot_interfaces__rosidl_generator_c.dir/rosidl_generator_c/my_robot_interfaces/srv/detail/my_robot_srv__functions.c.o[0m
[2.535s] [ 22%] [32mBuilding C object CMakeFiles/my_robot_interfaces__rosidl_generator_c.dir/rosidl_generator_c/my_robot_interfaces/srv/detail/my_robot_srv__type_support.c.o[0m
[2.551s] [ 23%] [32mBuilding C object CMakeFiles/my_robot_interfaces__rosidl_generator_c.dir/rosidl_generator_c/my_robot_interfaces/srv/detail/set_led__description.c.o[0m
[2.556s] [ 24%] [32mBuilding C object CMakeFiles/my_robot_interfaces__rosidl_generator_c.dir/rosidl_generator_c/my_robot_interfaces/srv/detail/set_led__functions.c.o[0m
[2.572s] [ 25%] [32mBuilding C object CMakeFiles/my_robot_interfaces__rosidl_generator_c.dir/rosidl_generator_c/my_robot_interfaces/srv/detail/set_led__type_support.c.o[0m
[2.657s] [ 26%] [32m[1mLinking C shared library libmy_robot_interfaces__rosidl_generator_c.so[0m
[2.703s] [ 26%] Built target my_robot_interfaces__rosidl_generator_c
[2.720s] [ 27%] [34m[1mGenerating C++ introspection for ROS interfaces[0m
[2.721s] [ 29%] [34m[1mGenerating C introspection for ROS interfaces[0m
[2.721s] [ 29%] [34m[1mGenerating C++ type support for eProsima Fast-RTPS[0m
[2.721s] [ 31%] [34m[1mGenerating C++ type support dispatch for ROS interfaces[0m
[2.723s] [ 31%] [34m[1mGenerating C type support dispatch for ROS interfaces[0m
[2.725s] [ 32%] [34m[1mGenerating C type support for eProsima Fast-RTPS[0m
[3.398s] [ 34%] [32mBuilding C object CMakeFiles/my_robot_interfaces__rosidl_typesupport_introspection_c.dir/rosidl_typesupport_introspection_c/my_robot_interfaces/msg/detail/my_robot_state__type_support.c.o[0m
[3.409s] [ 35%] [32mBuilding C object CMakeFiles/my_robot_interfaces__rosidl_typesupport_introspection_c.dir/rosidl_typesupport_introspection_c/my_robot_interfaces/msg/detail/my_robot_differential__type_support.c.o[0m
[3.413s] [ 36%] [32mBuilding C object CMakeFiles/my_robot_interfaces__rosidl_typesupport_introspection_c.dir/rosidl_typesupport_introspection_c/my_robot_interfaces/msg/detail/my_robot_joint0__type_support.c.o[0m
[3.431s] [ 37%] [32mBuilding CXX object CMakeFiles/my_robot_interfaces__rosidl_typesupport_cpp.dir/rosidl_typesupport_cpp/my_robot_interfaces/msg/my_robot_state__type_support.cpp.o[0m
[3.435s] [ 38%] [32mBuilding CXX object CMakeFiles/my_robot_interfaces__rosidl_typesupport_c.dir/rosidl_typesupport_c/my_robot_interfaces/msg/my_robot_state__type_support.cpp.o[0m
[3.513s] [ 39%] [32mBuilding CXX object CMakeFiles/my_robot_interfaces__rosidl_typesupport_c.dir/rosidl_typesupport_c/my_robot_interfaces/msg/my_robot_differential__type_support.cpp.o[0m
[3.521s] [ 40%] [32mBuilding C object CMakeFiles/my_robot_interfaces__rosidl_typesupport_introspection_c.dir/rosidl_typesupport_introspection_c/my_robot_interfaces/msg/detail/my_robot_joint1__type_support.c.o[0m
[3.533s] [ 41%] [32mBuilding CXX object CMakeFiles/my_robot_interfaces__rosidl_typesupport_c.dir/rosidl_typesupport_c/my_robot_interfaces/msg/my_robot_joint0__type_support.cpp.o[0m
[3.533s] [ 42%] [32mBuilding C object CMakeFiles/my_robot_interfaces__rosidl_typesupport_introspection_c.dir/rosidl_typesupport_introspection_c/my_robot_interfaces/msg/detail/led_state_array__type_support.c.o[0m
[3.610s] [ 43%] [32mBuilding CXX object CMakeFiles/my_robot_interfaces__rosidl_typesupport_cpp.dir/rosidl_typesupport_cpp/my_robot_interfaces/msg/my_robot_differential__type_support.cpp.o[0m
[3.629s] [ 44%] [32mBuilding C object CMakeFiles/my_robot_interfaces__rosidl_typesupport_introspection_c.dir/rosidl_typesupport_introspection_c/my_robot_interfaces/srv/detail/my_robot_srv__type_support.c.o[0m
[3.643s] [ 45%] [32mBuilding CXX object CMakeFiles/my_robot_interfaces__rosidl_typesupport_c.dir/rosidl_typesupport_c/my_robot_interfaces/msg/my_robot_joint1__type_support.cpp.o[0m
[3.657s] [ 46%] [32mBuilding CXX object CMakeFiles/my_robot_interfaces__rosidl_typesupport_c.dir/rosidl_typesupport_c/my_robot_interfaces/msg/led_state_array__type_support.cpp.o[0m
[3.731s] [ 47%] [32mBuilding C object CMakeFiles/my_robot_interfaces__rosidl_typesupport_introspection_c.dir/rosidl_typesupport_introspection_c/my_robot_interfaces/srv/detail/set_led__type_support.c.o[0m
[3.765s] [ 48%] [32mBuilding CXX object CMakeFiles/my_robot_interfaces__rosidl_typesupport_cpp.dir/rosidl_typesupport_cpp/my_robot_interfaces/msg/my_robot_joint0__type_support.cpp.o[0m
[3.780s] [ 50%] [32mBuilding CXX object CMakeFiles/my_robot_interfaces__rosidl_typesupport_c.dir/rosidl_typesupport_c/my_robot_interfaces/srv/my_robot_srv__type_support.cpp.o[0m
[3.842s] [ 51%] [32mBuilding CXX object CMakeFiles/my_robot_interfaces__rosidl_typesupport_introspection_cpp.dir/rosidl_typesupport_introspection_cpp/my_robot_interfaces/msg/detail/my_robot_state__type_support.cpp.o[0m
[3.846s] [ 52%] [32m[1mLinking C shared library libmy_robot_interfaces__rosidl_typesupport_introspection_c.so[0m
[3.911s] [ 53%] [32mBuilding CXX object CMakeFiles/my_robot_interfaces__rosidl_typesupport_c.dir/rosidl_typesupport_c/my_robot_interfaces/srv/set_led__type_support.cpp.o[0m
[3.923s] [ 53%] Built target my_robot_interfaces__rosidl_typesupport_introspection_c
[3.941s] [ 54%] [32mBuilding CXX object CMakeFiles/my_robot_interfaces__rosidl_typesupport_introspection_cpp.dir/rosidl_typesupport_introspection_cpp/my_robot_interfaces/msg/detail/my_robot_differential__type_support.cpp.o[0m
[3.999s] [ 55%] [32m[1mLinking CXX shared library libmy_robot_interfaces__rosidl_typesupport_c.so[0m
[4.048s] [ 56%] [32mBuilding CXX object CMakeFiles/my_robot_interfaces__rosidl_typesupport_introspection_cpp.dir/rosidl_typesupport_introspection_cpp/my_robot_interfaces/msg/detail/my_robot_joint0__type_support.cpp.o[0m
[4.080s] [ 56%] Built target my_robot_interfaces__rosidl_typesupport_c
[4.099s] [ 57%] [32mBuilding CXX object CMakeFiles/my_robot_interfaces__rosidl_typesupport_introspection_cpp.dir/rosidl_typesupport_introspection_cpp/my_robot_interfaces/msg/detail/my_robot_joint1__type_support.cpp.o[0m
[4.115s] [ 58%] [32mBuilding CXX object CMakeFiles/my_robot_interfaces__rosidl_typesupport_fastrtps_cpp.dir/rosidl_typesupport_fastrtps_cpp/my_robot_interfaces/msg/detail/dds_fastrtps/my_robot_state__type_support.cpp.o[0m
[4.200s] [ 59%] [32mBuilding CXX object CMakeFiles/my_robot_interfaces__rosidl_typesupport_fastrtps_c.dir/rosidl_typesupport_fastrtps_c/my_robot_interfaces/msg/detail/my_robot_state__type_support_c.cpp.o[0m
[4.285s] [ 60%] [32mBuilding CXX object CMakeFiles/my_robot_interfaces__rosidl_typesupport_fastrtps_c.dir/rosidl_typesupport_fastrtps_c/my_robot_interfaces/msg/detail/my_robot_differential__type_support_c.cpp.o[0m
[4.385s] [ 61%] [32mBuilding CXX object CMakeFiles/my_robot_interfaces__rosidl_typesupport_cpp.dir/rosidl_typesupport_cpp/my_robot_interfaces/msg/my_robot_joint1__type_support.cpp.o[0m
[4.506s] [ 62%] [32mBuilding CXX object CMakeFiles/my_robot_interfaces__rosidl_typesupport_fastrtps_c.dir/rosidl_typesupport_fastrtps_c/my_robot_interfaces/msg/detail/my_robot_joint0__type_support_c.cpp.o[0m
[4.621s] [ 63%] [32mBuilding CXX object CMakeFiles/my_robot_interfaces__rosidl_typesupport_fastrtps_cpp.dir/rosidl_typesupport_fastrtps_cpp/my_robot_interfaces/msg/detail/dds_fastrtps/my_robot_differential__type_support.cpp.o[0m
[4.687s] [ 64%] [32mBuilding CXX object CMakeFiles/my_robot_interfaces__rosidl_typesupport_cpp.dir/rosidl_typesupport_cpp/my_robot_interfaces/msg/led_state_array__type_support.cpp.o[0m
[4.694s] [ 65%] [32mBuilding CXX object CMakeFiles/my_robot_interfaces__rosidl_typesupport_introspection_cpp.dir/rosidl_typesupport_introspection_cpp/my_robot_interfaces/msg/detail/led_state_array__type_support.cpp.o[0m
[4.987s] [ 67%] [32mBuilding CXX object CMakeFiles/my_robot_interfaces__rosidl_typesupport_fastrtps_c.dir/rosidl_typesupport_fastrtps_c/my_robot_interfaces/msg/detail/my_robot_joint1__type_support_c.cpp.o[0m
[5.187s] [ 68%] [32mBuilding CXX object CMakeFiles/my_robot_interfaces__rosidl_typesupport_cpp.dir/rosidl_typesupport_cpp/my_robot_interfaces/srv/my_robot_srv__type_support.cpp.o[0m
[5.355s] [ 69%] [32mBuilding CXX object CMakeFiles/my_robot_interfaces__rosidl_typesupport_fastrtps_cpp.dir/rosidl_typesupport_fastrtps_cpp/my_robot_interfaces/msg/detail/dds_fastrtps/my_robot_joint0__type_support.cpp.o[0m
[5.395s] [ 70%] [32mBuilding CXX object CMakeFiles/my_robot_interfaces__rosidl_typesupport_introspection_cpp.dir/rosidl_typesupport_introspection_cpp/my_robot_interfaces/srv/detail/my_robot_srv__type_support.cpp.o[0m
[5.525s] [ 71%] [32mBuilding CXX object CMakeFiles/my_robot_interfaces__rosidl_typesupport_fastrtps_cpp.dir/rosidl_typesupport_fastrtps_cpp/my_robot_interfaces/msg/detail/dds_fastrtps/my_robot_joint1__type_support.cpp.o[0m
[5.679s] [ 72%] [32mBuilding CXX object CMakeFiles/my_robot_interfaces__rosidl_typesupport_cpp.dir/rosidl_typesupport_cpp/my_robot_interfaces/srv/set_led__type_support.cpp.o[0m
[5.827s] [ 73%] [32mBuilding CXX object CMakeFiles/my_robot_interfaces__rosidl_typesupport_fastrtps_cpp.dir/rosidl_typesupport_fastrtps_cpp/my_robot_interfaces/msg/detail/dds_fastrtps/led_state_array__type_support.cpp.o[0m
[5.883s] [ 74%] [32mBuilding CXX object CMakeFiles/my_robot_interfaces__rosidl_typesupport_fastrtps_c.dir/rosidl_typesupport_fastrtps_c/my_robot_interfaces/msg/detail/led_state_array__type_support_c.cpp.o[0m
[6.496s] [ 75%] [32mBuilding CXX object CMakeFiles/my_robot_interfaces__rosidl_typesupport_introspection_cpp.dir/rosidl_typesupport_introspection_cpp/my_robot_interfaces/srv/detail/set_led__type_support.cpp.o[0m
[6.581s] [ 76%] [32mBuilding CXX object CMakeFiles/my_robot_interfaces__rosidl_typesupport_fastrtps_cpp.dir/rosidl_typesupport_fastrtps_cpp/my_robot_interfaces/srv/detail/dds_fastrtps/my_robot_srv__type_support.cpp.o[0m
[6.635s] [ 77%] [32mBuilding CXX object CMakeFiles/my_robot_interfaces__rosidl_typesupport_fastrtps_c.dir/rosidl_typesupport_fastrtps_c/my_robot_interfaces/srv/detail/my_robot_srv__type_support_c.cpp.o[0m
[6.766s] [ 78%] [32mBuilding CXX object CMakeFiles/my_robot_interfaces__rosidl_typesupport_fastrtps_c.dir/rosidl_typesupport_fastrtps_c/my_robot_interfaces/srv/detail/set_led__type_support_c.cpp.o[0m
[6.813s] [ 79%] [32m[1mLinking CXX shared library libmy_robot_interfaces__rosidl_typesupport_cpp.so[0m
[6.994s] [ 80%] [32mBuilding CXX object CMakeFiles/my_robot_interfaces__rosidl_typesupport_fastrtps_cpp.dir/rosidl_typesupport_fastrtps_cpp/my_robot_interfaces/srv/detail/dds_fastrtps/set_led__type_support.cpp.o[0m
[7.088s] [ 80%] Built target my_robot_interfaces__rosidl_typesupport_cpp
[7.514s] [ 81%] [32m[1mLinking CXX shared library libmy_robot_interfaces__rosidl_typesupport_introspection_cpp.so[0m
[7.637s] [ 81%] Built target my_robot_interfaces__rosidl_typesupport_introspection_cpp
[7.808s] [ 82%] [32m[1mLinking CXX shared library libmy_robot_interfaces__rosidl_typesupport_fastrtps_c.so[0m
[7.909s] [ 82%] Built target my_robot_interfaces__rosidl_typesupport_fastrtps_c
[7.995s] [ 84%] [32m[1mLinking CXX shared library libmy_robot_interfaces__rosidl_typesupport_fastrtps_cpp.so[0m
[8.076s] [ 84%] Built target my_robot_interfaces__rosidl_typesupport_fastrtps_cpp
[8.099s] [ 84%] Built target my_robot_interfaces
[8.122s] [ 85%] [34m[1mGenerating Python code for ROS interfaces[0m
[8.925s] [ 85%] Built target my_robot_interfaces__py
[8.964s] [ 87%] [32mBuilding C object CMakeFiles/my_robot_interfaces__rosidl_generator_py.dir/rosidl_generator_py/my_robot_interfaces/msg/_my_robot_differential_s.c.o[0m
[8.964s] [ 87%] [32mBuilding C object CMakeFiles/my_robot_interfaces__rosidl_generator_py.dir/rosidl_generator_py/my_robot_interfaces/msg/_my_robot_state_s.c.o[0m
[8.965s] [ 88%] [32mBuilding C object CMakeFiles/my_robot_interfaces__rosidl_generator_py.dir/rosidl_generator_py/my_robot_interfaces/msg/_my_robot_joint1_s.c.o[0m
[8.965s] [ 90%] [32mBuilding C object CMakeFiles/my_robot_interfaces__rosidl_generator_py.dir/rosidl_generator_py/my_robot_interfaces/msg/_led_state_array_s.c.o[0m
[8.965s] [ 90%] [32mBuilding C object CMakeFiles/my_robot_interfaces__rosidl_generator_py.dir/rosidl_generator_py/my_robot_interfaces/msg/_my_robot_joint0_s.c.o[0m
[8.965s] [ 92%] [32mBuilding C object CMakeFiles/my_robot_interfaces__rosidl_generator_py.dir/rosidl_generator_py/my_robot_interfaces/srv/_my_robot_srv_s.c.o[0m
[8.966s] [ 92%] [32mBuilding C object CMakeFiles/my_robot_interfaces__rosidl_generator_py.dir/rosidl_generator_py/my_robot_interfaces/srv/_set_led_s.c.o[0m
[9.200s] [ 93%] [32m[1mLinking C shared library libmy_robot_interfaces__rosidl_generator_py.so[0m
[9.260s] [ 93%] Built target my_robot_interfaces__rosidl_generator_py
[9.289s] [ 95%] [32mBuilding C object CMakeFiles/my_robot_interfaces_s__rosidl_typesupport_introspection_c.dir/rosidl_generator_py/my_robot_interfaces/_my_robot_interfaces_s.ep.rosidl_typesupport_introspection_c.c.o[0m
[9.289s] [ 95%] [32mBuilding C object CMakeFiles/my_robot_interfaces_s__rosidl_typesupport_fastrtps_c.dir/rosidl_generator_py/my_robot_interfaces/_my_robot_interfaces_s.ep.rosidl_typesupport_fastrtps_c.c.o[0m
[9.296s] [ 96%] [32mBuilding C object CMakeFiles/my_robot_interfaces_s__rosidl_typesupport_c.dir/rosidl_generator_py/my_robot_interfaces/_my_robot_interfaces_s.ep.rosidl_typesupport_c.c.o[0m
[9.457s] [ 97%] [32m[1mLinking C shared module rosidl_generator_py/my_robot_interfaces/my_robot_interfaces_s__rosidl_typesupport_fastrtps_c.so[0m
[9.468s] [ 98%] [32m[1mLinking C shared module rosidl_generator_py/my_robot_interfaces/my_robot_interfaces_s__rosidl_typesupport_c.so[0m
[9.502s] [ 98%] Built target my_robot_interfaces_s__rosidl_typesupport_fastrtps_c
[9.508s] [ 98%] Built target my_robot_interfaces_s__rosidl_typesupport_c
[9.525s] [100%] [32m[1mLinking C shared module rosidl_generator_py/my_robot_interfaces/my_robot_interfaces_s__rosidl_typesupport_introspection_c.so[0m
[9.583s] [100%] Built target my_robot_interfaces_s__rosidl_typesupport_introspection_c
[9.619s] Invoked command in '/home/vincent-pc/ros2_jazzy/build/my_robot_interfaces' returned '0': CMAKE_PREFIX_PATH=${CMAKE_PREFIX_PATH}:/home/vincent-pc/ros2_jazzy/install/my_robot_python:/opt/ros/jazzy DEBUGINFOD_URLS=https://debuginfod.ubuntu.com /usr/bin/cmake --build /home/vincent-pc/ros2_jazzy/build/my_robot_interfaces -- -j8 -l8
[9.621s] Invoking command in '/home/vincent-pc/ros2_jazzy/build/my_robot_interfaces': CMAKE_PREFIX_PATH=${CMAKE_PREFIX_PATH}:/home/vincent-pc/ros2_jazzy/install/my_robot_python:/opt/ros/jazzy DEBUGINFOD_URLS=https://debuginfod.ubuntu.com /usr/bin/cmake --install /home/vincent-pc/ros2_jazzy/build/my_robot_interfaces
[9.634s] -- Install configuration: ""
[9.635s] -- Execute custom install script
[9.635s] -- Up-to-date symlink: /home/vincent-pc/ros2_jazzy/install/my_robot_interfaces/share/ament_index/resource_index/rosidl_interfaces/my_robot_interfaces
[9.636s] -- Up-to-date symlink: /home/vincent-pc/ros2_jazzy/install/my_robot_interfaces/share/my_robot_interfaces/msg/MyRobotState.json
[9.636s] -- Up-to-date symlink: /home/vincent-pc/ros2_jazzy/install/my_robot_interfaces/share/my_robot_interfaces/msg/MyRobotDifferential.json
[9.636s] -- Up-to-date symlink: /home/vincent-pc/ros2_jazzy/install/my_robot_interfaces/share/my_robot_interfaces/msg/MyRobotJoint0.json
[9.636s] -- Up-to-date symlink: /home/vincent-pc/ros2_jazzy/install/my_robot_interfaces/share/my_robot_interfaces/msg/MyRobotJoint1.json
[9.637s] -- Up-to-date symlink: /home/vincent-pc/ros2_jazzy/install/my_robot_interfaces/share/my_robot_interfaces/msg/LedStateArray.json
[9.637s] -- Up-to-date symlink: /home/vincent-pc/ros2_jazzy/install/my_robot_interfaces/share/my_robot_interfaces/srv/MyRobotSrv.json
[9.637s] -- Up-to-date symlink: /home/vincent-pc/ros2_jazzy/install/my_robot_interfaces/share/my_robot_interfaces/srv/SetLed.json
[9.638s] -- Up-to-date symlink: /home/vincent-pc/ros2_jazzy/install/my_robot_interfaces/include/my_robot_interfaces/my_robot_interfaces/msg/detail/led_state_array__functions.h
[9.638s] -- Up-to-date symlink: /home/vincent-pc/ros2_jazzy/install/my_robot_interfaces/include/my_robot_interfaces/my_robot_interfaces/msg/detail/led_state_array__struct.h
[9.638s] -- Up-to-date symlink: /home/vincent-pc/ros2_jazzy/install/my_robot_interfaces/include/my_robot_interfaces/my_robot_interfaces/msg/detail/led_state_array__type_support.h
[9.638s] -- Up-to-date symlink: /home/vincent-pc/ros2_jazzy/install/my_robot_interfaces/include/my_robot_interfaces/my_robot_interfaces/msg/detail/my_robot_differential__functions.h
[9.638s] -- Up-to-date symlink: /home/vincent-pc/ros2_jazzy/install/my_robot_interfaces/include/my_robot_interfaces/my_robot_interfaces/msg/detail/my_robot_differential__struct.h
[9.638s] -- Up-to-date symlink: /home/vincent-pc/ros2_jazzy/install/my_robot_interfaces/include/my_robot_interfaces/my_robot_interfaces/msg/detail/my_robot_differential__type_support.h
[9.639s] -- Up-to-date symlink: /home/vincent-pc/ros2_jazzy/install/my_robot_interfaces/include/my_robot_interfaces/my_robot_interfaces/msg/detail/my_robot_joint0__functions.h
[9.639s] -- Up-to-date symlink: /home/vincent-pc/ros2_jazzy/install/my_robot_interfaces/include/my_robot_interfaces/my_robot_interfaces/msg/detail/my_robot_joint0__struct.h
[9.639s] -- Up-to-date symlink: /home/vincent-pc/ros2_jazzy/install/my_robot_interfaces/include/my_robot_interfaces/my_robot_interfaces/msg/detail/my_robot_joint0__type_support.h
[9.639s] -- Up-to-date symlink: /home/vincent-pc/ros2_jazzy/install/my_robot_interfaces/include/my_robot_interfaces/my_robot_interfaces/msg/detail/my_robot_joint1__functions.h
[9.639s] -- Up-to-date symlink: /home/vincent-pc/ros2_jazzy/install/my_robot_interfaces/include/my_robot_interfaces/my_robot_interfaces/msg/detail/my_robot_joint1__struct.h
[9.639s] -- Up-to-date symlink: /home/vincent-pc/ros2_jazzy/install/my_robot_interfaces/include/my_robot_interfaces/my_robot_interfaces/msg/detail/my_robot_joint1__type_support.h
[9.639s] -- Up-to-date symlink: /home/vincent-pc/ros2_jazzy/install/my_robot_interfaces/include/my_robot_interfaces/my_robot_interfaces/msg/detail/my_robot_state__functions.h
[9.640s] -- Up-to-date symlink: /home/vincent-pc/ros2_jazzy/install/my_robot_interfaces/include/my_robot_interfaces/my_robot_interfaces/msg/detail/my_robot_state__struct.h
[9.640s] -- Up-to-date symlink: /home/vincent-pc/ros2_jazzy/install/my_robot_interfaces/include/my_robot_interfaces/my_robot_interfaces/msg/detail/my_robot_state__type_support.h
[9.640s] -- Up-to-date symlink: /home/vincent-pc/ros2_jazzy/install/my_robot_interfaces/include/my_robot_interfaces/my_robot_interfaces/msg/led_state_array.h
[9.640s] -- Up-to-date symlink: /home/vincent-pc/ros2_jazzy/install/my_robot_interfaces/include/my_robot_interfaces/my_robot_interfaces/msg/my_robot_differential.h
[9.640s] -- Up-to-date symlink: /home/vincent-pc/ros2_jazzy/install/my_robot_interfaces/include/my_robot_interfaces/my_robot_interfaces/msg/my_robot_joint0.h
[9.641s] -- Up-to-date symlink: /home/vincent-pc/ros2_jazzy/install/my_robot_interfaces/include/my_robot_interfaces/my_robot_interfaces/msg/my_robot_joint1.h
[9.641s] -- Up-to-date symlink: /home/vincent-pc/ros2_jazzy/install/my_robot_interfaces/include/my_robot_interfaces/my_robot_interfaces/msg/my_robot_state.h
[9.641s] -- Up-to-date symlink: /home/vincent-pc/ros2_jazzy/install/my_robot_interfaces/include/my_robot_interfaces/my_robot_interfaces/msg/rosidl_generator_c__visibility_control.h
[9.641s] -- Up-to-date symlink: /home/vincent-pc/ros2_jazzy/install/my_robot_interfaces/include/my_robot_interfaces/my_robot_interfaces/srv/detail/my_robot_srv__functions.h
[9.641s] -- Up-to-date symlink: /home/vincent-pc/ros2_jazzy/install/my_robot_interfaces/include/my_robot_interfaces/my_robot_interfaces/srv/detail/my_robot_srv__struct.h
[9.641s] -- Up-to-date symlink: /home/vincent-pc/ros2_jazzy/install/my_robot_interfaces/include/my_robot_interfaces/my_robot_interfaces/srv/detail/my_robot_srv__type_support.h
[9.642s] -- Up-to-date symlink: /home/vincent-pc/ros2_jazzy/install/my_robot_interfaces/include/my_robot_interfaces/my_robot_interfaces/srv/detail/set_led__functions.h
[9.642s] -- Up-to-date symlink: /home/vincent-pc/ros2_jazzy/install/my_robot_interfaces/include/my_robot_interfaces/my_robot_interfaces/srv/detail/set_led__struct.h
[9.642s] -- Up-to-date symlink: /home/vincent-pc/ros2_jazzy/install/my_robot_interfaces/include/my_robot_interfaces/my_robot_interfaces/srv/detail/set_led__type_support.h
[9.642s] -- Up-to-date symlink: /home/vincent-pc/ros2_jazzy/install/my_robot_interfaces/include/my_robot_interfaces/my_robot_interfaces/srv/my_robot_srv.h
[9.642s] -- Up-to-date symlink: /home/vincent-pc/ros2_jazzy/install/my_robot_interfaces/include/my_robot_interfaces/my_robot_interfaces/srv/set_led.h
[9.642s] -- Up-to-date symlink: /home/vincent-pc/ros2_jazzy/install/my_robot_interfaces/share/my_robot_interfaces/environment/library_path.sh
[9.642s] -- Up-to-date symlink: /home/vincent-pc/ros2_jazzy/install/my_robot_interfaces/share/my_robot_interfaces/environment/library_path.dsv
[9.643s] -- Up-to-date symlink: /home/vincent-pc/ros2_jazzy/install/my_robot_interfaces/include/my_robot_interfaces/my_robot_interfaces/msg/detail/led_state_array__rosidl_typesupport_fastrtps_c.h
[9.643s] -- Up-to-date symlink: /home/vincent-pc/ros2_jazzy/install/my_robot_interfaces/include/my_robot_interfaces/my_robot_interfaces/msg/detail/my_robot_differential__rosidl_typesupport_fastrtps_c.h
[9.643s] -- Up-to-date symlink: /home/vincent-pc/ros2_jazzy/install/my_robot_interfaces/include/my_robot_interfaces/my_robot_interfaces/msg/detail/my_robot_joint0__rosidl_typesupport_fastrtps_c.h
[9.643s] -- Up-to-date symlink: /home/vincent-pc/ros2_jazzy/install/my_robot_interfaces/include/my_robot_interfaces/my_robot_interfaces/msg/detail/my_robot_joint1__rosidl_typesupport_fastrtps_c.h
[9.643s] -- Up-to-date symlink: /home/vincent-pc/ros2_jazzy/install/my_robot_interfaces/include/my_robot_interfaces/my_robot_interfaces/msg/detail/my_robot_state__rosidl_typesupport_fastrtps_c.h
[9.643s] -- Up-to-date symlink: /home/vincent-pc/ros2_jazzy/install/my_robot_interfaces/include/my_robot_interfaces/my_robot_interfaces/msg/rosidl_typesupport_fastrtps_c__visibility_control.h
[9.644s] -- Up-to-date symlink: /home/vincent-pc/ros2_jazzy/install/my_robot_interfaces/include/my_robot_interfaces/my_robot_interfaces/srv/detail/my_robot_srv__rosidl_typesupport_fastrtps_c.h
[9.644s] -- Up-to-date symlink: /home/vincent-pc/ros2_jazzy/install/my_robot_interfaces/include/my_robot_interfaces/my_robot_interfaces/srv/detail/set_led__rosidl_typesupport_fastrtps_c.h
[9.644s] -- Up-to-date symlink: /home/vincent-pc/ros2_jazzy/install/my_robot_interfaces/include/my_robot_interfaces/my_robot_interfaces/msg/detail/led_state_array__rosidl_typesupport_introspection_c.h
[9.644s] -- Up-to-date symlink: /home/vincent-pc/ros2_jazzy/install/my_robot_interfaces/include/my_robot_interfaces/my_robot_interfaces/msg/detail/my_robot_differential__rosidl_typesupport_introspection_c.h
[9.644s] -- Up-to-date symlink: /home/vincent-pc/ros2_jazzy/install/my_robot_interfaces/include/my_robot_interfaces/my_robot_interfaces/msg/detail/my_robot_joint0__rosidl_typesupport_introspection_c.h
[9.644s] -- Up-to-date symlink: /home/vincent-pc/ros2_jazzy/install/my_robot_interfaces/include/my_robot_interfaces/my_robot_interfaces/msg/detail/my_robot_joint1__rosidl_typesupport_introspection_c.h
[9.644s] -- Up-to-date symlink: /home/vincent-pc/ros2_jazzy/install/my_robot_interfaces/include/my_robot_interfaces/my_robot_interfaces/msg/detail/my_robot_state__rosidl_typesupport_introspection_c.h
[9.644s] -- Up-to-date symlink: /home/vincent-pc/ros2_jazzy/install/my_robot_interfaces/include/my_robot_interfaces/my_robot_interfaces/msg/rosidl_typesupport_introspection_c__visibility_control.h
[9.645s] -- Up-to-date symlink: /home/vincent-pc/ros2_jazzy/install/my_robot_interfaces/include/my_robot_interfaces/my_robot_interfaces/srv/detail/my_robot_srv__rosidl_typesupport_introspection_c.h
[9.645s] -- Up-to-date symlink: /home/vincent-pc/ros2_jazzy/install/my_robot_interfaces/include/my_robot_interfaces/my_robot_interfaces/srv/detail/set_led__rosidl_typesupport_introspection_c.h
[9.645s] -- Up-to-date symlink: /home/vincent-pc/ros2_jazzy/install/my_robot_interfaces/include/my_robot_interfaces/my_robot_interfaces/msg/detail/led_state_array__builder.hpp
[9.645s] -- Up-to-date symlink: /home/vincent-pc/ros2_jazzy/install/my_robot_interfaces/include/my_robot_interfaces/my_robot_interfaces/msg/detail/led_state_array__struct.hpp
[9.645s] -- Up-to-date symlink: /home/vincent-pc/ros2_jazzy/install/my_robot_interfaces/include/my_robot_interfaces/my_robot_interfaces/msg/detail/led_state_array__traits.hpp
[9.645s] -- Up-to-date symlink: /home/vincent-pc/ros2_jazzy/install/my_robot_interfaces/include/my_robot_interfaces/my_robot_interfaces/msg/detail/led_state_array__type_support.hpp
[9.646s] -- Up-to-date symlink: /home/vincent-pc/ros2_jazzy/install/my_robot_interfaces/include/my_robot_interfaces/my_robot_interfaces/msg/detail/my_robot_differential__builder.hpp
[9.646s] -- Up-to-date symlink: /home/vincent-pc/ros2_jazzy/install/my_robot_interfaces/include/my_robot_interfaces/my_robot_interfaces/msg/detail/my_robot_differential__struct.hpp
[9.646s] -- Up-to-date symlink: /home/vincent-pc/ros2_jazzy/install/my_robot_interfaces/include/my_robot_interfaces/my_robot_interfaces/msg/detail/my_robot_differential__traits.hpp
[9.646s] -- Up-to-date symlink: /home/vincent-pc/ros2_jazzy/install/my_robot_interfaces/include/my_robot_interfaces/my_robot_interfaces/msg/detail/my_robot_differential__type_support.hpp
[9.646s] -- Up-to-date symlink: /home/vincent-pc/ros2_jazzy/install/my_robot_interfaces/include/my_robot_interfaces/my_robot_interfaces/msg/detail/my_robot_joint0__builder.hpp
[9.646s] -- Up-to-date symlink: /home/vincent-pc/ros2_jazzy/install/my_robot_interfaces/include/my_robot_interfaces/my_robot_interfaces/msg/detail/my_robot_joint0__struct.hpp
[9.646s] -- Up-to-date symlink: /home/vincent-pc/ros2_jazzy/install/my_robot_interfaces/include/my_robot_interfaces/my_robot_interfaces/msg/detail/my_robot_joint0__traits.hpp
[9.647s] -- Up-to-date symlink: /home/vincent-pc/ros2_jazzy/install/my_robot_interfaces/include/my_robot_interfaces/my_robot_interfaces/msg/detail/my_robot_joint0__type_support.hpp
[9.647s] -- Up-to-date symlink: /home/vincent-pc/ros2_jazzy/install/my_robot_interfaces/include/my_robot_interfaces/my_robot_interfaces/msg/detail/my_robot_joint1__builder.hpp
[9.647s] -- Up-to-date symlink: /home/vincent-pc/ros2_jazzy/install/my_robot_interfaces/include/my_robot_interfaces/my_robot_interfaces/msg/detail/my_robot_joint1__struct.hpp
[9.647s] -- Up-to-date symlink: /home/vincent-pc/ros2_jazzy/install/my_robot_interfaces/include/my_robot_interfaces/my_robot_interfaces/msg/detail/my_robot_joint1__traits.hpp
[9.647s] -- Up-to-date symlink: /home/vincent-pc/ros2_jazzy/install/my_robot_interfaces/include/my_robot_interfaces/my_robot_interfaces/msg/detail/my_robot_joint1__type_support.hpp
[9.648s] -- Up-to-date symlink: /home/vincent-pc/ros2_jazzy/install/my_robot_interfaces/include/my_robot_interfaces/my_robot_interfaces/msg/detail/my_robot_state__builder.hpp
[9.648s] -- Up-to-date symlink: /home/vincent-pc/ros2_jazzy/install/my_robot_interfaces/include/my_robot_interfaces/my_robot_interfaces/msg/detail/my_robot_state__struct.hpp
[9.648s] -- Up-to-date symlink: /home/vincent-pc/ros2_jazzy/install/my_robot_interfaces/include/my_robot_interfaces/my_robot_interfaces/msg/detail/my_robot_state__traits.hpp
[9.648s] -- Up-to-date symlink: /home/vincent-pc/ros2_jazzy/install/my_robot_interfaces/include/my_robot_interfaces/my_robot_interfaces/msg/detail/my_robot_state__type_support.hpp
[9.648s] -- Up-to-date symlink: /home/vincent-pc/ros2_jazzy/install/my_robot_interfaces/include/my_robot_interfaces/my_robot_interfaces/msg/led_state_array.hpp
[9.648s] -- Up-to-date symlink: /home/vincent-pc/ros2_jazzy/install/my_robot_interfaces/include/my_robot_interfaces/my_robot_interfaces/msg/my_robot_differential.hpp
[9.648s] -- Up-to-date symlink: /home/vincent-pc/ros2_jazzy/install/my_robot_interfaces/include/my_robot_interfaces/my_robot_interfaces/msg/my_robot_joint0.hpp
[9.648s] -- Up-to-date symlink: /home/vincent-pc/ros2_jazzy/install/my_robot_interfaces/include/my_robot_interfaces/my_robot_interfaces/msg/my_robot_joint1.hpp
[9.649s] -- Up-to-date symlink: /home/vincent-pc/ros2_jazzy/install/my_robot_interfaces/include/my_robot_interfaces/my_robot_interfaces/msg/my_robot_state.hpp
[9.649s] -- Up-to-date symlink: /home/vincent-pc/ros2_jazzy/install/my_robot_interfaces/include/my_robot_interfaces/my_robot_interfaces/msg/rosidl_generator_cpp__visibility_control.hpp
[9.649s] -- Up-to-date symlink: /home/vincent-pc/ros2_jazzy/install/my_robot_interfaces/include/my_robot_interfaces/my_robot_interfaces/srv/detail/my_robot_srv__builder.hpp
[9.649s] -- Up-to-date symlink: /home/vincent-pc/ros2_jazzy/install/my_robot_interfaces/include/my_robot_interfaces/my_robot_interfaces/srv/detail/my_robot_srv__struct.hpp
[9.649s] -- Up-to-date symlink: /home/vincent-pc/ros2_jazzy/install/my_robot_interfaces/include/my_robot_interfaces/my_robot_interfaces/srv/detail/my_robot_srv__traits.hpp
[9.649s] -- Up-to-date symlink: /home/vincent-pc/ros2_jazzy/install/my_robot_interfaces/include/my_robot_interfaces/my_robot_interfaces/srv/detail/my_robot_srv__type_support.hpp
[9.649s] -- Up-to-date symlink: /home/vincent-pc/ros2_jazzy/install/my_robot_interfaces/include/my_robot_interfaces/my_robot_interfaces/srv/detail/set_led__builder.hpp
[9.649s] -- Up-to-date symlink: /home/vincent-pc/ros2_jazzy/install/my_robot_interfaces/include/my_robot_interfaces/my_robot_interfaces/srv/detail/set_led__struct.hpp
[9.650s] -- Up-to-date symlink: /home/vincent-pc/ros2_jazzy/install/my_robot_interfaces/include/my_robot_interfaces/my_robot_interfaces/srv/detail/set_led__traits.hpp
[9.650s] -- Up-to-date symlink: /home/vincent-pc/ros2_jazzy/install/my_robot_interfaces/include/my_robot_interfaces/my_robot_interfaces/srv/detail/set_led__type_support.hpp
[9.650s] -- Up-to-date symlink: /home/vincent-pc/ros2_jazzy/install/my_robot_interfaces/include/my_robot_interfaces/my_robot_interfaces/srv/my_robot_srv.hpp
[9.650s] -- Up-to-date symlink: /home/vincent-pc/ros2_jazzy/install/my_robot_interfaces/include/my_robot_interfaces/my_robot_interfaces/srv/set_led.hpp
[9.650s] -- Up-to-date symlink: /home/vincent-pc/ros2_jazzy/install/my_robot_interfaces/include/my_robot_interfaces/my_robot_interfaces/msg/detail/led_state_array__rosidl_typesupport_fastrtps_cpp.hpp
[9.650s] -- Up-to-date symlink: /home/vincent-pc/ros2_jazzy/install/my_robot_interfaces/include/my_robot_interfaces/my_robot_interfaces/msg/detail/my_robot_differential__rosidl_typesupport_fastrtps_cpp.hpp
[9.651s] -- Up-to-date symlink: /home/vincent-pc/ros2_jazzy/install/my_robot_interfaces/include/my_robot_interfaces/my_robot_interfaces/msg/detail/my_robot_joint0__rosidl_typesupport_fastrtps_cpp.hpp
[9.651s] -- Up-to-date symlink: /home/vincent-pc/ros2_jazzy/install/my_robot_interfaces/include/my_robot_interfaces/my_robot_interfaces/msg/detail/my_robot_joint1__rosidl_typesupport_fastrtps_cpp.hpp
[9.651s] -- Up-to-date symlink: /home/vincent-pc/ros2_jazzy/install/my_robot_interfaces/include/my_robot_interfaces/my_robot_interfaces/msg/detail/my_robot_state__rosidl_typesupport_fastrtps_cpp.hpp
[9.651s] -- Up-to-date symlink: /home/vincent-pc/ros2_jazzy/install/my_robot_interfaces/include/my_robot_interfaces/my_robot_interfaces/msg/rosidl_typesupport_fastrtps_cpp__visibility_control.h
[9.651s] -- Up-to-date symlink: /home/vincent-pc/ros2_jazzy/install/my_robot_interfaces/include/my_robot_interfaces/my_robot_interfaces/srv/detail/my_robot_srv__rosidl_typesupport_fastrtps_cpp.hpp
[9.651s] -- Up-to-date symlink: /home/vincent-pc/ros2_jazzy/install/my_robot_interfaces/include/my_robot_interfaces/my_robot_interfaces/srv/detail/set_led__rosidl_typesupport_fastrtps_cpp.hpp
[9.651s] -- Up-to-date symlink: /home/vincent-pc/ros2_jazzy/install/my_robot_interfaces/include/my_robot_interfaces/my_robot_interfaces/msg/detail/led_state_array__rosidl_typesupport_introspection_cpp.hpp
[9.651s] -- Up-to-date symlink: /home/vincent-pc/ros2_jazzy/install/my_robot_interfaces/include/my_robot_interfaces/my_robot_interfaces/msg/detail/my_robot_differential__rosidl_typesupport_introspection_cpp.hpp
[9.652s] -- Up-to-date symlink: /home/vincent-pc/ros2_jazzy/install/my_robot_interfaces/include/my_robot_interfaces/my_robot_interfaces/msg/detail/my_robot_joint0__rosidl_typesupport_introspection_cpp.hpp
[9.652s] -- Up-to-date symlink: /home/vincent-pc/ros2_jazzy/install/my_robot_interfaces/include/my_robot_interfaces/my_robot_interfaces/msg/detail/my_robot_joint1__rosidl_typesupport_introspection_cpp.hpp
[9.652s] -- Up-to-date symlink: /home/vincent-pc/ros2_jazzy/install/my_robot_interfaces/include/my_robot_interfaces/my_robot_interfaces/msg/detail/my_robot_state__rosidl_typesupport_introspection_cpp.hpp
[9.652s] -- Up-to-date symlink: /home/vincent-pc/ros2_jazzy/install/my_robot_interfaces/include/my_robot_interfaces/my_robot_interfaces/srv/detail/my_robot_srv__rosidl_typesupport_introspection_cpp.hpp
[9.652s] -- Up-to-date symlink: /home/vincent-pc/ros2_jazzy/install/my_robot_interfaces/include/my_robot_interfaces/my_robot_interfaces/srv/detail/set_led__rosidl_typesupport_introspection_cpp.hpp
[9.652s] -- Up-to-date symlink: /home/vincent-pc/ros2_jazzy/install/my_robot_interfaces/share/my_robot_interfaces/environment/pythonpath.sh
[9.652s] -- Up-to-date symlink: /home/vincent-pc/ros2_jazzy/install/my_robot_interfaces/share/my_robot_interfaces/environment/pythonpath.dsv
[9.652s] -- Up-to-date symlink: /home/vincent-pc/ros2_jazzy/install/my_robot_interfaces/lib/python3.12/site-packages/my_robot_interfaces-0.0.0-py3.12.egg-info/PKG-INFO
[9.653s] -- Up-to-date symlink: /home/vincent-pc/ros2_jazzy/install/my_robot_interfaces/lib/python3.12/site-packages/my_robot_interfaces-0.0.0-py3.12.egg-info/SOURCES.txt
[9.653s] -- Up-to-date symlink: /home/vincent-pc/ros2_jazzy/install/my_robot_interfaces/lib/python3.12/site-packages/my_robot_interfaces-0.0.0-py3.12.egg-info/dependency_links.txt
[9.653s] -- Up-to-date symlink: /home/vincent-pc/ros2_jazzy/install/my_robot_interfaces/lib/python3.12/site-packages/my_robot_interfaces-0.0.0-py3.12.egg-info/top_level.txt
[9.653s] -- Up-to-date symlink: /home/vincent-pc/ros2_jazzy/install/my_robot_interfaces/lib/python3.12/site-packages/my_robot_interfaces/__init__.py
[9.653s] -- Up-to-date symlink: /home/vincent-pc/ros2_jazzy/install/my_robot_interfaces/lib/python3.12/site-packages/my_robot_interfaces/_my_robot_interfaces_s.ep.rosidl_typesupport_c.c
[9.653s] -- Up-to-date symlink: /home/vincent-pc/ros2_jazzy/install/my_robot_interfaces/lib/python3.12/site-packages/my_robot_interfaces/_my_robot_interfaces_s.ep.rosidl_typesupport_fastrtps_c.c
[9.654s] -- Up-to-date symlink: /home/vincent-pc/ros2_jazzy/install/my_robot_interfaces/lib/python3.12/site-packages/my_robot_interfaces/_my_robot_interfaces_s.ep.rosidl_typesupport_introspection_c.c
[9.654s] -- Up-to-date symlink: /home/vincent-pc/ros2_jazzy/install/my_robot_interfaces/lib/python3.12/site-packages/my_robot_interfaces/msg/__init__.py
[9.654s] -- Up-to-date symlink: /home/vincent-pc/ros2_jazzy/install/my_robot_interfaces/lib/python3.12/site-packages/my_robot_interfaces/msg/_led_state_array.py
[9.654s] -- Up-to-date symlink: /home/vincent-pc/ros2_jazzy/install/my_robot_interfaces/lib/python3.12/site-packages/my_robot_interfaces/msg/_led_state_array_s.c
[9.654s] -- Up-to-date symlink: /home/vincent-pc/ros2_jazzy/install/my_robot_interfaces/lib/python3.12/site-packages/my_robot_interfaces/msg/_my_robot_differential.py
[9.654s] -- Up-to-date symlink: /home/vincent-pc/ros2_jazzy/install/my_robot_interfaces/lib/python3.12/site-packages/my_robot_interfaces/msg/_my_robot_differential_s.c
[9.654s] -- Up-to-date symlink: /home/vincent-pc/ros2_jazzy/install/my_robot_interfaces/lib/python3.12/site-packages/my_robot_interfaces/msg/_my_robot_joint0.py
[9.654s] -- Up-to-date symlink: /home/vincent-pc/ros2_jazzy/install/my_robot_interfaces/lib/python3.12/site-packages/my_robot_interfaces/msg/_my_robot_joint0_s.c
[9.655s] -- Up-to-date symlink: /home/vincent-pc/ros2_jazzy/install/my_robot_interfaces/lib/python3.12/site-packages/my_robot_interfaces/msg/_my_robot_joint1.py
[9.655s] -- Up-to-date symlink: /home/vincent-pc/ros2_jazzy/install/my_robot_interfaces/lib/python3.12/site-packages/my_robot_interfaces/msg/_my_robot_joint1_s.c
[9.655s] -- Up-to-date symlink: /home/vincent-pc/ros2_jazzy/install/my_robot_interfaces/lib/python3.12/site-packages/my_robot_interfaces/msg/_my_robot_state.py
[9.655s] -- Up-to-date symlink: /home/vincent-pc/ros2_jazzy/install/my_robot_interfaces/lib/python3.12/site-packages/my_robot_interfaces/msg/_my_robot_state_s.c
[9.655s] -- Up-to-date symlink: /home/vincent-pc/ros2_jazzy/install/my_robot_interfaces/lib/python3.12/site-packages/my_robot_interfaces/my_robot_interfaces_s__rosidl_typesupport_c.so
[9.655s] -- Up-to-date symlink: /home/vincent-pc/ros2_jazzy/install/my_robot_interfaces/lib/python3.12/site-packages/my_robot_interfaces/my_robot_interfaces_s__rosidl_typesupport_fastrtps_c.so
[9.655s] -- Up-to-date symlink: /home/vincent-pc/ros2_jazzy/install/my_robot_interfaces/lib/python3.12/site-packages/my_robot_interfaces/my_robot_interfaces_s__rosidl_typesupport_introspection_c.so
[9.655s] -- Up-to-date symlink: /home/vincent-pc/ros2_jazzy/install/my_robot_interfaces/lib/python3.12/site-packages/my_robot_interfaces/srv/__init__.py
[9.656s] -- Up-to-date symlink: /home/vincent-pc/ros2_jazzy/install/my_robot_interfaces/lib/python3.12/site-packages/my_robot_interfaces/srv/_my_robot_srv.py
[9.656s] -- Up-to-date symlink: /home/vincent-pc/ros2_jazzy/install/my_robot_interfaces/lib/python3.12/site-packages/my_robot_interfaces/srv/_my_robot_srv_s.c
[9.656s] -- Up-to-date symlink: /home/vincent-pc/ros2_jazzy/install/my_robot_interfaces/lib/python3.12/site-packages/my_robot_interfaces/srv/_set_led.py
[9.656s] -- Up-to-date symlink: /home/vincent-pc/ros2_jazzy/install/my_robot_interfaces/lib/python3.12/site-packages/my_robot_interfaces/srv/_set_led_s.c
[9.656s] -- Up-to-date symlink: /home/vincent-pc/ros2_jazzy/install/my_robot_interfaces/lib/python3.12/site-packages/my_robot_interfaces/my_robot_interfaces_s__rosidl_typesupport_fastrtps_c.so
[9.656s] -- Up-to-date symlink: /home/vincent-pc/ros2_jazzy/install/my_robot_interfaces/lib/python3.12/site-packages/my_robot_interfaces/my_robot_interfaces_s__rosidl_typesupport_introspection_c.so
[9.656s] -- Up-to-date symlink: /home/vincent-pc/ros2_jazzy/install/my_robot_interfaces/lib/python3.12/site-packages/my_robot_interfaces/my_robot_interfaces_s__rosidl_typesupport_c.so
[9.656s] -- Up-to-date symlink: /home/vincent-pc/ros2_jazzy/install/my_robot_interfaces/share/my_robot_interfaces/msg/MyRobotState.idl
[9.657s] -- Up-to-date symlink: /home/vincent-pc/ros2_jazzy/install/my_robot_interfaces/share/my_robot_interfaces/msg/MyRobotDifferential.idl
[9.657s] -- Up-to-date symlink: /home/vincent-pc/ros2_jazzy/install/my_robot_interfaces/share/my_robot_interfaces/msg/MyRobotJoint0.idl
[9.657s] -- Up-to-date symlink: /home/vincent-pc/ros2_jazzy/install/my_robot_interfaces/share/my_robot_interfaces/msg/MyRobotJoint1.idl
[9.657s] -- Up-to-date symlink: /home/vincent-pc/ros2_jazzy/install/my_robot_interfaces/share/my_robot_interfaces/msg/LedStateArray.idl
[9.657s] -- Up-to-date symlink: /home/vincent-pc/ros2_jazzy/install/my_robot_interfaces/share/my_robot_interfaces/srv/MyRobotSrv.idl
[9.657s] -- Up-to-date symlink: /home/vincent-pc/ros2_jazzy/install/my_robot_interfaces/share/my_robot_interfaces/srv/SetLed.idl
[9.657s] -- Up-to-date symlink: /home/vincent-pc/ros2_jazzy/install/my_robot_interfaces/share/my_robot_interfaces/msg/MyRobotState.msg
[9.657s] -- Up-to-date symlink: /home/vincent-pc/ros2_jazzy/install/my_robot_interfaces/share/my_robot_interfaces/msg/MyRobotDifferential.msg
[9.657s] -- Up-to-date symlink: /home/vincent-pc/ros2_jazzy/install/my_robot_interfaces/share/my_robot_interfaces/msg/MyRobotJoint0.msg
[9.658s] -- Up-to-date symlink: /home/vincent-pc/ros2_jazzy/install/my_robot_interfaces/share/my_robot_interfaces/msg/MyRobotJoint1.msg
[9.658s] -- Up-to-date symlink: /home/vincent-pc/ros2_jazzy/install/my_robot_interfaces/share/my_robot_interfaces/msg/LedStateArray.msg
[9.658s] -- Up-to-date symlink: /home/vincent-pc/ros2_jazzy/install/my_robot_interfaces/share/my_robot_interfaces/srv/MyRobotSrv.srv
[9.658s] -- Up-to-date symlink: /home/vincent-pc/ros2_jazzy/install/my_robot_interfaces/share/my_robot_interfaces/srv/SetLed.srv
[9.658s] -- Up-to-date symlink: /home/vincent-pc/ros2_jazzy/install/my_robot_interfaces/share/ament_index/resource_index/package_run_dependencies/my_robot_interfaces
[9.658s] -- Up-to-date symlink: /home/vincent-pc/ros2_jazzy/install/my_robot_interfaces/share/ament_index/resource_index/parent_prefix_path/my_robot_interfaces
[9.658s] -- Up-to-date symlink: /home/vincent-pc/ros2_jazzy/install/my_robot_interfaces/share/my_robot_interfaces/environment/ament_prefix_path.sh
[9.659s] -- Up-to-date symlink: /home/vincent-pc/ros2_jazzy/install/my_robot_interfaces/share/my_robot_interfaces/environment/ament_prefix_path.dsv
[9.659s] -- Up-to-date symlink: /home/vincent-pc/ros2_jazzy/install/my_robot_interfaces/share/my_robot_interfaces/environment/path.sh
[9.659s] -- Up-to-date symlink: /home/vincent-pc/ros2_jazzy/install/my_robot_interfaces/share/my_robot_interfaces/environment/path.dsv
[9.659s] -- Up-to-date symlink: /home/vincent-pc/ros2_jazzy/install/my_robot_interfaces/share/my_robot_interfaces/local_setup.bash
[9.659s] -- Up-to-date symlink: /home/vincent-pc/ros2_jazzy/install/my_robot_interfaces/share/my_robot_interfaces/local_setup.sh
[9.659s] -- Up-to-date symlink: /home/vincent-pc/ros2_jazzy/install/my_robot_interfaces/share/my_robot_interfaces/local_setup.zsh
[9.659s] -- Up-to-date symlink: /home/vincent-pc/ros2_jazzy/install/my_robot_interfaces/share/my_robot_interfaces/local_setup.dsv
[9.659s] -- Symlinking: /home/vincent-pc/ros2_jazzy/install/my_robot_interfaces/share/my_robot_interfaces/package.dsv
[9.670s] -- Up-to-date symlink: /home/vincent-pc/ros2_jazzy/install/my_robot_interfaces/share/ament_index/resource_index/packages/my_robot_interfaces
[9.670s] -- Up-to-date symlink: /home/vincent-pc/ros2_jazzy/install/my_robot_interfaces/share/my_robot_interfaces/cmake/rosidl_cmake-extras.cmake
[9.670s] -- Up-to-date symlink: /home/vincent-pc/ros2_jazzy/install/my_robot_interfaces/share/my_robot_interfaces/cmake/ament_cmake_export_dependencies-extras.cmake
[9.671s] -- Up-to-date symlink: /home/vincent-pc/ros2_jazzy/install/my_robot_interfaces/share/my_robot_interfaces/cmake/ament_cmake_export_include_directories-extras.cmake
[9.671s] -- Up-to-date symlink: /home/vincent-pc/ros2_jazzy/install/my_robot_interfaces/share/my_robot_interfaces/cmake/ament_cmake_export_libraries-extras.cmake
[9.671s] -- Up-to-date symlink: /home/vincent-pc/ros2_jazzy/install/my_robot_interfaces/share/my_robot_interfaces/cmake/ament_cmake_export_targets-extras.cmake
[9.671s] -- Up-to-date symlink: /home/vincent-pc/ros2_jazzy/install/my_robot_interfaces/share/my_robot_interfaces/cmake/rosidl_cmake_export_typesupport_targets-extras.cmake
[9.671s] -- Up-to-date symlink: /home/vincent-pc/ros2_jazzy/install/my_robot_interfaces/share/my_robot_interfaces/cmake/rosidl_cmake_export_typesupport_libraries-extras.cmake
[9.671s] -- Up-to-date symlink: /home/vincent-pc/ros2_jazzy/install/my_robot_interfaces/share/my_robot_interfaces/cmake/my_robot_interfacesConfig.cmake
[9.671s] -- Up-to-date symlink: /home/vincent-pc/ros2_jazzy/install/my_robot_interfaces/share/my_robot_interfaces/cmake/my_robot_interfacesConfig-version.cmake
[9.671s] -- Up-to-date symlink: /home/vincent-pc/ros2_jazzy/install/my_robot_interfaces/share/my_robot_interfaces/package.xml
[9.672s] -- Installing: /home/vincent-pc/ros2_jazzy/install/my_robot_interfaces/lib/libmy_robot_interfaces__rosidl_generator_c.so
[9.672s] -- Set non-toolchain portion of runtime path of "/home/vincent-pc/ros2_jazzy/install/my_robot_interfaces/lib/libmy_robot_interfaces__rosidl_generator_c.so" to ""
[9.672s] -- Installing: /home/vincent-pc/ros2_jazzy/install/my_robot_interfaces/lib/libmy_robot_interfaces__rosidl_typesupport_fastrtps_c.so
[9.673s] -- Set non-toolchain portion of runtime path of "/home/vincent-pc/ros2_jazzy/install/my_robot_interfaces/lib/libmy_robot_interfaces__rosidl_typesupport_fastrtps_c.so" to ""
[9.673s] -- Installing: /home/vincent-pc/ros2_jazzy/install/my_robot_interfaces/lib/libmy_robot_interfaces__rosidl_typesupport_introspection_c.so
[9.673s] -- Set non-toolchain portion of runtime path of "/home/vincent-pc/ros2_jazzy/install/my_robot_interfaces/lib/libmy_robot_interfaces__rosidl_typesupport_introspection_c.so" to ""
[9.673s] -- Installing: /home/vincent-pc/ros2_jazzy/install/my_robot_interfaces/lib/libmy_robot_interfaces__rosidl_typesupport_c.so
[9.674s] -- Set non-toolchain portion of runtime path of "/home/vincent-pc/ros2_jazzy/install/my_robot_interfaces/lib/libmy_robot_interfaces__rosidl_typesupport_c.so" to ""
[9.674s] -- Installing: /home/vincent-pc/ros2_jazzy/install/my_robot_interfaces/lib/libmy_robot_interfaces__rosidl_typesupport_fastrtps_cpp.so
[9.674s] -- Set non-toolchain portion of runtime path of "/home/vincent-pc/ros2_jazzy/install/my_robot_interfaces/lib/libmy_robot_interfaces__rosidl_typesupport_fastrtps_cpp.so" to ""
[9.675s] -- Installing: /home/vincent-pc/ros2_jazzy/install/my_robot_interfaces/lib/libmy_robot_interfaces__rosidl_typesupport_introspection_cpp.so
[9.675s] -- Set non-toolchain portion of runtime path of "/home/vincent-pc/ros2_jazzy/install/my_robot_interfaces/lib/libmy_robot_interfaces__rosidl_typesupport_introspection_cpp.so" to ""
[9.675s] -- Installing: /home/vincent-pc/ros2_jazzy/install/my_robot_interfaces/lib/libmy_robot_interfaces__rosidl_typesupport_cpp.so
[9.676s] -- Set non-toolchain portion of runtime path of "/home/vincent-pc/ros2_jazzy/install/my_robot_interfaces/lib/libmy_robot_interfaces__rosidl_typesupport_cpp.so" to ""
[9.728s] Listing '/home/vincent-pc/ros2_jazzy/install/my_robot_interfaces/lib/python3.12/site-packages/my_robot_interfaces'...
[9.728s] Compiling '/home/vincent-pc/ros2_jazzy/install/my_robot_interfaces/lib/python3.12/site-packages/my_robot_interfaces/__init__.py'...
[9.728s] Listing '/home/vincent-pc/ros2_jazzy/install/my_robot_interfaces/lib/python3.12/site-packages/my_robot_interfaces/msg'...
[9.728s] Compiling '/home/vincent-pc/ros2_jazzy/install/my_robot_interfaces/lib/python3.12/site-packages/my_robot_interfaces/msg/__init__.py'...
[9.728s] Compiling '/home/vincent-pc/ros2_jazzy/install/my_robot_interfaces/lib/python3.12/site-packages/my_robot_interfaces/msg/_led_state_array.py'...
[9.728s] Compiling '/home/vincent-pc/ros2_jazzy/install/my_robot_interfaces/lib/python3.12/site-packages/my_robot_interfaces/msg/_my_robot_differential.py'...
[9.728s] Compiling '/home/vincent-pc/ros2_jazzy/install/my_robot_interfaces/lib/python3.12/site-packages/my_robot_interfaces/msg/_my_robot_joint0.py'...
[9.728s] Compiling '/home/vincent-pc/ros2_jazzy/install/my_robot_interfaces/lib/python3.12/site-packages/my_robot_interfaces/msg/_my_robot_joint1.py'...
[9.729s] Compiling '/home/vincent-pc/ros2_jazzy/install/my_robot_interfaces/lib/python3.12/site-packages/my_robot_interfaces/msg/_my_robot_state.py'...
[9.729s] Listing '/home/vincent-pc/ros2_jazzy/install/my_robot_interfaces/lib/python3.12/site-packages/my_robot_interfaces/srv'...
[9.729s] Compiling '/home/vincent-pc/ros2_jazzy/install/my_robot_interfaces/lib/python3.12/site-packages/my_robot_interfaces/srv/__init__.py'...
[9.729s] Compiling '/home/vincent-pc/ros2_jazzy/install/my_robot_interfaces/lib/python3.12/site-packages/my_robot_interfaces/srv/_my_robot_srv.py'...
[9.729s] Compiling '/home/vincent-pc/ros2_jazzy/install/my_robot_interfaces/lib/python3.12/site-packages/my_robot_interfaces/srv/_set_led.py'...
[9.735s] -- Installing: /home/vincent-pc/ros2_jazzy/install/my_robot_interfaces/lib/libmy_robot_interfaces__rosidl_generator_py.so
[9.736s] -- Set non-toolchain portion of runtime path of "/home/vincent-pc/ros2_jazzy/install/my_robot_interfaces/lib/libmy_robot_interfaces__rosidl_generator_py.so" to ""
[9.736s] -- Up-to-date: /home/vincent-pc/ros2_jazzy/install/my_robot_interfaces/share/my_robot_interfaces/cmake/export_my_robot_interfaces__rosidl_generator_cExport.cmake
[9.736s] -- Up-to-date: /home/vincent-pc/ros2_jazzy/install/my_robot_interfaces/share/my_robot_interfaces/cmake/export_my_robot_interfaces__rosidl_generator_cExport-noconfig.cmake
[9.736s] -- Up-to-date: /home/vincent-pc/ros2_jazzy/install/my_robot_interfaces/share/my_robot_interfaces/cmake/export_my_robot_interfaces__rosidl_typesupport_fastrtps_cExport.cmake
[9.737s] -- Up-to-date: /home/vincent-pc/ros2_jazzy/install/my_robot_interfaces/share/my_robot_interfaces/cmake/export_my_robot_interfaces__rosidl_typesupport_fastrtps_cExport-noconfig.cmake
[9.737s] -- Up-to-date: /home/vincent-pc/ros2_jazzy/install/my_robot_interfaces/share/my_robot_interfaces/cmake/my_robot_interfaces__rosidl_typesupport_introspection_cExport.cmake
[9.737s] -- Up-to-date: /home/vincent-pc/ros2_jazzy/install/my_robot_interfaces/share/my_robot_interfaces/cmake/my_robot_interfaces__rosidl_typesupport_introspection_cExport-noconfig.cmake
[9.737s] -- Up-to-date: /home/vincent-pc/ros2_jazzy/install/my_robot_interfaces/share/my_robot_interfaces/cmake/my_robot_interfaces__rosidl_typesupport_cExport.cmake
[9.737s] -- Up-to-date: /home/vincent-pc/ros2_jazzy/install/my_robot_interfaces/share/my_robot_interfaces/cmake/my_robot_interfaces__rosidl_typesupport_cExport-noconfig.cmake
[9.737s] -- Up-to-date: /home/vincent-pc/ros2_jazzy/install/my_robot_interfaces/share/my_robot_interfaces/cmake/export_my_robot_interfaces__rosidl_generator_cppExport.cmake
[9.737s] -- Up-to-date: /home/vincent-pc/ros2_jazzy/install/my_robot_interfaces/share/my_robot_interfaces/cmake/export_my_robot_interfaces__rosidl_typesupport_fastrtps_cppExport.cmake
[9.737s] -- Up-to-date: /home/vincent-pc/ros2_jazzy/install/my_robot_interfaces/share/my_robot_interfaces/cmake/export_my_robot_interfaces__rosidl_typesupport_fastrtps_cppExport-noconfig.cmake
[9.737s] -- Up-to-date: /home/vincent-pc/ros2_jazzy/install/my_robot_interfaces/share/my_robot_interfaces/cmake/my_robot_interfaces__rosidl_typesupport_introspection_cppExport.cmake
[9.737s] -- Up-to-date: /home/vincent-pc/ros2_jazzy/install/my_robot_interfaces/share/my_robot_interfaces/cmake/my_robot_interfaces__rosidl_typesupport_introspection_cppExport-noconfig.cmake
[9.737s] -- Up-to-date: /home/vincent-pc/ros2_jazzy/install/my_robot_interfaces/share/my_robot_interfaces/cmake/my_robot_interfaces__rosidl_typesupport_cppExport.cmake
[9.738s] -- Up-to-date: /home/vincent-pc/ros2_jazzy/install/my_robot_interfaces/share/my_robot_interfaces/cmake/my_robot_interfaces__rosidl_typesupport_cppExport-noconfig.cmake
[9.738s] -- Up-to-date: /home/vincent-pc/ros2_jazzy/install/my_robot_interfaces/share/my_robot_interfaces/cmake/export_my_robot_interfaces__rosidl_generator_pyExport.cmake
[9.738s] -- Up-to-date: /home/vincent-pc/ros2_jazzy/install/my_robot_interfaces/share/my_robot_interfaces/cmake/export_my_robot_interfaces__rosidl_generator_pyExport-noconfig.cmake
[9.741s] Invoked command in '/home/vincent-pc/ros2_jazzy/build/my_robot_interfaces' returned '0': CMAKE_PREFIX_PATH=${CMAKE_PREFIX_PATH}:/home/vincent-pc/ros2_jazzy/install/my_robot_python:/opt/ros/jazzy DEBUGINFOD_URLS=https://debuginfod.ubuntu.com /usr/bin/cmake --install /home/vincent-pc/ros2_jazzy/build/my_robot_interfaces
