[1.339s] Invoking command in '/home/vincent-pc/ros2_jazzy/build/robot_py': DEBUGINFOD_URLS=https://debuginfod.ubuntu.com PYTHONPATH=/home/vincent-pc/ros2_jazzy/build/robot_py/prefix_override:/usr/lib/python3/dist-packages/colcon_core/task/python/colcon_distutils_commands:/home/vincent-pc/ros2_jazzy/install/robot_py/lib/python3.12/site-packages:${PYTHONPATH} /usr/bin/python3 -W ignore:setup.py install is deprecated -W ignore:easy_install command is deprecated setup.py develop --uninstall --editable --build-directory /home/vincent-pc/ros2_jazzy/build/robot_py/build
[1.803s] running develop
[2.091s] Removing /home/vincent-pc/ros2_jazzy/install/robot_py/lib/python3.12/site-packages/robot-py.egg-link (link to .)
[2.208s] Invoked command in '/home/vincent-pc/ros2_jazzy/build/robot_py' returned '0': DEBUGINFOD_URLS=https://debuginfod.ubuntu.com PYTHONPATH=/home/vincent-pc/ros2_jazzy/build/robot_py/prefix_override:/usr/lib/python3/dist-packages/colcon_core/task/python/colcon_distutils_commands:/home/vincent-pc/ros2_jazzy/install/robot_py/lib/python3.12/site-packages:${PYTHONPATH} /usr/bin/python3 -W ignore:setup.py install is deprecated -W ignore:easy_install command is deprecated setup.py develop --uninstall --editable --build-directory /home/vincent-pc/ros2_jazzy/build/robot_py/build
[2.209s] Invoking command in '/home/vincent-pc/ros2_jazzy/src/robot_py': DEBUGINFOD_URLS=https://debuginfod.ubuntu.com PYTHONPATH=/home/vincent-pc/ros2_jazzy/build/robot_py/prefix_override:/usr/lib/python3/dist-packages/colcon_core/task/python/colcon_distutils_commands:/home/vincent-pc/ros2_jazzy/install/robot_py/lib/python3.12/site-packages:${PYTHONPATH} /usr/bin/python3 -W ignore:setup.py install is deprecated -W ignore:easy_install command is deprecated setup.py egg_info --egg-base ../../build/robot_py build --build-base /home/vincent-pc/ros2_jazzy/build/robot_py/build install --record /home/vincent-pc/ros2_jazzy/build/robot_py/install.log --single-version-externally-managed install_data --force
[2.987s] running egg_info
[2.987s] writing ../../build/robot_py/robot_py.egg-info/PKG-INFO
[2.987s] writing dependency_links to ../../build/robot_py/robot_py.egg-info/dependency_links.txt
[2.987s] writing entry points to ../../build/robot_py/robot_py.egg-info/entry_points.txt
[2.987s] writing requirements to ../../build/robot_py/robot_py.egg-info/requires.txt
[2.987s] writing top-level names to ../../build/robot_py/robot_py.egg-info/top_level.txt
[2.987s] reading manifest file '../../build/robot_py/robot_py.egg-info/SOURCES.txt'
[2.987s] writing manifest file '../../build/robot_py/robot_py.egg-info/SOURCES.txt'
[2.988s] running build
[2.988s] running build_py
[2.988s] running install
[2.988s] running install_lib
[2.988s] creating /home/vincent-pc/ros2_jazzy/install/robot_py/lib/python3.12/site-packages/robot_py
[2.988s] copying /home/vincent-pc/ros2_jazzy/build/robot_py/build/lib/robot_py/Template.py -> /home/vincent-pc/ros2_jazzy/install/robot_py/lib/python3.12/site-packages/robot_py
[2.989s] copying /home/vincent-pc/ros2_jazzy/build/robot_py/build/lib/robot_py/my_robot_joint1.py -> /home/vincent-pc/ros2_jazzy/install/robot_py/lib/python3.12/site-packages/robot_py
[2.990s] copying /home/vincent-pc/ros2_jazzy/build/robot_py/build/lib/robot_py/my_robot_joint1_srv.py -> /home/vincent-pc/ros2_jazzy/install/robot_py/lib/python3.12/site-packages/robot_py
[2.991s] copying /home/vincent-pc/ros2_jazzy/build/robot_py/build/lib/robot_py/my_robot.py -> /home/vincent-pc/ros2_jazzy/install/robot_py/lib/python3.12/site-packages/robot_py
[2.991s] copying /home/vincent-pc/ros2_jazzy/build/robot_py/build/lib/robot_py/__init__.py -> /home/vincent-pc/ros2_jazzy/install/robot_py/lib/python3.12/site-packages/robot_py
[2.991s] copying /home/vincent-pc/ros2_jazzy/build/robot_py/build/lib/robot_py/my_robot_master_action.py -> /home/vincent-pc/ros2_jazzy/install/robot_py/lib/python3.12/site-packages/robot_py
[2.991s] copying /home/vincent-pc/ros2_jazzy/build/robot_py/build/lib/robot_py/my_robot_joint0.py -> /home/vincent-pc/ros2_jazzy/install/robot_py/lib/python3.12/site-packages/robot_py
[2.991s] copying /home/vincent-pc/ros2_jazzy/build/robot_py/build/lib/robot_py/my_robot_joint0_srv.py -> /home/vincent-pc/ros2_jazzy/install/robot_py/lib/python3.12/site-packages/robot_py
[2.991s] byte-compiling /home/vincent-pc/ros2_jazzy/install/robot_py/lib/python3.12/site-packages/robot_py/Template.py to Template.cpython-312.pyc
[2.991s] byte-compiling /home/vincent-pc/ros2_jazzy/install/robot_py/lib/python3.12/site-packages/robot_py/my_robot_joint1.py to my_robot_joint1.cpython-312.pyc
[2.993s] byte-compiling /home/vincent-pc/ros2_jazzy/install/robot_py/lib/python3.12/site-packages/robot_py/my_robot_joint1_srv.py to my_robot_joint1_srv.cpython-312.pyc
[2.993s] byte-compiling /home/vincent-pc/ros2_jazzy/install/robot_py/lib/python3.12/site-packages/robot_py/my_robot.py to my_robot.cpython-312.pyc
[2.993s] byte-compiling /home/vincent-pc/ros2_jazzy/install/robot_py/lib/python3.12/site-packages/robot_py/__init__.py to __init__.cpython-312.pyc
[2.993s] byte-compiling /home/vincent-pc/ros2_jazzy/install/robot_py/lib/python3.12/site-packages/robot_py/my_robot_master_action.py to my_robot_master_action.cpython-312.pyc
[2.993s] byte-compiling /home/vincent-pc/ros2_jazzy/install/robot_py/lib/python3.12/site-packages/robot_py/my_robot_joint0.py to my_robot_joint0.cpython-312.pyc
[2.994s] byte-compiling /home/vincent-pc/ros2_jazzy/install/robot_py/lib/python3.12/site-packages/robot_py/my_robot_joint0_srv.py to my_robot_joint0_srv.cpython-312.pyc
[2.994s] running install_data
[2.994s] copying resource/robot_py -> /home/vincent-pc/ros2_jazzy/install/robot_py/share/ament_index/resource_index/packages
[2.994s] copying package.xml -> /home/vincent-pc/ros2_jazzy/install/robot_py/share/robot_py
[2.994s] running install_egg_info
[2.994s] Copying ../../build/robot_py/robot_py.egg-info to /home/vincent-pc/ros2_jazzy/install/robot_py/lib/python3.12/site-packages/robot_py-0.0.0-py3.12.egg-info
[2.994s] running install_scripts
[3.265s] Installing joint0_srv_py script to /home/vincent-pc/ros2_jazzy/install/robot_py/lib/robot_py
[3.265s] Installing joint1_srv_py script to /home/vincent-pc/ros2_jazzy/install/robot_py/lib/robot_py
[3.265s] Installing my_robot_j0_py script to /home/vincent-pc/ros2_jazzy/install/robot_py/lib/robot_py
[3.266s] Installing my_robot_j1_py script to /home/vincent-pc/ros2_jazzy/install/robot_py/lib/robot_py
[3.270s] writing list of installed files to '/home/vincent-pc/ros2_jazzy/build/robot_py/install.log'
[3.363s] Invoked command in '/home/vincent-pc/ros2_jazzy/src/robot_py' returned '0': DEBUGINFOD_URLS=https://debuginfod.ubuntu.com PYTHONPATH=/home/vincent-pc/ros2_jazzy/build/robot_py/prefix_override:/usr/lib/python3/dist-packages/colcon_core/task/python/colcon_distutils_commands:/home/vincent-pc/ros2_jazzy/install/robot_py/lib/python3.12/site-packages:${PYTHONPATH} /usr/bin/python3 -W ignore:setup.py install is deprecated -W ignore:easy_install command is deprecated setup.py egg_info --egg-base ../../build/robot_py build --build-base /home/vincent-pc/ros2_jazzy/build/robot_py/build install --record /home/vincent-pc/ros2_jazzy/build/robot_py/install.log --single-version-externally-managed install_data --force
