-- Found ament_cmake: 2.5.4 (/opt/ros/jazzy/share/ament_cmake/cmake)
-- Override CMake install command with custom implementation using symlinks instead of copying resources
-- Found rclcpp: 28.1.13 (/opt/ros/jazzy/share/rclcpp/cmake)
-- Found rosidl_generator_c: 4.6.6 (/opt/ros/jazzy/share/rosidl_generator_c/cmake)
-- Found rosidl_generator_cpp: 4.6.6 (/opt/ros/jazzy/share/rosidl_generator_cpp/cmake)
-- Using all available rosidl_typesupport_c: rosidl_typesupport_fastrtps_c;rosidl_typesupport_introspection_c
-- Using all available rosidl_typesupport_cpp: rosidl_typesupport_fastrtps_cpp;rosidl_typesupport_introspection_cpp
-- Found rmw_implementation_cmake: 7.3.2 (/opt/ros/jazzy/share/rmw_implementation_cmake/cmake)
-- Found rmw_fastrtps_cpp: 8.4.3 (/opt/ros/jazzy/share/rmw_fastrtps_cpp/cmake)
-- Using RMW implementation 'rmw_fastrtps_cpp' as default
-- Found rclcpp_lifecycle: 28.1.13 (/opt/ros/jazzy/share/rclcpp_lifecycle/cmake)
-- Found rclcpp_action: 28.1.13 (/opt/ros/jazzy/share/rclcpp_action/cmake)
-- Found my_robot_interfaces: 0.0.0 (/home/vincent-pc/ros2_jazzy/install/my_robot_interfaces/share/my_robot_interfaces/cmake)
-- Found example_interfaces: 0.12.0 (/opt/ros/jazzy/share/example_interfaces/cmake)
-- Configuring done (0.8s)
-- Generating done (0.0s)
-- Build files have been written to: /home/vincent-pc/ros2_jazzy/build/lifecycle_cpp
[ 25%] [32mBuilding CXX object CMakeFiles/move_robot_lifecycle_server_cpp.dir/src/move_robot_lifecycle_server.cpp.o[0m
[ 75%] Built target number_publisher_cpp
[01m[K/home/vincent-pc/ros2_jazzy/src/lifecycle_cpp/src/move_robot_lifecycle_server.cpp:[m[K In member function ‘[01m[Kvirtual LifecycleCallbackReturn MoveRobotLifecycleServerNode::[01;32m[Kon_configure[m[K(const rclcpp_lifecycle::State&)[m[K’:
[01m[K/home/vincent-pc/ros2_jazzy/src/lifecycle_cpp/src/move_robot_lifecycle_server.cpp:29:29:[m[K [01;31m[Kerror: [m[K‘[01m[Kclass MoveRobotLifecycleServerNode[m[K’ has no member named ‘[01m[Kget_paramenter[m[K’; did you mean ‘[01m[Kget_parameter[m[K’?
   29 |         robot_name_ = this->[01;31m[Kget_paramenter[m[K("robot_name").as_string();
      |                             [01;31m[K^~~~~~~~~~~~~~[m[K
      |                             [32m[Kget_parameter[m[K
[01m[K/home/vincent-pc/ros2_jazzy/src/lifecycle_cpp/src/move_robot_lifecycle_server.cpp:[m[K In member function ‘[01m[Kvirtual LifecycleCallbackReturn MoveRobotLifecycleServerNode::[01;32m[Kon_activate[m[K(const rclcpp_lifecycle::State&)[m[K’:
[01m[K/home/vincent-pc/ros2_jazzy/src/lifecycle_cpp/src/move_robot_lifecycle_server.cpp:58:9:[m[K [01;31m[Kerror: [m[Kexpected ‘[01m[K;[m[K’ before ‘[01m[Kreturn[m[K’
   58 |         [01;31m[Kreturn[m[K LifecycleCallbackReturn::SUCCESS;
      |         [01;31m[K^~~~~~[m[K
[01m[K/home/vincent-pc/ros2_jazzy/src/lifecycle_cpp/src/move_robot_lifecycle_server.cpp:59:5:[m[K [01;35m[Kwarning: [m[Kno return statement in function returning non-void [[01;35m[K]8;;https://gcc.gnu.org/onlinedocs/gcc/Warning-Options.html#index-Wreturn-type-Wreturn-type]8;;[m[K]
   59 |     [01;35m[K}[m[K
      |     [01;35m[K^[m[K
[01m[K/home/vincent-pc/ros2_jazzy/src/lifecycle_cpp/src/move_robot_lifecycle_server.cpp:[m[K In member function ‘[01m[Kvirtual LifecycleCallbackReturn MoveRobotLifecycleServerNode::[01;32m[Kon_shutdown[m[K(const rclcpp_lifecycle::State&)[m[K’:
[01m[K/home/vincent-pc/ros2_jazzy/src/lifecycle_cpp/src/move_robot_lifecycle_server.cpp:84:15:[m[K [01;31m[Kerror: [m[K‘[01m[Kclass MoveRobotLifecycleServerNode[m[K’ has no member named ‘[01m[Kundeclare_paramenter[m[K’; did you mean ‘[01m[Kundeclare_parameter[m[K’?
   84 |         this->[01;31m[Kundeclare_paramenter[m[K("robot_name");
      |               [01;31m[K^~~~~~~~~~~~~~~~~~~~[m[K
      |               [32m[Kundeclare_parameter[m[K
gmake[2]: *** [CMakeFiles/move_robot_lifecycle_server_cpp.dir/build.make:76: CMakeFiles/move_robot_lifecycle_server_cpp.dir/src/move_robot_lifecycle_server.cpp.o] Error 1
gmake[1]: *** [CMakeFiles/Makefile2:165: CMakeFiles/move_robot_lifecycle_server_cpp.dir/all] Error 2
gmake: *** [Makefile:146: all] Error 2
