[0.021s] Invoking command in '/home/vincent-pc/ros2_jazzy/build/actions_cpp': CMAKE_PREFIX_PATH=/home/vincent-pc/ros2_jazzy/install/my_robot_interfaces:/home/vincent-pc/ros2_jazzy/install/my_robot_cpp:/home/vincent-pc/ros2_jazzy/install/actions_cpp:/home/vincent-pc/ros2_jazzy/install/my_robot_description:/home/vincent-pc/ros2_jazzy/install/my_robot_bringup:/opt/ros/jazzy/opt/gz_sim_vendor:/opt/ros/jazzy/opt/gz_sensors_vendor:/opt/ros/jazzy/opt/gz_physics_vendor:/opt/ros/jazzy/opt/sdformat_vendor:/opt/ros/jazzy/opt/gz_gui_vendor:/opt/ros/jazzy/opt/gz_transport_vendor:/opt/ros/jazzy/opt/gz_rendering_vendor:/opt/ros/jazzy/opt/gz_plugin_vendor:/opt/ros/jazzy/opt/gz_fuel_tools_vendor:/opt/ros/jazzy/opt/gz_msgs_vendor:/opt/ros/jazzy/opt/gz_common_vendor:/opt/ros/jazzy/opt/gz_math_vendor:/opt/ros/jazzy/opt/gz_utils_vendor:/opt/ros/jazzy/opt/gz_tools_vendor:/opt/ros/jazzy/opt/gz_ogre_next_vendor:/opt/ros/jazzy/opt/gz_dartsim_vendor:/opt/ros/jazzy/opt/gz_cmake_vendor:/home/vincent-pc/ros2_jazzy/install/my_robot_python:/home/vincent-pc/ros2_jazzy/install/actions_py:/opt/ros/jazzy DEBUGINFOD_URLS=https://debuginfod.ubuntu.com PYTHONPATH=/home/vincent-pc/ros2_jazzy/install/my_robot_interfaces/lib/python3.12/site-packages:/home/vincent-pc/ros2_jazzy/build/my_robot_python:/home/vincent-pc/ros2_jazzy/install/my_robot_python/lib/python3.12/site-packages:/home/vincent-pc/ros2_jazzy/build/actions_py:/home/vincent-pc/ros2_jazzy/install/actions_py/lib/python3.12/site-packages:/opt/ros/jazzy/lib/python3.12/site-packages /usr/bin/cmake --build /home/vincent-pc/ros2_jazzy/build/actions_cpp -- -j8 -l8
[0.466s] -- Found ament_cmake: 2.5.4 (/opt/ros/jazzy/share/ament_cmake/cmake)
[0.466s] -- Override CMake install command with custom implementation using symlinks instead of copying resources
[0.466s] -- Found rclcpp: 28.1.13 (/opt/ros/jazzy/share/rclcpp/cmake)
[0.467s] -- Found rosidl_generator_c: 4.6.6 (/opt/ros/jazzy/share/rosidl_generator_c/cmake)
[0.467s] -- Found rosidl_generator_cpp: 4.6.6 (/opt/ros/jazzy/share/rosidl_generator_cpp/cmake)
[0.467s] -- Using all available rosidl_typesupport_c: rosidl_typesupport_fastrtps_c;rosidl_typesupport_introspection_c
[0.467s] -- Using all available rosidl_typesupport_cpp: rosidl_typesupport_fastrtps_cpp;rosidl_typesupport_introspection_cpp
[0.559s] -- Found rmw_implementation_cmake: 7.3.2 (/opt/ros/jazzy/share/rmw_implementation_cmake/cmake)
[0.563s] -- Found rmw_fastrtps_cpp: 8.4.3 (/opt/ros/jazzy/share/rmw_fastrtps_cpp/cmake)
[0.702s] -- Using RMW implementation 'rmw_fastrtps_cpp' as default
[0.796s] -- Found rclcpp_action: 28.1.13 (/opt/ros/jazzy/share/rclcpp_action/cmake)
[0.850s] -- Found my_robot_interfaces: 0.0.0 (/home/vincent-pc/ros2_jazzy/install/my_robot_interfaces/share/my_robot_interfaces/cmake)
[0.906s] -- Found example_interfaces: 0.12.0 (/opt/ros/jazzy/share/example_interfaces/cmake)
[1.098s] -- Configuring done (1.0s)
[1.139s] -- Generating done (0.0s)
[1.159s] -- Build files have been written to: /home/vincent-pc/ros2_jazzy/build/actions_cpp
[1.231s] [  8%] [32mBuilding CXX object CMakeFiles/move_robot_client_cpp.dir/src/move_robot_client.cpp.o[0m
[1.252s] [ 41%] Built target count_until_server_policy_queue_cpp
[1.253s] [ 41%] Built target count_until_server_policy1_cpp
[1.261s] [ 58%] Built target move_robot_server_cpp
[1.263s] [ 75%] Built target count_until_server_cpp
[1.264s] [ 91%] Built target count_until_client_cpp
[4.287s] [01m[K/home/vincent-pc/ros2_jazzy/src/actions_cpp/src/move_robot_client.cpp:83:37:[m[K [01;31m[Kerror: [m[K‘[01m[KEmpty[m[K’ does not name a type
[4.287s]    83 |     void callback_cancel_move(const [01;31m[KEmpty[m[K::SharedPtr msg)
[4.287s]       |                                     [01;31m[K^~~~~[m[K
[4.287s] [01m[K/home/vincent-pc/ros2_jazzy/src/actions_cpp/src/move_robot_client.cpp:83:54:[m[K [01;31m[Kerror: [m[Kexpected unqualified-id before ‘[01m[Kmsg[m[K’
[4.287s]    83 |     void callback_cancel_move(const Empty::SharedPtr [01;31m[Kmsg[m[K)
[4.287s]       |                                                      [01;31m[K^~~[m[K
[4.287s] [01m[K/home/vincent-pc/ros2_jazzy/src/actions_cpp/src/move_robot_client.cpp:83:53:[m[K [01;31m[Kerror: [m[Kexpected ‘[01m[K)[m[K’ before ‘[01m[Kmsg[m[K’
[4.287s]    83 |     void callback_cancel_move[34m[K([m[Kconst Empty::SharedPtr[01;31m[K [m[K[32m[Kmsg[m[K)
[4.287s]       |                              [34m[K~[m[K                      [01;31m[K^[m[K[32m[K~~~[m[K
[4.287s]       |                                                     [32m[K)[m[K
[4.288s] [01m[K/home/vincent-pc/ros2_jazzy/src/actions_cpp/src/move_robot_client.cpp:83:44:[m[K [01;31m[Kerror: [m[Kexpected ‘[01m[K;[m[K’ at end of member declaration
[4.288s]    83 |     void callback_cancel_move(const Empty::[01;31m[KSharedPtr[m[K msg)
[4.288s]       |                                            [01;31m[K^~~~~~~~~[m[K
[4.288s]       |                                                     [32m[K;[m[K
[4.289s] [01m[K/home/vincent-pc/ros2_jazzy/src/actions_cpp/src/move_robot_client.cpp:83:54:[m[K [01;31m[Kerror: [m[K‘[01m[Kmsg[m[K’ does not name a type
[4.289s]    83 |     void callback_cancel_move(const Empty::SharedPtr [01;31m[Kmsg[m[K)
[4.289s]       |                                                      [01;31m[K^~~[m[K
[4.289s] [01m[K/home/vincent-pc/ros2_jazzy/src/actions_cpp/src/move_robot_client.cpp:99:20:[m[K [01;31m[Kerror: [m[K‘[01m[Krclcpp[m[K’ in namespace ‘[01m[Krclcpp_action[m[K’ does not name a type
[4.290s]    99 |     rclcpp_action::[01;31m[Krclcpp[m[K::Client<MoveRobot>::SharedPtr move_robot_cleint_;
[4.290s]       |                    [01;31m[K^~~~~~[m[K
[4.291s] [01m[K/home/vincent-pc/ros2_jazzy/src/actions_cpp/src/move_robot_client.cpp:100:26:[m[K [01;31m[Kerror: [m[K‘[01m[KEmpty[m[K’ was not declared in this scope
[4.291s]   100 |     rclcpp::Subscription<[01;31m[KEmpty[m[K>::SharedPtr cancel_subscriber_;
[4.291s]       |                          [01;31m[K^~~~~[m[K
[4.291s] [01m[K/home/vincent-pc/ros2_jazzy/src/actions_cpp/src/move_robot_client.cpp:100:26:[m[K [01;36m[Knote: [m[Ksuggested alternatives:
[4.291s] In file included from [01m[K/opt/ros/jazzy/include/rclcpp/rclcpp/wait_result.hpp:28[m[K,
[4.291s]                  from [01m[K/opt/ros/jazzy/include/rclcpp/rclcpp/executors/executor_entities_collection.hpp:28[m[K,
[4.291s]                  from [01m[K/opt/ros/jazzy/include/rclcpp/rclcpp/executor.hpp:39[m[K,
[4.292s]                  from [01m[K/opt/ros/jazzy/include/rclcpp/rclcpp/executors/multi_threaded_executor.hpp:25[m[K,
[4.292s]                  from [01m[K/opt/ros/jazzy/include/rclcpp/rclcpp/executors.hpp:21[m[K,
[4.292s]                  from [01m[K/opt/ros/jazzy/include/rclcpp/rclcpp/rclcpp.hpp:172[m[K,
[4.292s]                  from [01m[K/home/vincent-pc/ros2_jazzy/src/actions_cpp/src/move_robot_client.cpp:1[m[K:
[4.292s] [01m[K/opt/ros/jazzy/include/rclcpp/rclcpp/wait_result_kind.hpp:28:3:[m[K [01;36m[Knote: [m[K  ‘[01m[Krclcpp::Empty[m[K’
[4.292s]    28 |   [01;36m[KEmpty[m[K,  //<! Kind used when trying to wait on an empty wait set.
[4.293s]       |   [01;36m[K^~~~~[m[K
[4.293s] In file included from [01m[K/opt/ros/jazzy/include/example_interfaces/example_interfaces/msg/empty.hpp:7[m[K,
[4.293s]                  from [01m[K/home/vincent-pc/ros2_jazzy/src/actions_cpp/src/move_robot_client.cpp:4[m[K:
[4.293s] [01m[K/opt/ros/jazzy/include/example_interfaces/example_interfaces/msg/detail/empty__struct.hpp:118:7:[m[K [01;36m[Knote: [m[K  ‘[01m[Kexample_interfaces::msg::Empty[m[K’
[4.293s]   118 | using [01;36m[KEmpty[m[K =
[4.293s]       |       [01;36m[K^~~~~[m[K
[4.293s] [01m[K/home/vincent-pc/ros2_jazzy/src/actions_cpp/src/move_robot_client.cpp:100:31:[m[K [01;31m[Kerror: [m[Ktemplate argument 1 is invalid
[4.293s]   100 |     rclcpp::Subscription<Empty[01;31m[K>[m[K::SharedPtr cancel_subscriber_;
[4.294s]       |                               [01;31m[K^[m[K
[4.294s] [01m[K/home/vincent-pc/ros2_jazzy/src/actions_cpp/src/move_robot_client.cpp:100:31:[m[K [01;31m[Kerror: [m[Ktemplate argument 3 is invalid
[4.294s] [01m[K/home/vincent-pc/ros2_jazzy/src/actions_cpp/src/move_robot_client.cpp:100:31:[m[K [01;31m[Kerror: [m[Ktemplate argument 4 is invalid
[4.294s] [01m[K/home/vincent-pc/ros2_jazzy/src/actions_cpp/src/move_robot_client.cpp:100:31:[m[K [01;31m[Kerror: [m[Ktemplate argument 5 is invalid
[4.294s] [01m[K/home/vincent-pc/ros2_jazzy/src/actions_cpp/src/move_robot_client.cpp:100:34:[m[K [01;31m[Kerror: [m[Kexpected ‘[01m[K;[m[K’ at end of member declaration
[4.294s]   100 |     rclcpp::Subscription<Empty>::[01;31m[KSharedPtr[m[K cancel_subscriber_;
[4.294s]       |                                  [01;31m[K^~~~~~~~~[m[K
[4.295s]       |                                           [32m[K;[m[K
[4.297s] [01m[K/home/vincent-pc/ros2_jazzy/src/actions_cpp/src/move_robot_client.cpp:100:44:[m[K [01;31m[Kerror: [m[K‘[01m[Kcancel_subscriber_[m[K’ does not name a type
[4.297s]   100 |     rclcpp::Subscription<Empty>::SharedPtr [01;31m[Kcancel_subscriber_[m[K;
[4.297s]       |                                            [01;31m[K^~~~~~~~~~~~~~~~~~[m[K
[4.312s] [01m[K/home/vincent-pc/ros2_jazzy/src/actions_cpp/src/move_robot_client.cpp:[m[K In constructor ‘[01m[KMoveRobotClientNode::[01;32m[KMoveRobotClientNode[m[K()[m[K’:
[4.312s] [01m[K/home/vincent-pc/ros2_jazzy/src/actions_cpp/src/move_robot_client.cpp:15:9:[m[K [01;31m[Kerror: [m[K‘[01m[Kmove_robot_client_[m[K’ was not declared in this scope
[4.313s]    15 |         [01;31m[Kmove_robot_client_[m[K = rclcpp_action::create_client<MoveRobot>(this, "move_robot");
[4.313s]       |         [01;31m[K^~~~~~~~~~~~~~~~~~[m[K
[4.332s] [01m[K/home/vincent-pc/ros2_jazzy/src/actions_cpp/src/move_robot_client.cpp:18:9:[m[K [01;31m[Kerror: [m[K‘[01m[Kcancel_subscriber[m[K’ was not declared in this scope
[4.333s]    18 |         [01;31m[Kcancel_subscriber[m[K = this->create_subscription<Empty>(
[4.333s]       |         [01;31m[K^~~~~~~~~~~~~~~~~[m[K
[4.333s] [01m[K/home/vincent-pc/ros2_jazzy/src/actions_cpp/src/move_robot_client.cpp:18:55:[m[K [01;31m[Kerror: [m[K‘[01m[KEmpty[m[K’ was not declared in this scope
[4.334s]    18 |         cancel_subscriber = this->create_subscription<[01;31m[KEmpty[m[K>(
[4.334s]       |                                                       [01;31m[K^~~~~[m[K
[4.334s] [01m[K/home/vincent-pc/ros2_jazzy/src/actions_cpp/src/move_robot_client.cpp:18:55:[m[K [01;36m[Knote: [m[Ksuggested alternatives:
[4.334s] [01m[K/opt/ros/jazzy/include/rclcpp/rclcpp/wait_result_kind.hpp:28:3:[m[K [01;36m[Knote: [m[K  ‘[01m[Krclcpp::Empty[m[K’
[4.334s]    28 |   [01;36m[KEmpty[m[K,  //<! Kind used when trying to wait on an empty wait set.
[4.334s]       |   [01;36m[K^~~~~[m[K
[4.334s] [01m[K/opt/ros/jazzy/include/example_interfaces/example_interfaces/msg/detail/empty__struct.hpp:118:7:[m[K [01;36m[Knote: [m[K  ‘[01m[Kexample_interfaces::msg::Empty[m[K’
[4.334s]   118 | using [01;36m[KEmpty[m[K =
[4.335s]       |       [01;36m[K^~~~~[m[K
[4.339s] [01m[K/home/vincent-pc/ros2_jazzy/src/actions_cpp/src/move_robot_client.cpp:18:61:[m[K [01;31m[Kerror: [m[Kno matching function for call to ‘[01m[KMoveRobotClientNode::create_subscription<<expression error> >(const char [12], int, std::_Bind_helper<false, void (MoveRobotClientNode::*)(...), MoveRobotClientNode*, const std::_Placeholder<1>&>::type)[m[K’
[4.340s]    18 |         cancel_subscriber = [01;31m[Kthis->create_subscription<Empty>([m[K
[4.340s]       |                             [01;31m[K~~~~~~~~~~~~~~~~~~~~~~~~~~~~~~~~^[m[K
[4.340s]    19 | [01;31m[K            "cancel_move", 10, std::bind(&MoveRobotClientNode::callback_cancel_move, this, _1))[m[K;
[4.340s]       |             [01;31m[K~~~~~~~~~~~~~~~~~~~~~~~~~~~~~~~~~~~~~~~~~~~~~~~~~~~~~~~~~~~~~~~~~~~~~~~~~~~~~~~~~~~[m[K
[4.340s] In file included from [01m[K/opt/ros/jazzy/include/rclcpp/rclcpp/executors/single_threaded_executor.hpp:28[m[K,
[4.340s]                  from [01m[K/opt/ros/jazzy/include/rclcpp/rclcpp/executors.hpp:22[m[K:
[4.341s] [01m[K/opt/ros/jazzy/include/rclcpp/rclcpp/node.hpp:221:3:[m[K [01;36m[Knote: [m[Kcandidate: ‘[01m[Ktemplate<class MessageT, class CallbackT, class AllocatorT, class SubscriptionT, class MessageMemoryStrategyT> std::shared_ptr<ROSMessageT> rclcpp::Node::[01;32m[Kcreate_subscription[m[K(const std::string&, const rclcpp::QoS&, CallbackT&&, const rclcpp::SubscriptionOptionsWithAllocator<AllocatorT>&, typename MessageMemoryStrategyT::SharedPtr)[m[K’
[4.341s]   221 |   [01;36m[Kcreate_subscription[m[K(
[4.341s]       |   [01;36m[K^~~~~~~~~~~~~~~~~~~[m[K
[4.341s] [01m[K/opt/ros/jazzy/include/rclcpp/rclcpp/node.hpp:221:3:[m[K [01;36m[Knote: [m[K  template argument deduction/substitution failed:
[4.341s] [01m[K/home/vincent-pc/ros2_jazzy/src/actions_cpp/src/move_robot_client.cpp:18:61:[m[K [01;31m[Kerror: [m[Ktemplate argument 1 is invalid
[4.341s]    18 |         cancel_subscriber = [01;31m[Kthis->create_subscription<Empty>([m[K
[4.342s]       |                             [01;31m[K~~~~~~~~~~~~~~~~~~~~~~~~~~~~~~~~^[m[K
[4.342s]    19 | [01;31m[K            "cancel_move", 10, std::bind(&MoveRobotClientNode::callback_cancel_move, this, _1))[m[K;
[4.342s]       |             [01;31m[K~~~~~~~~~~~~~~~~~~~~~~~~~~~~~~~~~~~~~~~~~~~~~~~~~~~~~~~~~~~~~~~~~~~~~~~~~~~~~~~~~~~[m[K
[4.354s] [01m[K/home/vincent-pc/ros2_jazzy/src/actions_cpp/src/move_robot_client.cpp:[m[K In member function ‘[01m[Kvoid MoveRobotClientNode::[01;32m[Ksend_goal[m[K(int, int)[m[K’:
[4.354s] [01m[K/home/vincent-pc/ros2_jazzy/src/actions_cpp/src/move_robot_client.cpp:24:9:[m[K [01;31m[Kerror: [m[K‘[01m[Kmove_robot_client_[m[K’ was not declared in this scope
[4.354s]    24 |         [01;31m[Kmove_robot_client_[m[K->wait_for_acton_server();
[4.354s]       |         [01;31m[K^~~~~~~~~~~~~~~~~~[m[K
[4.354s] [01m[K/home/vincent-pc/ros2_jazzy/src/actions_cpp/src/move_robot_client.cpp:30:37:[m[K [01;31m[Kerror: [m[Kexpected primary-expression before ‘[01m[K:[m[K’ token
[4.354s]    30 |         auto options = rclcpp_action[01;31m[K:[m[K.Client<MoveRobot>::SendGoalOption():
[4.355s]       |                                     [01;31m[K^[m[K
[4.355s] [01m[K/home/vincent-pc/ros2_jazzy/src/actions_cpp/src/move_robot_client.cpp:32:67:[m[K [01;31m[Kerror: [m[K‘[01m[Kgoal_result_callback[m[K’ is not a member of ‘[01m[KMoveRobotClientNode[m[K’
[4.355s]    32 |         options.result_callback = std::bind(&MoveRobotClientNode::[01;31m[Kgoal_result_callback[m[K, this, _1);
[4.355s]       |                                                                   [01;31m[K^~~~~~~~~~~~~~~~~~~~[m[K
[4.364s] [01m[K/home/vincent-pc/ros2_jazzy/src/actions_cpp/src/move_robot_client.cpp:[m[K In member function ‘[01m[Kvoid MoveRobotClientNode::[01;32m[Kgoal_response_callback[m[K(const rclcpp_action::ClientGoalHandle<my_robot_interfaces::action::MoveRobot>::SharedPtr&)[m[K’:
[4.365s] [01m[K/home/vincent-pc/ros2_jazzy/src/actions_cpp/src/move_robot_client.cpp:52:9:[m[K [01;31m[Kerror: [m[Ka function-definition is not allowed here before ‘[01m[K{[m[K’ token
[4.365s]    52 |         [01;31m[K{[m[K
[4.365s]       |         [01;31m[K^[m[K
[4.367s] [01m[K/home/vincent-pc/ros2_jazzy/src/actions_cpp/src/move_robot_client.cpp:[m[K In member function ‘[01m[Kvoid MoveRobotClientNode::[01;32m[Kcancel_goal[m[K()[m[K’:
[4.367s] [01m[K/home/vincent-pc/ros2_jazzy/src/actions_cpp/src/move_robot_client.cpp:93:19:[m[K [01;31m[Kerror: [m[K‘[01m[Kclass MoveRobotClientNode[m[K’ has no member named ‘[01m[Kmove_robot_client_[m[K’
[4.367s]    93 |             this->[01;31m[Kmove_robot_client_[m[K->async_cancel_all_goals(goal_handle_);
[4.368s]       |                   [01;31m[K^~~~~~~~~~~~~~~~~~[m[K
[5.397s] gmake[2]: *** [CMakeFiles/move_robot_client_cpp.dir/build.make:76: CMakeFiles/move_robot_client_cpp.dir/src/move_robot_client.cpp.o] Error 1
[5.397s] gmake[1]: *** [CMakeFiles/Makefile2:277: CMakeFiles/move_robot_client_cpp.dir/all] Error 2
[5.398s] gmake: *** [Makefile:146: all] Error 2
[5.400s] Invoked command in '/home/vincent-pc/ros2_jazzy/build/actions_cpp' returned '2': CMAKE_PREFIX_PATH=/home/vincent-pc/ros2_jazzy/install/my_robot_interfaces:/home/vincent-pc/ros2_jazzy/install/my_robot_cpp:/home/vincent-pc/ros2_jazzy/install/actions_cpp:/home/vincent-pc/ros2_jazzy/install/my_robot_description:/home/vincent-pc/ros2_jazzy/install/my_robot_bringup:/opt/ros/jazzy/opt/gz_sim_vendor:/opt/ros/jazzy/opt/gz_sensors_vendor:/opt/ros/jazzy/opt/gz_physics_vendor:/opt/ros/jazzy/opt/sdformat_vendor:/opt/ros/jazzy/opt/gz_gui_vendor:/opt/ros/jazzy/opt/gz_transport_vendor:/opt/ros/jazzy/opt/gz_rendering_vendor:/opt/ros/jazzy/opt/gz_plugin_vendor:/opt/ros/jazzy/opt/gz_fuel_tools_vendor:/opt/ros/jazzy/opt/gz_msgs_vendor:/opt/ros/jazzy/opt/gz_common_vendor:/opt/ros/jazzy/opt/gz_math_vendor:/opt/ros/jazzy/opt/gz_utils_vendor:/opt/ros/jazzy/opt/gz_tools_vendor:/opt/ros/jazzy/opt/gz_ogre_next_vendor:/opt/ros/jazzy/opt/gz_dartsim_vendor:/opt/ros/jazzy/opt/gz_cmake_vendor:/home/vincent-pc/ros2_jazzy/install/my_robot_python:/home/vincent-pc/ros2_jazzy/install/actions_py:/opt/ros/jazzy DEBUGINFOD_URLS=https://debuginfod.ubuntu.com PYTHONPATH=/home/vincent-pc/ros2_jazzy/install/my_robot_interfaces/lib/python3.12/site-packages:/home/vincent-pc/ros2_jazzy/build/my_robot_python:/home/vincent-pc/ros2_jazzy/install/my_robot_python/lib/python3.12/site-packages:/home/vincent-pc/ros2_jazzy/build/actions_py:/home/vincent-pc/ros2_jazzy/install/actions_py/lib/python3.12/site-packages:/opt/ros/jazzy/lib/python3.12/site-packages /usr/bin/cmake --build /home/vincent-pc/ros2_jazzy/build/actions_cpp -- -j8 -l8
