[2.032s] Invoking command in '/home/vincent-pc/ros2_jazzy/src/robot_py': DEBUGINFOD_URLS=https://debuginfod.ubuntu.com PYTHONPATH=/home/vincent-pc/ros2_jazzy/build/robot_py/prefix_override:/usr/lib/python3/dist-packages/colcon_core/task/python/colcon_distutils_commands:/home/vincent-pc/ros2_jazzy/install/robot_py/lib/python3.12/site-packages:${PYTHONPATH} /usr/bin/python3 -W ignore:setup.py install is deprecated -W ignore:easy_install command is deprecated setup.py egg_info --egg-base ../../build/robot_py build --build-base /home/vincent-pc/ros2_jazzy/build/robot_py/build install --record /home/vincent-pc/ros2_jazzy/build/robot_py/install.log --single-version-externally-managed install_data
[2.646s] running egg_info
[2.691s] writing ../../build/robot_py/robot_py.egg-info/PKG-INFO
[2.694s] writing dependency_links to ../../build/robot_py/robot_py.egg-info/dependency_links.txt
[2.694s] writing entry points to ../../build/robot_py/robot_py.egg-info/entry_points.txt
[2.694s] writing requirements to ../../build/robot_py/robot_py.egg-info/requires.txt
[2.695s] writing top-level names to ../../build/robot_py/robot_py.egg-info/top_level.txt
[2.797s] reading manifest file '../../build/robot_py/robot_py.egg-info/SOURCES.txt'
[2.797s] writing manifest file '../../build/robot_py/robot_py.egg-info/SOURCES.txt'
[2.797s] running build
[2.797s] running build_py
[2.802s] running install
[2.812s] running install_lib
[2.882s] running install_data
[2.883s] running install_egg_info
[3.044s] removing '/home/vincent-pc/ros2_jazzy/install/robot_py/lib/python3.12/site-packages/robot_py-0.0.0-py3.12.egg-info' (and everything under it)
[3.045s] Copying ../../build/robot_py/robot_py.egg-info to /home/vincent-pc/ros2_jazzy/install/robot_py/lib/python3.12/site-packages/robot_py-0.0.0-py3.12.egg-info
[3.048s] running install_scripts
[3.528s] Installing joint0_srv_py script to /home/vincent-pc/ros2_jazzy/install/robot_py/lib/robot_py
[3.529s] Installing joint1_srv_py script to /home/vincent-pc/ros2_jazzy/install/robot_py/lib/robot_py
[3.530s] Installing my_robot_j0_py script to /home/vincent-pc/ros2_jazzy/install/robot_py/lib/robot_py
[3.530s] Installing my_robot_j1_py script to /home/vincent-pc/ros2_jazzy/install/robot_py/lib/robot_py
[3.531s] writing list of installed files to '/home/vincent-pc/ros2_jazzy/build/robot_py/install.log'
[3.586s] Invoked command in '/home/vincent-pc/ros2_jazzy/src/robot_py' returned '0': DEBUGINFOD_URLS=https://debuginfod.ubuntu.com PYTHONPATH=/home/vincent-pc/ros2_jazzy/build/robot_py/prefix_override:/usr/lib/python3/dist-packages/colcon_core/task/python/colcon_distutils_commands:/home/vincent-pc/ros2_jazzy/install/robot_py/lib/python3.12/site-packages:${PYTHONPATH} /usr/bin/python3 -W ignore:setup.py install is deprecated -W ignore:easy_install command is deprecated setup.py egg_info --egg-base ../../build/robot_py build --build-base /home/vincent-pc/ros2_jazzy/build/robot_py/build install --record /home/vincent-pc/ros2_jazzy/build/robot_py/install.log --single-version-externally-managed install_data
