[1.937s] Invoking command in '/home/vincent-pc/ros2_jazzy/src/robot_py': DEBUGINFOD_URLS=https://debuginfod.ubuntu.com PYTHONPATH=/home/vincent-pc/ros2_jazzy/build/robot_py/prefix_override:/usr/lib/python3/dist-packages/colcon_core/task/python/colcon_distutils_commands:/home/vincent-pc/ros2_jazzy/install/robot_py/lib/python3.12/site-packages:${PYTHONPATH} /usr/bin/python3 -W ignore:setup.py install is deprecated -W ignore:easy_install command is deprecated setup.py egg_info --egg-base ../../build/robot_py build --build-base /home/vincent-pc/ros2_jazzy/build/robot_py/build install --record /home/vincent-pc/ros2_jazzy/build/robot_py/install.log --single-version-externally-managed install_data
[2.552s] running egg_info
[2.600s] writing ../../build/robot_py/robot_py.egg-info/PKG-INFO
[2.600s] writing dependency_links to ../../build/robot_py/robot_py.egg-info/dependency_links.txt
[2.601s] writing entry points to ../../build/robot_py/robot_py.egg-info/entry_points.txt
[2.601s] writing requirements to ../../build/robot_py/robot_py.egg-info/requires.txt
[2.602s] writing top-level names to ../../build/robot_py/robot_py.egg-info/top_level.txt
[2.696s] reading manifest file '../../build/robot_py/robot_py.egg-info/SOURCES.txt'
[2.703s] writing manifest file '../../build/robot_py/robot_py.egg-info/SOURCES.txt'
[2.704s] running build
[2.704s] running build_py
[2.704s] running install
[2.717s] running install_lib
[2.775s] running install_data
[2.775s] running install_egg_info
[2.841s] removing '/home/vincent-pc/ros2_jazzy/install/robot_py/lib/python3.12/site-packages/robot_py-0.0.0-py3.12.egg-info' (and everything under it)
[2.841s] Copying ../../build/robot_py/robot_py.egg-info to /home/vincent-pc/ros2_jazzy/install/robot_py/lib/python3.12/site-packages/robot_py-0.0.0-py3.12.egg-info
[2.843s] running install_scripts
[3.307s] Installing joint0_srv_py script to /home/vincent-pc/ros2_jazzy/install/robot_py/lib/robot_py
[3.307s] Installing joint1_srv_py script to /home/vincent-pc/ros2_jazzy/install/robot_py/lib/robot_py
[3.307s] Installing my_robot_j0_py script to /home/vincent-pc/ros2_jazzy/install/robot_py/lib/robot_py
[3.310s] Installing my_robot_j1_py script to /home/vincent-pc/ros2_jazzy/install/robot_py/lib/robot_py
[3.311s] writing list of installed files to '/home/vincent-pc/ros2_jazzy/build/robot_py/install.log'
[3.527s] Invoked command in '/home/vincent-pc/ros2_jazzy/src/robot_py' returned '0': DEBUGINFOD_URLS=https://debuginfod.ubuntu.com PYTHONPATH=/home/vincent-pc/ros2_jazzy/build/robot_py/prefix_override:/usr/lib/python3/dist-packages/colcon_core/task/python/colcon_distutils_commands:/home/vincent-pc/ros2_jazzy/install/robot_py/lib/python3.12/site-packages:${PYTHONPATH} /usr/bin/python3 -W ignore:setup.py install is deprecated -W ignore:easy_install command is deprecated setup.py egg_info --egg-base ../../build/robot_py build --build-base /home/vincent-pc/ros2_jazzy/build/robot_py/build install --record /home/vincent-pc/ros2_jazzy/build/robot_py/install.log --single-version-externally-managed install_data
