-- Found ament_cmake: 2.5.4 (/opt/ros/jazzy/share/ament_cmake/cmake)
-- Found rclcpp: 28.1.13 (/opt/ros/jazzy/share/rclcpp/cmake)
-- Found rosidl_generator_c: 4.6.6 (/opt/ros/jazzy/share/rosidl_generator_c/cmake)
-- Found rosidl_generator_cpp: 4.6.6 (/opt/ros/jazzy/share/rosidl_generator_cpp/cmake)
-- Using all available rosidl_typesupport_c: rosidl_typesupport_fastrtps_c;rosidl_typesupport_introspection_c
-- Using all available rosidl_typesupport_cpp: rosidl_typesupport_fastrtps_cpp;rosidl_typesupport_introspection_cpp
-- Found rmw_implementation_cmake: 7.3.2 (/opt/ros/jazzy/share/rmw_implementation_cmake/cmake)
-- Found rmw_fastrtps_cpp: 8.4.3 (/opt/ros/jazzy/share/rmw_fastrtps_cpp/cmake)
-- Using RMW implementation 'rmw_fastrtps_cpp' as default
-- Found rclcpp_action: 28.1.13 (/opt/ros/jazzy/share/rclcpp_action/cmake)
-- Found rclcpp_lifecycle: 28.1.13 (/opt/ros/jazzy/share/rclcpp_lifecycle/cmake)
-- Found my_robot_interfaces: 0.0.0 (/home/vincent-pc/ros2_jazzy/install/my_robot_interfaces/share/my_robot_interfaces/cmake)
-- Found example_interfaces: 0.12.0 (/opt/ros/jazzy/share/example_interfaces/cmake)
-- Configuring done (0.8s)
-- Generating done (0.0s)
-- Build files have been written to: /home/vincent-pc/ros2_jazzy/build/components_cpp
[ 75%] [32mBuilding CXX object CMakeFiles/manual_composition.dir/src/node2.cpp.o[0m
[ 75%] [32mBuilding CXX object CMakeFiles/manual_composition.dir/src/manual_composition.cpp.o[0m
[ 75%] [32mBuilding CXX object CMakeFiles/manual_composition.dir/src/node1.cpp.o[0m
[01m[K/home/vincent-pc/ros2_jazzy/src/components_cpp/src/node1.cpp:[m[K In constructor ‘[01m[KNode1::[01;32m[KNode1[m[K()[m[K’:
[01m[K/home/vincent-pc/ros2_jazzy/src/components_cpp/src/node1.cpp:7:20:[m[K [01;31m[Kerror: [m[K‘[01m[KSingleThreadedExecutorNode[m[K’ has not been declared
    7 |         std::bind(&[01;31m[KSingleThreadedExecutorNode[m[K::callBackTimer1, this));
      |                    [01;31m[K^~~~~~~~~~~~~~~~~~~~~~~~~~[m[K
[01m[K/home/vincent-pc/ros2_jazzy/src/components_cpp/src/node1.cpp:10:20:[m[K [01;31m[Kerror: [m[K‘[01m[KSingleThreadedExecutorNode[m[K’ has not been declared
   10 |         std::bind(&[01;31m[KSingleThreadedExecutorNode[m[K::callBackTimer2, this));
      |                    [01;31m[K^~~~~~~~~~~~~~~~~~~~~~~~~~[m[K
[01m[K/home/vincent-pc/ros2_jazzy/src/components_cpp/src/node1.cpp:13:20:[m[K [01;31m[Kerror: [m[K‘[01m[KSingleThreadedExecutorNode[m[K’ has not been declared
   13 |         std::bind(&[01;31m[KSingleThreadedExecutorNode[m[K::callBackTimer3, this));
      |                    [01;31m[K^~~~~~~~~~~~~~~~~~~~~~~~~~[m[K
gmake[2]: *** [CMakeFiles/manual_composition.dir/build.make:90: CMakeFiles/manual_composition.dir/src/node1.cpp.o] Error 1
gmake[2]: *** Waiting for unfinished jobs....
gmake[1]: *** [CMakeFiles/Makefile2:137: CMakeFiles/manual_composition.dir/all] Error 2
gmake: *** [Makefile:146: all] Error 2
