-- Found ament_cmake: 2.5.4 (/opt/ros/jazzy/share/ament_cmake/cmake)
-- Found rclcpp: 28.1.13 (/opt/ros/jazzy/share/rclcpp/cmake)
-- Found rosidl_generator_c: 4.6.6 (/opt/ros/jazzy/share/rosidl_generator_c/cmake)
-- Found rosidl_generator_cpp: 4.6.6 (/opt/ros/jazzy/share/rosidl_generator_cpp/cmake)
-- Using all available rosidl_typesupport_c: rosidl_typesupport_fastrtps_c;rosidl_typesupport_introspection_c
-- Using all available rosidl_typesupport_cpp: rosidl_typesupport_fastrtps_cpp;rosidl_typesupport_introspection_cpp
-- Found rmw_implementation_cmake: 7.3.2 (/opt/ros/jazzy/share/rmw_implementation_cmake/cmake)
-- Found rmw_fastrtps_cpp: 8.4.3 (/opt/ros/jazzy/share/rmw_fastrtps_cpp/cmake)
-- Using RMW implementation 'rmw_fastrtps_cpp' as default
-- Found turtlesim: 1.8.3 (/opt/ros/jazzy/share/turtlesim/cmake)
-- Found rclcpp_lifecycle: 28.1.13 (/opt/ros/jazzy/share/rclcpp_lifecycle/cmake)
-- Found rclcpp_components: 28.1.13 (/opt/ros/jazzy/share/rclcpp_components/cmake)
-- Found my_robot_interfaces: 0.0.0 (/home/vincent-pc/ros2_jazzy/install/my_robot_interfaces/share/my_robot_interfaces/cmake)
-- Configuring done (1.6s)
-- Generating done (0.0s)
-- Build files have been written to: /home/vincent-pc/ros2_jazzy/build/final_project
[ 50%] [32mBuilding CXX object CMakeFiles/turtle_controller_cpp.dir/src/turtlesim_controller.cpp.o[0m
[01m[K/home/vincent-pc/ros2_jazzy/final_project/src/turtlesim_controller.cpp:[m[K In constructor ‘[01m[KTurtleController::[01;32m[KTurtleController[m[K()[m[K’:
[01m[K/home/vincent-pc/ros2_jazzy/final_project/src/turtlesim_controller.cpp:15:30:[m[K [01;31m[Kerror: [m[K‘[01m[Kclass TurtleController[m[K’ has no member named ‘[01m[Kget_paramenter[m[K’; did you mean ‘[01m[Kget_parameter[m[K’?
   15 |         turtle_name_ = this->[01;31m[Kget_paramenter[m[K("turtle_name").as_string();
      |                              [01;31m[K^~~~~~~~~~~~~~[m[K
      |                              [32m[Kget_parameter[m[K
[01m[K/home/vincent-pc/ros2_jazzy/final_project/src/turtlesim_controller.cpp:18:23:[m[K [01;31m[Kerror: [m[K‘[01m[Kmw_qos_profile_services_default[m[K’ was not declared in this scope; did you mean ‘[01m[Krmw_qos_profile_services_default[m[K’?
   18 |             "/spawn", [01;31m[Kmw_qos_profile_services_default[m[K, cb_group_);
      |                       [01;31m[K^~~~~~~~~~~~~~~~~~~~~~~~~~~~~~~[m[K
      |                       [32m[Krmw_qos_profile_services_default[m[K
[01m[K/home/vincent-pc/ros2_jazzy/final_project/src/turtlesim_controller.cpp:[m[K In function ‘[01m[Kint[01;32m[K main[m[K(int, char**)[m[K’:
[01m[K/home/vincent-pc/ros2_jazzy/final_project/src/turtlesim_controller.cpp:69:13:[m[K [01;31m[Kerror: [m[K‘[01m[Krclcpp::executor[m[K’ has not been declared
   69 |     rclcpp::[01;31m[Kexecutor[m[K::MultiThreadedExecutor executor;
      |             [01;31m[K^~~~~~~~[m[K
[01m[K/home/vincent-pc/ros2_jazzy/final_project/src/turtlesim_controller.cpp:70:5:[m[K [01;31m[Kerror: [m[K‘[01m[Kexecutor[m[K’ was not declared in this scope
   70 |     [01;31m[Kexecutor[m[K.add_node(node);
      |     [01;31m[K^~~~~~~~[m[K
[01m[K/home/vincent-pc/ros2_jazzy/final_project/src/turtlesim_controller.cpp:71:17:[m[K [01;31m[Kerror: [m[Kno matching function for call to ‘[01m[Kspin()[m[K’
   71 |     [01;31m[Krclcpp::spin()[m[K;
      |     [01;31m[K~~~~~~~~~~~~^~[m[K
In file included from [01m[K/opt/ros/jazzy/include/rclcpp/rclcpp/rclcpp.hpp:172[m[K,
                 from [01m[K/home/vincent-pc/ros2_jazzy/final_project/src/turtlesim_controller.cpp:1[m[K:
[01m[K/opt/ros/jazzy/include/rclcpp/rclcpp/executors.hpp:58:1:[m[K [01;36m[Knote: [m[Kcandidate: ‘[01m[Kvoid rclcpp::[01;32m[Kspin[m[K(node_interfaces::NodeBaseInterface::SharedPtr)[m[K’
   58 | [01;36m[Kspin[m[K(rclcpp::node_interfaces::NodeBaseInterface::SharedPtr node_ptr);
      | [01;36m[K^~~~[m[K
[01m[K/opt/ros/jazzy/include/rclcpp/rclcpp/executors.hpp:58:1:[m[K [01;36m[Knote: [m[K  candidate expects 1 argument, 0 provided
[01m[K/opt/ros/jazzy/include/rclcpp/rclcpp/executors.hpp:62:1:[m[K [01;36m[Knote: [m[Kcandidate: ‘[01m[Kvoid rclcpp::[01;32m[Kspin[m[K(Node::SharedPtr)[m[K’
   62 | [01;36m[Kspin[m[K(rclcpp::Node::SharedPtr node_ptr);
      | [01;36m[K^~~~[m[K
[01m[K/opt/ros/jazzy/include/rclcpp/rclcpp/executors.hpp:62:1:[m[K [01;36m[Knote: [m[K  candidate expects 1 argument, 0 provided
gmake[2]: *** [CMakeFiles/turtle_controller_cpp.dir/build.make:76: CMakeFiles/turtle_controller_cpp.dir/src/turtlesim_controller.cpp.o] Error 1
gmake[1]: *** [CMakeFiles/Makefile2:137: CMakeFiles/turtle_controller_cpp.dir/all] Error 2
gmake: *** [Makefile:146: all] Error 2
