[2.248s] Invoking command in '/home/vincent-pc/ros2_jazzy/src/robot_py': DEBUGINFOD_URLS=https://debuginfod.ubuntu.com PYTHONPATH=/home/vincent-pc/ros2_jazzy/build/robot_py/prefix_override:/usr/lib/python3/dist-packages/colcon_core/task/python/colcon_distutils_commands:/home/vincent-pc/ros2_jazzy/install/robot_py/lib/python3.12/site-packages:${PYTHONPATH} /usr/bin/python3 -W ignore:setup.py install is deprecated -W ignore:easy_install command is deprecated setup.py egg_info --egg-base ../../build/robot_py build --build-base /home/vincent-pc/ros2_jazzy/build/robot_py/build install --record /home/vincent-pc/ros2_jazzy/build/robot_py/install.log --single-version-externally-managed install_data
[3.091s] running egg_info
[3.201s] writing ../../build/robot_py/robot_py.egg-info/PKG-INFO
[3.201s] writing dependency_links to ../../build/robot_py/robot_py.egg-info/dependency_links.txt
[3.201s] writing entry points to ../../build/robot_py/robot_py.egg-info/entry_points.txt
[3.201s] writing requirements to ../../build/robot_py/robot_py.egg-info/requires.txt
[3.202s] writing top-level names to ../../build/robot_py/robot_py.egg-info/top_level.txt
[3.438s] reading manifest file '../../build/robot_py/robot_py.egg-info/SOURCES.txt'
[3.441s] writing manifest file '../../build/robot_py/robot_py.egg-info/SOURCES.txt'
[3.441s] running build
[3.441s] running build_py
[3.441s] running install
[3.481s] running install_lib
[3.595s] running install_data
[3.595s] running install_egg_info
[3.692s] removing '/home/vincent-pc/ros2_jazzy/install/robot_py/lib/python3.12/site-packages/robot_py-0.0.0-py3.12.egg-info' (and everything under it)
[3.692s] Copying ../../build/robot_py/robot_py.egg-info to /home/vincent-pc/ros2_jazzy/install/robot_py/lib/python3.12/site-packages/robot_py-0.0.0-py3.12.egg-info
[3.697s] running install_scripts
[4.079s] Installing joint0_srv_py script to /home/vincent-pc/ros2_jazzy/install/robot_py/lib/robot_py
[4.079s] Installing joint1_srv_py script to /home/vincent-pc/ros2_jazzy/install/robot_py/lib/robot_py
[4.080s] Installing my_robot_j0_py script to /home/vincent-pc/ros2_jazzy/install/robot_py/lib/robot_py
[4.080s] Installing my_robot_j1_py script to /home/vincent-pc/ros2_jazzy/install/robot_py/lib/robot_py
[4.080s] writing list of installed files to '/home/vincent-pc/ros2_jazzy/build/robot_py/install.log'
[4.170s] Invoked command in '/home/vincent-pc/ros2_jazzy/src/robot_py' returned '0': DEBUGINFOD_URLS=https://debuginfod.ubuntu.com PYTHONPATH=/home/vincent-pc/ros2_jazzy/build/robot_py/prefix_override:/usr/lib/python3/dist-packages/colcon_core/task/python/colcon_distutils_commands:/home/vincent-pc/ros2_jazzy/install/robot_py/lib/python3.12/site-packages:${PYTHONPATH} /usr/bin/python3 -W ignore:setup.py install is deprecated -W ignore:easy_install command is deprecated setup.py egg_info --egg-base ../../build/robot_py build --build-base /home/vincent-pc/ros2_jazzy/build/robot_py/build install --record /home/vincent-pc/ros2_jazzy/build/robot_py/install.log --single-version-externally-managed install_data
