[1.413s] Invoking command in '/home/vincent-pc/ros2_jazzy/src/build/my_robot_cpp': AMENT_PREFIX_PATH=/home/vincent-pc/ros2_jazzy/src/install/my_robot_interfaces:${AMENT_PREFIX_PATH} CMAKE_PREFIX_PATH=/home/vincent-pc/ros2_jazzy/src/install/my_robot_interfaces:/home/vincent-pc/ros2_jazzy/install/robot_cpp:/home/vincent-pc/ros2_jazzy/install/my_robot_cpp:/home/vincent-pc/ros2_jazzy/install/my_robot_bringup:/home/vincent-pc/ros2_jazzy/install/lifecycle_cpp:/home/vincent-pc/ros2_jazzy/install/actions_cpp:/home/vincent-pc/ros2_jazzy/install/my_robot_interfaces:/home/vincent-pc/ros2_jazzy/install/my_robot_description:/opt/ros/jazzy/opt/gz_sim_vendor:/opt/ros/jazzy/opt/gz_sensors_vendor:/opt/ros/jazzy/opt/gz_physics_vendor:/opt/ros/jazzy/opt/sdformat_vendor:/opt/ros/jazzy/opt/gz_gui_vendor:/opt/ros/jazzy/opt/gz_transport_vendor:/opt/ros/jazzy/opt/gz_rendering_vendor:/opt/ros/jazzy/opt/gz_plugin_vendor:/opt/ros/jazzy/opt/gz_fuel_tools_vendor:/opt/ros/jazzy/opt/gz_msgs_vendor:/opt/ros/jazzy/opt/gz_common_vendor:/opt/ros/jazzy/opt/gz_math_vendor:/opt/ros/jazzy/opt/gz_utils_vendor:/opt/ros/jazzy/opt/gz_tools_vendor:/opt/ros/jazzy/opt/gz_ogre_next_vendor:/opt/ros/jazzy/opt/gz_dartsim_vendor:/opt/ros/jazzy/opt/gz_cmake_vendor:/home/vincent-pc/ros2_jazzy/install/robot_py:/home/vincent-pc/ros2_jazzy/install/my_robot_python:/home/vincent-pc/ros2_jazzy/install/lifecycle_py:/home/vincent-pc/ros2_jazzy/install/actions_py:/opt/ros/jazzy DEBUGINFOD_URLS=https://debuginfod.ubuntu.com LD_LIBRARY_PATH=/home/vincent-pc/ros2_jazzy/src/install/my_robot_interfaces/lib:${LD_LIBRARY_PATH} PYTHONPATH=/home/vincent-pc/ros2_jazzy/src/install/my_robot_interfaces/lib/python3.12/site-packages:${PYTHONPATH} /usr/bin/cmake /home/vincent-pc/ros2_jazzy/src/my_robot_cpp -DCMAKE_INSTALL_PREFIX=/home/vincent-pc/ros2_jazzy/src/install/my_robot_cpp
[1.445s] -- Found ament_cmake: 2.5.4 (/opt/ros/jazzy/share/ament_cmake/cmake)
[2.346s] -- Override CMake install command with custom implementation using symlinks instead of copying resources
[2.427s] -- Found rclcpp: 28.1.13 (/opt/ros/jazzy/share/rclcpp/cmake)
[2.572s] -- Found rosidl_generator_c: 4.6.6 (/opt/ros/jazzy/share/rosidl_generator_c/cmake)
[2.608s] -- Found rosidl_generator_cpp: 4.6.6 (/opt/ros/jazzy/share/rosidl_generator_cpp/cmake)
[2.676s] -- Using all available rosidl_typesupport_c: rosidl_typesupport_fastrtps_c;rosidl_typesupport_introspection_c
[2.779s] -- Using all available rosidl_typesupport_cpp: rosidl_typesupport_fastrtps_cpp;rosidl_typesupport_introspection_cpp
[3.215s] -- Found rmw_implementation_cmake: 7.3.2 (/opt/ros/jazzy/share/rmw_implementation_cmake/cmake)
[3.220s] -- Found rmw_fastrtps_cpp: 8.4.3 (/opt/ros/jazzy/share/rmw_fastrtps_cpp/cmake)
[3.464s] -- Using RMW implementation 'rmw_fastrtps_cpp' as default
[3.652s] -- Found geometry_msgs: 5.3.6 (/opt/ros/jazzy/share/geometry_msgs/cmake)
[3.725s] -- Found my_robot_interfaces: 0.0.0 (/home/vincent-pc/ros2_jazzy/src/install/my_robot_interfaces/share/my_robot_interfaces/cmake)
[3.850s] -- Found sensor_msgs: 5.3.6 (/opt/ros/jazzy/share/sensor_msgs/cmake)
[4.135s] -- Configuring done (2.7s)
[4.284s] -- Generating done (0.1s)
[4.317s] -- Build files have been written to: /home/vincent-pc/ros2_jazzy/src/build/my_robot_cpp
[4.345s] Invoked command in '/home/vincent-pc/ros2_jazzy/src/build/my_robot_cpp' returned '0': AMENT_PREFIX_PATH=/home/vincent-pc/ros2_jazzy/src/install/my_robot_interfaces:${AMENT_PREFIX_PATH} CMAKE_PREFIX_PATH=/home/vincent-pc/ros2_jazzy/src/install/my_robot_interfaces:/home/vincent-pc/ros2_jazzy/install/robot_cpp:/home/vincent-pc/ros2_jazzy/install/my_robot_cpp:/home/vincent-pc/ros2_jazzy/install/my_robot_bringup:/home/vincent-pc/ros2_jazzy/install/lifecycle_cpp:/home/vincent-pc/ros2_jazzy/install/actions_cpp:/home/vincent-pc/ros2_jazzy/install/my_robot_interfaces:/home/vincent-pc/ros2_jazzy/install/my_robot_description:/opt/ros/jazzy/opt/gz_sim_vendor:/opt/ros/jazzy/opt/gz_sensors_vendor:/opt/ros/jazzy/opt/gz_physics_vendor:/opt/ros/jazzy/opt/sdformat_vendor:/opt/ros/jazzy/opt/gz_gui_vendor:/opt/ros/jazzy/opt/gz_transport_vendor:/opt/ros/jazzy/opt/gz_rendering_vendor:/opt/ros/jazzy/opt/gz_plugin_vendor:/opt/ros/jazzy/opt/gz_fuel_tools_vendor:/opt/ros/jazzy/opt/gz_msgs_vendor:/opt/ros/jazzy/opt/gz_common_vendor:/opt/ros/jazzy/opt/gz_math_vendor:/opt/ros/jazzy/opt/gz_utils_vendor:/opt/ros/jazzy/opt/gz_tools_vendor:/opt/ros/jazzy/opt/gz_ogre_next_vendor:/opt/ros/jazzy/opt/gz_dartsim_vendor:/opt/ros/jazzy/opt/gz_cmake_vendor:/home/vincent-pc/ros2_jazzy/install/robot_py:/home/vincent-pc/ros2_jazzy/install/my_robot_python:/home/vincent-pc/ros2_jazzy/install/lifecycle_py:/home/vincent-pc/ros2_jazzy/install/actions_py:/opt/ros/jazzy DEBUGINFOD_URLS=https://debuginfod.ubuntu.com LD_LIBRARY_PATH=/home/vincent-pc/ros2_jazzy/src/install/my_robot_interfaces/lib:${LD_LIBRARY_PATH} PYTHONPATH=/home/vincent-pc/ros2_jazzy/src/install/my_robot_interfaces/lib/python3.12/site-packages:${PYTHONPATH} /usr/bin/cmake /home/vincent-pc/ros2_jazzy/src/my_robot_cpp -DCMAKE_INSTALL_PREFIX=/home/vincent-pc/ros2_jazzy/src/install/my_robot_cpp
[4.346s] Invoking command in '/home/vincent-pc/ros2_jazzy/src/build/my_robot_cpp': AMENT_PREFIX_PATH=/home/vincent-pc/ros2_jazzy/src/install/my_robot_interfaces:${AMENT_PREFIX_PATH} CMAKE_PREFIX_PATH=/home/vincent-pc/ros2_jazzy/src/install/my_robot_interfaces:/home/vincent-pc/ros2_jazzy/install/robot_cpp:/home/vincent-pc/ros2_jazzy/install/my_robot_cpp:/home/vincent-pc/ros2_jazzy/install/my_robot_bringup:/home/vincent-pc/ros2_jazzy/install/lifecycle_cpp:/home/vincent-pc/ros2_jazzy/install/actions_cpp:/home/vincent-pc/ros2_jazzy/install/my_robot_interfaces:/home/vincent-pc/ros2_jazzy/install/my_robot_description:/opt/ros/jazzy/opt/gz_sim_vendor:/opt/ros/jazzy/opt/gz_sensors_vendor:/opt/ros/jazzy/opt/gz_physics_vendor:/opt/ros/jazzy/opt/sdformat_vendor:/opt/ros/jazzy/opt/gz_gui_vendor:/opt/ros/jazzy/opt/gz_transport_vendor:/opt/ros/jazzy/opt/gz_rendering_vendor:/opt/ros/jazzy/opt/gz_plugin_vendor:/opt/ros/jazzy/opt/gz_fuel_tools_vendor:/opt/ros/jazzy/opt/gz_msgs_vendor:/opt/ros/jazzy/opt/gz_common_vendor:/opt/ros/jazzy/opt/gz_math_vendor:/opt/ros/jazzy/opt/gz_utils_vendor:/opt/ros/jazzy/opt/gz_tools_vendor:/opt/ros/jazzy/opt/gz_ogre_next_vendor:/opt/ros/jazzy/opt/gz_dartsim_vendor:/opt/ros/jazzy/opt/gz_cmake_vendor:/home/vincent-pc/ros2_jazzy/install/robot_py:/home/vincent-pc/ros2_jazzy/install/my_robot_python:/home/vincent-pc/ros2_jazzy/install/lifecycle_py:/home/vincent-pc/ros2_jazzy/install/actions_py:/opt/ros/jazzy DEBUGINFOD_URLS=https://debuginfod.ubuntu.com LD_LIBRARY_PATH=/home/vincent-pc/ros2_jazzy/src/install/my_robot_interfaces/lib:${LD_LIBRARY_PATH} PYTHONPATH=/home/vincent-pc/ros2_jazzy/src/install/my_robot_interfaces/lib/python3.12/site-packages:${PYTHONPATH} /usr/bin/cmake --build /home/vincent-pc/ros2_jazzy/src/build/my_robot_cpp -- -j8 -l8
[5.006s] [ 16%] Built target my_robot_differential_cpp
[5.006s] [ 33%] Built target battery_cpp
[5.006s] [ 50%] Built target differential_node_srv
[5.006s] [ 66%] Built target led_panel_cpp
[5.006s] [ 83%] Built target my_robot_master_cpp
[5.007s] [100%] Built target master_srv_cpp
[5.014s] Invoked command in '/home/vincent-pc/ros2_jazzy/src/build/my_robot_cpp' returned '0': AMENT_PREFIX_PATH=/home/vincent-pc/ros2_jazzy/src/install/my_robot_interfaces:${AMENT_PREFIX_PATH} CMAKE_PREFIX_PATH=/home/vincent-pc/ros2_jazzy/src/install/my_robot_interfaces:/home/vincent-pc/ros2_jazzy/install/robot_cpp:/home/vincent-pc/ros2_jazzy/install/my_robot_cpp:/home/vincent-pc/ros2_jazzy/install/my_robot_bringup:/home/vincent-pc/ros2_jazzy/install/lifecycle_cpp:/home/vincent-pc/ros2_jazzy/install/actions_cpp:/home/vincent-pc/ros2_jazzy/install/my_robot_interfaces:/home/vincent-pc/ros2_jazzy/install/my_robot_description:/opt/ros/jazzy/opt/gz_sim_vendor:/opt/ros/jazzy/opt/gz_sensors_vendor:/opt/ros/jazzy/opt/gz_physics_vendor:/opt/ros/jazzy/opt/sdformat_vendor:/opt/ros/jazzy/opt/gz_gui_vendor:/opt/ros/jazzy/opt/gz_transport_vendor:/opt/ros/jazzy/opt/gz_rendering_vendor:/opt/ros/jazzy/opt/gz_plugin_vendor:/opt/ros/jazzy/opt/gz_fuel_tools_vendor:/opt/ros/jazzy/opt/gz_msgs_vendor:/opt/ros/jazzy/opt/gz_common_vendor:/opt/ros/jazzy/opt/gz_math_vendor:/opt/ros/jazzy/opt/gz_utils_vendor:/opt/ros/jazzy/opt/gz_tools_vendor:/opt/ros/jazzy/opt/gz_ogre_next_vendor:/opt/ros/jazzy/opt/gz_dartsim_vendor:/opt/ros/jazzy/opt/gz_cmake_vendor:/home/vincent-pc/ros2_jazzy/install/robot_py:/home/vincent-pc/ros2_jazzy/install/my_robot_python:/home/vincent-pc/ros2_jazzy/install/lifecycle_py:/home/vincent-pc/ros2_jazzy/install/actions_py:/opt/ros/jazzy DEBUGINFOD_URLS=https://debuginfod.ubuntu.com LD_LIBRARY_PATH=/home/vincent-pc/ros2_jazzy/src/install/my_robot_interfaces/lib:${LD_LIBRARY_PATH} PYTHONPATH=/home/vincent-pc/ros2_jazzy/src/install/my_robot_interfaces/lib/python3.12/site-packages:${PYTHONPATH} /usr/bin/cmake --build /home/vincent-pc/ros2_jazzy/src/build/my_robot_cpp -- -j8 -l8
[5.026s] Invoking command in '/home/vincent-pc/ros2_jazzy/src/build/my_robot_cpp': AMENT_PREFIX_PATH=/home/vincent-pc/ros2_jazzy/src/install/my_robot_interfaces:${AMENT_PREFIX_PATH} CMAKE_PREFIX_PATH=/home/vincent-pc/ros2_jazzy/src/install/my_robot_interfaces:/home/vincent-pc/ros2_jazzy/install/robot_cpp:/home/vincent-pc/ros2_jazzy/install/my_robot_cpp:/home/vincent-pc/ros2_jazzy/install/my_robot_bringup:/home/vincent-pc/ros2_jazzy/install/lifecycle_cpp:/home/vincent-pc/ros2_jazzy/install/actions_cpp:/home/vincent-pc/ros2_jazzy/install/my_robot_interfaces:/home/vincent-pc/ros2_jazzy/install/my_robot_description:/opt/ros/jazzy/opt/gz_sim_vendor:/opt/ros/jazzy/opt/gz_sensors_vendor:/opt/ros/jazzy/opt/gz_physics_vendor:/opt/ros/jazzy/opt/sdformat_vendor:/opt/ros/jazzy/opt/gz_gui_vendor:/opt/ros/jazzy/opt/gz_transport_vendor:/opt/ros/jazzy/opt/gz_rendering_vendor:/opt/ros/jazzy/opt/gz_plugin_vendor:/opt/ros/jazzy/opt/gz_fuel_tools_vendor:/opt/ros/jazzy/opt/gz_msgs_vendor:/opt/ros/jazzy/opt/gz_common_vendor:/opt/ros/jazzy/opt/gz_math_vendor:/opt/ros/jazzy/opt/gz_utils_vendor:/opt/ros/jazzy/opt/gz_tools_vendor:/opt/ros/jazzy/opt/gz_ogre_next_vendor:/opt/ros/jazzy/opt/gz_dartsim_vendor:/opt/ros/jazzy/opt/gz_cmake_vendor:/home/vincent-pc/ros2_jazzy/install/robot_py:/home/vincent-pc/ros2_jazzy/install/my_robot_python:/home/vincent-pc/ros2_jazzy/install/lifecycle_py:/home/vincent-pc/ros2_jazzy/install/actions_py:/opt/ros/jazzy DEBUGINFOD_URLS=https://debuginfod.ubuntu.com LD_LIBRARY_PATH=/home/vincent-pc/ros2_jazzy/src/install/my_robot_interfaces/lib:${LD_LIBRARY_PATH} PYTHONPATH=/home/vincent-pc/ros2_jazzy/src/install/my_robot_interfaces/lib/python3.12/site-packages:${PYTHONPATH} /usr/bin/cmake --install /home/vincent-pc/ros2_jazzy/src/build/my_robot_cpp
[5.115s] -- Install configuration: ""
[5.120s] -- Execute custom install script
[5.121s] -- Up-to-date symlink: /home/vincent-pc/ros2_jazzy/src/install/my_robot_cpp/lib/my_robot_cpp/my_robot_differential_cpp
[5.121s] -- Up-to-date symlink: /home/vincent-pc/ros2_jazzy/src/install/my_robot_cpp/lib/my_robot_cpp/my_robot_master_cpp
[5.121s] -- Up-to-date symlink: /home/vincent-pc/ros2_jazzy/src/install/my_robot_cpp/lib/my_robot_cpp/led_panel_cpp
[5.121s] -- Up-to-date symlink: /home/vincent-pc/ros2_jazzy/src/install/my_robot_cpp/lib/my_robot_cpp/battery_cpp
[5.121s] -- Up-to-date symlink: /home/vincent-pc/ros2_jazzy/src/install/my_robot_cpp/lib/my_robot_cpp/master_srv_cpp
[5.122s] -- Up-to-date symlink: /home/vincent-pc/ros2_jazzy/src/install/my_robot_cpp/lib/my_robot_cpp/differential_node_srv
[5.122s] -- Up-to-date symlink: /home/vincent-pc/ros2_jazzy/src/install/my_robot_cpp/share/ament_index/resource_index/package_run_dependencies/my_robot_cpp
[5.122s] -- Up-to-date symlink: /home/vincent-pc/ros2_jazzy/src/install/my_robot_cpp/share/ament_index/resource_index/parent_prefix_path/my_robot_cpp
[5.122s] -- Up-to-date symlink: /home/vincent-pc/ros2_jazzy/src/install/my_robot_cpp/share/my_robot_cpp/environment/ament_prefix_path.sh
[5.122s] -- Up-to-date symlink: /home/vincent-pc/ros2_jazzy/src/install/my_robot_cpp/share/my_robot_cpp/environment/ament_prefix_path.dsv
[5.122s] -- Up-to-date symlink: /home/vincent-pc/ros2_jazzy/src/install/my_robot_cpp/share/my_robot_cpp/environment/path.sh
[5.123s] -- Up-to-date symlink: /home/vincent-pc/ros2_jazzy/src/install/my_robot_cpp/share/my_robot_cpp/environment/path.dsv
[5.127s] -- Up-to-date symlink: /home/vincent-pc/ros2_jazzy/src/install/my_robot_cpp/share/my_robot_cpp/local_setup.bash
[5.127s] -- Up-to-date symlink: /home/vincent-pc/ros2_jazzy/src/install/my_robot_cpp/share/my_robot_cpp/local_setup.sh
[5.127s] -- Up-to-date symlink: /home/vincent-pc/ros2_jazzy/src/install/my_robot_cpp/share/my_robot_cpp/local_setup.zsh
[5.127s] -- Up-to-date symlink: /home/vincent-pc/ros2_jazzy/src/install/my_robot_cpp/share/my_robot_cpp/local_setup.dsv
[5.128s] -- Symlinking: /home/vincent-pc/ros2_jazzy/src/install/my_robot_cpp/share/my_robot_cpp/package.dsv
[5.133s] -- Up-to-date symlink: /home/vincent-pc/ros2_jazzy/src/install/my_robot_cpp/share/ament_index/resource_index/packages/my_robot_cpp
[5.133s] -- Up-to-date symlink: /home/vincent-pc/ros2_jazzy/src/install/my_robot_cpp/share/my_robot_cpp/cmake/my_robot_cppConfig.cmake
[5.133s] -- Up-to-date symlink: /home/vincent-pc/ros2_jazzy/src/install/my_robot_cpp/share/my_robot_cpp/cmake/my_robot_cppConfig-version.cmake
[5.135s] -- Up-to-date symlink: /home/vincent-pc/ros2_jazzy/src/install/my_robot_cpp/share/my_robot_cpp/package.xml
[5.139s] Invoked command in '/home/vincent-pc/ros2_jazzy/src/build/my_robot_cpp' returned '0': AMENT_PREFIX_PATH=/home/vincent-pc/ros2_jazzy/src/install/my_robot_interfaces:${AMENT_PREFIX_PATH} CMAKE_PREFIX_PATH=/home/vincent-pc/ros2_jazzy/src/install/my_robot_interfaces:/home/vincent-pc/ros2_jazzy/install/robot_cpp:/home/vincent-pc/ros2_jazzy/install/my_robot_cpp:/home/vincent-pc/ros2_jazzy/install/my_robot_bringup:/home/vincent-pc/ros2_jazzy/install/lifecycle_cpp:/home/vincent-pc/ros2_jazzy/install/actions_cpp:/home/vincent-pc/ros2_jazzy/install/my_robot_interfaces:/home/vincent-pc/ros2_jazzy/install/my_robot_description:/opt/ros/jazzy/opt/gz_sim_vendor:/opt/ros/jazzy/opt/gz_sensors_vendor:/opt/ros/jazzy/opt/gz_physics_vendor:/opt/ros/jazzy/opt/sdformat_vendor:/opt/ros/jazzy/opt/gz_gui_vendor:/opt/ros/jazzy/opt/gz_transport_vendor:/opt/ros/jazzy/opt/gz_rendering_vendor:/opt/ros/jazzy/opt/gz_plugin_vendor:/opt/ros/jazzy/opt/gz_fuel_tools_vendor:/opt/ros/jazzy/opt/gz_msgs_vendor:/opt/ros/jazzy/opt/gz_common_vendor:/opt/ros/jazzy/opt/gz_math_vendor:/opt/ros/jazzy/opt/gz_utils_vendor:/opt/ros/jazzy/opt/gz_tools_vendor:/opt/ros/jazzy/opt/gz_ogre_next_vendor:/opt/ros/jazzy/opt/gz_dartsim_vendor:/opt/ros/jazzy/opt/gz_cmake_vendor:/home/vincent-pc/ros2_jazzy/install/robot_py:/home/vincent-pc/ros2_jazzy/install/my_robot_python:/home/vincent-pc/ros2_jazzy/install/lifecycle_py:/home/vincent-pc/ros2_jazzy/install/actions_py:/opt/ros/jazzy DEBUGINFOD_URLS=https://debuginfod.ubuntu.com LD_LIBRARY_PATH=/home/vincent-pc/ros2_jazzy/src/install/my_robot_interfaces/lib:${LD_LIBRARY_PATH} PYTHONPATH=/home/vincent-pc/ros2_jazzy/src/install/my_robot_interfaces/lib/python3.12/site-packages:${PYTHONPATH} /usr/bin/cmake --install /home/vincent-pc/ros2_jazzy/src/build/my_robot_cpp
