[0.157s] DEBUG:colcon:Command line arguments: ['/usr/bin/colcon', 'build', '--packages-select', 'executor_py']
[0.157s] DEBUG:colcon:Parsed command line arguments: Namespace(log_base=None, log_level=None, verb_name='build', build_base='build', install_base='install', merge_install=False, symlink_install=False, test_result_base=None, continue_on_error=False, executor='parallel', parallel_workers=8, event_handlers=None, ignore_user_meta=False, metas=['./colcon.meta'], base_paths=['.'], packages_ignore=None, packages_ignore_regex=None, paths=None, packages_up_to=None, packages_up_to_regex=None, packages_above=None, packages_above_and_dependencies=None, packages_above_depth=None, packages_select_by_dep=None, packages_skip_by_dep=None, packages_skip_up_to=None, packages_select_build_failed=False, packages_skip_build_finished=False, packages_select_test_failures=False, packages_skip_test_passed=False, packages_select=['executor_py'], packages_skip=None, packages_select_regex=None, packages_skip_regex=None, packages_start=None, packages_end=None, allow_overriding=[], cmake_args=None, cmake_target=None, cmake_target_skip_unavailable=False, cmake_clean_cache=False, cmake_clean_first=False, cmake_force_configure=False, ament_cmake_args=None, catkin_cmake_args=None, catkin_skip_building_tests=False, mixin_files=None, mixin=None, verb_parser=<colcon_mixin.mixin.mixin_argument.MixinArgumentDecorator object at 0x72b29be99d60>, verb_extension=<colcon_core.verb.build.BuildVerb object at 0x72b29bfc6270>, main=<bound method BuildVerb.main of <colcon_core.verb.build.BuildVerb object at 0x72b29bfc6270>>, mixin_verb=('build',))
[0.206s] Level 1:colcon.colcon_core.package_discovery:discover_packages(colcon_meta) check parameters
[0.207s] Level 1:colcon.colcon_core.package_discovery:discover_packages(recursive) check parameters
[0.207s] Level 1:colcon.colcon_core.package_discovery:discover_packages(ignore) check parameters
[0.207s] Level 1:colcon.colcon_core.package_discovery:discover_packages(path) check parameters
[0.207s] Level 1:colcon.colcon_core.package_discovery:discover_packages(colcon_meta) discover
[0.207s] Level 1:colcon.colcon_core.package_discovery:discover_packages(recursive) discover
[0.207s] INFO:colcon.colcon_core.package_discovery:Crawling recursively for packages in '/home/vincent-pc/ros2_jazzy/src'
[0.207s] Level 1:colcon.colcon_core.package_identification:_identify(.) by extensions ['ignore', 'ignore_ament_install']
[0.207s] Level 1:colcon.colcon_core.package_identification:_identify(.) by extension 'ignore'
[0.207s] Level 1:colcon.colcon_core.package_identification:_identify(.) by extension 'ignore_ament_install'
[0.207s] Level 1:colcon.colcon_core.package_identification:_identify(.) by extensions ['colcon_pkg']
[0.207s] Level 1:colcon.colcon_core.package_identification:_identify(.) by extension 'colcon_pkg'
[0.207s] Level 1:colcon.colcon_core.package_identification:_identify(.) by extensions ['colcon_meta']
[0.207s] Level 1:colcon.colcon_core.package_identification:_identify(.) by extension 'colcon_meta'
[0.207s] Level 1:colcon.colcon_core.package_identification:_identify(.) by extensions ['ros']
[0.207s] Level 1:colcon.colcon_core.package_identification:_identify(.) by extension 'ros'
[0.232s] Level 1:colcon.colcon_core.package_identification:_identify(.) by extensions ['cmake', 'python']
[0.232s] Level 1:colcon.colcon_core.package_identification:_identify(.) by extension 'cmake'
[0.232s] Level 1:colcon.colcon_core.package_identification:_identify(.) by extension 'python'
[0.232s] Level 1:colcon.colcon_core.package_identification:_identify(.) by extensions ['python_setup_py']
[0.232s] Level 1:colcon.colcon_core.package_identification:_identify(.) by extension 'python_setup_py'
[0.232s] Level 1:colcon.colcon_core.package_identification:_identify(actions_cpp) by extensions ['ignore', 'ignore_ament_install']
[0.232s] Level 1:colcon.colcon_core.package_identification:_identify(actions_cpp) by extension 'ignore'
[0.233s] Level 1:colcon.colcon_core.package_identification:_identify(actions_cpp) by extension 'ignore_ament_install'
[0.233s] Level 1:colcon.colcon_core.package_identification:_identify(actions_cpp) by extensions ['colcon_pkg']
[0.233s] Level 1:colcon.colcon_core.package_identification:_identify(actions_cpp) by extension 'colcon_pkg'
[0.233s] Level 1:colcon.colcon_core.package_identification:_identify(actions_cpp) by extensions ['colcon_meta']
[0.233s] Level 1:colcon.colcon_core.package_identification:_identify(actions_cpp) by extension 'colcon_meta'
[0.233s] Level 1:colcon.colcon_core.package_identification:_identify(actions_cpp) by extensions ['ros']
[0.233s] Level 1:colcon.colcon_core.package_identification:_identify(actions_cpp) by extension 'ros'
[0.236s] DEBUG:colcon.colcon_core.package_identification:Package 'actions_cpp' with type 'ros.ament_cmake' and name 'actions_cpp'
[0.236s] Level 1:colcon.colcon_core.package_identification:_identify(actions_py) by extensions ['ignore', 'ignore_ament_install']
[0.236s] Level 1:colcon.colcon_core.package_identification:_identify(actions_py) by extension 'ignore'
[0.236s] Level 1:colcon.colcon_core.package_identification:_identify(actions_py) by extension 'ignore_ament_install'
[0.236s] Level 1:colcon.colcon_core.package_identification:_identify(actions_py) by extensions ['colcon_pkg']
[0.236s] Level 1:colcon.colcon_core.package_identification:_identify(actions_py) by extension 'colcon_pkg'
[0.236s] Level 1:colcon.colcon_core.package_identification:_identify(actions_py) by extensions ['colcon_meta']
[0.236s] Level 1:colcon.colcon_core.package_identification:_identify(actions_py) by extension 'colcon_meta'
[0.236s] Level 1:colcon.colcon_core.package_identification:_identify(actions_py) by extensions ['ros']
[0.236s] Level 1:colcon.colcon_core.package_identification:_identify(actions_py) by extension 'ros'
[0.237s] DEBUG:colcon.colcon_core.package_identification:Package 'actions_py' with type 'ros.ament_python' and name 'actions_py'
[0.237s] Level 1:colcon.colcon_core.package_identification:_identify(build) by extensions ['ignore', 'ignore_ament_install']
[0.237s] Level 1:colcon.colcon_core.package_identification:_identify(build) by extension 'ignore'
[0.237s] Level 1:colcon.colcon_core.package_identification:_identify(build) ignored
[0.237s] Level 1:colcon.colcon_core.package_identification:_identify(executors_cpp) by extensions ['ignore', 'ignore_ament_install']
[0.237s] Level 1:colcon.colcon_core.package_identification:_identify(executors_cpp) by extension 'ignore'
[0.238s] Level 1:colcon.colcon_core.package_identification:_identify(executors_cpp) by extension 'ignore_ament_install'
[0.238s] Level 1:colcon.colcon_core.package_identification:_identify(executors_cpp) by extensions ['colcon_pkg']
[0.238s] Level 1:colcon.colcon_core.package_identification:_identify(executors_cpp) by extension 'colcon_pkg'
[0.238s] Level 1:colcon.colcon_core.package_identification:_identify(executors_cpp) by extensions ['colcon_meta']
[0.238s] Level 1:colcon.colcon_core.package_identification:_identify(executors_cpp) by extension 'colcon_meta'
[0.238s] Level 1:colcon.colcon_core.package_identification:_identify(executors_cpp) by extensions ['ros']
[0.238s] Level 1:colcon.colcon_core.package_identification:_identify(executors_cpp) by extension 'ros'
[0.238s] DEBUG:colcon.colcon_core.package_identification:Package 'executors_cpp' with type 'ros.ament_cmake' and name 'executors_cpp'
[0.238s] Level 1:colcon.colcon_core.package_identification:_identify(executors_py) by extensions ['ignore', 'ignore_ament_install']
[0.239s] Level 1:colcon.colcon_core.package_identification:_identify(executors_py) by extension 'ignore'
[0.239s] Level 1:colcon.colcon_core.package_identification:_identify(executors_py) by extension 'ignore_ament_install'
[0.239s] Level 1:colcon.colcon_core.package_identification:_identify(executors_py) by extensions ['colcon_pkg']
[0.239s] Level 1:colcon.colcon_core.package_identification:_identify(executors_py) by extension 'colcon_pkg'
[0.239s] Level 1:colcon.colcon_core.package_identification:_identify(executors_py) by extensions ['colcon_meta']
[0.239s] Level 1:colcon.colcon_core.package_identification:_identify(executors_py) by extension 'colcon_meta'
[0.239s] Level 1:colcon.colcon_core.package_identification:_identify(executors_py) by extensions ['ros']
[0.239s] Level 1:colcon.colcon_core.package_identification:_identify(executors_py) by extension 'ros'
[0.240s] DEBUG:colcon.colcon_core.package_identification:Package 'executors_py' with type 'ros.ament_python' and name 'executors_py'
[0.240s] Level 1:colcon.colcon_core.package_identification:_identify(install) by extensions ['ignore', 'ignore_ament_install']
[0.240s] Level 1:colcon.colcon_core.package_identification:_identify(install) by extension 'ignore'
[0.240s] Level 1:colcon.colcon_core.package_identification:_identify(install) ignored
[0.240s] Level 1:colcon.colcon_core.package_identification:_identify(lifecycle_cpp) by extensions ['ignore', 'ignore_ament_install']
[0.240s] Level 1:colcon.colcon_core.package_identification:_identify(lifecycle_cpp) by extension 'ignore'
[0.240s] Level 1:colcon.colcon_core.package_identification:_identify(lifecycle_cpp) by extension 'ignore_ament_install'
[0.240s] Level 1:colcon.colcon_core.package_identification:_identify(lifecycle_cpp) by extensions ['colcon_pkg']
[0.240s] Level 1:colcon.colcon_core.package_identification:_identify(lifecycle_cpp) by extension 'colcon_pkg'
[0.240s] Level 1:colcon.colcon_core.package_identification:_identify(lifecycle_cpp) by extensions ['colcon_meta']
[0.240s] Level 1:colcon.colcon_core.package_identification:_identify(lifecycle_cpp) by extension 'colcon_meta'
[0.240s] Level 1:colcon.colcon_core.package_identification:_identify(lifecycle_cpp) by extensions ['ros']
[0.240s] Level 1:colcon.colcon_core.package_identification:_identify(lifecycle_cpp) by extension 'ros'
[0.241s] DEBUG:colcon.colcon_core.package_identification:Package 'lifecycle_cpp' with type 'ros.ament_cmake' and name 'lifecycle_cpp'
[0.241s] Level 1:colcon.colcon_core.package_identification:_identify(lifecycle_py) by extensions ['ignore', 'ignore_ament_install']
[0.241s] Level 1:colcon.colcon_core.package_identification:_identify(lifecycle_py) by extension 'ignore'
[0.241s] Level 1:colcon.colcon_core.package_identification:_identify(lifecycle_py) by extension 'ignore_ament_install'
[0.241s] Level 1:colcon.colcon_core.package_identification:_identify(lifecycle_py) by extensions ['colcon_pkg']
[0.241s] Level 1:colcon.colcon_core.package_identification:_identify(lifecycle_py) by extension 'colcon_pkg'
[0.241s] Level 1:colcon.colcon_core.package_identification:_identify(lifecycle_py) by extensions ['colcon_meta']
[0.241s] Level 1:colcon.colcon_core.package_identification:_identify(lifecycle_py) by extension 'colcon_meta'
[0.241s] Level 1:colcon.colcon_core.package_identification:_identify(lifecycle_py) by extensions ['ros']
[0.241s] Level 1:colcon.colcon_core.package_identification:_identify(lifecycle_py) by extension 'ros'
[0.242s] DEBUG:colcon.colcon_core.package_identification:Package 'lifecycle_py' with type 'ros.ament_python' and name 'lifecycle_py'
[0.242s] Level 1:colcon.colcon_core.package_identification:_identify(log) by extensions ['ignore', 'ignore_ament_install']
[0.242s] Level 1:colcon.colcon_core.package_identification:_identify(log) by extension 'ignore'
[0.242s] Level 1:colcon.colcon_core.package_identification:_identify(log) ignored
[0.242s] Level 1:colcon.colcon_core.package_identification:_identify(my_robot_bringup) by extensions ['ignore', 'ignore_ament_install']
[0.242s] Level 1:colcon.colcon_core.package_identification:_identify(my_robot_bringup) by extension 'ignore'
[0.243s] Level 1:colcon.colcon_core.package_identification:_identify(my_robot_bringup) by extension 'ignore_ament_install'
[0.243s] Level 1:colcon.colcon_core.package_identification:_identify(my_robot_bringup) by extensions ['colcon_pkg']
[0.243s] Level 1:colcon.colcon_core.package_identification:_identify(my_robot_bringup) by extension 'colcon_pkg'
[0.243s] Level 1:colcon.colcon_core.package_identification:_identify(my_robot_bringup) by extensions ['colcon_meta']
[0.243s] Level 1:colcon.colcon_core.package_identification:_identify(my_robot_bringup) by extension 'colcon_meta'
[0.243s] Level 1:colcon.colcon_core.package_identification:_identify(my_robot_bringup) by extensions ['ros']
[0.243s] Level 1:colcon.colcon_core.package_identification:_identify(my_robot_bringup) by extension 'ros'
[0.243s] DEBUG:colcon.colcon_core.package_identification:Package 'my_robot_bringup' with type 'ros.ament_cmake' and name 'my_robot_bringup'
[0.243s] Level 1:colcon.colcon_core.package_identification:_identify(my_robot_cpp) by extensions ['ignore', 'ignore_ament_install']
[0.243s] Level 1:colcon.colcon_core.package_identification:_identify(my_robot_cpp) by extension 'ignore'
[0.243s] Level 1:colcon.colcon_core.package_identification:_identify(my_robot_cpp) by extension 'ignore_ament_install'
[0.244s] Level 1:colcon.colcon_core.package_identification:_identify(my_robot_cpp) by extensions ['colcon_pkg']
[0.244s] Level 1:colcon.colcon_core.package_identification:_identify(my_robot_cpp) by extension 'colcon_pkg'
[0.244s] Level 1:colcon.colcon_core.package_identification:_identify(my_robot_cpp) by extensions ['colcon_meta']
[0.244s] Level 1:colcon.colcon_core.package_identification:_identify(my_robot_cpp) by extension 'colcon_meta'
[0.244s] Level 1:colcon.colcon_core.package_identification:_identify(my_robot_cpp) by extensions ['ros']
[0.244s] Level 1:colcon.colcon_core.package_identification:_identify(my_robot_cpp) by extension 'ros'
[0.245s] DEBUG:colcon.colcon_core.package_identification:Package 'my_robot_cpp' with type 'ros.ament_cmake' and name 'my_robot_cpp'
[0.245s] Level 1:colcon.colcon_core.package_identification:_identify(my_robot_description) by extensions ['ignore', 'ignore_ament_install']
[0.245s] Level 1:colcon.colcon_core.package_identification:_identify(my_robot_description) by extension 'ignore'
[0.245s] Level 1:colcon.colcon_core.package_identification:_identify(my_robot_description) by extension 'ignore_ament_install'
[0.245s] Level 1:colcon.colcon_core.package_identification:_identify(my_robot_description) by extensions ['colcon_pkg']
[0.245s] Level 1:colcon.colcon_core.package_identification:_identify(my_robot_description) by extension 'colcon_pkg'
[0.245s] Level 1:colcon.colcon_core.package_identification:_identify(my_robot_description) by extensions ['colcon_meta']
[0.245s] Level 1:colcon.colcon_core.package_identification:_identify(my_robot_description) by extension 'colcon_meta'
[0.245s] Level 1:colcon.colcon_core.package_identification:_identify(my_robot_description) by extensions ['ros']
[0.245s] Level 1:colcon.colcon_core.package_identification:_identify(my_robot_description) by extension 'ros'
[0.246s] DEBUG:colcon.colcon_core.package_identification:Package 'my_robot_description' with type 'ros.ament_cmake' and name 'my_robot_description'
[0.246s] Level 1:colcon.colcon_core.package_identification:_identify(my_robot_interfaces) by extensions ['ignore', 'ignore_ament_install']
[0.246s] Level 1:colcon.colcon_core.package_identification:_identify(my_robot_interfaces) by extension 'ignore'
[0.246s] Level 1:colcon.colcon_core.package_identification:_identify(my_robot_interfaces) by extension 'ignore_ament_install'
[0.246s] Level 1:colcon.colcon_core.package_identification:_identify(my_robot_interfaces) by extensions ['colcon_pkg']
[0.246s] Level 1:colcon.colcon_core.package_identification:_identify(my_robot_interfaces) by extension 'colcon_pkg'
[0.246s] Level 1:colcon.colcon_core.package_identification:_identify(my_robot_interfaces) by extensions ['colcon_meta']
[0.246s] Level 1:colcon.colcon_core.package_identification:_identify(my_robot_interfaces) by extension 'colcon_meta'
[0.246s] Level 1:colcon.colcon_core.package_identification:_identify(my_robot_interfaces) by extensions ['ros']
[0.246s] Level 1:colcon.colcon_core.package_identification:_identify(my_robot_interfaces) by extension 'ros'
[0.247s] DEBUG:colcon.colcon_core.package_identification:Package 'my_robot_interfaces' with type 'ros.ament_cmake' and name 'my_robot_interfaces'
[0.247s] Level 1:colcon.colcon_core.package_identification:_identify(my_robot_python) by extensions ['ignore', 'ignore_ament_install']
[0.247s] Level 1:colcon.colcon_core.package_identification:_identify(my_robot_python) by extension 'ignore'
[0.247s] Level 1:colcon.colcon_core.package_identification:_identify(my_robot_python) by extension 'ignore_ament_install'
[0.247s] Level 1:colcon.colcon_core.package_identification:_identify(my_robot_python) by extensions ['colcon_pkg']
[0.247s] Level 1:colcon.colcon_core.package_identification:_identify(my_robot_python) by extension 'colcon_pkg'
[0.247s] Level 1:colcon.colcon_core.package_identification:_identify(my_robot_python) by extensions ['colcon_meta']
[0.247s] Level 1:colcon.colcon_core.package_identification:_identify(my_robot_python) by extension 'colcon_meta'
[0.247s] Level 1:colcon.colcon_core.package_identification:_identify(my_robot_python) by extensions ['ros']
[0.247s] Level 1:colcon.colcon_core.package_identification:_identify(my_robot_python) by extension 'ros'
[0.248s] DEBUG:colcon.colcon_core.package_identification:Package 'my_robot_python' with type 'ros.ament_python' and name 'my_robot_python'
[0.248s] Level 1:colcon.colcon_core.package_identification:_identify(robot_cpp) by extensions ['ignore', 'ignore_ament_install']
[0.248s] Level 1:colcon.colcon_core.package_identification:_identify(robot_cpp) by extension 'ignore'
[0.248s] Level 1:colcon.colcon_core.package_identification:_identify(robot_cpp) by extension 'ignore_ament_install'
[0.248s] Level 1:colcon.colcon_core.package_identification:_identify(robot_cpp) by extensions ['colcon_pkg']
[0.248s] Level 1:colcon.colcon_core.package_identification:_identify(robot_cpp) by extension 'colcon_pkg'
[0.248s] Level 1:colcon.colcon_core.package_identification:_identify(robot_cpp) by extensions ['colcon_meta']
[0.248s] Level 1:colcon.colcon_core.package_identification:_identify(robot_cpp) by extension 'colcon_meta'
[0.248s] Level 1:colcon.colcon_core.package_identification:_identify(robot_cpp) by extensions ['ros']
[0.248s] Level 1:colcon.colcon_core.package_identification:_identify(robot_cpp) by extension 'ros'
[0.249s] DEBUG:colcon.colcon_core.package_identification:Package 'robot_cpp' with type 'ros.ament_cmake' and name 'robot_cpp'
[0.249s] Level 1:colcon.colcon_core.package_identification:_identify(robot_py) by extensions ['ignore', 'ignore_ament_install']
[0.249s] Level 1:colcon.colcon_core.package_identification:_identify(robot_py) by extension 'ignore'
[0.249s] Level 1:colcon.colcon_core.package_identification:_identify(robot_py) by extension 'ignore_ament_install'
[0.249s] Level 1:colcon.colcon_core.package_identification:_identify(robot_py) by extensions ['colcon_pkg']
[0.249s] Level 1:colcon.colcon_core.package_identification:_identify(robot_py) by extension 'colcon_pkg'
[0.249s] Level 1:colcon.colcon_core.package_identification:_identify(robot_py) by extensions ['colcon_meta']
[0.249s] Level 1:colcon.colcon_core.package_identification:_identify(robot_py) by extension 'colcon_meta'
[0.249s] Level 1:colcon.colcon_core.package_identification:_identify(robot_py) by extensions ['ros']
[0.249s] Level 1:colcon.colcon_core.package_identification:_identify(robot_py) by extension 'ros'
[0.250s] DEBUG:colcon.colcon_core.package_identification:Package 'robot_py' with type 'ros.ament_python' and name 'robot_py'
[0.250s] Level 1:colcon.colcon_core.package_discovery:discover_packages(recursive) using defaults
[0.250s] Level 1:colcon.colcon_core.package_discovery:discover_packages(ignore) discover
[0.250s] Level 1:colcon.colcon_core.package_discovery:discover_packages(ignore) using defaults
[0.250s] Level 1:colcon.colcon_core.package_discovery:discover_packages(path) discover
[0.250s] Level 1:colcon.colcon_core.package_discovery:discover_packages(path) using defaults
[0.250s] WARNING:colcon.colcon_core.package_selection:ignoring unknown package 'executor_py' in --packages-select
[0.274s] INFO:colcon.colcon_core.package_selection:Skipping not selected package 'my_robot_description' in 'my_robot_description'
[0.274s] INFO:colcon.colcon_core.package_selection:Skipping not selected package 'my_robot_interfaces' in 'my_robot_interfaces'
[0.275s] INFO:colcon.colcon_core.package_selection:Skipping not selected package 'my_robot_python' in 'my_robot_python'
[0.275s] INFO:colcon.colcon_core.package_selection:Skipping not selected package 'robot_py' in 'robot_py'
[0.275s] INFO:colcon.colcon_core.package_selection:Skipping not selected package 'actions_cpp' in 'actions_cpp'
[0.275s] INFO:colcon.colcon_core.package_selection:Skipping not selected package 'actions_py' in 'actions_py'
[0.275s] INFO:colcon.colcon_core.package_selection:Skipping not selected package 'executors_cpp' in 'executors_cpp'
[0.275s] INFO:colcon.colcon_core.package_selection:Skipping not selected package 'executors_py' in 'executors_py'
[0.275s] INFO:colcon.colcon_core.package_selection:Skipping not selected package 'lifecycle_cpp' in 'lifecycle_cpp'
[0.275s] INFO:colcon.colcon_core.package_selection:Skipping not selected package 'lifecycle_py' in 'lifecycle_py'
[0.275s] INFO:colcon.colcon_core.package_selection:Skipping not selected package 'my_robot_cpp' in 'my_robot_cpp'
[0.275s] INFO:colcon.colcon_core.package_selection:Skipping not selected package 'robot_cpp' in 'robot_cpp'
[0.275s] INFO:colcon.colcon_core.package_selection:Skipping not selected package 'my_robot_bringup' in 'my_robot_bringup'
[0.275s] Level 1:colcon.colcon_core.package_discovery:discover_packages(prefix_path) check parameters
[0.275s] Level 1:colcon.colcon_core.package_discovery:discover_packages(prefix_path) discover
[0.278s] DEBUG:colcon.colcon_installed_package_information.package_discovery:Found 11 installed packages in /home/vincent-pc/ros2_jazzy/install
[0.280s] DEBUG:colcon.colcon_installed_package_information.package_discovery:Found 317 installed packages in /opt/ros/jazzy
[0.281s] Level 1:colcon.colcon_core.package_discovery:discover_packages(prefix_path) using defaults
[0.356s] INFO:colcon.colcon_core.executor:Executing jobs using 'parallel' executor
[0.357s] DEBUG:colcon.colcon_parallel_executor.executor.parallel:run_until_complete
[0.357s] DEBUG:colcon.colcon_parallel_executor.executor.parallel:closing loop
[0.357s] DEBUG:colcon.colcon_parallel_executor.executor.parallel:loop closed
[0.358s] DEBUG:colcon.colcon_parallel_executor.executor.parallel:run_until_complete finished with '0'
[0.358s] DEBUG:colcon.colcon_core.event_reactor:joining thread
[0.364s] INFO:colcon.colcon_core.plugin_system:Skipping extension 'colcon_notification.desktop_notification.terminal_notifier': Not used on non-Darwin systems
[0.364s] INFO:colcon.colcon_core.plugin_system:Skipping extension 'colcon_notification.desktop_notification.win32': Not used on non-Windows systems
[0.364s] INFO:colcon.colcon_notification.desktop_notification:Sending desktop notification using 'notify2'
[0.376s] DEBUG:colcon.colcon_core.event_reactor:joined thread
[0.380s] INFO:colcon.colcon_core.plugin_system:Skipping extension 'colcon_core.shell.bat': Not used on non-Windows systems
[0.380s] INFO:colcon.colcon_core.shell:Creating prefix script '/home/vincent-pc/ros2_jazzy/src/install/local_setup.ps1'
[0.381s] INFO:colcon.colcon_core.shell:Creating prefix util module '/home/vincent-pc/ros2_jazzy/src/install/_local_setup_util_ps1.py'
[0.382s] INFO:colcon.colcon_core.shell:Creating prefix chain script '/home/vincent-pc/ros2_jazzy/src/install/setup.ps1'
[0.383s] INFO:colcon.colcon_core.shell:Creating prefix script '/home/vincent-pc/ros2_jazzy/src/install/local_setup.sh'
[0.384s] INFO:colcon.colcon_core.shell:Creating prefix util module '/home/vincent-pc/ros2_jazzy/src/install/_local_setup_util_sh.py'
[0.384s] INFO:colcon.colcon_core.shell:Creating prefix chain script '/home/vincent-pc/ros2_jazzy/src/install/setup.sh'
[0.385s] INFO:colcon.colcon_core.shell:Creating prefix script '/home/vincent-pc/ros2_jazzy/src/install/local_setup.bash'
[0.386s] INFO:colcon.colcon_core.shell:Creating prefix chain script '/home/vincent-pc/ros2_jazzy/src/install/setup.bash'
[0.387s] INFO:colcon.colcon_core.shell:Creating prefix script '/home/vincent-pc/ros2_jazzy/src/install/local_setup.zsh'
[0.387s] INFO:colcon.colcon_core.shell:Creating prefix chain script '/home/vincent-pc/ros2_jazzy/src/install/setup.zsh'
