running develop
Removing /home/vincent-pc/ros2_jazzy/install/executors_py/lib/python3.12/site-packages/executors-py.egg-link (link to .)
running egg_info
writing ../../build/executors_py/executors_py.egg-info/PKG-INFO
writing dependency_links to ../../build/executors_py/executors_py.egg-info/dependency_links.txt
writing entry points to ../../build/executors_py/executors_py.egg-info/entry_points.txt
writing requirements to ../../build/executors_py/executors_py.egg-info/requires.txt
writing top-level names to ../../build/executors_py/executors_py.egg-info/top_level.txt
reading manifest file '../../build/executors_py/executors_py.egg-info/SOURCES.txt'
writing manifest file '../../build/executors_py/executors_py.egg-info/SOURCES.txt'
running build
running build_py
running install
running install_lib
creating /home/vincent-pc/ros2_jazzy/install/executors_py/lib/python3.12/site-packages/executors_py
copying /home/vincent-pc/ros2_jazzy/build/executors_py/build/lib/executors_py/number_publisher.py -> /home/vincent-pc/ros2_jazzy/install/executors_py/lib/python3.12/site-packages/executors_py
copying /home/vincent-pc/ros2_jazzy/build/executors_py/build/lib/executors_py/multi_threaded_executor.py -> /home/vincent-pc/ros2_jazzy/install/executors_py/lib/python3.12/site-packages/executors_py
copying /home/vincent-pc/ros2_jazzy/build/executors_py/build/lib/executors_py/__init__.py -> /home/vincent-pc/ros2_jazzy/install/executors_py/lib/python3.12/site-packages/executors_py
copying /home/vincent-pc/ros2_jazzy/build/executors_py/build/lib/executors_py/several_single_nodes_executor.py -> /home/vincent-pc/ros2_jazzy/install/executors_py/lib/python3.12/site-packages/executors_py
copying /home/vincent-pc/ros2_jazzy/build/executors_py/build/lib/executors_py/single_threaded_executor.py -> /home/vincent-pc/ros2_jazzy/install/executors_py/lib/python3.12/site-packages/executors_py
copying /home/vincent-pc/ros2_jazzy/build/executors_py/build/lib/executors_py/several_multi_nodes_executor.py -> /home/vincent-pc/ros2_jazzy/install/executors_py/lib/python3.12/site-packages/executors_py
byte-compiling /home/vincent-pc/ros2_jazzy/install/executors_py/lib/python3.12/site-packages/executors_py/number_publisher.py to number_publisher.cpython-312.pyc
byte-compiling /home/vincent-pc/ros2_jazzy/install/executors_py/lib/python3.12/site-packages/executors_py/multi_threaded_executor.py to multi_threaded_executor.cpython-312.pyc
byte-compiling /home/vincent-pc/ros2_jazzy/install/executors_py/lib/python3.12/site-packages/executors_py/__init__.py to __init__.cpython-312.pyc
byte-compiling /home/vincent-pc/ros2_jazzy/install/executors_py/lib/python3.12/site-packages/executors_py/several_single_nodes_executor.py to several_single_nodes_executor.cpython-312.pyc
byte-compiling /home/vincent-pc/ros2_jazzy/install/executors_py/lib/python3.12/site-packages/executors_py/single_threaded_executor.py to single_threaded_executor.cpython-312.pyc
byte-compiling /home/vincent-pc/ros2_jazzy/install/executors_py/lib/python3.12/site-packages/executors_py/several_multi_nodes_executor.py to several_multi_nodes_executor.cpython-312.pyc
running install_data
copying resource/executors_py -> /home/vincent-pc/ros2_jazzy/install/executors_py/share/ament_index/resource_index/packages
copying package.xml -> /home/vincent-pc/ros2_jazzy/install/executors_py/share/executors_py
running install_egg_info
Copying ../../build/executors_py/executors_py.egg-info to /home/vincent-pc/ros2_jazzy/install/executors_py/lib/python3.12/site-packages/executors_py-0.0.0-py3.12.egg-info
running install_scripts
Installing multi_threaded_executor_py script to /home/vincent-pc/ros2_jazzy/install/executors_py/lib/executors_py
Installing number_publisher_py script to /home/vincent-pc/ros2_jazzy/install/executors_py/lib/executors_py
Installing several_multi_nodes_executor_py script to /home/vincent-pc/ros2_jazzy/install/executors_py/lib/executors_py
Installing several_single_nodes_executor_py script to /home/vincent-pc/ros2_jazzy/install/executors_py/lib/executors_py
Installing single_threaded_executor_py script to /home/vincent-pc/ros2_jazzy/install/executors_py/lib/executors_py
writing list of installed files to '/home/vincent-pc/ros2_jazzy/build/executors_py/install.log'
