-- Found ament_cmake: 2.5.4 (/opt/ros/jazzy/share/ament_cmake/cmake)
-- Override CMake install command with custom implementation using symlinks instead of copying resources
-- Found rclcpp: 28.1.13 (/opt/ros/jazzy/share/rclcpp/cmake)
-- Found rosidl_generator_c: 4.6.6 (/opt/ros/jazzy/share/rosidl_generator_c/cmake)
-- Found rosidl_generator_cpp: 4.6.6 (/opt/ros/jazzy/share/rosidl_generator_cpp/cmake)
-- Using all available rosidl_typesupport_c: rosidl_typesupport_fastrtps_c;rosidl_typesupport_introspection_c
-- Using all available rosidl_typesupport_cpp: rosidl_typesupport_fastrtps_cpp;rosidl_typesupport_introspection_cpp
-- Found rmw_implementation_cmake: 7.3.2 (/opt/ros/jazzy/share/rmw_implementation_cmake/cmake)
-- Found rmw_fastrtps_cpp: 8.4.3 (/opt/ros/jazzy/share/rmw_fastrtps_cpp/cmake)
-- Using RMW implementation 'rmw_fastrtps_cpp' as default
-- Found rclcpp_action: 28.1.13 (/opt/ros/jazzy/share/rclcpp_action/cmake)
-- Found rclcpp_lifecycle: 28.1.13 (/opt/ros/jazzy/share/rclcpp_lifecycle/cmake)
-- Found my_robot_interfaces: 0.0.0 (/home/vincent-pc/ros2_jazzy/install/my_robot_interfaces/share/my_robot_interfaces/cmake)
-- Found example_interfaces: 0.12.0 (/opt/ros/jazzy/share/example_interfaces/cmake)
-- Configuring done (0.7s)
-- Generating done (0.0s)
-- Build files have been written to: /home/vincent-pc/ros2_jazzy/build/executors_cpp
[ 25%] [32mBuilding CXX object CMakeFiles/multi_threaded_executor_cpp.dir/src/multi_threaded_executor.cpp.o[0m
[ 75%] Built target single_threaded_executor_cpp
[01m[K/home/vincent-pc/ros2_jazzy/src/executors_cpp/src/multi_threaded_executor.cpp:[m[K In constructor ‘[01m[KMultiThreadedExecutorNode::[01;32m[KMultiThreadedExecutorNode[m[K()[m[K’:
[01m[K/home/vincent-pc/ros2_jazzy/src/executors_cpp/src/multi_threaded_executor.cpp:12:56:[m[K [01;31m[Kerror: [m[Kfound ‘[01m[K:[m[K’ in nested-name-specifier, expected ‘[01m[K::[m[K’
   12 |         cb_group1_ = this->create_callback_group(rclcpp[01;31m[K:[m[KCallbackGroupType::MutuallyExclusive);
      |                                                        [01;31m[K^[m[K
      |                                                        [32m[K::[m[K
[01m[K/home/vincent-pc/ros2_jazzy/src/executors_cpp/src/multi_threaded_executor.cpp:13:56:[m[K [01;31m[Kerror: [m[Kfound ‘[01m[K:[m[K’ in nested-name-specifier, expected ‘[01m[K::[m[K’
   13 |         cb_group2_ = this->create_callback_group(rclcpp[01;31m[K:[m[KCallbackGroupType::MutuallyExclusive);
      |                                                        [01;31m[K^[m[K
      |                                                        [32m[K::[m[K
[01m[K/home/vincent-pc/ros2_jazzy/src/executors_cpp/src/multi_threaded_executor.cpp:[m[K In constructor ‘[01m[KNode2::[01;32m[KNode2[m[K()[m[K’:
[01m[K/home/vincent-pc/ros2_jazzy/src/executors_cpp/src/multi_threaded_executor.cpp:62:20:[m[K [01;31m[Kerror: [m[Kexpected ‘[01m[K;[m[K’ before ‘[01m[Kthis[m[K’
   62 |         cb_group3_ [01;31m[Kthis[m[K->create_callback_group(rclcpp::CallbackGroupType::Reentrant);
      |                    [01;31m[K^~~~[m[K
[01m[K/home/vincent-pc/ros2_jazzy/src/executors_cpp/src/multi_threaded_executor.cpp:62:9:[m[K [01;35m[Kwarning: [m[Kstatement has no effect [[01;35m[K]8;;https://gcc.gnu.org/onlinedocs/gcc/Warning-Options.html#index-Wunused-value-Wunused-value]8;;[m[K]
   62 |         [01;35m[Kcb_group3_[m[K this->create_callback_group(rclcpp::CallbackGroupType::Reentrant);
      |         [01;35m[K^~~~~~~~~~[m[K
gmake[2]: *** [CMakeFiles/multi_threaded_executor_cpp.dir/build.make:76: CMakeFiles/multi_threaded_executor_cpp.dir/src/multi_threaded_executor.cpp.o] Error 1
gmake[1]: *** [CMakeFiles/Makefile2:165: CMakeFiles/multi_threaded_executor_cpp.dir/all] Error 2
gmake: *** [Makefile:146: all] Error 2
