[0.027s] Invoking command in '/home/vincent-pc/ros2_jazzy/src/build/my_robot_interfaces': CMAKE_PREFIX_PATH=${CMAKE_PREFIX_PATH}:/home/vincent-pc/ros2_jazzy/install/robot_py:/home/vincent-pc/ros2_jazzy/install/my_robot_python:/home/vincent-pc/ros2_jazzy/install/lifecycle_py:/home/vincent-pc/ros2_jazzy/install/executors_py:/home/vincent-pc/ros2_jazzy/install/components_py:/home/vincent-pc/ros2_jazzy/install/actions_py:/opt/ros/jazzy DEBUGINFOD_URLS=https://debuginfod.ubuntu.com /usr/bin/cmake --build /home/vincent-pc/ros2_jazzy/src/build/my_robot_interfaces -- -j8 -l8
[0.258s] -- Found ament_cmake: 2.5.4 (/opt/ros/jazzy/share/ament_cmake/cmake)
[0.259s] -- Found Python3: /usr/bin/python3 (found version "3.12.3") found components: Interpreter 
[0.259s] -- Override CMake install command with custom implementation using symlinks instead of copying resources
[0.259s] -- Found rosidl_default_generators: 1.6.0 (/opt/ros/jazzy/share/rosidl_default_generators/cmake)
[0.259s] -- Using all available rosidl_typesupport_c: rosidl_typesupport_fastrtps_c;rosidl_typesupport_introspection_c
[0.260s] -- Using all available rosidl_typesupport_cpp: rosidl_typesupport_fastrtps_cpp;rosidl_typesupport_introspection_cpp
[0.260s] -- Found rosidl_adapter: 4.6.6 (/opt/ros/jazzy/share/rosidl_adapter/cmake)
[0.654s] -- Found ament_cmake_ros: 0.12.0 (/opt/ros/jazzy/share/ament_cmake_ros/cmake)
[0.779s] -- Using all available rosidl_typesupport_c: rosidl_typesupport_fastrtps_c;rosidl_typesupport_introspection_c
[0.922s] -- Using all available rosidl_typesupport_cpp: rosidl_typesupport_fastrtps_cpp;rosidl_typesupport_introspection_cpp
[0.924s] -- Found python_cmake_module: 0.11.1 (/opt/ros/jazzy/share/python_cmake_module/cmake)
[1.238s] -- Found Python3: /usr/bin/python3 (found version "3.12.3") found components: Interpreter Development NumPy Development.Module Development.Embed 
[1.276s] -- Configuring done (1.2s)
[1.347s] -- Generating done (0.1s)
[1.361s] -- Build files have been written to: /home/vincent-pc/ros2_jazzy/src/build/my_robot_interfaces
[1.398s] [  1%] [34m[1mGenerating type hashes for ROS interfaces[0m
[1.408s] [  1%] Built target ament_cmake_python_symlink_my_robot_interfaces
[1.667s] running egg_info
[1.689s] writing my_robot_interfaces.egg-info/PKG-INFO
[1.690s] writing dependency_links to my_robot_interfaces.egg-info/dependency_links.txt
[1.690s] writing top-level names to my_robot_interfaces.egg-info/top_level.txt
[1.757s] reading manifest file 'my_robot_interfaces.egg-info/SOURCES.txt'
[1.758s] writing manifest file 'my_robot_interfaces.egg-info/SOURCES.txt'
[1.821s] [  1%] Built target ament_cmake_python_build_my_robot_interfaces_egg
[1.852s] [  1%] Built target my_robot_interfaces__rosidl_generator_type_description
[1.864s] [  2%] [34m[1mGenerating C code for ROS interfaces[0m
[1.875s] [  2%] [34m[1mGenerating C++ code for ROS interfaces[0m
[3.167s] [  2%] Built target my_robot_interfaces__cpp
[3.460s] [  3%] [32mBuilding C object CMakeFiles/my_robot_interfaces__rosidl_generator_c.dir/rosidl_generator_c/my_robot_interfaces/msg/detail/my_robot_state__type_support.c.o[0m
[3.460s] [  4%] [32mBuilding C object CMakeFiles/my_robot_interfaces__rosidl_generator_c.dir/rosidl_generator_c/my_robot_interfaces/msg/detail/my_robot_differential__type_support.c.o[0m
[3.461s] [  5%] [32mBuilding C object CMakeFiles/my_robot_interfaces__rosidl_generator_c.dir/rosidl_generator_c/my_robot_interfaces/msg/detail/my_robot_state__functions.c.o[0m
[3.461s] [  6%] [32mBuilding C object CMakeFiles/my_robot_interfaces__rosidl_generator_c.dir/rosidl_generator_c/my_robot_interfaces/msg/detail/my_robot_differential__description.c.o[0m
[3.461s] [  6%] [32mBuilding C object CMakeFiles/my_robot_interfaces__rosidl_generator_c.dir/rosidl_generator_c/my_robot_interfaces/msg/detail/my_robot_differential__functions.c.o[0m
[3.464s] [  7%] [32mBuilding C object CMakeFiles/my_robot_interfaces__rosidl_generator_c.dir/rosidl_generator_c/my_robot_interfaces/msg/detail/my_robot_joint0__functions.c.o[0m
[3.464s] [  7%] [32mBuilding C object CMakeFiles/my_robot_interfaces__rosidl_generator_c.dir/rosidl_generator_c/my_robot_interfaces/msg/detail/my_robot_state__description.c.o[0m
[3.469s] [  8%] [32mBuilding C object CMakeFiles/my_robot_interfaces__rosidl_generator_c.dir/rosidl_generator_c/my_robot_interfaces/msg/detail/my_robot_joint0__description.c.o[0m
[3.525s] [  9%] [32mBuilding C object CMakeFiles/my_robot_interfaces__rosidl_generator_c.dir/rosidl_generator_c/my_robot_interfaces/msg/detail/my_robot_joint0__type_support.c.o[0m
[3.527s] [ 10%] [32mBuilding C object CMakeFiles/my_robot_interfaces__rosidl_generator_c.dir/rosidl_generator_c/my_robot_interfaces/msg/detail/my_robot_joint1__description.c.o[0m
[3.542s] [ 11%] [32mBuilding C object CMakeFiles/my_robot_interfaces__rosidl_generator_c.dir/rosidl_generator_c/my_robot_interfaces/msg/detail/my_robot_joint1__functions.c.o[0m
[3.544s] [ 12%] [32mBuilding C object CMakeFiles/my_robot_interfaces__rosidl_generator_c.dir/rosidl_generator_c/my_robot_interfaces/msg/detail/my_robot_joint1__type_support.c.o[0m
[3.544s] [ 12%] [32mBuilding C object CMakeFiles/my_robot_interfaces__rosidl_generator_c.dir/rosidl_generator_c/my_robot_interfaces/msg/detail/led_state_array__description.c.o[0m
[3.561s] [ 13%] [32mBuilding C object CMakeFiles/my_robot_interfaces__rosidl_generator_c.dir/rosidl_generator_c/my_robot_interfaces/msg/detail/led_state_array__type_support.c.o[0m
[3.567s] [ 14%] [32mBuilding C object CMakeFiles/my_robot_interfaces__rosidl_generator_c.dir/rosidl_generator_c/my_robot_interfaces/msg/detail/led_state_array__functions.c.o[0m
[3.569s] [ 15%] [32mBuilding C object CMakeFiles/my_robot_interfaces__rosidl_generator_c.dir/rosidl_generator_c/my_robot_interfaces/srv/detail/my_robot_srv__description.c.o[0m
[3.593s] [ 16%] [32mBuilding C object CMakeFiles/my_robot_interfaces__rosidl_generator_c.dir/rosidl_generator_c/my_robot_interfaces/srv/detail/my_robot_srv__functions.c.o[0m
[3.605s] [ 16%] [32mBuilding C object CMakeFiles/my_robot_interfaces__rosidl_generator_c.dir/rosidl_generator_c/my_robot_interfaces/srv/detail/my_robot_srv__type_support.c.o[0m
[3.606s] [ 17%] [32mBuilding C object CMakeFiles/my_robot_interfaces__rosidl_generator_c.dir/rosidl_generator_c/my_robot_interfaces/srv/detail/set_led__functions.c.o[0m
[3.607s] [ 18%] [32mBuilding C object CMakeFiles/my_robot_interfaces__rosidl_generator_c.dir/rosidl_generator_c/my_robot_interfaces/srv/detail/set_led__description.c.o[0m
[3.632s] [ 19%] [32mBuilding C object CMakeFiles/my_robot_interfaces__rosidl_generator_c.dir/rosidl_generator_c/my_robot_interfaces/action/detail/count_until__description.c.o[0m
[3.637s] [ 20%] [32mBuilding C object CMakeFiles/my_robot_interfaces__rosidl_generator_c.dir/rosidl_generator_c/my_robot_interfaces/srv/detail/set_led__type_support.c.o[0m
[3.663s] [ 20%] [32mBuilding C object CMakeFiles/my_robot_interfaces__rosidl_generator_c.dir/rosidl_generator_c/my_robot_interfaces/action/detail/count_until__functions.c.o[0m
[3.675s] [ 21%] [32mBuilding C object CMakeFiles/my_robot_interfaces__rosidl_generator_c.dir/rosidl_generator_c/my_robot_interfaces/action/detail/count_until__type_support.c.o[0m
[3.693s] [ 22%] [32mBuilding C object CMakeFiles/my_robot_interfaces__rosidl_generator_c.dir/rosidl_generator_c/my_robot_interfaces/action/detail/move_robot__description.c.o[0m
[3.716s] [ 23%] [32mBuilding C object CMakeFiles/my_robot_interfaces__rosidl_generator_c.dir/rosidl_generator_c/my_robot_interfaces/action/detail/move_robot__functions.c.o[0m
[3.735s] [ 24%] [32mBuilding C object CMakeFiles/my_robot_interfaces__rosidl_generator_c.dir/rosidl_generator_c/my_robot_interfaces/action/detail/move_robot__type_support.c.o[0m
[3.746s] [ 25%] [32mBuilding C object CMakeFiles/my_robot_interfaces__rosidl_generator_c.dir/rosidl_generator_c/my_robot_interfaces/action/detail/move_turtle__description.c.o[0m
[3.761s] [ 25%] [32mBuilding C object CMakeFiles/my_robot_interfaces__rosidl_generator_c.dir/rosidl_generator_c/my_robot_interfaces/action/detail/move_turtle__functions.c.o[0m
[3.771s] [ 26%] [32mBuilding C object CMakeFiles/my_robot_interfaces__rosidl_generator_c.dir/rosidl_generator_c/my_robot_interfaces/action/detail/move_turtle__type_support.c.o[0m
[3.965s] [ 27%] [32m[1mLinking C shared library libmy_robot_interfaces__rosidl_generator_c.so[0m
[4.017s] [ 27%] Built target my_robot_interfaces__rosidl_generator_c
[4.030s] [ 27%] [34m[1mGenerating C++ type support for eProsima Fast-RTPS[0m
[4.032s] [ 28%] [34m[1mGenerating C++ type support dispatch for ROS interfaces[0m
[4.033s] [ 31%] [34m[1mGenerating C++ introspection for ROS interfaces[0m
[4.034s] [ 31%] [34m[1mGenerating C type support for eProsima Fast-RTPS[0m
[4.034s] [ 31%] [34m[1mGenerating C type support dispatch for ROS interfaces[0m
[4.034s] [ 31%] [34m[1mGenerating C introspection for ROS interfaces[0m
[4.985s] [ 32%] [32mBuilding CXX object CMakeFiles/my_robot_interfaces__rosidl_typesupport_c.dir/rosidl_typesupport_c/my_robot_interfaces/msg/my_robot_state__type_support.cpp.o[0m
[4.987s] [ 33%] [32mBuilding CXX object CMakeFiles/my_robot_interfaces__rosidl_typesupport_c.dir/rosidl_typesupport_c/my_robot_interfaces/msg/my_robot_differential__type_support.cpp.o[0m
[4.996s] [ 34%] [32mBuilding CXX object CMakeFiles/my_robot_interfaces__rosidl_typesupport_c.dir/rosidl_typesupport_c/my_robot_interfaces/msg/my_robot_joint0__type_support.cpp.o[0m
[5.107s] [ 35%] [32mBuilding CXX object CMakeFiles/my_robot_interfaces__rosidl_typesupport_c.dir/rosidl_typesupport_c/my_robot_interfaces/srv/my_robot_srv__type_support.cpp.o[0m
[5.114s] [ 36%] [32mBuilding CXX object CMakeFiles/my_robot_interfaces__rosidl_typesupport_c.dir/rosidl_typesupport_c/my_robot_interfaces/msg/my_robot_joint1__type_support.cpp.o[0m
[5.117s] [ 36%] [32mBuilding CXX object CMakeFiles/my_robot_interfaces__rosidl_typesupport_c.dir/rosidl_typesupport_c/my_robot_interfaces/msg/led_state_array__type_support.cpp.o[0m
[5.208s] [ 37%] [32mBuilding CXX object CMakeFiles/my_robot_interfaces__rosidl_typesupport_c.dir/rosidl_typesupport_c/my_robot_interfaces/action/count_until__type_support.cpp.o[0m
[5.215s] [ 38%] [32mBuilding CXX object CMakeFiles/my_robot_interfaces__rosidl_typesupport_c.dir/rosidl_typesupport_c/my_robot_interfaces/srv/set_led__type_support.cpp.o[0m
[5.264s] [ 39%] [32mBuilding CXX object CMakeFiles/my_robot_interfaces__rosidl_typesupport_c.dir/rosidl_typesupport_c/my_robot_interfaces/action/move_robot__type_support.cpp.o[0m
[5.328s] [ 39%] [32mBuilding CXX object CMakeFiles/my_robot_interfaces__rosidl_typesupport_c.dir/rosidl_typesupport_c/my_robot_interfaces/action/move_turtle__type_support.cpp.o[0m
[5.381s] [ 40%] [32mBuilding CXX object CMakeFiles/my_robot_interfaces__rosidl_typesupport_cpp.dir/rosidl_typesupport_cpp/my_robot_interfaces/msg/my_robot_state__type_support.cpp.o[0m
[5.382s] [ 41%] [32mBuilding CXX object CMakeFiles/my_robot_interfaces__rosidl_typesupport_cpp.dir/rosidl_typesupport_cpp/my_robot_interfaces/msg/my_robot_differential__type_support.cpp.o[0m
[5.382s] [ 42%] [32mBuilding CXX object CMakeFiles/my_robot_interfaces__rosidl_typesupport_cpp.dir/rosidl_typesupport_cpp/my_robot_interfaces/msg/my_robot_joint0__type_support.cpp.o[0m
[5.447s] [ 43%] [32m[1mLinking CXX shared library libmy_robot_interfaces__rosidl_typesupport_c.so[0m
[5.585s] [ 43%] Built target my_robot_interfaces__rosidl_typesupport_c
[5.615s] [ 43%] [32mBuilding CXX object CMakeFiles/my_robot_interfaces__rosidl_typesupport_cpp.dir/rosidl_typesupport_cpp/my_robot_interfaces/msg/my_robot_joint1__type_support.cpp.o[0m
[6.023s] [ 44%] [32mBuilding CXX object CMakeFiles/my_robot_interfaces__rosidl_typesupport_cpp.dir/rosidl_typesupport_cpp/my_robot_interfaces/msg/led_state_array__type_support.cpp.o[0m
[6.038s] [ 45%] [32mBuilding CXX object CMakeFiles/my_robot_interfaces__rosidl_typesupport_cpp.dir/rosidl_typesupport_cpp/my_robot_interfaces/srv/my_robot_srv__type_support.cpp.o[0m
[6.039s] [ 46%] [32mBuilding CXX object CMakeFiles/my_robot_interfaces__rosidl_typesupport_cpp.dir/rosidl_typesupport_cpp/my_robot_interfaces/srv/set_led__type_support.cpp.o[0m
[6.072s] [ 47%] [32mBuilding CXX object CMakeFiles/my_robot_interfaces__rosidl_typesupport_introspection_cpp.dir/rosidl_typesupport_introspection_cpp/my_robot_interfaces/msg/detail/my_robot_state__type_support.cpp.o[0m
[6.404s] [ 47%] [32mBuilding CXX object CMakeFiles/my_robot_interfaces__rosidl_typesupport_introspection_cpp.dir/rosidl_typesupport_introspection_cpp/my_robot_interfaces/msg/detail/my_robot_differential__type_support.cpp.o[0m
[6.502s] [ 48%] [32mBuilding C object CMakeFiles/my_robot_interfaces__rosidl_typesupport_introspection_c.dir/rosidl_typesupport_introspection_c/my_robot_interfaces/msg/detail/my_robot_state__type_support.c.o[0m
[6.611s] [ 49%] [32mBuilding CXX object CMakeFiles/my_robot_interfaces__rosidl_typesupport_introspection_cpp.dir/rosidl_typesupport_introspection_cpp/my_robot_interfaces/msg/detail/my_robot_joint0__type_support.cpp.o[0m
[6.670s] [ 50%] [32mBuilding C object CMakeFiles/my_robot_interfaces__rosidl_typesupport_introspection_c.dir/rosidl_typesupport_introspection_c/my_robot_interfaces/msg/detail/my_robot_differential__type_support.c.o[0m
[6.826s] [ 51%] [32mBuilding C object CMakeFiles/my_robot_interfaces__rosidl_typesupport_introspection_c.dir/rosidl_typesupport_introspection_c/my_robot_interfaces/msg/detail/my_robot_joint0__type_support.c.o[0m
[6.859s] [ 52%] [32mBuilding CXX object CMakeFiles/my_robot_interfaces__rosidl_typesupport_introspection_cpp.dir/rosidl_typesupport_introspection_cpp/my_robot_interfaces/msg/detail/my_robot_joint1__type_support.cpp.o[0m
[6.930s] [ 52%] [32mBuilding C object CMakeFiles/my_robot_interfaces__rosidl_typesupport_introspection_c.dir/rosidl_typesupport_introspection_c/my_robot_interfaces/msg/detail/my_robot_joint1__type_support.c.o[0m
[7.080s] [ 53%] [32mBuilding CXX object CMakeFiles/my_robot_interfaces__rosidl_typesupport_introspection_cpp.dir/rosidl_typesupport_introspection_cpp/my_robot_interfaces/msg/detail/led_state_array__type_support.cpp.o[0m
[7.088s] [ 54%] [32mBuilding CXX object CMakeFiles/my_robot_interfaces__rosidl_typesupport_cpp.dir/rosidl_typesupport_cpp/my_robot_interfaces/action/count_until__type_support.cpp.o[0m
[7.103s] [ 55%] [32mBuilding C object CMakeFiles/my_robot_interfaces__rosidl_typesupport_introspection_c.dir/rosidl_typesupport_introspection_c/my_robot_interfaces/msg/detail/led_state_array__type_support.c.o[0m
[7.224s] [ 56%] [32mBuilding C object CMakeFiles/my_robot_interfaces__rosidl_typesupport_introspection_c.dir/rosidl_typesupport_introspection_c/my_robot_interfaces/srv/detail/my_robot_srv__type_support.c.o[0m
[7.419s] [ 57%] [32mBuilding C object CMakeFiles/my_robot_interfaces__rosidl_typesupport_introspection_c.dir/rosidl_typesupport_introspection_c/my_robot_interfaces/srv/detail/set_led__type_support.c.o[0m
[7.437s] [ 58%] [32mBuilding C object CMakeFiles/my_robot_interfaces__rosidl_typesupport_introspection_c.dir/rosidl_typesupport_introspection_c/my_robot_interfaces/action/detail/count_until__type_support.c.o[0m
[7.572s] [ 58%] [32mBuilding C object CMakeFiles/my_robot_interfaces__rosidl_typesupport_introspection_c.dir/rosidl_typesupport_introspection_c/my_robot_interfaces/action/detail/move_robot__type_support.c.o[0m
[7.648s] [ 59%] [32mBuilding CXX object CMakeFiles/my_robot_interfaces__rosidl_typesupport_introspection_cpp.dir/rosidl_typesupport_introspection_cpp/my_robot_interfaces/srv/detail/my_robot_srv__type_support.cpp.o[0m
[7.728s] [ 60%] [32mBuilding C object CMakeFiles/my_robot_interfaces__rosidl_typesupport_introspection_c.dir/rosidl_typesupport_introspection_c/my_robot_interfaces/action/detail/move_turtle__type_support.c.o[0m
[7.742s] [ 61%] [32mBuilding CXX object CMakeFiles/my_robot_interfaces__rosidl_typesupport_fastrtps_cpp.dir/rosidl_typesupport_fastrtps_cpp/my_robot_interfaces/msg/detail/dds_fastrtps/my_robot_state__type_support.cpp.o[0m
[7.867s] [ 62%] [32mBuilding CXX object CMakeFiles/my_robot_interfaces__rosidl_typesupport_fastrtps_cpp.dir/rosidl_typesupport_fastrtps_cpp/my_robot_interfaces/msg/detail/dds_fastrtps/my_robot_differential__type_support.cpp.o[0m
[7.868s] [ 62%] [32mBuilding CXX object CMakeFiles/my_robot_interfaces__rosidl_typesupport_introspection_cpp.dir/rosidl_typesupport_introspection_cpp/my_robot_interfaces/srv/detail/set_led__type_support.cpp.o[0m
[7.987s] [ 63%] [32m[1mLinking C shared library libmy_robot_interfaces__rosidl_typesupport_introspection_c.so[0m
[8.098s] [ 63%] [32mBuilding CXX object CMakeFiles/my_robot_interfaces__rosidl_typesupport_cpp.dir/rosidl_typesupport_cpp/my_robot_interfaces/action/move_robot__type_support.cpp.o[0m
[8.102s] [ 63%] Built target my_robot_interfaces__rosidl_typesupport_introspection_c
[8.126s] [ 64%] [32mBuilding CXX object CMakeFiles/my_robot_interfaces__rosidl_typesupport_fastrtps_cpp.dir/rosidl_typesupport_fastrtps_cpp/my_robot_interfaces/msg/detail/dds_fastrtps/my_robot_joint0__type_support.cpp.o[0m
[8.447s] [ 65%] [32mBuilding CXX object CMakeFiles/my_robot_interfaces__rosidl_typesupport_fastrtps_c.dir/rosidl_typesupport_fastrtps_c/my_robot_interfaces/msg/detail/my_robot_state__type_support_c.cpp.o[0m
[8.984s] [ 66%] [32mBuilding CXX object CMakeFiles/my_robot_interfaces__rosidl_typesupport_introspection_cpp.dir/rosidl_typesupport_introspection_cpp/my_robot_interfaces/action/detail/count_until__type_support.cpp.o[0m
[9.067s] [ 67%] [32mBuilding CXX object CMakeFiles/my_robot_interfaces__rosidl_typesupport_fastrtps_cpp.dir/rosidl_typesupport_fastrtps_cpp/my_robot_interfaces/msg/detail/dds_fastrtps/my_robot_joint1__type_support.cpp.o[0m
[9.118s] [ 67%] [32mBuilding CXX object CMakeFiles/my_robot_interfaces__rosidl_typesupport_fastrtps_c.dir/rosidl_typesupport_fastrtps_c/my_robot_interfaces/msg/detail/my_robot_differential__type_support_c.cpp.o[0m
[9.133s] [ 67%] [32mBuilding CXX object CMakeFiles/my_robot_interfaces__rosidl_typesupport_fastrtps_cpp.dir/rosidl_typesupport_fastrtps_cpp/my_robot_interfaces/msg/detail/dds_fastrtps/led_state_array__type_support.cpp.o[0m
[9.205s] [ 68%] [32mBuilding CXX object CMakeFiles/my_robot_interfaces__rosidl_typesupport_cpp.dir/rosidl_typesupport_cpp/my_robot_interfaces/action/move_turtle__type_support.cpp.o[0m
[9.291s] [ 69%] [32mBuilding CXX object CMakeFiles/my_robot_interfaces__rosidl_typesupport_introspection_cpp.dir/rosidl_typesupport_introspection_cpp/my_robot_interfaces/action/detail/move_robot__type_support.cpp.o[0m
[9.730s] [ 70%] [32mBuilding CXX object CMakeFiles/my_robot_interfaces__rosidl_typesupport_fastrtps_cpp.dir/rosidl_typesupport_fastrtps_cpp/my_robot_interfaces/srv/detail/dds_fastrtps/my_robot_srv__type_support.cpp.o[0m
[9.735s] [ 71%] [32mBuilding CXX object CMakeFiles/my_robot_interfaces__rosidl_typesupport_introspection_cpp.dir/rosidl_typesupport_introspection_cpp/my_robot_interfaces/action/detail/move_turtle__type_support.cpp.o[0m
[10.113s] [ 72%] [32mBuilding CXX object CMakeFiles/my_robot_interfaces__rosidl_typesupport_fastrtps_c.dir/rosidl_typesupport_fastrtps_c/my_robot_interfaces/msg/detail/my_robot_joint0__type_support_c.cpp.o[0m
[10.177s] [ 73%] [32mBuilding CXX object CMakeFiles/my_robot_interfaces__rosidl_typesupport_fastrtps_c.dir/rosidl_typesupport_fastrtps_c/my_robot_interfaces/msg/detail/my_robot_joint1__type_support_c.cpp.o[0m
[10.290s] [ 74%] [32mBuilding CXX object CMakeFiles/my_robot_interfaces__rosidl_typesupport_fastrtps_c.dir/rosidl_typesupport_fastrtps_c/my_robot_interfaces/msg/detail/led_state_array__type_support_c.cpp.o[0m
[10.562s] [ 75%] [32m[1mLinking CXX shared library libmy_robot_interfaces__rosidl_typesupport_cpp.so[0m
[10.649s] [ 76%] [32mBuilding CXX object CMakeFiles/my_robot_interfaces__rosidl_typesupport_fastrtps_c.dir/rosidl_typesupport_fastrtps_c/my_robot_interfaces/srv/detail/my_robot_srv__type_support_c.cpp.o[0m
[10.909s] [ 76%] Built target my_robot_interfaces__rosidl_typesupport_cpp
[10.931s] [ 77%] [32mBuilding CXX object CMakeFiles/my_robot_interfaces__rosidl_typesupport_fastrtps_cpp.dir/rosidl_typesupport_fastrtps_cpp/my_robot_interfaces/srv/detail/dds_fastrtps/set_led__type_support.cpp.o[0m
[11.237s] [ 78%] [32mBuilding CXX object CMakeFiles/my_robot_interfaces__rosidl_typesupport_fastrtps_cpp.dir/rosidl_typesupport_fastrtps_cpp/my_robot_interfaces/action/detail/dds_fastrtps/count_until__type_support.cpp.o[0m
[11.241s] [ 78%] [32mBuilding CXX object CMakeFiles/my_robot_interfaces__rosidl_typesupport_fastrtps_c.dir/rosidl_typesupport_fastrtps_c/my_robot_interfaces/srv/detail/set_led__type_support_c.cpp.o[0m
[11.257s] [ 79%] [32mBuilding CXX object CMakeFiles/my_robot_interfaces__rosidl_typesupport_fastrtps_c.dir/rosidl_typesupport_fastrtps_c/my_robot_interfaces/action/detail/count_until__type_support_c.cpp.o[0m
[11.319s] [ 80%] [32mBuilding CXX object CMakeFiles/my_robot_interfaces__rosidl_typesupport_fastrtps_c.dir/rosidl_typesupport_fastrtps_c/my_robot_interfaces/action/detail/move_robot__type_support_c.cpp.o[0m
[11.533s] [ 81%] [32m[1mLinking CXX shared library libmy_robot_interfaces__rosidl_typesupport_introspection_cpp.so[0m
[11.566s] [ 82%] [32mBuilding CXX object CMakeFiles/my_robot_interfaces__rosidl_typesupport_fastrtps_c.dir/rosidl_typesupport_fastrtps_c/my_robot_interfaces/action/detail/move_turtle__type_support_c.cpp.o[0m
[11.817s] [ 82%] Built target my_robot_interfaces__rosidl_typesupport_introspection_cpp
[11.849s] [ 83%] [32mBuilding CXX object CMakeFiles/my_robot_interfaces__rosidl_typesupport_fastrtps_cpp.dir/rosidl_typesupport_fastrtps_cpp/my_robot_interfaces/action/detail/dds_fastrtps/move_robot__type_support.cpp.o[0m
[11.869s] [ 84%] [32mBuilding CXX object CMakeFiles/my_robot_interfaces__rosidl_typesupport_fastrtps_cpp.dir/rosidl_typesupport_fastrtps_cpp/my_robot_interfaces/action/detail/dds_fastrtps/move_turtle__type_support.cpp.o[0m
[12.732s] [ 85%] [32m[1mLinking CXX shared library libmy_robot_interfaces__rosidl_typesupport_fastrtps_c.so[0m
[12.937s] [ 85%] Built target my_robot_interfaces__rosidl_typesupport_fastrtps_c
[13.640s] [ 85%] [32m[1mLinking CXX shared library libmy_robot_interfaces__rosidl_typesupport_fastrtps_cpp.so[0m
[13.756s] [ 85%] Built target my_robot_interfaces__rosidl_typesupport_fastrtps_cpp
[13.781s] [ 85%] Built target my_robot_interfaces
[13.808s] [ 86%] [34m[1mGenerating Python code for ROS interfaces[0m
[16.195s] [ 86%] Built target my_robot_interfaces__py
[16.234s] [ 87%] [32mBuilding C object CMakeFiles/my_robot_interfaces__rosidl_generator_py.dir/rosidl_generator_py/my_robot_interfaces/msg/_my_robot_state_s.c.o[0m
[16.235s] [ 88%] [32mBuilding C object CMakeFiles/my_robot_interfaces__rosidl_generator_py.dir/rosidl_generator_py/my_robot_interfaces/msg/_my_robot_joint0_s.c.o[0m
[16.235s] [ 88%] [32mBuilding C object CMakeFiles/my_robot_interfaces__rosidl_generator_py.dir/rosidl_generator_py/my_robot_interfaces/msg/_my_robot_joint1_s.c.o[0m
[16.236s] [ 89%] [32mBuilding C object CMakeFiles/my_robot_interfaces__rosidl_generator_py.dir/rosidl_generator_py/my_robot_interfaces/srv/_my_robot_srv_s.c.o[0m
[16.238s] [ 90%] [32mBuilding C object CMakeFiles/my_robot_interfaces__rosidl_generator_py.dir/rosidl_generator_py/my_robot_interfaces/srv/_set_led_s.c.o[0m
[16.239s] [ 91%] [32mBuilding C object CMakeFiles/my_robot_interfaces__rosidl_generator_py.dir/rosidl_generator_py/my_robot_interfaces/msg/_led_state_array_s.c.o[0m
[16.242s] [ 92%] [32mBuilding C object CMakeFiles/my_robot_interfaces__rosidl_generator_py.dir/rosidl_generator_py/my_robot_interfaces/msg/_my_robot_differential_s.c.o[0m
[16.243s] [ 92%] [32mBuilding C object CMakeFiles/my_robot_interfaces__rosidl_generator_py.dir/rosidl_generator_py/my_robot_interfaces/action/_count_until_s.c.o[0m
[16.484s] [ 93%] [32mBuilding C object CMakeFiles/my_robot_interfaces__rosidl_generator_py.dir/rosidl_generator_py/my_robot_interfaces/action/_move_robot_s.c.o[0m
[16.488s] [ 94%] [32mBuilding C object CMakeFiles/my_robot_interfaces__rosidl_generator_py.dir/rosidl_generator_py/my_robot_interfaces/action/_move_turtle_s.c.o[0m
[16.729s] [ 95%] [32m[1mLinking C shared library libmy_robot_interfaces__rosidl_generator_py.so[0m
[16.787s] [ 95%] Built target my_robot_interfaces__rosidl_generator_py
[16.824s] [ 96%] [32mBuilding C object CMakeFiles/my_robot_interfaces_s__rosidl_typesupport_introspection_c.dir/rosidl_generator_py/my_robot_interfaces/_my_robot_interfaces_s.ep.rosidl_typesupport_introspection_c.c.o[0m
[16.824s] [ 96%] [32mBuilding C object CMakeFiles/my_robot_interfaces_s__rosidl_typesupport_c.dir/rosidl_generator_py/my_robot_interfaces/_my_robot_interfaces_s.ep.rosidl_typesupport_c.c.o[0m
[16.825s] [ 97%] [32mBuilding C object CMakeFiles/my_robot_interfaces_s__rosidl_typesupport_fastrtps_c.dir/rosidl_generator_py/my_robot_interfaces/_my_robot_interfaces_s.ep.rosidl_typesupport_fastrtps_c.c.o[0m
[17.188s] [ 98%] [32m[1mLinking C shared module rosidl_generator_py/my_robot_interfaces/my_robot_interfaces_s__rosidl_typesupport_c.so[0m
[17.223s] [ 99%] [32m[1mLinking C shared module rosidl_generator_py/my_robot_interfaces/my_robot_interfaces_s__rosidl_typesupport_fastrtps_c.so[0m
[17.224s] [100%] [32m[1mLinking C shared module rosidl_generator_py/my_robot_interfaces/my_robot_interfaces_s__rosidl_typesupport_introspection_c.so[0m
[17.245s] [100%] Built target my_robot_interfaces_s__rosidl_typesupport_c
[17.276s] [100%] Built target my_robot_interfaces_s__rosidl_typesupport_fastrtps_c
[17.276s] [100%] Built target my_robot_interfaces_s__rosidl_typesupport_introspection_c
[17.292s] Invoked command in '/home/vincent-pc/ros2_jazzy/src/build/my_robot_interfaces' returned '0': CMAKE_PREFIX_PATH=${CMAKE_PREFIX_PATH}:/home/vincent-pc/ros2_jazzy/install/robot_py:/home/vincent-pc/ros2_jazzy/install/my_robot_python:/home/vincent-pc/ros2_jazzy/install/lifecycle_py:/home/vincent-pc/ros2_jazzy/install/executors_py:/home/vincent-pc/ros2_jazzy/install/components_py:/home/vincent-pc/ros2_jazzy/install/actions_py:/opt/ros/jazzy DEBUGINFOD_URLS=https://debuginfod.ubuntu.com /usr/bin/cmake --build /home/vincent-pc/ros2_jazzy/src/build/my_robot_interfaces -- -j8 -l8
[17.294s] Invoking command in '/home/vincent-pc/ros2_jazzy/src/build/my_robot_interfaces': CMAKE_PREFIX_PATH=${CMAKE_PREFIX_PATH}:/home/vincent-pc/ros2_jazzy/install/robot_py:/home/vincent-pc/ros2_jazzy/install/my_robot_python:/home/vincent-pc/ros2_jazzy/install/lifecycle_py:/home/vincent-pc/ros2_jazzy/install/executors_py:/home/vincent-pc/ros2_jazzy/install/components_py:/home/vincent-pc/ros2_jazzy/install/actions_py:/opt/ros/jazzy DEBUGINFOD_URLS=https://debuginfod.ubuntu.com /usr/bin/cmake --install /home/vincent-pc/ros2_jazzy/src/build/my_robot_interfaces
[17.304s] -- Install configuration: ""
[17.305s] -- Execute custom install script
[17.306s] -- Up-to-date symlink: /home/vincent-pc/ros2_jazzy/src/install/my_robot_interfaces/share/ament_index/resource_index/rosidl_interfaces/my_robot_interfaces
[17.306s] -- Up-to-date symlink: /home/vincent-pc/ros2_jazzy/src/install/my_robot_interfaces/share/my_robot_interfaces/msg/MyRobotState.json
[17.306s] -- Up-to-date symlink: /home/vincent-pc/ros2_jazzy/src/install/my_robot_interfaces/share/my_robot_interfaces/msg/MyRobotDifferential.json
[17.306s] -- Up-to-date symlink: /home/vincent-pc/ros2_jazzy/src/install/my_robot_interfaces/share/my_robot_interfaces/msg/MyRobotJoint0.json
[17.307s] -- Up-to-date symlink: /home/vincent-pc/ros2_jazzy/src/install/my_robot_interfaces/share/my_robot_interfaces/msg/MyRobotJoint1.json
[17.307s] -- Up-to-date symlink: /home/vincent-pc/ros2_jazzy/src/install/my_robot_interfaces/share/my_robot_interfaces/msg/LedStateArray.json
[17.307s] -- Up-to-date symlink: /home/vincent-pc/ros2_jazzy/src/install/my_robot_interfaces/share/my_robot_interfaces/srv/MyRobotSrv.json
[17.307s] -- Up-to-date symlink: /home/vincent-pc/ros2_jazzy/src/install/my_robot_interfaces/share/my_robot_interfaces/srv/SetLed.json
[17.307s] -- Up-to-date symlink: /home/vincent-pc/ros2_jazzy/src/install/my_robot_interfaces/share/my_robot_interfaces/action/CountUntil.json
[17.308s] -- Up-to-date symlink: /home/vincent-pc/ros2_jazzy/src/install/my_robot_interfaces/share/my_robot_interfaces/action/MoveRobot.json
[17.308s] -- Symlinking: /home/vincent-pc/ros2_jazzy/src/install/my_robot_interfaces/share/my_robot_interfaces/action/MoveTurtle.json
[17.321s] -- Up-to-date symlink: /home/vincent-pc/ros2_jazzy/src/install/my_robot_interfaces/include/my_robot_interfaces/my_robot_interfaces/action/count_until.h
[17.322s] -- Up-to-date symlink: /home/vincent-pc/ros2_jazzy/src/install/my_robot_interfaces/include/my_robot_interfaces/my_robot_interfaces/action/detail/count_until__functions.h
[17.322s] -- Up-to-date symlink: /home/vincent-pc/ros2_jazzy/src/install/my_robot_interfaces/include/my_robot_interfaces/my_robot_interfaces/action/detail/count_until__struct.h
[17.322s] -- Up-to-date symlink: /home/vincent-pc/ros2_jazzy/src/install/my_robot_interfaces/include/my_robot_interfaces/my_robot_interfaces/action/detail/count_until__type_support.h
[17.322s] -- Up-to-date symlink: /home/vincent-pc/ros2_jazzy/src/install/my_robot_interfaces/include/my_robot_interfaces/my_robot_interfaces/action/detail/move_robot__functions.h
[17.323s] -- Up-to-date symlink: /home/vincent-pc/ros2_jazzy/src/install/my_robot_interfaces/include/my_robot_interfaces/my_robot_interfaces/action/detail/move_robot__struct.h
[17.323s] -- Up-to-date symlink: /home/vincent-pc/ros2_jazzy/src/install/my_robot_interfaces/include/my_robot_interfaces/my_robot_interfaces/action/detail/move_robot__type_support.h
[17.323s] -- Symlinking: /home/vincent-pc/ros2_jazzy/src/install/my_robot_interfaces/include/my_robot_interfaces/my_robot_interfaces/action/detail/move_turtle__functions.h
[17.336s] -- Symlinking: /home/vincent-pc/ros2_jazzy/src/install/my_robot_interfaces/include/my_robot_interfaces/my_robot_interfaces/action/detail/move_turtle__struct.h
[17.349s] -- Symlinking: /home/vincent-pc/ros2_jazzy/src/install/my_robot_interfaces/include/my_robot_interfaces/my_robot_interfaces/action/detail/move_turtle__type_support.h
[17.362s] -- Up-to-date symlink: /home/vincent-pc/ros2_jazzy/src/install/my_robot_interfaces/include/my_robot_interfaces/my_robot_interfaces/action/move_robot.h
[17.362s] -- Symlinking: /home/vincent-pc/ros2_jazzy/src/install/my_robot_interfaces/include/my_robot_interfaces/my_robot_interfaces/action/move_turtle.h
[17.374s] -- Up-to-date symlink: /home/vincent-pc/ros2_jazzy/src/install/my_robot_interfaces/include/my_robot_interfaces/my_robot_interfaces/msg/detail/led_state_array__functions.h
[17.375s] -- Up-to-date symlink: /home/vincent-pc/ros2_jazzy/src/install/my_robot_interfaces/include/my_robot_interfaces/my_robot_interfaces/msg/detail/led_state_array__struct.h
[17.375s] -- Up-to-date symlink: /home/vincent-pc/ros2_jazzy/src/install/my_robot_interfaces/include/my_robot_interfaces/my_robot_interfaces/msg/detail/led_state_array__type_support.h
[17.375s] -- Up-to-date symlink: /home/vincent-pc/ros2_jazzy/src/install/my_robot_interfaces/include/my_robot_interfaces/my_robot_interfaces/msg/detail/my_robot_differential__functions.h
[17.376s] -- Up-to-date symlink: /home/vincent-pc/ros2_jazzy/src/install/my_robot_interfaces/include/my_robot_interfaces/my_robot_interfaces/msg/detail/my_robot_differential__struct.h
[17.376s] -- Up-to-date symlink: /home/vincent-pc/ros2_jazzy/src/install/my_robot_interfaces/include/my_robot_interfaces/my_robot_interfaces/msg/detail/my_robot_differential__type_support.h
[17.376s] -- Up-to-date symlink: /home/vincent-pc/ros2_jazzy/src/install/my_robot_interfaces/include/my_robot_interfaces/my_robot_interfaces/msg/detail/my_robot_joint0__functions.h
[17.376s] -- Up-to-date symlink: /home/vincent-pc/ros2_jazzy/src/install/my_robot_interfaces/include/my_robot_interfaces/my_robot_interfaces/msg/detail/my_robot_joint0__struct.h
[17.377s] -- Up-to-date symlink: /home/vincent-pc/ros2_jazzy/src/install/my_robot_interfaces/include/my_robot_interfaces/my_robot_interfaces/msg/detail/my_robot_joint0__type_support.h
[17.377s] -- Up-to-date symlink: /home/vincent-pc/ros2_jazzy/src/install/my_robot_interfaces/include/my_robot_interfaces/my_robot_interfaces/msg/detail/my_robot_joint1__functions.h
[17.377s] -- Up-to-date symlink: /home/vincent-pc/ros2_jazzy/src/install/my_robot_interfaces/include/my_robot_interfaces/my_robot_interfaces/msg/detail/my_robot_joint1__struct.h
[17.377s] -- Up-to-date symlink: /home/vincent-pc/ros2_jazzy/src/install/my_robot_interfaces/include/my_robot_interfaces/my_robot_interfaces/msg/detail/my_robot_joint1__type_support.h
[17.378s] -- Up-to-date symlink: /home/vincent-pc/ros2_jazzy/src/install/my_robot_interfaces/include/my_robot_interfaces/my_robot_interfaces/msg/detail/my_robot_state__functions.h
[17.378s] -- Up-to-date symlink: /home/vincent-pc/ros2_jazzy/src/install/my_robot_interfaces/include/my_robot_interfaces/my_robot_interfaces/msg/detail/my_robot_state__struct.h
[17.378s] -- Up-to-date symlink: /home/vincent-pc/ros2_jazzy/src/install/my_robot_interfaces/include/my_robot_interfaces/my_robot_interfaces/msg/detail/my_robot_state__type_support.h
[17.378s] -- Up-to-date symlink: /home/vincent-pc/ros2_jazzy/src/install/my_robot_interfaces/include/my_robot_interfaces/my_robot_interfaces/msg/led_state_array.h
[17.379s] -- Up-to-date symlink: /home/vincent-pc/ros2_jazzy/src/install/my_robot_interfaces/include/my_robot_interfaces/my_robot_interfaces/msg/my_robot_differential.h
[17.379s] -- Up-to-date symlink: /home/vincent-pc/ros2_jazzy/src/install/my_robot_interfaces/include/my_robot_interfaces/my_robot_interfaces/msg/my_robot_joint0.h
[17.379s] -- Up-to-date symlink: /home/vincent-pc/ros2_jazzy/src/install/my_robot_interfaces/include/my_robot_interfaces/my_robot_interfaces/msg/my_robot_joint1.h
[17.379s] -- Up-to-date symlink: /home/vincent-pc/ros2_jazzy/src/install/my_robot_interfaces/include/my_robot_interfaces/my_robot_interfaces/msg/my_robot_state.h
[17.379s] -- Up-to-date symlink: /home/vincent-pc/ros2_jazzy/src/install/my_robot_interfaces/include/my_robot_interfaces/my_robot_interfaces/msg/rosidl_generator_c__visibility_control.h
[17.380s] -- Up-to-date symlink: /home/vincent-pc/ros2_jazzy/src/install/my_robot_interfaces/include/my_robot_interfaces/my_robot_interfaces/srv/detail/my_robot_srv__functions.h
[17.380s] -- Up-to-date symlink: /home/vincent-pc/ros2_jazzy/src/install/my_robot_interfaces/include/my_robot_interfaces/my_robot_interfaces/srv/detail/my_robot_srv__struct.h
[17.380s] -- Up-to-date symlink: /home/vincent-pc/ros2_jazzy/src/install/my_robot_interfaces/include/my_robot_interfaces/my_robot_interfaces/srv/detail/my_robot_srv__type_support.h
[17.380s] -- Up-to-date symlink: /home/vincent-pc/ros2_jazzy/src/install/my_robot_interfaces/include/my_robot_interfaces/my_robot_interfaces/srv/detail/set_led__functions.h
[17.380s] -- Up-to-date symlink: /home/vincent-pc/ros2_jazzy/src/install/my_robot_interfaces/include/my_robot_interfaces/my_robot_interfaces/srv/detail/set_led__struct.h
[17.381s] -- Up-to-date symlink: /home/vincent-pc/ros2_jazzy/src/install/my_robot_interfaces/include/my_robot_interfaces/my_robot_interfaces/srv/detail/set_led__type_support.h
[17.381s] -- Up-to-date symlink: /home/vincent-pc/ros2_jazzy/src/install/my_robot_interfaces/include/my_robot_interfaces/my_robot_interfaces/srv/my_robot_srv.h
[17.381s] -- Up-to-date symlink: /home/vincent-pc/ros2_jazzy/src/install/my_robot_interfaces/include/my_robot_interfaces/my_robot_interfaces/srv/set_led.h
[17.381s] -- Up-to-date symlink: /home/vincent-pc/ros2_jazzy/src/install/my_robot_interfaces/share/my_robot_interfaces/environment/library_path.sh
[17.381s] -- Up-to-date symlink: /home/vincent-pc/ros2_jazzy/src/install/my_robot_interfaces/share/my_robot_interfaces/environment/library_path.dsv
[17.382s] -- Up-to-date symlink: /home/vincent-pc/ros2_jazzy/src/install/my_robot_interfaces/include/my_robot_interfaces/my_robot_interfaces/action/detail/count_until__rosidl_typesupport_fastrtps_c.h
[17.382s] -- Up-to-date symlink: /home/vincent-pc/ros2_jazzy/src/install/my_robot_interfaces/include/my_robot_interfaces/my_robot_interfaces/action/detail/move_robot__rosidl_typesupport_fastrtps_c.h
[17.382s] -- Symlinking: /home/vincent-pc/ros2_jazzy/src/install/my_robot_interfaces/include/my_robot_interfaces/my_robot_interfaces/action/detail/move_turtle__rosidl_typesupport_fastrtps_c.h
[17.393s] -- Up-to-date symlink: /home/vincent-pc/ros2_jazzy/src/install/my_robot_interfaces/include/my_robot_interfaces/my_robot_interfaces/msg/detail/led_state_array__rosidl_typesupport_fastrtps_c.h
[17.394s] -- Up-to-date symlink: /home/vincent-pc/ros2_jazzy/src/install/my_robot_interfaces/include/my_robot_interfaces/my_robot_interfaces/msg/detail/my_robot_differential__rosidl_typesupport_fastrtps_c.h
[17.394s] -- Up-to-date symlink: /home/vincent-pc/ros2_jazzy/src/install/my_robot_interfaces/include/my_robot_interfaces/my_robot_interfaces/msg/detail/my_robot_joint0__rosidl_typesupport_fastrtps_c.h
[17.394s] -- Up-to-date symlink: /home/vincent-pc/ros2_jazzy/src/install/my_robot_interfaces/include/my_robot_interfaces/my_robot_interfaces/msg/detail/my_robot_joint1__rosidl_typesupport_fastrtps_c.h
[17.394s] -- Up-to-date symlink: /home/vincent-pc/ros2_jazzy/src/install/my_robot_interfaces/include/my_robot_interfaces/my_robot_interfaces/msg/detail/my_robot_state__rosidl_typesupport_fastrtps_c.h
[17.395s] -- Up-to-date symlink: /home/vincent-pc/ros2_jazzy/src/install/my_robot_interfaces/include/my_robot_interfaces/my_robot_interfaces/msg/rosidl_typesupport_fastrtps_c__visibility_control.h
[17.395s] -- Up-to-date symlink: /home/vincent-pc/ros2_jazzy/src/install/my_robot_interfaces/include/my_robot_interfaces/my_robot_interfaces/srv/detail/my_robot_srv__rosidl_typesupport_fastrtps_c.h
[17.395s] -- Up-to-date symlink: /home/vincent-pc/ros2_jazzy/src/install/my_robot_interfaces/include/my_robot_interfaces/my_robot_interfaces/srv/detail/set_led__rosidl_typesupport_fastrtps_c.h
[17.395s] -- Up-to-date symlink: /home/vincent-pc/ros2_jazzy/src/install/my_robot_interfaces/include/my_robot_interfaces/my_robot_interfaces/action/detail/count_until__rosidl_typesupport_introspection_c.h
[17.395s] -- Up-to-date symlink: /home/vincent-pc/ros2_jazzy/src/install/my_robot_interfaces/include/my_robot_interfaces/my_robot_interfaces/action/detail/move_robot__rosidl_typesupport_introspection_c.h
[17.396s] -- Symlinking: /home/vincent-pc/ros2_jazzy/src/install/my_robot_interfaces/include/my_robot_interfaces/my_robot_interfaces/action/detail/move_turtle__rosidl_typesupport_introspection_c.h
[17.408s] -- Up-to-date symlink: /home/vincent-pc/ros2_jazzy/src/install/my_robot_interfaces/include/my_robot_interfaces/my_robot_interfaces/msg/detail/led_state_array__rosidl_typesupport_introspection_c.h
[17.408s] -- Up-to-date symlink: /home/vincent-pc/ros2_jazzy/src/install/my_robot_interfaces/include/my_robot_interfaces/my_robot_interfaces/msg/detail/my_robot_differential__rosidl_typesupport_introspection_c.h
[17.408s] -- Up-to-date symlink: /home/vincent-pc/ros2_jazzy/src/install/my_robot_interfaces/include/my_robot_interfaces/my_robot_interfaces/msg/detail/my_robot_joint0__rosidl_typesupport_introspection_c.h
[17.409s] -- Up-to-date symlink: /home/vincent-pc/ros2_jazzy/src/install/my_robot_interfaces/include/my_robot_interfaces/my_robot_interfaces/msg/detail/my_robot_joint1__rosidl_typesupport_introspection_c.h
[17.409s] -- Up-to-date symlink: /home/vincent-pc/ros2_jazzy/src/install/my_robot_interfaces/include/my_robot_interfaces/my_robot_interfaces/msg/detail/my_robot_state__rosidl_typesupport_introspection_c.h
[17.409s] -- Up-to-date symlink: /home/vincent-pc/ros2_jazzy/src/install/my_robot_interfaces/include/my_robot_interfaces/my_robot_interfaces/msg/rosidl_typesupport_introspection_c__visibility_control.h
[17.409s] -- Up-to-date symlink: /home/vincent-pc/ros2_jazzy/src/install/my_robot_interfaces/include/my_robot_interfaces/my_robot_interfaces/srv/detail/my_robot_srv__rosidl_typesupport_introspection_c.h
[17.409s] -- Up-to-date symlink: /home/vincent-pc/ros2_jazzy/src/install/my_robot_interfaces/include/my_robot_interfaces/my_robot_interfaces/srv/detail/set_led__rosidl_typesupport_introspection_c.h
[17.410s] -- Up-to-date symlink: /home/vincent-pc/ros2_jazzy/src/install/my_robot_interfaces/include/my_robot_interfaces/my_robot_interfaces/action/count_until.hpp
[17.410s] -- Up-to-date symlink: /home/vincent-pc/ros2_jazzy/src/install/my_robot_interfaces/include/my_robot_interfaces/my_robot_interfaces/action/detail/count_until__builder.hpp
[17.411s] -- Up-to-date symlink: /home/vincent-pc/ros2_jazzy/src/install/my_robot_interfaces/include/my_robot_interfaces/my_robot_interfaces/action/detail/count_until__struct.hpp
[17.411s] -- Up-to-date symlink: /home/vincent-pc/ros2_jazzy/src/install/my_robot_interfaces/include/my_robot_interfaces/my_robot_interfaces/action/detail/count_until__traits.hpp
[17.411s] -- Up-to-date symlink: /home/vincent-pc/ros2_jazzy/src/install/my_robot_interfaces/include/my_robot_interfaces/my_robot_interfaces/action/detail/count_until__type_support.hpp
[17.411s] -- Up-to-date symlink: /home/vincent-pc/ros2_jazzy/src/install/my_robot_interfaces/include/my_robot_interfaces/my_robot_interfaces/action/detail/move_robot__builder.hpp
[17.412s] -- Up-to-date symlink: /home/vincent-pc/ros2_jazzy/src/install/my_robot_interfaces/include/my_robot_interfaces/my_robot_interfaces/action/detail/move_robot__struct.hpp
[17.412s] -- Up-to-date symlink: /home/vincent-pc/ros2_jazzy/src/install/my_robot_interfaces/include/my_robot_interfaces/my_robot_interfaces/action/detail/move_robot__traits.hpp
[17.412s] -- Up-to-date symlink: /home/vincent-pc/ros2_jazzy/src/install/my_robot_interfaces/include/my_robot_interfaces/my_robot_interfaces/action/detail/move_robot__type_support.hpp
[17.412s] -- Symlinking: /home/vincent-pc/ros2_jazzy/src/install/my_robot_interfaces/include/my_robot_interfaces/my_robot_interfaces/action/detail/move_turtle__builder.hpp
[17.424s] -- Symlinking: /home/vincent-pc/ros2_jazzy/src/install/my_robot_interfaces/include/my_robot_interfaces/my_robot_interfaces/action/detail/move_turtle__struct.hpp
[17.437s] -- Symlinking: /home/vincent-pc/ros2_jazzy/src/install/my_robot_interfaces/include/my_robot_interfaces/my_robot_interfaces/action/detail/move_turtle__traits.hpp
[17.449s] -- Symlinking: /home/vincent-pc/ros2_jazzy/src/install/my_robot_interfaces/include/my_robot_interfaces/my_robot_interfaces/action/detail/move_turtle__type_support.hpp
[17.461s] -- Up-to-date symlink: /home/vincent-pc/ros2_jazzy/src/install/my_robot_interfaces/include/my_robot_interfaces/my_robot_interfaces/action/move_robot.hpp
[17.462s] -- Symlinking: /home/vincent-pc/ros2_jazzy/src/install/my_robot_interfaces/include/my_robot_interfaces/my_robot_interfaces/action/move_turtle.hpp
[17.474s] -- Up-to-date symlink: /home/vincent-pc/ros2_jazzy/src/install/my_robot_interfaces/include/my_robot_interfaces/my_robot_interfaces/msg/detail/led_state_array__builder.hpp
[17.474s] -- Up-to-date symlink: /home/vincent-pc/ros2_jazzy/src/install/my_robot_interfaces/include/my_robot_interfaces/my_robot_interfaces/msg/detail/led_state_array__struct.hpp
[17.474s] -- Up-to-date symlink: /home/vincent-pc/ros2_jazzy/src/install/my_robot_interfaces/include/my_robot_interfaces/my_robot_interfaces/msg/detail/led_state_array__traits.hpp
[17.474s] -- Up-to-date symlink: /home/vincent-pc/ros2_jazzy/src/install/my_robot_interfaces/include/my_robot_interfaces/my_robot_interfaces/msg/detail/led_state_array__type_support.hpp
[17.475s] -- Up-to-date symlink: /home/vincent-pc/ros2_jazzy/src/install/my_robot_interfaces/include/my_robot_interfaces/my_robot_interfaces/msg/detail/my_robot_differential__builder.hpp
[17.475s] -- Up-to-date symlink: /home/vincent-pc/ros2_jazzy/src/install/my_robot_interfaces/include/my_robot_interfaces/my_robot_interfaces/msg/detail/my_robot_differential__struct.hpp
[17.475s] -- Up-to-date symlink: /home/vincent-pc/ros2_jazzy/src/install/my_robot_interfaces/include/my_robot_interfaces/my_robot_interfaces/msg/detail/my_robot_differential__traits.hpp
[17.475s] -- Up-to-date symlink: /home/vincent-pc/ros2_jazzy/src/install/my_robot_interfaces/include/my_robot_interfaces/my_robot_interfaces/msg/detail/my_robot_differential__type_support.hpp
[17.476s] -- Up-to-date symlink: /home/vincent-pc/ros2_jazzy/src/install/my_robot_interfaces/include/my_robot_interfaces/my_robot_interfaces/msg/detail/my_robot_joint0__builder.hpp
[17.476s] -- Up-to-date symlink: /home/vincent-pc/ros2_jazzy/src/install/my_robot_interfaces/include/my_robot_interfaces/my_robot_interfaces/msg/detail/my_robot_joint0__struct.hpp
[17.476s] -- Up-to-date symlink: /home/vincent-pc/ros2_jazzy/src/install/my_robot_interfaces/include/my_robot_interfaces/my_robot_interfaces/msg/detail/my_robot_joint0__traits.hpp
[17.476s] -- Up-to-date symlink: /home/vincent-pc/ros2_jazzy/src/install/my_robot_interfaces/include/my_robot_interfaces/my_robot_interfaces/msg/detail/my_robot_joint0__type_support.hpp
[17.477s] -- Up-to-date symlink: /home/vincent-pc/ros2_jazzy/src/install/my_robot_interfaces/include/my_robot_interfaces/my_robot_interfaces/msg/detail/my_robot_joint1__builder.hpp
[17.477s] -- Up-to-date symlink: /home/vincent-pc/ros2_jazzy/src/install/my_robot_interfaces/include/my_robot_interfaces/my_robot_interfaces/msg/detail/my_robot_joint1__struct.hpp
[17.477s] -- Up-to-date symlink: /home/vincent-pc/ros2_jazzy/src/install/my_robot_interfaces/include/my_robot_interfaces/my_robot_interfaces/msg/detail/my_robot_joint1__traits.hpp
[17.477s] -- Up-to-date symlink: /home/vincent-pc/ros2_jazzy/src/install/my_robot_interfaces/include/my_robot_interfaces/my_robot_interfaces/msg/detail/my_robot_joint1__type_support.hpp
[17.477s] -- Up-to-date symlink: /home/vincent-pc/ros2_jazzy/src/install/my_robot_interfaces/include/my_robot_interfaces/my_robot_interfaces/msg/detail/my_robot_state__builder.hpp
[17.478s] -- Up-to-date symlink: /home/vincent-pc/ros2_jazzy/src/install/my_robot_interfaces/include/my_robot_interfaces/my_robot_interfaces/msg/detail/my_robot_state__struct.hpp
[17.478s] -- Up-to-date symlink: /home/vincent-pc/ros2_jazzy/src/install/my_robot_interfaces/include/my_robot_interfaces/my_robot_interfaces/msg/detail/my_robot_state__traits.hpp
[17.478s] -- Up-to-date symlink: /home/vincent-pc/ros2_jazzy/src/install/my_robot_interfaces/include/my_robot_interfaces/my_robot_interfaces/msg/detail/my_robot_state__type_support.hpp
[17.478s] -- Up-to-date symlink: /home/vincent-pc/ros2_jazzy/src/install/my_robot_interfaces/include/my_robot_interfaces/my_robot_interfaces/msg/led_state_array.hpp
[17.479s] -- Up-to-date symlink: /home/vincent-pc/ros2_jazzy/src/install/my_robot_interfaces/include/my_robot_interfaces/my_robot_interfaces/msg/my_robot_differential.hpp
[17.479s] -- Up-to-date symlink: /home/vincent-pc/ros2_jazzy/src/install/my_robot_interfaces/include/my_robot_interfaces/my_robot_interfaces/msg/my_robot_joint0.hpp
[17.479s] -- Up-to-date symlink: /home/vincent-pc/ros2_jazzy/src/install/my_robot_interfaces/include/my_robot_interfaces/my_robot_interfaces/msg/my_robot_joint1.hpp
[17.479s] -- Up-to-date symlink: /home/vincent-pc/ros2_jazzy/src/install/my_robot_interfaces/include/my_robot_interfaces/my_robot_interfaces/msg/my_robot_state.hpp
[17.479s] -- Up-to-date symlink: /home/vincent-pc/ros2_jazzy/src/install/my_robot_interfaces/include/my_robot_interfaces/my_robot_interfaces/msg/rosidl_generator_cpp__visibility_control.hpp
[17.479s] -- Up-to-date symlink: /home/vincent-pc/ros2_jazzy/src/install/my_robot_interfaces/include/my_robot_interfaces/my_robot_interfaces/srv/detail/my_robot_srv__builder.hpp
[17.480s] -- Up-to-date symlink: /home/vincent-pc/ros2_jazzy/src/install/my_robot_interfaces/include/my_robot_interfaces/my_robot_interfaces/srv/detail/my_robot_srv__struct.hpp
[17.480s] -- Up-to-date symlink: /home/vincent-pc/ros2_jazzy/src/install/my_robot_interfaces/include/my_robot_interfaces/my_robot_interfaces/srv/detail/my_robot_srv__traits.hpp
[17.480s] -- Up-to-date symlink: /home/vincent-pc/ros2_jazzy/src/install/my_robot_interfaces/include/my_robot_interfaces/my_robot_interfaces/srv/detail/my_robot_srv__type_support.hpp
[17.480s] -- Up-to-date symlink: /home/vincent-pc/ros2_jazzy/src/install/my_robot_interfaces/include/my_robot_interfaces/my_robot_interfaces/srv/detail/set_led__builder.hpp
[17.480s] -- Up-to-date symlink: /home/vincent-pc/ros2_jazzy/src/install/my_robot_interfaces/include/my_robot_interfaces/my_robot_interfaces/srv/detail/set_led__struct.hpp
[17.481s] -- Up-to-date symlink: /home/vincent-pc/ros2_jazzy/src/install/my_robot_interfaces/include/my_robot_interfaces/my_robot_interfaces/srv/detail/set_led__traits.hpp
[17.481s] -- Up-to-date symlink: /home/vincent-pc/ros2_jazzy/src/install/my_robot_interfaces/include/my_robot_interfaces/my_robot_interfaces/srv/detail/set_led__type_support.hpp
[17.481s] -- Up-to-date symlink: /home/vincent-pc/ros2_jazzy/src/install/my_robot_interfaces/include/my_robot_interfaces/my_robot_interfaces/srv/my_robot_srv.hpp
[17.481s] -- Up-to-date symlink: /home/vincent-pc/ros2_jazzy/src/install/my_robot_interfaces/include/my_robot_interfaces/my_robot_interfaces/srv/set_led.hpp
[17.481s] -- Up-to-date symlink: /home/vincent-pc/ros2_jazzy/src/install/my_robot_interfaces/include/my_robot_interfaces/my_robot_interfaces/action/detail/count_until__rosidl_typesupport_fastrtps_cpp.hpp
[17.481s] -- Up-to-date symlink: /home/vincent-pc/ros2_jazzy/src/install/my_robot_interfaces/include/my_robot_interfaces/my_robot_interfaces/action/detail/move_robot__rosidl_typesupport_fastrtps_cpp.hpp
[17.482s] -- Symlinking: /home/vincent-pc/ros2_jazzy/src/install/my_robot_interfaces/include/my_robot_interfaces/my_robot_interfaces/action/detail/move_turtle__rosidl_typesupport_fastrtps_cpp.hpp
[17.493s] -- Up-to-date symlink: /home/vincent-pc/ros2_jazzy/src/install/my_robot_interfaces/include/my_robot_interfaces/my_robot_interfaces/msg/detail/led_state_array__rosidl_typesupport_fastrtps_cpp.hpp
[17.493s] -- Up-to-date symlink: /home/vincent-pc/ros2_jazzy/src/install/my_robot_interfaces/include/my_robot_interfaces/my_robot_interfaces/msg/detail/my_robot_differential__rosidl_typesupport_fastrtps_cpp.hpp
[17.493s] -- Up-to-date symlink: /home/vincent-pc/ros2_jazzy/src/install/my_robot_interfaces/include/my_robot_interfaces/my_robot_interfaces/msg/detail/my_robot_joint0__rosidl_typesupport_fastrtps_cpp.hpp
[17.493s] -- Up-to-date symlink: /home/vincent-pc/ros2_jazzy/src/install/my_robot_interfaces/include/my_robot_interfaces/my_robot_interfaces/msg/detail/my_robot_joint1__rosidl_typesupport_fastrtps_cpp.hpp
[17.494s] -- Up-to-date symlink: /home/vincent-pc/ros2_jazzy/src/install/my_robot_interfaces/include/my_robot_interfaces/my_robot_interfaces/msg/detail/my_robot_state__rosidl_typesupport_fastrtps_cpp.hpp
[17.494s] -- Up-to-date symlink: /home/vincent-pc/ros2_jazzy/src/install/my_robot_interfaces/include/my_robot_interfaces/my_robot_interfaces/msg/rosidl_typesupport_fastrtps_cpp__visibility_control.h
[17.494s] -- Up-to-date symlink: /home/vincent-pc/ros2_jazzy/src/install/my_robot_interfaces/include/my_robot_interfaces/my_robot_interfaces/srv/detail/my_robot_srv__rosidl_typesupport_fastrtps_cpp.hpp
[17.494s] -- Up-to-date symlink: /home/vincent-pc/ros2_jazzy/src/install/my_robot_interfaces/include/my_robot_interfaces/my_robot_interfaces/srv/detail/set_led__rosidl_typesupport_fastrtps_cpp.hpp
[17.494s] -- Up-to-date symlink: /home/vincent-pc/ros2_jazzy/src/install/my_robot_interfaces/include/my_robot_interfaces/my_robot_interfaces/action/detail/count_until__rosidl_typesupport_introspection_cpp.hpp
[17.495s] -- Up-to-date symlink: /home/vincent-pc/ros2_jazzy/src/install/my_robot_interfaces/include/my_robot_interfaces/my_robot_interfaces/action/detail/move_robot__rosidl_typesupport_introspection_cpp.hpp
[17.495s] -- Symlinking: /home/vincent-pc/ros2_jazzy/src/install/my_robot_interfaces/include/my_robot_interfaces/my_robot_interfaces/action/detail/move_turtle__rosidl_typesupport_introspection_cpp.hpp
[17.507s] -- Up-to-date symlink: /home/vincent-pc/ros2_jazzy/src/install/my_robot_interfaces/include/my_robot_interfaces/my_robot_interfaces/msg/detail/led_state_array__rosidl_typesupport_introspection_cpp.hpp
[17.507s] -- Up-to-date symlink: /home/vincent-pc/ros2_jazzy/src/install/my_robot_interfaces/include/my_robot_interfaces/my_robot_interfaces/msg/detail/my_robot_differential__rosidl_typesupport_introspection_cpp.hpp
[17.507s] -- Up-to-date symlink: /home/vincent-pc/ros2_jazzy/src/install/my_robot_interfaces/include/my_robot_interfaces/my_robot_interfaces/msg/detail/my_robot_joint0__rosidl_typesupport_introspection_cpp.hpp
[17.507s] -- Up-to-date symlink: /home/vincent-pc/ros2_jazzy/src/install/my_robot_interfaces/include/my_robot_interfaces/my_robot_interfaces/msg/detail/my_robot_joint1__rosidl_typesupport_introspection_cpp.hpp
[17.508s] -- Up-to-date symlink: /home/vincent-pc/ros2_jazzy/src/install/my_robot_interfaces/include/my_robot_interfaces/my_robot_interfaces/msg/detail/my_robot_state__rosidl_typesupport_introspection_cpp.hpp
[17.508s] -- Up-to-date symlink: /home/vincent-pc/ros2_jazzy/src/install/my_robot_interfaces/include/my_robot_interfaces/my_robot_interfaces/srv/detail/my_robot_srv__rosidl_typesupport_introspection_cpp.hpp
[17.508s] -- Up-to-date symlink: /home/vincent-pc/ros2_jazzy/src/install/my_robot_interfaces/include/my_robot_interfaces/my_robot_interfaces/srv/detail/set_led__rosidl_typesupport_introspection_cpp.hpp
[17.508s] -- Up-to-date symlink: /home/vincent-pc/ros2_jazzy/src/install/my_robot_interfaces/share/my_robot_interfaces/environment/pythonpath.sh
[17.508s] -- Up-to-date symlink: /home/vincent-pc/ros2_jazzy/src/install/my_robot_interfaces/share/my_robot_interfaces/environment/pythonpath.dsv
[17.509s] -- Up-to-date symlink: /home/vincent-pc/ros2_jazzy/src/install/my_robot_interfaces/lib/python3.12/site-packages/my_robot_interfaces-0.0.0-py3.12.egg-info/PKG-INFO
[17.509s] -- Up-to-date symlink: /home/vincent-pc/ros2_jazzy/src/install/my_robot_interfaces/lib/python3.12/site-packages/my_robot_interfaces-0.0.0-py3.12.egg-info/SOURCES.txt
[17.509s] -- Up-to-date symlink: /home/vincent-pc/ros2_jazzy/src/install/my_robot_interfaces/lib/python3.12/site-packages/my_robot_interfaces-0.0.0-py3.12.egg-info/dependency_links.txt
[17.509s] -- Up-to-date symlink: /home/vincent-pc/ros2_jazzy/src/install/my_robot_interfaces/lib/python3.12/site-packages/my_robot_interfaces-0.0.0-py3.12.egg-info/top_level.txt
[17.510s] -- Up-to-date symlink: /home/vincent-pc/ros2_jazzy/src/install/my_robot_interfaces/lib/python3.12/site-packages/my_robot_interfaces/__init__.py
[17.510s] -- Up-to-date symlink: /home/vincent-pc/ros2_jazzy/src/install/my_robot_interfaces/lib/python3.12/site-packages/my_robot_interfaces/_my_robot_interfaces_s.ep.rosidl_typesupport_c.c
[17.511s] -- Up-to-date symlink: /home/vincent-pc/ros2_jazzy/src/install/my_robot_interfaces/lib/python3.12/site-packages/my_robot_interfaces/_my_robot_interfaces_s.ep.rosidl_typesupport_fastrtps_c.c
[17.511s] -- Up-to-date symlink: /home/vincent-pc/ros2_jazzy/src/install/my_robot_interfaces/lib/python3.12/site-packages/my_robot_interfaces/_my_robot_interfaces_s.ep.rosidl_typesupport_introspection_c.c
[17.511s] -- Up-to-date symlink: /home/vincent-pc/ros2_jazzy/src/install/my_robot_interfaces/lib/python3.12/site-packages/my_robot_interfaces/action/__init__.py
[17.511s] -- Up-to-date symlink: /home/vincent-pc/ros2_jazzy/src/install/my_robot_interfaces/lib/python3.12/site-packages/my_robot_interfaces/action/_count_until.py
[17.511s] -- Up-to-date symlink: /home/vincent-pc/ros2_jazzy/src/install/my_robot_interfaces/lib/python3.12/site-packages/my_robot_interfaces/action/_count_until_s.c
[17.512s] -- Up-to-date symlink: /home/vincent-pc/ros2_jazzy/src/install/my_robot_interfaces/lib/python3.12/site-packages/my_robot_interfaces/action/_move_robot.py
[17.512s] -- Up-to-date symlink: /home/vincent-pc/ros2_jazzy/src/install/my_robot_interfaces/lib/python3.12/site-packages/my_robot_interfaces/action/_move_robot_s.c
[17.512s] -- Symlinking: /home/vincent-pc/ros2_jazzy/src/install/my_robot_interfaces/lib/python3.12/site-packages/my_robot_interfaces/action/_move_turtle.py
[17.534s] -- Symlinking: /home/vincent-pc/ros2_jazzy/src/install/my_robot_interfaces/lib/python3.12/site-packages/my_robot_interfaces/action/_move_turtle_s.c
[17.546s] -- Up-to-date symlink: /home/vincent-pc/ros2_jazzy/src/install/my_robot_interfaces/lib/python3.12/site-packages/my_robot_interfaces/msg/__init__.py
[17.546s] -- Up-to-date symlink: /home/vincent-pc/ros2_jazzy/src/install/my_robot_interfaces/lib/python3.12/site-packages/my_robot_interfaces/msg/_led_state_array.py
[17.546s] -- Up-to-date symlink: /home/vincent-pc/ros2_jazzy/src/install/my_robot_interfaces/lib/python3.12/site-packages/my_robot_interfaces/msg/_led_state_array_s.c
[17.547s] -- Up-to-date symlink: /home/vincent-pc/ros2_jazzy/src/install/my_robot_interfaces/lib/python3.12/site-packages/my_robot_interfaces/msg/_my_robot_differential.py
[17.547s] -- Up-to-date symlink: /home/vincent-pc/ros2_jazzy/src/install/my_robot_interfaces/lib/python3.12/site-packages/my_robot_interfaces/msg/_my_robot_differential_s.c
[17.547s] -- Up-to-date symlink: /home/vincent-pc/ros2_jazzy/src/install/my_robot_interfaces/lib/python3.12/site-packages/my_robot_interfaces/msg/_my_robot_joint0.py
[17.547s] -- Up-to-date symlink: /home/vincent-pc/ros2_jazzy/src/install/my_robot_interfaces/lib/python3.12/site-packages/my_robot_interfaces/msg/_my_robot_joint0_s.c
[17.548s] -- Up-to-date symlink: /home/vincent-pc/ros2_jazzy/src/install/my_robot_interfaces/lib/python3.12/site-packages/my_robot_interfaces/msg/_my_robot_joint1.py
[17.548s] -- Up-to-date symlink: /home/vincent-pc/ros2_jazzy/src/install/my_robot_interfaces/lib/python3.12/site-packages/my_robot_interfaces/msg/_my_robot_joint1_s.c
[17.548s] -- Up-to-date symlink: /home/vincent-pc/ros2_jazzy/src/install/my_robot_interfaces/lib/python3.12/site-packages/my_robot_interfaces/msg/_my_robot_state.py
[17.549s] -- Up-to-date symlink: /home/vincent-pc/ros2_jazzy/src/install/my_robot_interfaces/lib/python3.12/site-packages/my_robot_interfaces/msg/_my_robot_state_s.c
[17.549s] -- Up-to-date symlink: /home/vincent-pc/ros2_jazzy/src/install/my_robot_interfaces/lib/python3.12/site-packages/my_robot_interfaces/my_robot_interfaces_s__rosidl_typesupport_c.so
[17.549s] -- Up-to-date symlink: /home/vincent-pc/ros2_jazzy/src/install/my_robot_interfaces/lib/python3.12/site-packages/my_robot_interfaces/my_robot_interfaces_s__rosidl_typesupport_fastrtps_c.so
[17.549s] -- Up-to-date symlink: /home/vincent-pc/ros2_jazzy/src/install/my_robot_interfaces/lib/python3.12/site-packages/my_robot_interfaces/my_robot_interfaces_s__rosidl_typesupport_introspection_c.so
[17.549s] -- Up-to-date symlink: /home/vincent-pc/ros2_jazzy/src/install/my_robot_interfaces/lib/python3.12/site-packages/my_robot_interfaces/srv/__init__.py
[17.550s] -- Up-to-date symlink: /home/vincent-pc/ros2_jazzy/src/install/my_robot_interfaces/lib/python3.12/site-packages/my_robot_interfaces/srv/_my_robot_srv.py
[17.550s] -- Up-to-date symlink: /home/vincent-pc/ros2_jazzy/src/install/my_robot_interfaces/lib/python3.12/site-packages/my_robot_interfaces/srv/_my_robot_srv_s.c
[17.550s] -- Up-to-date symlink: /home/vincent-pc/ros2_jazzy/src/install/my_robot_interfaces/lib/python3.12/site-packages/my_robot_interfaces/srv/_set_led.py
[17.550s] -- Up-to-date symlink: /home/vincent-pc/ros2_jazzy/src/install/my_robot_interfaces/lib/python3.12/site-packages/my_robot_interfaces/srv/_set_led_s.c
[17.551s] -- Up-to-date symlink: /home/vincent-pc/ros2_jazzy/src/install/my_robot_interfaces/lib/python3.12/site-packages/my_robot_interfaces/my_robot_interfaces_s__rosidl_typesupport_fastrtps_c.so
[17.551s] -- Up-to-date symlink: /home/vincent-pc/ros2_jazzy/src/install/my_robot_interfaces/lib/python3.12/site-packages/my_robot_interfaces/my_robot_interfaces_s__rosidl_typesupport_introspection_c.so
[17.551s] -- Up-to-date symlink: /home/vincent-pc/ros2_jazzy/src/install/my_robot_interfaces/lib/python3.12/site-packages/my_robot_interfaces/my_robot_interfaces_s__rosidl_typesupport_c.so
[17.551s] -- Up-to-date symlink: /home/vincent-pc/ros2_jazzy/src/install/my_robot_interfaces/share/my_robot_interfaces/msg/MyRobotState.idl
[17.552s] -- Up-to-date symlink: /home/vincent-pc/ros2_jazzy/src/install/my_robot_interfaces/share/my_robot_interfaces/msg/MyRobotDifferential.idl
[17.552s] -- Up-to-date symlink: /home/vincent-pc/ros2_jazzy/src/install/my_robot_interfaces/share/my_robot_interfaces/msg/MyRobotJoint0.idl
[17.552s] -- Up-to-date symlink: /home/vincent-pc/ros2_jazzy/src/install/my_robot_interfaces/share/my_robot_interfaces/msg/MyRobotJoint1.idl
[17.552s] -- Up-to-date symlink: /home/vincent-pc/ros2_jazzy/src/install/my_robot_interfaces/share/my_robot_interfaces/msg/LedStateArray.idl
[17.552s] -- Up-to-date symlink: /home/vincent-pc/ros2_jazzy/src/install/my_robot_interfaces/share/my_robot_interfaces/srv/MyRobotSrv.idl
[17.553s] -- Up-to-date symlink: /home/vincent-pc/ros2_jazzy/src/install/my_robot_interfaces/share/my_robot_interfaces/srv/SetLed.idl
[17.553s] -- Up-to-date symlink: /home/vincent-pc/ros2_jazzy/src/install/my_robot_interfaces/share/my_robot_interfaces/action/CountUntil.idl
[17.553s] -- Up-to-date symlink: /home/vincent-pc/ros2_jazzy/src/install/my_robot_interfaces/share/my_robot_interfaces/action/MoveRobot.idl
[17.553s] -- Symlinking: /home/vincent-pc/ros2_jazzy/src/install/my_robot_interfaces/share/my_robot_interfaces/action/MoveTurtle.idl
[17.565s] -- Up-to-date symlink: /home/vincent-pc/ros2_jazzy/src/install/my_robot_interfaces/share/my_robot_interfaces/msg/MyRobotState.msg
[17.565s] -- Up-to-date symlink: /home/vincent-pc/ros2_jazzy/src/install/my_robot_interfaces/share/my_robot_interfaces/msg/MyRobotDifferential.msg
[17.565s] -- Up-to-date symlink: /home/vincent-pc/ros2_jazzy/src/install/my_robot_interfaces/share/my_robot_interfaces/msg/MyRobotJoint0.msg
[17.565s] -- Up-to-date symlink: /home/vincent-pc/ros2_jazzy/src/install/my_robot_interfaces/share/my_robot_interfaces/msg/MyRobotJoint1.msg
[17.566s] -- Up-to-date symlink: /home/vincent-pc/ros2_jazzy/src/install/my_robot_interfaces/share/my_robot_interfaces/msg/LedStateArray.msg
[17.566s] -- Up-to-date symlink: /home/vincent-pc/ros2_jazzy/src/install/my_robot_interfaces/share/my_robot_interfaces/srv/MyRobotSrv.srv
[17.566s] -- Up-to-date symlink: /home/vincent-pc/ros2_jazzy/src/install/my_robot_interfaces/share/my_robot_interfaces/srv/SetLed.srv
[17.566s] -- Up-to-date symlink: /home/vincent-pc/ros2_jazzy/src/install/my_robot_interfaces/share/my_robot_interfaces/action/CountUntil.action
[17.567s] -- Up-to-date symlink: /home/vincent-pc/ros2_jazzy/src/install/my_robot_interfaces/share/my_robot_interfaces/action/MoveRobot.action
[17.567s] -- Symlinking: /home/vincent-pc/ros2_jazzy/src/install/my_robot_interfaces/share/my_robot_interfaces/action/MoveTurtle.action
[17.579s] -- Up-to-date symlink: /home/vincent-pc/ros2_jazzy/src/install/my_robot_interfaces/share/ament_index/resource_index/package_run_dependencies/my_robot_interfaces
[17.579s] -- Up-to-date symlink: /home/vincent-pc/ros2_jazzy/src/install/my_robot_interfaces/share/ament_index/resource_index/parent_prefix_path/my_robot_interfaces
[17.579s] -- Up-to-date symlink: /home/vincent-pc/ros2_jazzy/src/install/my_robot_interfaces/share/my_robot_interfaces/environment/ament_prefix_path.sh
[17.580s] -- Up-to-date symlink: /home/vincent-pc/ros2_jazzy/src/install/my_robot_interfaces/share/my_robot_interfaces/environment/ament_prefix_path.dsv
[17.580s] -- Up-to-date symlink: /home/vincent-pc/ros2_jazzy/src/install/my_robot_interfaces/share/my_robot_interfaces/environment/path.sh
[17.580s] -- Up-to-date symlink: /home/vincent-pc/ros2_jazzy/src/install/my_robot_interfaces/share/my_robot_interfaces/environment/path.dsv
[17.580s] -- Up-to-date symlink: /home/vincent-pc/ros2_jazzy/src/install/my_robot_interfaces/share/my_robot_interfaces/local_setup.bash
[17.580s] -- Up-to-date symlink: /home/vincent-pc/ros2_jazzy/src/install/my_robot_interfaces/share/my_robot_interfaces/local_setup.sh
[17.581s] -- Up-to-date symlink: /home/vincent-pc/ros2_jazzy/src/install/my_robot_interfaces/share/my_robot_interfaces/local_setup.zsh
[17.581s] -- Up-to-date symlink: /home/vincent-pc/ros2_jazzy/src/install/my_robot_interfaces/share/my_robot_interfaces/local_setup.dsv
[17.581s] -- Symlinking: /home/vincent-pc/ros2_jazzy/src/install/my_robot_interfaces/share/my_robot_interfaces/package.dsv
[17.594s] -- Up-to-date symlink: /home/vincent-pc/ros2_jazzy/src/install/my_robot_interfaces/share/ament_index/resource_index/packages/my_robot_interfaces
[17.594s] -- Up-to-date symlink: /home/vincent-pc/ros2_jazzy/src/install/my_robot_interfaces/share/my_robot_interfaces/cmake/rosidl_cmake-extras.cmake
[17.594s] -- Up-to-date symlink: /home/vincent-pc/ros2_jazzy/src/install/my_robot_interfaces/share/my_robot_interfaces/cmake/ament_cmake_export_dependencies-extras.cmake
[17.594s] -- Up-to-date symlink: /home/vincent-pc/ros2_jazzy/src/install/my_robot_interfaces/share/my_robot_interfaces/cmake/ament_cmake_export_include_directories-extras.cmake
[17.595s] -- Up-to-date symlink: /home/vincent-pc/ros2_jazzy/src/install/my_robot_interfaces/share/my_robot_interfaces/cmake/ament_cmake_export_libraries-extras.cmake
[17.595s] -- Up-to-date symlink: /home/vincent-pc/ros2_jazzy/src/install/my_robot_interfaces/share/my_robot_interfaces/cmake/ament_cmake_export_targets-extras.cmake
[17.595s] -- Up-to-date symlink: /home/vincent-pc/ros2_jazzy/src/install/my_robot_interfaces/share/my_robot_interfaces/cmake/rosidl_cmake_export_typesupport_targets-extras.cmake
[17.595s] -- Up-to-date symlink: /home/vincent-pc/ros2_jazzy/src/install/my_robot_interfaces/share/my_robot_interfaces/cmake/rosidl_cmake_export_typesupport_libraries-extras.cmake
[17.596s] -- Up-to-date symlink: /home/vincent-pc/ros2_jazzy/src/install/my_robot_interfaces/share/my_robot_interfaces/cmake/my_robot_interfacesConfig.cmake
[17.596s] -- Up-to-date symlink: /home/vincent-pc/ros2_jazzy/src/install/my_robot_interfaces/share/my_robot_interfaces/cmake/my_robot_interfacesConfig-version.cmake
[17.596s] -- Up-to-date symlink: /home/vincent-pc/ros2_jazzy/src/install/my_robot_interfaces/share/my_robot_interfaces/package.xml
[17.596s] -- Installing: /home/vincent-pc/ros2_jazzy/src/install/my_robot_interfaces/lib/libmy_robot_interfaces__rosidl_generator_c.so
[17.598s] -- Set non-toolchain portion of runtime path of "/home/vincent-pc/ros2_jazzy/src/install/my_robot_interfaces/lib/libmy_robot_interfaces__rosidl_generator_c.so" to ""
[17.598s] -- Installing: /home/vincent-pc/ros2_jazzy/src/install/my_robot_interfaces/lib/libmy_robot_interfaces__rosidl_typesupport_fastrtps_c.so
[17.598s] -- Set non-toolchain portion of runtime path of "/home/vincent-pc/ros2_jazzy/src/install/my_robot_interfaces/lib/libmy_robot_interfaces__rosidl_typesupport_fastrtps_c.so" to ""
[17.599s] -- Installing: /home/vincent-pc/ros2_jazzy/src/install/my_robot_interfaces/lib/libmy_robot_interfaces__rosidl_typesupport_introspection_c.so
[17.599s] -- Set non-toolchain portion of runtime path of "/home/vincent-pc/ros2_jazzy/src/install/my_robot_interfaces/lib/libmy_robot_interfaces__rosidl_typesupport_introspection_c.so" to ""
[17.600s] -- Installing: /home/vincent-pc/ros2_jazzy/src/install/my_robot_interfaces/lib/libmy_robot_interfaces__rosidl_typesupport_c.so
[17.600s] -- Set non-toolchain portion of runtime path of "/home/vincent-pc/ros2_jazzy/src/install/my_robot_interfaces/lib/libmy_robot_interfaces__rosidl_typesupport_c.so" to ""
[17.600s] -- Installing: /home/vincent-pc/ros2_jazzy/src/install/my_robot_interfaces/lib/libmy_robot_interfaces__rosidl_typesupport_fastrtps_cpp.so
[17.602s] -- Set non-toolchain portion of runtime path of "/home/vincent-pc/ros2_jazzy/src/install/my_robot_interfaces/lib/libmy_robot_interfaces__rosidl_typesupport_fastrtps_cpp.so" to ""
[17.602s] -- Installing: /home/vincent-pc/ros2_jazzy/src/install/my_robot_interfaces/lib/libmy_robot_interfaces__rosidl_typesupport_introspection_cpp.so
[17.604s] -- Set non-toolchain portion of runtime path of "/home/vincent-pc/ros2_jazzy/src/install/my_robot_interfaces/lib/libmy_robot_interfaces__rosidl_typesupport_introspection_cpp.so" to ""
[17.604s] -- Installing: /home/vincent-pc/ros2_jazzy/src/install/my_robot_interfaces/lib/libmy_robot_interfaces__rosidl_typesupport_cpp.so
[17.605s] -- Set non-toolchain portion of runtime path of "/home/vincent-pc/ros2_jazzy/src/install/my_robot_interfaces/lib/libmy_robot_interfaces__rosidl_typesupport_cpp.so" to ""
[17.719s] Listing '/home/vincent-pc/ros2_jazzy/src/install/my_robot_interfaces/lib/python3.12/site-packages/my_robot_interfaces'...
[17.719s] Compiling '/home/vincent-pc/ros2_jazzy/src/install/my_robot_interfaces/lib/python3.12/site-packages/my_robot_interfaces/__init__.py'...
[17.719s] Listing '/home/vincent-pc/ros2_jazzy/src/install/my_robot_interfaces/lib/python3.12/site-packages/my_robot_interfaces/action'...
[17.719s] Compiling '/home/vincent-pc/ros2_jazzy/src/install/my_robot_interfaces/lib/python3.12/site-packages/my_robot_interfaces/action/__init__.py'...
[17.719s] Compiling '/home/vincent-pc/ros2_jazzy/src/install/my_robot_interfaces/lib/python3.12/site-packages/my_robot_interfaces/action/_count_until.py'...
[17.720s] Compiling '/home/vincent-pc/ros2_jazzy/src/install/my_robot_interfaces/lib/python3.12/site-packages/my_robot_interfaces/action/_move_robot.py'...
[17.720s] Compiling '/home/vincent-pc/ros2_jazzy/src/install/my_robot_interfaces/lib/python3.12/site-packages/my_robot_interfaces/action/_move_turtle.py'...
[17.720s] Listing '/home/vincent-pc/ros2_jazzy/src/install/my_robot_interfaces/lib/python3.12/site-packages/my_robot_interfaces/msg'...
[17.720s] Compiling '/home/vincent-pc/ros2_jazzy/src/install/my_robot_interfaces/lib/python3.12/site-packages/my_robot_interfaces/msg/__init__.py'...
[17.720s] Compiling '/home/vincent-pc/ros2_jazzy/src/install/my_robot_interfaces/lib/python3.12/site-packages/my_robot_interfaces/msg/_led_state_array.py'...
[17.721s] Compiling '/home/vincent-pc/ros2_jazzy/src/install/my_robot_interfaces/lib/python3.12/site-packages/my_robot_interfaces/msg/_my_robot_differential.py'...
[17.721s] Compiling '/home/vincent-pc/ros2_jazzy/src/install/my_robot_interfaces/lib/python3.12/site-packages/my_robot_interfaces/msg/_my_robot_joint0.py'...
[17.721s] Compiling '/home/vincent-pc/ros2_jazzy/src/install/my_robot_interfaces/lib/python3.12/site-packages/my_robot_interfaces/msg/_my_robot_joint1.py'...
[17.721s] Compiling '/home/vincent-pc/ros2_jazzy/src/install/my_robot_interfaces/lib/python3.12/site-packages/my_robot_interfaces/msg/_my_robot_state.py'...
[17.722s] Listing '/home/vincent-pc/ros2_jazzy/src/install/my_robot_interfaces/lib/python3.12/site-packages/my_robot_interfaces/srv'...
[17.722s] Compiling '/home/vincent-pc/ros2_jazzy/src/install/my_robot_interfaces/lib/python3.12/site-packages/my_robot_interfaces/srv/__init__.py'...
[17.722s] Compiling '/home/vincent-pc/ros2_jazzy/src/install/my_robot_interfaces/lib/python3.12/site-packages/my_robot_interfaces/srv/_my_robot_srv.py'...
[17.722s] Compiling '/home/vincent-pc/ros2_jazzy/src/install/my_robot_interfaces/lib/python3.12/site-packages/my_robot_interfaces/srv/_set_led.py'...
[17.727s] -- Installing: /home/vincent-pc/ros2_jazzy/src/install/my_robot_interfaces/lib/libmy_robot_interfaces__rosidl_generator_py.so
[17.728s] -- Set non-toolchain portion of runtime path of "/home/vincent-pc/ros2_jazzy/src/install/my_robot_interfaces/lib/libmy_robot_interfaces__rosidl_generator_py.so" to ""
[17.729s] -- Up-to-date: /home/vincent-pc/ros2_jazzy/src/install/my_robot_interfaces/share/my_robot_interfaces/cmake/export_my_robot_interfaces__rosidl_generator_cExport.cmake
[17.729s] -- Up-to-date: /home/vincent-pc/ros2_jazzy/src/install/my_robot_interfaces/share/my_robot_interfaces/cmake/export_my_robot_interfaces__rosidl_generator_cExport-noconfig.cmake
[17.729s] -- Up-to-date: /home/vincent-pc/ros2_jazzy/src/install/my_robot_interfaces/share/my_robot_interfaces/cmake/export_my_robot_interfaces__rosidl_typesupport_fastrtps_cExport.cmake
[17.730s] -- Up-to-date: /home/vincent-pc/ros2_jazzy/src/install/my_robot_interfaces/share/my_robot_interfaces/cmake/export_my_robot_interfaces__rosidl_typesupport_fastrtps_cExport-noconfig.cmake
[17.730s] -- Up-to-date: /home/vincent-pc/ros2_jazzy/src/install/my_robot_interfaces/share/my_robot_interfaces/cmake/my_robot_interfaces__rosidl_typesupport_introspection_cExport.cmake
[17.730s] -- Up-to-date: /home/vincent-pc/ros2_jazzy/src/install/my_robot_interfaces/share/my_robot_interfaces/cmake/my_robot_interfaces__rosidl_typesupport_introspection_cExport-noconfig.cmake
[17.730s] -- Up-to-date: /home/vincent-pc/ros2_jazzy/src/install/my_robot_interfaces/share/my_robot_interfaces/cmake/my_robot_interfaces__rosidl_typesupport_cExport.cmake
[17.731s] -- Up-to-date: /home/vincent-pc/ros2_jazzy/src/install/my_robot_interfaces/share/my_robot_interfaces/cmake/my_robot_interfaces__rosidl_typesupport_cExport-noconfig.cmake
[17.731s] -- Up-to-date: /home/vincent-pc/ros2_jazzy/src/install/my_robot_interfaces/share/my_robot_interfaces/cmake/export_my_robot_interfaces__rosidl_generator_cppExport.cmake
[17.731s] -- Up-to-date: /home/vincent-pc/ros2_jazzy/src/install/my_robot_interfaces/share/my_robot_interfaces/cmake/export_my_robot_interfaces__rosidl_typesupport_fastrtps_cppExport.cmake
[17.731s] -- Up-to-date: /home/vincent-pc/ros2_jazzy/src/install/my_robot_interfaces/share/my_robot_interfaces/cmake/export_my_robot_interfaces__rosidl_typesupport_fastrtps_cppExport-noconfig.cmake
[17.732s] -- Up-to-date: /home/vincent-pc/ros2_jazzy/src/install/my_robot_interfaces/share/my_robot_interfaces/cmake/my_robot_interfaces__rosidl_typesupport_introspection_cppExport.cmake
[17.732s] -- Up-to-date: /home/vincent-pc/ros2_jazzy/src/install/my_robot_interfaces/share/my_robot_interfaces/cmake/my_robot_interfaces__rosidl_typesupport_introspection_cppExport-noconfig.cmake
[17.732s] -- Up-to-date: /home/vincent-pc/ros2_jazzy/src/install/my_robot_interfaces/share/my_robot_interfaces/cmake/my_robot_interfaces__rosidl_typesupport_cppExport.cmake
[17.732s] -- Up-to-date: /home/vincent-pc/ros2_jazzy/src/install/my_robot_interfaces/share/my_robot_interfaces/cmake/my_robot_interfaces__rosidl_typesupport_cppExport-noconfig.cmake
[17.732s] -- Up-to-date: /home/vincent-pc/ros2_jazzy/src/install/my_robot_interfaces/share/my_robot_interfaces/cmake/export_my_robot_interfaces__rosidl_generator_pyExport.cmake
[17.733s] -- Up-to-date: /home/vincent-pc/ros2_jazzy/src/install/my_robot_interfaces/share/my_robot_interfaces/cmake/export_my_robot_interfaces__rosidl_generator_pyExport-noconfig.cmake
[17.734s] Invoked command in '/home/vincent-pc/ros2_jazzy/src/build/my_robot_interfaces' returned '0': CMAKE_PREFIX_PATH=${CMAKE_PREFIX_PATH}:/home/vincent-pc/ros2_jazzy/install/robot_py:/home/vincent-pc/ros2_jazzy/install/my_robot_python:/home/vincent-pc/ros2_jazzy/install/lifecycle_py:/home/vincent-pc/ros2_jazzy/install/executors_py:/home/vincent-pc/ros2_jazzy/install/components_py:/home/vincent-pc/ros2_jazzy/install/actions_py:/opt/ros/jazzy DEBUGINFOD_URLS=https://debuginfod.ubuntu.com /usr/bin/cmake --install /home/vincent-pc/ros2_jazzy/src/build/my_robot_interfaces
