[0.044s] Invoking command in '/home/vincent-pc/ros2_jazzy/build/my_robot_interfaces': CMAKE_PREFIX_PATH=${CMAKE_PREFIX_PATH}:/home/vincent-pc/ros2_jazzy/install/robot_py:/home/vincent-pc/ros2_jazzy/install/my_robot_python:/home/vincent-pc/ros2_jazzy/install/lifecycle_py:/home/vincent-pc/ros2_jazzy/install/executors_py:/home/vincent-pc/ros2_jazzy/install/components_py:/home/vincent-pc/ros2_jazzy/install/actions_py:/opt/ros/jazzy DEBUGINFOD_URLS=https://debuginfod.ubuntu.com /usr/bin/cmake --build /home/vincent-pc/ros2_jazzy/build/my_robot_interfaces -- -j8 -l8
[0.381s] [  1%] Built target my_robot_interfaces__rosidl_generator_type_description
[0.382s] [  1%] Built target ament_cmake_python_copy_my_robot_interfaces
[0.383s] [  1%] Built target my_robot_interfaces__cpp
[0.383s] [ 27%] Built target my_robot_interfaces__rosidl_generator_c
[0.383s] [ 37%] Built target my_robot_interfaces__rosidl_typesupport_introspection_c
[0.383s] [ 46%] Built target my_robot_interfaces__rosidl_typesupport_c
[0.383s] [ 55%] Built target my_robot_interfaces__rosidl_typesupport_fastrtps_cpp
[0.384s] [ 66%] Built target my_robot_interfaces__rosidl_typesupport_cpp
[0.384s] [ 85%] Built target my_robot_interfaces__rosidl_typesupport_fastrtps_c
[0.384s] [ 85%] Built target my_robot_interfaces__rosidl_typesupport_introspection_cpp
[0.384s] [ 85%] Built target my_robot_interfaces
[0.384s] [ 86%] Built target my_robot_interfaces__py
[0.384s] [ 95%] Built target my_robot_interfaces__rosidl_generator_py
[0.385s] [ 97%] Built target my_robot_interfaces_s__rosidl_typesupport_introspection_c
[0.385s] [ 98%] Built target my_robot_interfaces_s__rosidl_typesupport_c
[0.385s] [100%] Built target my_robot_interfaces_s__rosidl_typesupport_fastrtps_c
[0.451s] running egg_info
[0.475s] writing my_robot_interfaces.egg-info/PKG-INFO
[0.476s] writing dependency_links to my_robot_interfaces.egg-info/dependency_links.txt
[0.476s] writing top-level names to my_robot_interfaces.egg-info/top_level.txt
[0.553s] reading manifest file 'my_robot_interfaces.egg-info/SOURCES.txt'
[0.553s] writing manifest file 'my_robot_interfaces.egg-info/SOURCES.txt'
[0.588s] [100%] Built target ament_cmake_python_build_my_robot_interfaces_egg
[0.713s] Invoked command in '/home/vincent-pc/ros2_jazzy/build/my_robot_interfaces' returned '0': CMAKE_PREFIX_PATH=${CMAKE_PREFIX_PATH}:/home/vincent-pc/ros2_jazzy/install/robot_py:/home/vincent-pc/ros2_jazzy/install/my_robot_python:/home/vincent-pc/ros2_jazzy/install/lifecycle_py:/home/vincent-pc/ros2_jazzy/install/executors_py:/home/vincent-pc/ros2_jazzy/install/components_py:/home/vincent-pc/ros2_jazzy/install/actions_py:/opt/ros/jazzy DEBUGINFOD_URLS=https://debuginfod.ubuntu.com /usr/bin/cmake --build /home/vincent-pc/ros2_jazzy/build/my_robot_interfaces -- -j8 -l8
[0.714s] Invoking command in '/home/vincent-pc/ros2_jazzy/build/my_robot_interfaces': CMAKE_PREFIX_PATH=${CMAKE_PREFIX_PATH}:/home/vincent-pc/ros2_jazzy/install/robot_py:/home/vincent-pc/ros2_jazzy/install/my_robot_python:/home/vincent-pc/ros2_jazzy/install/lifecycle_py:/home/vincent-pc/ros2_jazzy/install/executors_py:/home/vincent-pc/ros2_jazzy/install/components_py:/home/vincent-pc/ros2_jazzy/install/actions_py:/opt/ros/jazzy DEBUGINFOD_URLS=https://debuginfod.ubuntu.com /usr/bin/cmake --install /home/vincent-pc/ros2_jazzy/build/my_robot_interfaces
[0.724s] -- Install configuration: ""
[0.725s] -- Up-to-date: /home/vincent-pc/ros2_jazzy/install/my_robot_interfaces/share/ament_index/resource_index/rosidl_interfaces/my_robot_interfaces
[0.725s] -- Up-to-date: /home/vincent-pc/ros2_jazzy/install/my_robot_interfaces/share/my_robot_interfaces/msg/MyRobotState.json
[0.725s] -- Up-to-date: /home/vincent-pc/ros2_jazzy/install/my_robot_interfaces/share/my_robot_interfaces/msg/MyRobotDifferential.json
[0.725s] -- Up-to-date: /home/vincent-pc/ros2_jazzy/install/my_robot_interfaces/share/my_robot_interfaces/msg/MyRobotJoint0.json
[0.725s] -- Up-to-date: /home/vincent-pc/ros2_jazzy/install/my_robot_interfaces/share/my_robot_interfaces/msg/MyRobotJoint1.json
[0.725s] -- Up-to-date: /home/vincent-pc/ros2_jazzy/install/my_robot_interfaces/share/my_robot_interfaces/msg/LedStateArray.json
[0.725s] -- Up-to-date: /home/vincent-pc/ros2_jazzy/install/my_robot_interfaces/share/my_robot_interfaces/srv/MyRobotSrv.json
[0.726s] -- Up-to-date: /home/vincent-pc/ros2_jazzy/install/my_robot_interfaces/share/my_robot_interfaces/srv/SetLed.json
[0.726s] -- Up-to-date: /home/vincent-pc/ros2_jazzy/install/my_robot_interfaces/share/my_robot_interfaces/action/CountUntil.json
[0.726s] -- Up-to-date: /home/vincent-pc/ros2_jazzy/install/my_robot_interfaces/share/my_robot_interfaces/action/MoveRobot.json
[0.726s] -- Up-to-date: /home/vincent-pc/ros2_jazzy/install/my_robot_interfaces/share/my_robot_interfaces/action/MoveTurtle.json
[0.726s] -- Up-to-date: /home/vincent-pc/ros2_jazzy/install/my_robot_interfaces/include/my_robot_interfaces/my_robot_interfaces
[0.726s] -- Up-to-date: /home/vincent-pc/ros2_jazzy/install/my_robot_interfaces/include/my_robot_interfaces/my_robot_interfaces/action
[0.726s] -- Up-to-date: /home/vincent-pc/ros2_jazzy/install/my_robot_interfaces/include/my_robot_interfaces/my_robot_interfaces/action/count_until.h
[0.727s] -- Up-to-date: /home/vincent-pc/ros2_jazzy/install/my_robot_interfaces/include/my_robot_interfaces/my_robot_interfaces/action/move_robot.h
[0.727s] -- Up-to-date: /home/vincent-pc/ros2_jazzy/install/my_robot_interfaces/include/my_robot_interfaces/my_robot_interfaces/action/move_turtle.h
[0.727s] -- Up-to-date: /home/vincent-pc/ros2_jazzy/install/my_robot_interfaces/include/my_robot_interfaces/my_robot_interfaces/action/detail
[0.727s] -- Up-to-date: /home/vincent-pc/ros2_jazzy/install/my_robot_interfaces/include/my_robot_interfaces/my_robot_interfaces/action/detail/move_turtle__functions.c
[0.727s] -- Up-to-date: /home/vincent-pc/ros2_jazzy/install/my_robot_interfaces/include/my_robot_interfaces/my_robot_interfaces/action/detail/move_robot__type_support.h
[0.727s] -- Up-to-date: /home/vincent-pc/ros2_jazzy/install/my_robot_interfaces/include/my_robot_interfaces/my_robot_interfaces/action/detail/move_turtle__type_support.h
[0.728s] -- Up-to-date: /home/vincent-pc/ros2_jazzy/install/my_robot_interfaces/include/my_robot_interfaces/my_robot_interfaces/action/detail/count_until__functions.h
[0.728s] -- Installing: /home/vincent-pc/ros2_jazzy/install/my_robot_interfaces/include/my_robot_interfaces/my_robot_interfaces/action/detail/move_robot__type_support.c
[0.728s] -- Up-to-date: /home/vincent-pc/ros2_jazzy/install/my_robot_interfaces/include/my_robot_interfaces/my_robot_interfaces/action/detail/move_robot__functions.c
[0.728s] -- Up-to-date: /home/vincent-pc/ros2_jazzy/install/my_robot_interfaces/include/my_robot_interfaces/my_robot_interfaces/action/detail/move_robot__functions.h
[0.728s] -- Up-to-date: /home/vincent-pc/ros2_jazzy/install/my_robot_interfaces/include/my_robot_interfaces/my_robot_interfaces/action/detail/move_robot__struct.h
[0.728s] -- Installing: /home/vincent-pc/ros2_jazzy/install/my_robot_interfaces/include/my_robot_interfaces/my_robot_interfaces/action/detail/move_turtle__type_support.c
[0.728s] -- Up-to-date: /home/vincent-pc/ros2_jazzy/install/my_robot_interfaces/include/my_robot_interfaces/my_robot_interfaces/action/detail/move_robot__description.c
[0.729s] -- Up-to-date: /home/vincent-pc/ros2_jazzy/install/my_robot_interfaces/include/my_robot_interfaces/my_robot_interfaces/action/detail/move_turtle__functions.h
[0.729s] -- Up-to-date: /home/vincent-pc/ros2_jazzy/install/my_robot_interfaces/include/my_robot_interfaces/my_robot_interfaces/action/detail/move_turtle__description.c
[0.729s] -- Up-to-date: /home/vincent-pc/ros2_jazzy/install/my_robot_interfaces/include/my_robot_interfaces/my_robot_interfaces/action/detail/count_until__struct.h
[0.729s] -- Up-to-date: /home/vincent-pc/ros2_jazzy/install/my_robot_interfaces/include/my_robot_interfaces/my_robot_interfaces/action/detail/count_until__functions.c
[0.729s] -- Installing: /home/vincent-pc/ros2_jazzy/install/my_robot_interfaces/include/my_robot_interfaces/my_robot_interfaces/action/detail/count_until__type_support.c
[0.730s] -- Up-to-date: /home/vincent-pc/ros2_jazzy/install/my_robot_interfaces/include/my_robot_interfaces/my_robot_interfaces/action/detail/count_until__description.c
[0.730s] -- Up-to-date: /home/vincent-pc/ros2_jazzy/install/my_robot_interfaces/include/my_robot_interfaces/my_robot_interfaces/action/detail/count_until__type_support.h
[0.730s] -- Up-to-date: /home/vincent-pc/ros2_jazzy/install/my_robot_interfaces/include/my_robot_interfaces/my_robot_interfaces/action/detail/move_turtle__struct.h
[0.730s] -- Up-to-date: /home/vincent-pc/ros2_jazzy/install/my_robot_interfaces/include/my_robot_interfaces/my_robot_interfaces/msg
[0.730s] -- Up-to-date: /home/vincent-pc/ros2_jazzy/install/my_robot_interfaces/include/my_robot_interfaces/my_robot_interfaces/msg/my_robot_joint1.h
[0.730s] -- Up-to-date: /home/vincent-pc/ros2_jazzy/install/my_robot_interfaces/include/my_robot_interfaces/my_robot_interfaces/msg/my_robot_differential.h
[0.731s] -- Up-to-date: /home/vincent-pc/ros2_jazzy/install/my_robot_interfaces/include/my_robot_interfaces/my_robot_interfaces/msg/my_robot_joint0.h
[0.731s] -- Up-to-date: /home/vincent-pc/ros2_jazzy/install/my_robot_interfaces/include/my_robot_interfaces/my_robot_interfaces/msg/rosidl_generator_c__visibility_control.h
[0.731s] -- Up-to-date: /home/vincent-pc/ros2_jazzy/install/my_robot_interfaces/include/my_robot_interfaces/my_robot_interfaces/msg/led_state_array.h
[0.731s] -- Up-to-date: /home/vincent-pc/ros2_jazzy/install/my_robot_interfaces/include/my_robot_interfaces/my_robot_interfaces/msg/detail
[0.731s] -- Installing: /home/vincent-pc/ros2_jazzy/install/my_robot_interfaces/include/my_robot_interfaces/my_robot_interfaces/msg/detail/my_robot_state__type_support.c
[0.732s] -- Up-to-date: /home/vincent-pc/ros2_jazzy/install/my_robot_interfaces/include/my_robot_interfaces/my_robot_interfaces/msg/detail/led_state_array__struct.h
[0.732s] -- Up-to-date: /home/vincent-pc/ros2_jazzy/install/my_robot_interfaces/include/my_robot_interfaces/my_robot_interfaces/msg/detail/my_robot_state__functions.h
[0.732s] -- Up-to-date: /home/vincent-pc/ros2_jazzy/install/my_robot_interfaces/include/my_robot_interfaces/my_robot_interfaces/msg/detail/my_robot_joint0__functions.h
[0.732s] -- Up-to-date: /home/vincent-pc/ros2_jazzy/install/my_robot_interfaces/include/my_robot_interfaces/my_robot_interfaces/msg/detail/my_robot_joint1__type_support.h
[0.732s] -- Up-to-date: /home/vincent-pc/ros2_jazzy/install/my_robot_interfaces/include/my_robot_interfaces/my_robot_interfaces/msg/detail/my_robot_differential__type_support.h
[0.732s] -- Up-to-date: /home/vincent-pc/ros2_jazzy/install/my_robot_interfaces/include/my_robot_interfaces/my_robot_interfaces/msg/detail/led_state_array__functions.c
[0.732s] -- Up-to-date: /home/vincent-pc/ros2_jazzy/install/my_robot_interfaces/include/my_robot_interfaces/my_robot_interfaces/msg/detail/my_robot_differential__struct.h
[0.733s] -- Up-to-date: /home/vincent-pc/ros2_jazzy/install/my_robot_interfaces/include/my_robot_interfaces/my_robot_interfaces/msg/detail/led_state_array__description.c
[0.733s] -- Up-to-date: /home/vincent-pc/ros2_jazzy/install/my_robot_interfaces/include/my_robot_interfaces/my_robot_interfaces/msg/detail/my_robot_differential__functions.h
[0.733s] -- Up-to-date: /home/vincent-pc/ros2_jazzy/install/my_robot_interfaces/include/my_robot_interfaces/my_robot_interfaces/msg/detail/my_robot_joint0__functions.c
[0.733s] -- Installing: /home/vincent-pc/ros2_jazzy/install/my_robot_interfaces/include/my_robot_interfaces/my_robot_interfaces/msg/detail/led_state_array__type_support.c
[0.733s] -- Up-to-date: /home/vincent-pc/ros2_jazzy/install/my_robot_interfaces/include/my_robot_interfaces/my_robot_interfaces/msg/detail/my_robot_differential__functions.c
[0.733s] -- Up-to-date: /home/vincent-pc/ros2_jazzy/install/my_robot_interfaces/include/my_robot_interfaces/my_robot_interfaces/msg/detail/my_robot_joint0__description.c
[0.733s] -- Up-to-date: /home/vincent-pc/ros2_jazzy/install/my_robot_interfaces/include/my_robot_interfaces/my_robot_interfaces/msg/detail/my_robot_joint0__struct.h
[0.733s] -- Up-to-date: /home/vincent-pc/ros2_jazzy/install/my_robot_interfaces/include/my_robot_interfaces/my_robot_interfaces/msg/detail/led_state_array__type_support.h
[0.734s] -- Up-to-date: /home/vincent-pc/ros2_jazzy/install/my_robot_interfaces/include/my_robot_interfaces/my_robot_interfaces/msg/detail/my_robot_joint1__description.c
[0.734s] -- Installing: /home/vincent-pc/ros2_jazzy/install/my_robot_interfaces/include/my_robot_interfaces/my_robot_interfaces/msg/detail/my_robot_joint0__type_support.c
[0.734s] -- Up-to-date: /home/vincent-pc/ros2_jazzy/install/my_robot_interfaces/include/my_robot_interfaces/my_robot_interfaces/msg/detail/my_robot_joint0__type_support.h
[0.734s] -- Up-to-date: /home/vincent-pc/ros2_jazzy/install/my_robot_interfaces/include/my_robot_interfaces/my_robot_interfaces/msg/detail/led_state_array__functions.h
[0.734s] -- Up-to-date: /home/vincent-pc/ros2_jazzy/install/my_robot_interfaces/include/my_robot_interfaces/my_robot_interfaces/msg/detail/my_robot_differential__description.c
[0.734s] -- Installing: /home/vincent-pc/ros2_jazzy/install/my_robot_interfaces/include/my_robot_interfaces/my_robot_interfaces/msg/detail/my_robot_joint1__type_support.c
[0.735s] -- Up-to-date: /home/vincent-pc/ros2_jazzy/install/my_robot_interfaces/include/my_robot_interfaces/my_robot_interfaces/msg/detail/my_robot_joint1__struct.h
[0.735s] -- Up-to-date: /home/vincent-pc/ros2_jazzy/install/my_robot_interfaces/include/my_robot_interfaces/my_robot_interfaces/msg/detail/my_robot_joint1__functions.h
[0.735s] -- Installing: /home/vincent-pc/ros2_jazzy/install/my_robot_interfaces/include/my_robot_interfaces/my_robot_interfaces/msg/detail/my_robot_differential__type_support.c
[0.735s] -- Up-to-date: /home/vincent-pc/ros2_jazzy/install/my_robot_interfaces/include/my_robot_interfaces/my_robot_interfaces/msg/detail/my_robot_state__type_support.h
[0.735s] -- Up-to-date: /home/vincent-pc/ros2_jazzy/install/my_robot_interfaces/include/my_robot_interfaces/my_robot_interfaces/msg/detail/my_robot_state__functions.c
[0.735s] -- Up-to-date: /home/vincent-pc/ros2_jazzy/install/my_robot_interfaces/include/my_robot_interfaces/my_robot_interfaces/msg/detail/my_robot_state__description.c
[0.735s] -- Up-to-date: /home/vincent-pc/ros2_jazzy/install/my_robot_interfaces/include/my_robot_interfaces/my_robot_interfaces/msg/detail/my_robot_joint1__functions.c
[0.736s] -- Up-to-date: /home/vincent-pc/ros2_jazzy/install/my_robot_interfaces/include/my_robot_interfaces/my_robot_interfaces/msg/detail/my_robot_state__struct.h
[0.736s] -- Up-to-date: /home/vincent-pc/ros2_jazzy/install/my_robot_interfaces/include/my_robot_interfaces/my_robot_interfaces/msg/my_robot_state.h
[0.736s] -- Up-to-date: /home/vincent-pc/ros2_jazzy/install/my_robot_interfaces/include/my_robot_interfaces/my_robot_interfaces/srv
[0.736s] -- Up-to-date: /home/vincent-pc/ros2_jazzy/install/my_robot_interfaces/include/my_robot_interfaces/my_robot_interfaces/srv/set_led.h
[0.737s] -- Up-to-date: /home/vincent-pc/ros2_jazzy/install/my_robot_interfaces/include/my_robot_interfaces/my_robot_interfaces/srv/my_robot_srv.h
[0.737s] -- Up-to-date: /home/vincent-pc/ros2_jazzy/install/my_robot_interfaces/include/my_robot_interfaces/my_robot_interfaces/srv/detail
[0.737s] -- Up-to-date: /home/vincent-pc/ros2_jazzy/install/my_robot_interfaces/include/my_robot_interfaces/my_robot_interfaces/srv/detail/set_led__struct.h
[0.737s] -- Up-to-date: /home/vincent-pc/ros2_jazzy/install/my_robot_interfaces/include/my_robot_interfaces/my_robot_interfaces/srv/detail/my_robot_srv__description.c
[0.737s] -- Installing: /home/vincent-pc/ros2_jazzy/install/my_robot_interfaces/include/my_robot_interfaces/my_robot_interfaces/srv/detail/set_led__type_support.c
[0.738s] -- Up-to-date: /home/vincent-pc/ros2_jazzy/install/my_robot_interfaces/include/my_robot_interfaces/my_robot_interfaces/srv/detail/set_led__type_support.h
[0.738s] -- Up-to-date: /home/vincent-pc/ros2_jazzy/install/my_robot_interfaces/include/my_robot_interfaces/my_robot_interfaces/srv/detail/my_robot_srv__type_support.h
[0.738s] -- Up-to-date: /home/vincent-pc/ros2_jazzy/install/my_robot_interfaces/include/my_robot_interfaces/my_robot_interfaces/srv/detail/my_robot_srv__struct.h
[0.738s] -- Installing: /home/vincent-pc/ros2_jazzy/install/my_robot_interfaces/include/my_robot_interfaces/my_robot_interfaces/srv/detail/my_robot_srv__type_support.c
[0.738s] -- Up-to-date: /home/vincent-pc/ros2_jazzy/install/my_robot_interfaces/include/my_robot_interfaces/my_robot_interfaces/srv/detail/set_led__description.c
[0.738s] -- Up-to-date: /home/vincent-pc/ros2_jazzy/install/my_robot_interfaces/include/my_robot_interfaces/my_robot_interfaces/srv/detail/set_led__functions.h
[0.739s] -- Up-to-date: /home/vincent-pc/ros2_jazzy/install/my_robot_interfaces/include/my_robot_interfaces/my_robot_interfaces/srv/detail/set_led__functions.c
[0.739s] -- Up-to-date: /home/vincent-pc/ros2_jazzy/install/my_robot_interfaces/include/my_robot_interfaces/my_robot_interfaces/srv/detail/my_robot_srv__functions.c
[0.739s] -- Up-to-date: /home/vincent-pc/ros2_jazzy/install/my_robot_interfaces/include/my_robot_interfaces/my_robot_interfaces/srv/detail/my_robot_srv__functions.h
[0.739s] -- Up-to-date: /home/vincent-pc/ros2_jazzy/install/my_robot_interfaces/share/my_robot_interfaces/environment/library_path.sh
[0.740s] -- Up-to-date: /home/vincent-pc/ros2_jazzy/install/my_robot_interfaces/share/my_robot_interfaces/environment/library_path.dsv
[0.740s] -- Up-to-date: /home/vincent-pc/ros2_jazzy/install/my_robot_interfaces/lib/libmy_robot_interfaces__rosidl_generator_c.so
[0.740s] -- Up-to-date: /home/vincent-pc/ros2_jazzy/install/my_robot_interfaces/include/my_robot_interfaces/my_robot_interfaces
[0.741s] -- Up-to-date: /home/vincent-pc/ros2_jazzy/install/my_robot_interfaces/include/my_robot_interfaces/my_robot_interfaces/action
[0.741s] -- Up-to-date: /home/vincent-pc/ros2_jazzy/install/my_robot_interfaces/include/my_robot_interfaces/my_robot_interfaces/action/detail
[0.741s] -- Up-to-date: /home/vincent-pc/ros2_jazzy/install/my_robot_interfaces/include/my_robot_interfaces/my_robot_interfaces/action/detail/move_robot__rosidl_typesupport_fastrtps_c.h
[0.741s] -- Up-to-date: /home/vincent-pc/ros2_jazzy/install/my_robot_interfaces/include/my_robot_interfaces/my_robot_interfaces/action/detail/move_turtle__rosidl_typesupport_fastrtps_c.h
[0.742s] -- Up-to-date: /home/vincent-pc/ros2_jazzy/install/my_robot_interfaces/include/my_robot_interfaces/my_robot_interfaces/action/detail/count_until__rosidl_typesupport_fastrtps_c.h
[0.742s] -- Up-to-date: /home/vincent-pc/ros2_jazzy/install/my_robot_interfaces/include/my_robot_interfaces/my_robot_interfaces/msg
[0.742s] -- Up-to-date: /home/vincent-pc/ros2_jazzy/install/my_robot_interfaces/include/my_robot_interfaces/my_robot_interfaces/msg/rosidl_typesupport_fastrtps_c__visibility_control.h
[0.742s] -- Up-to-date: /home/vincent-pc/ros2_jazzy/install/my_robot_interfaces/include/my_robot_interfaces/my_robot_interfaces/msg/detail
[0.742s] -- Up-to-date: /home/vincent-pc/ros2_jazzy/install/my_robot_interfaces/include/my_robot_interfaces/my_robot_interfaces/msg/detail/my_robot_joint0__rosidl_typesupport_fastrtps_c.h
[0.742s] -- Up-to-date: /home/vincent-pc/ros2_jazzy/install/my_robot_interfaces/include/my_robot_interfaces/my_robot_interfaces/msg/detail/my_robot_state__rosidl_typesupport_fastrtps_c.h
[0.742s] -- Up-to-date: /home/vincent-pc/ros2_jazzy/install/my_robot_interfaces/include/my_robot_interfaces/my_robot_interfaces/msg/detail/my_robot_joint1__rosidl_typesupport_fastrtps_c.h
[0.743s] -- Up-to-date: /home/vincent-pc/ros2_jazzy/install/my_robot_interfaces/include/my_robot_interfaces/my_robot_interfaces/msg/detail/my_robot_differential__rosidl_typesupport_fastrtps_c.h
[0.743s] -- Up-to-date: /home/vincent-pc/ros2_jazzy/install/my_robot_interfaces/include/my_robot_interfaces/my_robot_interfaces/msg/detail/led_state_array__rosidl_typesupport_fastrtps_c.h
[0.743s] -- Up-to-date: /home/vincent-pc/ros2_jazzy/install/my_robot_interfaces/include/my_robot_interfaces/my_robot_interfaces/srv
[0.743s] -- Up-to-date: /home/vincent-pc/ros2_jazzy/install/my_robot_interfaces/include/my_robot_interfaces/my_robot_interfaces/srv/detail
[0.743s] -- Up-to-date: /home/vincent-pc/ros2_jazzy/install/my_robot_interfaces/include/my_robot_interfaces/my_robot_interfaces/srv/detail/my_robot_srv__rosidl_typesupport_fastrtps_c.h
[0.743s] -- Up-to-date: /home/vincent-pc/ros2_jazzy/install/my_robot_interfaces/include/my_robot_interfaces/my_robot_interfaces/srv/detail/set_led__rosidl_typesupport_fastrtps_c.h
[0.743s] -- Up-to-date: /home/vincent-pc/ros2_jazzy/install/my_robot_interfaces/lib/libmy_robot_interfaces__rosidl_typesupport_fastrtps_c.so
[0.744s] -- Up-to-date: /home/vincent-pc/ros2_jazzy/install/my_robot_interfaces/include/my_robot_interfaces/my_robot_interfaces
[0.744s] -- Up-to-date: /home/vincent-pc/ros2_jazzy/install/my_robot_interfaces/include/my_robot_interfaces/my_robot_interfaces/action
[0.744s] -- Up-to-date: /home/vincent-pc/ros2_jazzy/install/my_robot_interfaces/include/my_robot_interfaces/my_robot_interfaces/action/detail
[0.744s] -- Up-to-date: /home/vincent-pc/ros2_jazzy/install/my_robot_interfaces/include/my_robot_interfaces/my_robot_interfaces/action/detail/move_robot__rosidl_typesupport_introspection_c.h
[0.744s] -- Installing: /home/vincent-pc/ros2_jazzy/install/my_robot_interfaces/include/my_robot_interfaces/my_robot_interfaces/action/detail/move_robot__type_support.c
[0.744s] -- Up-to-date: /home/vincent-pc/ros2_jazzy/install/my_robot_interfaces/include/my_robot_interfaces/my_robot_interfaces/action/detail/count_until__rosidl_typesupport_introspection_c.h
[0.744s] -- Installing: /home/vincent-pc/ros2_jazzy/install/my_robot_interfaces/include/my_robot_interfaces/my_robot_interfaces/action/detail/move_turtle__type_support.c
[0.745s] -- Installing: /home/vincent-pc/ros2_jazzy/install/my_robot_interfaces/include/my_robot_interfaces/my_robot_interfaces/action/detail/count_until__type_support.c
[0.745s] -- Up-to-date: /home/vincent-pc/ros2_jazzy/install/my_robot_interfaces/include/my_robot_interfaces/my_robot_interfaces/action/detail/move_turtle__rosidl_typesupport_introspection_c.h
[0.745s] -- Up-to-date: /home/vincent-pc/ros2_jazzy/install/my_robot_interfaces/include/my_robot_interfaces/my_robot_interfaces/msg
[0.745s] -- Up-to-date: /home/vincent-pc/ros2_jazzy/install/my_robot_interfaces/include/my_robot_interfaces/my_robot_interfaces/msg/rosidl_typesupport_introspection_c__visibility_control.h
[0.746s] -- Up-to-date: /home/vincent-pc/ros2_jazzy/install/my_robot_interfaces/include/my_robot_interfaces/my_robot_interfaces/msg/detail
[0.746s] -- Up-to-date: /home/vincent-pc/ros2_jazzy/install/my_robot_interfaces/include/my_robot_interfaces/my_robot_interfaces/msg/detail/my_robot_joint1__rosidl_typesupport_introspection_c.h
[0.746s] -- Installing: /home/vincent-pc/ros2_jazzy/install/my_robot_interfaces/include/my_robot_interfaces/my_robot_interfaces/msg/detail/my_robot_state__type_support.c
[0.746s] -- Up-to-date: /home/vincent-pc/ros2_jazzy/install/my_robot_interfaces/include/my_robot_interfaces/my_robot_interfaces/msg/detail/my_robot_state__rosidl_typesupport_introspection_c.h
[0.746s] -- Installing: /home/vincent-pc/ros2_jazzy/install/my_robot_interfaces/include/my_robot_interfaces/my_robot_interfaces/msg/detail/led_state_array__type_support.c
[0.746s] -- Installing: /home/vincent-pc/ros2_jazzy/install/my_robot_interfaces/include/my_robot_interfaces/my_robot_interfaces/msg/detail/my_robot_joint0__type_support.c
[0.747s] -- Installing: /home/vincent-pc/ros2_jazzy/install/my_robot_interfaces/include/my_robot_interfaces/my_robot_interfaces/msg/detail/my_robot_joint1__type_support.c
[0.747s] -- Installing: /home/vincent-pc/ros2_jazzy/install/my_robot_interfaces/include/my_robot_interfaces/my_robot_interfaces/msg/detail/my_robot_differential__type_support.c
[0.747s] -- Up-to-date: /home/vincent-pc/ros2_jazzy/install/my_robot_interfaces/include/my_robot_interfaces/my_robot_interfaces/msg/detail/my_robot_differential__rosidl_typesupport_introspection_c.h
[0.747s] -- Up-to-date: /home/vincent-pc/ros2_jazzy/install/my_robot_interfaces/include/my_robot_interfaces/my_robot_interfaces/msg/detail/led_state_array__rosidl_typesupport_introspection_c.h
[0.747s] -- Up-to-date: /home/vincent-pc/ros2_jazzy/install/my_robot_interfaces/include/my_robot_interfaces/my_robot_interfaces/msg/detail/my_robot_joint0__rosidl_typesupport_introspection_c.h
[0.747s] -- Up-to-date: /home/vincent-pc/ros2_jazzy/install/my_robot_interfaces/include/my_robot_interfaces/my_robot_interfaces/srv
[0.747s] -- Up-to-date: /home/vincent-pc/ros2_jazzy/install/my_robot_interfaces/include/my_robot_interfaces/my_robot_interfaces/srv/detail
[0.748s] -- Up-to-date: /home/vincent-pc/ros2_jazzy/install/my_robot_interfaces/include/my_robot_interfaces/my_robot_interfaces/srv/detail/set_led__rosidl_typesupport_introspection_c.h
[0.748s] -- Up-to-date: /home/vincent-pc/ros2_jazzy/install/my_robot_interfaces/include/my_robot_interfaces/my_robot_interfaces/srv/detail/my_robot_srv__rosidl_typesupport_introspection_c.h
[0.748s] -- Installing: /home/vincent-pc/ros2_jazzy/install/my_robot_interfaces/include/my_robot_interfaces/my_robot_interfaces/srv/detail/set_led__type_support.c
[0.748s] -- Installing: /home/vincent-pc/ros2_jazzy/install/my_robot_interfaces/include/my_robot_interfaces/my_robot_interfaces/srv/detail/my_robot_srv__type_support.c
[0.748s] -- Up-to-date: /home/vincent-pc/ros2_jazzy/install/my_robot_interfaces/lib/libmy_robot_interfaces__rosidl_typesupport_introspection_c.so
[0.748s] -- Up-to-date: /home/vincent-pc/ros2_jazzy/install/my_robot_interfaces/lib/libmy_robot_interfaces__rosidl_typesupport_c.so
[0.749s] -- Up-to-date: /home/vincent-pc/ros2_jazzy/install/my_robot_interfaces/include/my_robot_interfaces/my_robot_interfaces
[0.749s] -- Up-to-date: /home/vincent-pc/ros2_jazzy/install/my_robot_interfaces/include/my_robot_interfaces/my_robot_interfaces/action
[0.749s] -- Up-to-date: /home/vincent-pc/ros2_jazzy/install/my_robot_interfaces/include/my_robot_interfaces/my_robot_interfaces/action/move_robot.hpp
[0.749s] -- Up-to-date: /home/vincent-pc/ros2_jazzy/install/my_robot_interfaces/include/my_robot_interfaces/my_robot_interfaces/action/count_until.hpp
[0.749s] -- Up-to-date: /home/vincent-pc/ros2_jazzy/install/my_robot_interfaces/include/my_robot_interfaces/my_robot_interfaces/action/move_turtle.hpp
[0.750s] -- Up-to-date: /home/vincent-pc/ros2_jazzy/install/my_robot_interfaces/include/my_robot_interfaces/my_robot_interfaces/action/detail
[0.750s] -- Up-to-date: /home/vincent-pc/ros2_jazzy/install/my_robot_interfaces/include/my_robot_interfaces/my_robot_interfaces/action/detail/move_turtle__traits.hpp
[0.750s] -- Up-to-date: /home/vincent-pc/ros2_jazzy/install/my_robot_interfaces/include/my_robot_interfaces/my_robot_interfaces/action/detail/move_turtle__type_support.hpp
[0.750s] -- Up-to-date: /home/vincent-pc/ros2_jazzy/install/my_robot_interfaces/include/my_robot_interfaces/my_robot_interfaces/action/detail/count_until__builder.hpp
[0.750s] -- Up-to-date: /home/vincent-pc/ros2_jazzy/install/my_robot_interfaces/include/my_robot_interfaces/my_robot_interfaces/action/detail/count_until__struct.hpp
[0.750s] -- Up-to-date: /home/vincent-pc/ros2_jazzy/install/my_robot_interfaces/include/my_robot_interfaces/my_robot_interfaces/action/detail/count_until__type_support.hpp
[0.751s] -- Up-to-date: /home/vincent-pc/ros2_jazzy/install/my_robot_interfaces/include/my_robot_interfaces/my_robot_interfaces/action/detail/move_robot__type_support.hpp
[0.751s] -- Up-to-date: /home/vincent-pc/ros2_jazzy/install/my_robot_interfaces/include/my_robot_interfaces/my_robot_interfaces/action/detail/move_robot__struct.hpp
[0.751s] -- Up-to-date: /home/vincent-pc/ros2_jazzy/install/my_robot_interfaces/include/my_robot_interfaces/my_robot_interfaces/action/detail/move_robot__traits.hpp
[0.751s] -- Up-to-date: /home/vincent-pc/ros2_jazzy/install/my_robot_interfaces/include/my_robot_interfaces/my_robot_interfaces/action/detail/move_turtle__builder.hpp
[0.751s] -- Up-to-date: /home/vincent-pc/ros2_jazzy/install/my_robot_interfaces/include/my_robot_interfaces/my_robot_interfaces/action/detail/move_robot__builder.hpp
[0.751s] -- Up-to-date: /home/vincent-pc/ros2_jazzy/install/my_robot_interfaces/include/my_robot_interfaces/my_robot_interfaces/action/detail/move_turtle__struct.hpp
[0.751s] -- Up-to-date: /home/vincent-pc/ros2_jazzy/install/my_robot_interfaces/include/my_robot_interfaces/my_robot_interfaces/action/detail/count_until__traits.hpp
[0.752s] -- Up-to-date: /home/vincent-pc/ros2_jazzy/install/my_robot_interfaces/include/my_robot_interfaces/my_robot_interfaces/msg
[0.752s] -- Up-to-date: /home/vincent-pc/ros2_jazzy/install/my_robot_interfaces/include/my_robot_interfaces/my_robot_interfaces/msg/led_state_array.hpp
[0.752s] -- Up-to-date: /home/vincent-pc/ros2_jazzy/install/my_robot_interfaces/include/my_robot_interfaces/my_robot_interfaces/msg/my_robot_state.hpp
[0.752s] -- Up-to-date: /home/vincent-pc/ros2_jazzy/install/my_robot_interfaces/include/my_robot_interfaces/my_robot_interfaces/msg/my_robot_joint0.hpp
[0.752s] -- Up-to-date: /home/vincent-pc/ros2_jazzy/install/my_robot_interfaces/include/my_robot_interfaces/my_robot_interfaces/msg/my_robot_joint1.hpp
[0.752s] -- Up-to-date: /home/vincent-pc/ros2_jazzy/install/my_robot_interfaces/include/my_robot_interfaces/my_robot_interfaces/msg/rosidl_generator_cpp__visibility_control.hpp
[0.753s] -- Up-to-date: /home/vincent-pc/ros2_jazzy/install/my_robot_interfaces/include/my_robot_interfaces/my_robot_interfaces/msg/my_robot_differential.hpp
[0.753s] -- Up-to-date: /home/vincent-pc/ros2_jazzy/install/my_robot_interfaces/include/my_robot_interfaces/my_robot_interfaces/msg/detail
[0.753s] -- Up-to-date: /home/vincent-pc/ros2_jazzy/install/my_robot_interfaces/include/my_robot_interfaces/my_robot_interfaces/msg/detail/my_robot_differential__traits.hpp
[0.753s] -- Up-to-date: /home/vincent-pc/ros2_jazzy/install/my_robot_interfaces/include/my_robot_interfaces/my_robot_interfaces/msg/detail/my_robot_differential__struct.hpp
[0.753s] -- Up-to-date: /home/vincent-pc/ros2_jazzy/install/my_robot_interfaces/include/my_robot_interfaces/my_robot_interfaces/msg/detail/led_state_array__builder.hpp
[0.754s] -- Up-to-date: /home/vincent-pc/ros2_jazzy/install/my_robot_interfaces/include/my_robot_interfaces/my_robot_interfaces/msg/detail/led_state_array__traits.hpp
[0.754s] -- Up-to-date: /home/vincent-pc/ros2_jazzy/install/my_robot_interfaces/include/my_robot_interfaces/my_robot_interfaces/msg/detail/led_state_array__struct.hpp
[0.754s] -- Up-to-date: /home/vincent-pc/ros2_jazzy/install/my_robot_interfaces/include/my_robot_interfaces/my_robot_interfaces/msg/detail/my_robot_state__builder.hpp
[0.754s] -- Up-to-date: /home/vincent-pc/ros2_jazzy/install/my_robot_interfaces/include/my_robot_interfaces/my_robot_interfaces/msg/detail/my_robot_state__traits.hpp
[0.754s] -- Up-to-date: /home/vincent-pc/ros2_jazzy/install/my_robot_interfaces/include/my_robot_interfaces/my_robot_interfaces/msg/detail/my_robot_joint0__type_support.hpp
[0.754s] -- Up-to-date: /home/vincent-pc/ros2_jazzy/install/my_robot_interfaces/include/my_robot_interfaces/my_robot_interfaces/msg/detail/my_robot_differential__builder.hpp
[0.755s] -- Up-to-date: /home/vincent-pc/ros2_jazzy/install/my_robot_interfaces/include/my_robot_interfaces/my_robot_interfaces/msg/detail/my_robot_differential__type_support.hpp
[0.755s] -- Up-to-date: /home/vincent-pc/ros2_jazzy/install/my_robot_interfaces/include/my_robot_interfaces/my_robot_interfaces/msg/detail/my_robot_state__type_support.hpp
[0.755s] -- Up-to-date: /home/vincent-pc/ros2_jazzy/install/my_robot_interfaces/include/my_robot_interfaces/my_robot_interfaces/msg/detail/my_robot_joint1__struct.hpp
[0.755s] -- Up-to-date: /home/vincent-pc/ros2_jazzy/install/my_robot_interfaces/include/my_robot_interfaces/my_robot_interfaces/msg/detail/my_robot_joint1__builder.hpp
[0.755s] -- Up-to-date: /home/vincent-pc/ros2_jazzy/install/my_robot_interfaces/include/my_robot_interfaces/my_robot_interfaces/msg/detail/my_robot_joint1__traits.hpp
[0.755s] -- Up-to-date: /home/vincent-pc/ros2_jazzy/install/my_robot_interfaces/include/my_robot_interfaces/my_robot_interfaces/msg/detail/my_robot_joint0__traits.hpp
[0.755s] -- Up-to-date: /home/vincent-pc/ros2_jazzy/install/my_robot_interfaces/include/my_robot_interfaces/my_robot_interfaces/msg/detail/my_robot_joint0__struct.hpp
[0.756s] -- Up-to-date: /home/vincent-pc/ros2_jazzy/install/my_robot_interfaces/include/my_robot_interfaces/my_robot_interfaces/msg/detail/my_robot_joint1__type_support.hpp
[0.756s] -- Up-to-date: /home/vincent-pc/ros2_jazzy/install/my_robot_interfaces/include/my_robot_interfaces/my_robot_interfaces/msg/detail/led_state_array__type_support.hpp
[0.756s] -- Up-to-date: /home/vincent-pc/ros2_jazzy/install/my_robot_interfaces/include/my_robot_interfaces/my_robot_interfaces/msg/detail/my_robot_state__struct.hpp
[0.756s] -- Up-to-date: /home/vincent-pc/ros2_jazzy/install/my_robot_interfaces/include/my_robot_interfaces/my_robot_interfaces/msg/detail/my_robot_joint0__builder.hpp
[0.756s] -- Up-to-date: /home/vincent-pc/ros2_jazzy/install/my_robot_interfaces/include/my_robot_interfaces/my_robot_interfaces/srv
[0.756s] -- Up-to-date: /home/vincent-pc/ros2_jazzy/install/my_robot_interfaces/include/my_robot_interfaces/my_robot_interfaces/srv/set_led.hpp
[0.756s] -- Up-to-date: /home/vincent-pc/ros2_jazzy/install/my_robot_interfaces/include/my_robot_interfaces/my_robot_interfaces/srv/my_robot_srv.hpp
[0.756s] -- Up-to-date: /home/vincent-pc/ros2_jazzy/install/my_robot_interfaces/include/my_robot_interfaces/my_robot_interfaces/srv/detail
[0.757s] -- Up-to-date: /home/vincent-pc/ros2_jazzy/install/my_robot_interfaces/include/my_robot_interfaces/my_robot_interfaces/srv/detail/my_robot_srv__struct.hpp
[0.757s] -- Up-to-date: /home/vincent-pc/ros2_jazzy/install/my_robot_interfaces/include/my_robot_interfaces/my_robot_interfaces/srv/detail/my_robot_srv__builder.hpp
[0.757s] -- Up-to-date: /home/vincent-pc/ros2_jazzy/install/my_robot_interfaces/include/my_robot_interfaces/my_robot_interfaces/srv/detail/set_led__traits.hpp
[0.757s] -- Up-to-date: /home/vincent-pc/ros2_jazzy/install/my_robot_interfaces/include/my_robot_interfaces/my_robot_interfaces/srv/detail/set_led__builder.hpp
[0.757s] -- Up-to-date: /home/vincent-pc/ros2_jazzy/install/my_robot_interfaces/include/my_robot_interfaces/my_robot_interfaces/srv/detail/my_robot_srv__traits.hpp
[0.757s] -- Up-to-date: /home/vincent-pc/ros2_jazzy/install/my_robot_interfaces/include/my_robot_interfaces/my_robot_interfaces/srv/detail/set_led__struct.hpp
[0.758s] -- Up-to-date: /home/vincent-pc/ros2_jazzy/install/my_robot_interfaces/include/my_robot_interfaces/my_robot_interfaces/srv/detail/my_robot_srv__type_support.hpp
[0.758s] -- Up-to-date: /home/vincent-pc/ros2_jazzy/install/my_robot_interfaces/include/my_robot_interfaces/my_robot_interfaces/srv/detail/set_led__type_support.hpp
[0.758s] -- Up-to-date: /home/vincent-pc/ros2_jazzy/install/my_robot_interfaces/include/my_robot_interfaces/my_robot_interfaces
[0.758s] -- Up-to-date: /home/vincent-pc/ros2_jazzy/install/my_robot_interfaces/include/my_robot_interfaces/my_robot_interfaces/action
[0.758s] -- Up-to-date: /home/vincent-pc/ros2_jazzy/install/my_robot_interfaces/include/my_robot_interfaces/my_robot_interfaces/action/detail
[0.758s] -- Up-to-date: /home/vincent-pc/ros2_jazzy/install/my_robot_interfaces/include/my_robot_interfaces/my_robot_interfaces/action/detail/move_turtle__rosidl_typesupport_fastrtps_cpp.hpp
[0.758s] -- Up-to-date: /home/vincent-pc/ros2_jazzy/install/my_robot_interfaces/include/my_robot_interfaces/my_robot_interfaces/action/detail/count_until__rosidl_typesupport_fastrtps_cpp.hpp
[0.758s] -- Up-to-date: /home/vincent-pc/ros2_jazzy/install/my_robot_interfaces/include/my_robot_interfaces/my_robot_interfaces/action/detail/move_robot__rosidl_typesupport_fastrtps_cpp.hpp
[0.759s] -- Up-to-date: /home/vincent-pc/ros2_jazzy/install/my_robot_interfaces/include/my_robot_interfaces/my_robot_interfaces/action/detail/dds_fastrtps
[0.759s] -- Up-to-date: /home/vincent-pc/ros2_jazzy/install/my_robot_interfaces/include/my_robot_interfaces/my_robot_interfaces/msg
[0.759s] -- Up-to-date: /home/vincent-pc/ros2_jazzy/install/my_robot_interfaces/include/my_robot_interfaces/my_robot_interfaces/msg/rosidl_typesupport_fastrtps_cpp__visibility_control.h
[0.759s] -- Up-to-date: /home/vincent-pc/ros2_jazzy/install/my_robot_interfaces/include/my_robot_interfaces/my_robot_interfaces/msg/detail
[0.759s] -- Up-to-date: /home/vincent-pc/ros2_jazzy/install/my_robot_interfaces/include/my_robot_interfaces/my_robot_interfaces/msg/detail/my_robot_joint1__rosidl_typesupport_fastrtps_cpp.hpp
[0.759s] -- Up-to-date: /home/vincent-pc/ros2_jazzy/install/my_robot_interfaces/include/my_robot_interfaces/my_robot_interfaces/msg/detail/led_state_array__rosidl_typesupport_fastrtps_cpp.hpp
[0.759s] -- Up-to-date: /home/vincent-pc/ros2_jazzy/install/my_robot_interfaces/include/my_robot_interfaces/my_robot_interfaces/msg/detail/my_robot_differential__rosidl_typesupport_fastrtps_cpp.hpp
[0.759s] -- Up-to-date: /home/vincent-pc/ros2_jazzy/install/my_robot_interfaces/include/my_robot_interfaces/my_robot_interfaces/msg/detail/my_robot_state__rosidl_typesupport_fastrtps_cpp.hpp
[0.760s] -- Up-to-date: /home/vincent-pc/ros2_jazzy/install/my_robot_interfaces/include/my_robot_interfaces/my_robot_interfaces/msg/detail/my_robot_joint0__rosidl_typesupport_fastrtps_cpp.hpp
[0.760s] -- Up-to-date: /home/vincent-pc/ros2_jazzy/install/my_robot_interfaces/include/my_robot_interfaces/my_robot_interfaces/msg/detail/dds_fastrtps
[0.760s] -- Up-to-date: /home/vincent-pc/ros2_jazzy/install/my_robot_interfaces/include/my_robot_interfaces/my_robot_interfaces/srv
[0.760s] -- Up-to-date: /home/vincent-pc/ros2_jazzy/install/my_robot_interfaces/include/my_robot_interfaces/my_robot_interfaces/srv/detail
[0.760s] -- Up-to-date: /home/vincent-pc/ros2_jazzy/install/my_robot_interfaces/include/my_robot_interfaces/my_robot_interfaces/srv/detail/my_robot_srv__rosidl_typesupport_fastrtps_cpp.hpp
[0.760s] -- Up-to-date: /home/vincent-pc/ros2_jazzy/install/my_robot_interfaces/include/my_robot_interfaces/my_robot_interfaces/srv/detail/dds_fastrtps
[0.760s] -- Up-to-date: /home/vincent-pc/ros2_jazzy/install/my_robot_interfaces/include/my_robot_interfaces/my_robot_interfaces/srv/detail/set_led__rosidl_typesupport_fastrtps_cpp.hpp
[0.760s] -- Up-to-date: /home/vincent-pc/ros2_jazzy/install/my_robot_interfaces/lib/libmy_robot_interfaces__rosidl_typesupport_fastrtps_cpp.so
[0.761s] -- Up-to-date: /home/vincent-pc/ros2_jazzy/install/my_robot_interfaces/include/my_robot_interfaces/my_robot_interfaces
[0.761s] -- Up-to-date: /home/vincent-pc/ros2_jazzy/install/my_robot_interfaces/include/my_robot_interfaces/my_robot_interfaces/action
[0.761s] -- Up-to-date: /home/vincent-pc/ros2_jazzy/install/my_robot_interfaces/include/my_robot_interfaces/my_robot_interfaces/action/detail
[0.761s] -- Up-to-date: /home/vincent-pc/ros2_jazzy/install/my_robot_interfaces/include/my_robot_interfaces/my_robot_interfaces/action/detail/move_turtle__rosidl_typesupport_introspection_cpp.hpp
[0.761s] -- Up-to-date: /home/vincent-pc/ros2_jazzy/install/my_robot_interfaces/include/my_robot_interfaces/my_robot_interfaces/action/detail/move_robot__type_support.cpp
[0.761s] -- Up-to-date: /home/vincent-pc/ros2_jazzy/install/my_robot_interfaces/include/my_robot_interfaces/my_robot_interfaces/action/detail/count_until__type_support.cpp
[0.761s] -- Up-to-date: /home/vincent-pc/ros2_jazzy/install/my_robot_interfaces/include/my_robot_interfaces/my_robot_interfaces/action/detail/move_turtle__type_support.cpp
[0.762s] -- Up-to-date: /home/vincent-pc/ros2_jazzy/install/my_robot_interfaces/include/my_robot_interfaces/my_robot_interfaces/action/detail/move_robot__rosidl_typesupport_introspection_cpp.hpp
[0.762s] -- Up-to-date: /home/vincent-pc/ros2_jazzy/install/my_robot_interfaces/include/my_robot_interfaces/my_robot_interfaces/action/detail/count_until__rosidl_typesupport_introspection_cpp.hpp
[0.762s] -- Up-to-date: /home/vincent-pc/ros2_jazzy/install/my_robot_interfaces/include/my_robot_interfaces/my_robot_interfaces/msg
[0.762s] -- Up-to-date: /home/vincent-pc/ros2_jazzy/install/my_robot_interfaces/include/my_robot_interfaces/my_robot_interfaces/msg/detail
[0.762s] -- Up-to-date: /home/vincent-pc/ros2_jazzy/install/my_robot_interfaces/include/my_robot_interfaces/my_robot_interfaces/msg/detail/my_robot_differential__type_support.cpp
[0.762s] -- Up-to-date: /home/vincent-pc/ros2_jazzy/install/my_robot_interfaces/include/my_robot_interfaces/my_robot_interfaces/msg/detail/led_state_array__rosidl_typesupport_introspection_cpp.hpp
[0.763s] -- Up-to-date: /home/vincent-pc/ros2_jazzy/install/my_robot_interfaces/include/my_robot_interfaces/my_robot_interfaces/msg/detail/my_robot_differential__rosidl_typesupport_introspection_cpp.hpp
[0.763s] -- Up-to-date: /home/vincent-pc/ros2_jazzy/install/my_robot_interfaces/include/my_robot_interfaces/my_robot_interfaces/msg/detail/my_robot_state__type_support.cpp
[0.763s] -- Up-to-date: /home/vincent-pc/ros2_jazzy/install/my_robot_interfaces/include/my_robot_interfaces/my_robot_interfaces/msg/detail/my_robot_joint0__type_support.cpp
[0.763s] -- Up-to-date: /home/vincent-pc/ros2_jazzy/install/my_robot_interfaces/include/my_robot_interfaces/my_robot_interfaces/msg/detail/my_robot_joint1__rosidl_typesupport_introspection_cpp.hpp
[0.763s] -- Up-to-date: /home/vincent-pc/ros2_jazzy/install/my_robot_interfaces/include/my_robot_interfaces/my_robot_interfaces/msg/detail/led_state_array__type_support.cpp
[0.763s] -- Up-to-date: /home/vincent-pc/ros2_jazzy/install/my_robot_interfaces/include/my_robot_interfaces/my_robot_interfaces/msg/detail/my_robot_joint0__rosidl_typesupport_introspection_cpp.hpp
[0.763s] -- Up-to-date: /home/vincent-pc/ros2_jazzy/install/my_robot_interfaces/include/my_robot_interfaces/my_robot_interfaces/msg/detail/my_robot_joint1__type_support.cpp
[0.764s] -- Up-to-date: /home/vincent-pc/ros2_jazzy/install/my_robot_interfaces/include/my_robot_interfaces/my_robot_interfaces/msg/detail/my_robot_state__rosidl_typesupport_introspection_cpp.hpp
[0.764s] -- Up-to-date: /home/vincent-pc/ros2_jazzy/install/my_robot_interfaces/include/my_robot_interfaces/my_robot_interfaces/srv
[0.764s] -- Up-to-date: /home/vincent-pc/ros2_jazzy/install/my_robot_interfaces/include/my_robot_interfaces/my_robot_interfaces/srv/detail
[0.764s] -- Up-to-date: /home/vincent-pc/ros2_jazzy/install/my_robot_interfaces/include/my_robot_interfaces/my_robot_interfaces/srv/detail/set_led__type_support.cpp
[0.764s] -- Up-to-date: /home/vincent-pc/ros2_jazzy/install/my_robot_interfaces/include/my_robot_interfaces/my_robot_interfaces/srv/detail/set_led__rosidl_typesupport_introspection_cpp.hpp
[0.764s] -- Up-to-date: /home/vincent-pc/ros2_jazzy/install/my_robot_interfaces/include/my_robot_interfaces/my_robot_interfaces/srv/detail/my_robot_srv__type_support.cpp
[0.764s] -- Up-to-date: /home/vincent-pc/ros2_jazzy/install/my_robot_interfaces/include/my_robot_interfaces/my_robot_interfaces/srv/detail/my_robot_srv__rosidl_typesupport_introspection_cpp.hpp
[0.764s] -- Up-to-date: /home/vincent-pc/ros2_jazzy/install/my_robot_interfaces/lib/libmy_robot_interfaces__rosidl_typesupport_introspection_cpp.so
[0.765s] -- Up-to-date: /home/vincent-pc/ros2_jazzy/install/my_robot_interfaces/lib/libmy_robot_interfaces__rosidl_typesupport_cpp.so
[0.765s] -- Up-to-date: /home/vincent-pc/ros2_jazzy/install/my_robot_interfaces/share/my_robot_interfaces/environment/pythonpath.sh
[0.765s] -- Up-to-date: /home/vincent-pc/ros2_jazzy/install/my_robot_interfaces/share/my_robot_interfaces/environment/pythonpath.dsv
[0.765s] -- Up-to-date: /home/vincent-pc/ros2_jazzy/install/my_robot_interfaces/lib/python3.12/site-packages/my_robot_interfaces-0.0.0-py3.12.egg-info
[0.765s] -- Installing: /home/vincent-pc/ros2_jazzy/install/my_robot_interfaces/lib/python3.12/site-packages/my_robot_interfaces-0.0.0-py3.12.egg-info/PKG-INFO
[0.765s] -- Installing: /home/vincent-pc/ros2_jazzy/install/my_robot_interfaces/lib/python3.12/site-packages/my_robot_interfaces-0.0.0-py3.12.egg-info/dependency_links.txt
[0.765s] -- Installing: /home/vincent-pc/ros2_jazzy/install/my_robot_interfaces/lib/python3.12/site-packages/my_robot_interfaces-0.0.0-py3.12.egg-info/top_level.txt
[0.765s] -- Installing: /home/vincent-pc/ros2_jazzy/install/my_robot_interfaces/lib/python3.12/site-packages/my_robot_interfaces-0.0.0-py3.12.egg-info/SOURCES.txt
[0.766s] -- Up-to-date: /home/vincent-pc/ros2_jazzy/install/my_robot_interfaces/lib/python3.12/site-packages/my_robot_interfaces
[0.766s] -- Up-to-date: /home/vincent-pc/ros2_jazzy/install/my_robot_interfaces/lib/python3.12/site-packages/my_robot_interfaces/action
[0.766s] -- Up-to-date: /home/vincent-pc/ros2_jazzy/install/my_robot_interfaces/lib/python3.12/site-packages/my_robot_interfaces/action/_move_turtle.py
[0.766s] -- Up-to-date: /home/vincent-pc/ros2_jazzy/install/my_robot_interfaces/lib/python3.12/site-packages/my_robot_interfaces/action/_move_turtle_s.c
[0.766s] -- Up-to-date: /home/vincent-pc/ros2_jazzy/install/my_robot_interfaces/lib/python3.12/site-packages/my_robot_interfaces/action/__init__.py
[0.766s] -- Up-to-date: /home/vincent-pc/ros2_jazzy/install/my_robot_interfaces/lib/python3.12/site-packages/my_robot_interfaces/action/_count_until_s.c
[0.766s] -- Up-to-date: /home/vincent-pc/ros2_jazzy/install/my_robot_interfaces/lib/python3.12/site-packages/my_robot_interfaces/action/_move_robot.py
[0.766s] -- Up-to-date: /home/vincent-pc/ros2_jazzy/install/my_robot_interfaces/lib/python3.12/site-packages/my_robot_interfaces/action/_move_robot_s.c
[0.767s] -- Up-to-date: /home/vincent-pc/ros2_jazzy/install/my_robot_interfaces/lib/python3.12/site-packages/my_robot_interfaces/action/_count_until.py
[0.767s] -- Up-to-date: /home/vincent-pc/ros2_jazzy/install/my_robot_interfaces/lib/python3.12/site-packages/my_robot_interfaces/_my_robot_interfaces_s.ep.rosidl_typesupport_fastrtps_c.c
[0.767s] -- Up-to-date: /home/vincent-pc/ros2_jazzy/install/my_robot_interfaces/lib/python3.12/site-packages/my_robot_interfaces/my_robot_interfaces_s__rosidl_typesupport_fastrtps_c.so
[0.767s] -- Up-to-date: /home/vincent-pc/ros2_jazzy/install/my_robot_interfaces/lib/python3.12/site-packages/my_robot_interfaces/my_robot_interfaces_s__rosidl_typesupport_c.so
[0.767s] -- Up-to-date: /home/vincent-pc/ros2_jazzy/install/my_robot_interfaces/lib/python3.12/site-packages/my_robot_interfaces/__init__.py
[0.767s] -- Up-to-date: /home/vincent-pc/ros2_jazzy/install/my_robot_interfaces/lib/python3.12/site-packages/my_robot_interfaces/_my_robot_interfaces_s.ep.rosidl_typesupport_c.c
[0.767s] -- Up-to-date: /home/vincent-pc/ros2_jazzy/install/my_robot_interfaces/lib/python3.12/site-packages/my_robot_interfaces/msg
[0.767s] -- Up-to-date: /home/vincent-pc/ros2_jazzy/install/my_robot_interfaces/lib/python3.12/site-packages/my_robot_interfaces/msg/_my_robot_differential_s.c
[0.768s] -- Up-to-date: /home/vincent-pc/ros2_jazzy/install/my_robot_interfaces/lib/python3.12/site-packages/my_robot_interfaces/msg/_my_robot_joint0_s.c
[0.768s] -- Up-to-date: /home/vincent-pc/ros2_jazzy/install/my_robot_interfaces/lib/python3.12/site-packages/my_robot_interfaces/msg/_my_robot_differential.py
[0.768s] -- Up-to-date: /home/vincent-pc/ros2_jazzy/install/my_robot_interfaces/lib/python3.12/site-packages/my_robot_interfaces/msg/_led_state_array_s.c
[0.768s] -- Up-to-date: /home/vincent-pc/ros2_jazzy/install/my_robot_interfaces/lib/python3.12/site-packages/my_robot_interfaces/msg/__init__.py
[0.768s] -- Up-to-date: /home/vincent-pc/ros2_jazzy/install/my_robot_interfaces/lib/python3.12/site-packages/my_robot_interfaces/msg/_my_robot_state_s.c
[0.768s] -- Up-to-date: /home/vincent-pc/ros2_jazzy/install/my_robot_interfaces/lib/python3.12/site-packages/my_robot_interfaces/msg/_led_state_array.py
[0.768s] -- Up-to-date: /home/vincent-pc/ros2_jazzy/install/my_robot_interfaces/lib/python3.12/site-packages/my_robot_interfaces/msg/_my_robot_joint1_s.c
[0.769s] -- Up-to-date: /home/vincent-pc/ros2_jazzy/install/my_robot_interfaces/lib/python3.12/site-packages/my_robot_interfaces/msg/_my_robot_state.py
[0.769s] -- Up-to-date: /home/vincent-pc/ros2_jazzy/install/my_robot_interfaces/lib/python3.12/site-packages/my_robot_interfaces/msg/_my_robot_joint0.py
[0.769s] -- Up-to-date: /home/vincent-pc/ros2_jazzy/install/my_robot_interfaces/lib/python3.12/site-packages/my_robot_interfaces/msg/_my_robot_joint1.py
[0.769s] -- Up-to-date: /home/vincent-pc/ros2_jazzy/install/my_robot_interfaces/lib/python3.12/site-packages/my_robot_interfaces/_my_robot_interfaces_s.ep.rosidl_typesupport_introspection_c.c
[0.769s] -- Up-to-date: /home/vincent-pc/ros2_jazzy/install/my_robot_interfaces/lib/python3.12/site-packages/my_robot_interfaces/my_robot_interfaces_s__rosidl_typesupport_introspection_c.so
[0.769s] -- Up-to-date: /home/vincent-pc/ros2_jazzy/install/my_robot_interfaces/lib/python3.12/site-packages/my_robot_interfaces/srv
[0.769s] -- Up-to-date: /home/vincent-pc/ros2_jazzy/install/my_robot_interfaces/lib/python3.12/site-packages/my_robot_interfaces/srv/_my_robot_srv.py
[0.770s] -- Up-to-date: /home/vincent-pc/ros2_jazzy/install/my_robot_interfaces/lib/python3.12/site-packages/my_robot_interfaces/srv/__init__.py
[0.770s] -- Up-to-date: /home/vincent-pc/ros2_jazzy/install/my_robot_interfaces/lib/python3.12/site-packages/my_robot_interfaces/srv/_my_robot_srv_s.c
[0.770s] -- Up-to-date: /home/vincent-pc/ros2_jazzy/install/my_robot_interfaces/lib/python3.12/site-packages/my_robot_interfaces/srv/_set_led.py
[0.770s] -- Up-to-date: /home/vincent-pc/ros2_jazzy/install/my_robot_interfaces/lib/python3.12/site-packages/my_robot_interfaces/srv/_set_led_s.c
[0.798s] Listing '/home/vincent-pc/ros2_jazzy/install/my_robot_interfaces/lib/python3.12/site-packages/my_robot_interfaces'...
[0.798s] Listing '/home/vincent-pc/ros2_jazzy/install/my_robot_interfaces/lib/python3.12/site-packages/my_robot_interfaces/action'...
[0.798s] Listing '/home/vincent-pc/ros2_jazzy/install/my_robot_interfaces/lib/python3.12/site-packages/my_robot_interfaces/msg'...
[0.798s] Listing '/home/vincent-pc/ros2_jazzy/install/my_robot_interfaces/lib/python3.12/site-packages/my_robot_interfaces/srv'...
[0.806s] -- Up-to-date: /home/vincent-pc/ros2_jazzy/install/my_robot_interfaces/lib/python3.12/site-packages/my_robot_interfaces/my_robot_interfaces_s__rosidl_typesupport_fastrtps_c.so
[0.807s] -- Up-to-date: /home/vincent-pc/ros2_jazzy/install/my_robot_interfaces/lib/python3.12/site-packages/my_robot_interfaces/my_robot_interfaces_s__rosidl_typesupport_introspection_c.so
[0.808s] -- Up-to-date: /home/vincent-pc/ros2_jazzy/install/my_robot_interfaces/lib/python3.12/site-packages/my_robot_interfaces/my_robot_interfaces_s__rosidl_typesupport_c.so
[0.809s] -- Up-to-date: /home/vincent-pc/ros2_jazzy/install/my_robot_interfaces/lib/libmy_robot_interfaces__rosidl_generator_py.so
[0.809s] -- Up-to-date: /home/vincent-pc/ros2_jazzy/install/my_robot_interfaces/share/my_robot_interfaces/msg/MyRobotState.idl
[0.809s] -- Up-to-date: /home/vincent-pc/ros2_jazzy/install/my_robot_interfaces/share/my_robot_interfaces/msg/MyRobotDifferential.idl
[0.809s] -- Up-to-date: /home/vincent-pc/ros2_jazzy/install/my_robot_interfaces/share/my_robot_interfaces/msg/MyRobotJoint0.idl
[0.810s] -- Up-to-date: /home/vincent-pc/ros2_jazzy/install/my_robot_interfaces/share/my_robot_interfaces/msg/MyRobotJoint1.idl
[0.810s] -- Up-to-date: /home/vincent-pc/ros2_jazzy/install/my_robot_interfaces/share/my_robot_interfaces/msg/LedStateArray.idl
[0.810s] -- Up-to-date: /home/vincent-pc/ros2_jazzy/install/my_robot_interfaces/share/my_robot_interfaces/srv/MyRobotSrv.idl
[0.810s] -- Up-to-date: /home/vincent-pc/ros2_jazzy/install/my_robot_interfaces/share/my_robot_interfaces/srv/SetLed.idl
[0.810s] -- Up-to-date: /home/vincent-pc/ros2_jazzy/install/my_robot_interfaces/share/my_robot_interfaces/action/CountUntil.idl
[0.810s] -- Up-to-date: /home/vincent-pc/ros2_jazzy/install/my_robot_interfaces/share/my_robot_interfaces/action/MoveRobot.idl
[0.811s] -- Up-to-date: /home/vincent-pc/ros2_jazzy/install/my_robot_interfaces/share/my_robot_interfaces/action/MoveTurtle.idl
[0.811s] -- Up-to-date: /home/vincent-pc/ros2_jazzy/install/my_robot_interfaces/share/my_robot_interfaces/msg/MyRobotState.msg
[0.811s] -- Up-to-date: /home/vincent-pc/ros2_jazzy/install/my_robot_interfaces/share/my_robot_interfaces/msg/MyRobotDifferential.msg
[0.811s] -- Up-to-date: /home/vincent-pc/ros2_jazzy/install/my_robot_interfaces/share/my_robot_interfaces/msg/MyRobotJoint0.msg
[0.811s] -- Up-to-date: /home/vincent-pc/ros2_jazzy/install/my_robot_interfaces/share/my_robot_interfaces/msg/MyRobotJoint1.msg
[0.811s] -- Up-to-date: /home/vincent-pc/ros2_jazzy/install/my_robot_interfaces/share/my_robot_interfaces/msg/LedStateArray.msg
[0.811s] -- Up-to-date: /home/vincent-pc/ros2_jazzy/install/my_robot_interfaces/share/my_robot_interfaces/srv/MyRobotSrv.srv
[0.812s] -- Up-to-date: /home/vincent-pc/ros2_jazzy/install/my_robot_interfaces/share/my_robot_interfaces/srv/SetLed.srv
[0.812s] -- Up-to-date: /home/vincent-pc/ros2_jazzy/install/my_robot_interfaces/share/my_robot_interfaces/action/CountUntil.action
[0.812s] -- Up-to-date: /home/vincent-pc/ros2_jazzy/install/my_robot_interfaces/share/my_robot_interfaces/action/MoveRobot.action
[0.813s] -- Up-to-date: /home/vincent-pc/ros2_jazzy/install/my_robot_interfaces/share/my_robot_interfaces/action/MoveTurtle.action
[0.813s] -- Up-to-date: /home/vincent-pc/ros2_jazzy/install/my_robot_interfaces/share/ament_index/resource_index/package_run_dependencies/my_robot_interfaces
[0.813s] -- Up-to-date: /home/vincent-pc/ros2_jazzy/install/my_robot_interfaces/share/ament_index/resource_index/parent_prefix_path/my_robot_interfaces
[0.813s] -- Up-to-date: /home/vincent-pc/ros2_jazzy/install/my_robot_interfaces/share/my_robot_interfaces/environment/ament_prefix_path.sh
[0.813s] -- Up-to-date: /home/vincent-pc/ros2_jazzy/install/my_robot_interfaces/share/my_robot_interfaces/environment/ament_prefix_path.dsv
[0.813s] -- Up-to-date: /home/vincent-pc/ros2_jazzy/install/my_robot_interfaces/share/my_robot_interfaces/environment/path.sh
[0.814s] -- Up-to-date: /home/vincent-pc/ros2_jazzy/install/my_robot_interfaces/share/my_robot_interfaces/environment/path.dsv
[0.814s] -- Up-to-date: /home/vincent-pc/ros2_jazzy/install/my_robot_interfaces/share/my_robot_interfaces/local_setup.bash
[0.814s] -- Up-to-date: /home/vincent-pc/ros2_jazzy/install/my_robot_interfaces/share/my_robot_interfaces/local_setup.sh
[0.814s] -- Up-to-date: /home/vincent-pc/ros2_jazzy/install/my_robot_interfaces/share/my_robot_interfaces/local_setup.zsh
[0.814s] -- Up-to-date: /home/vincent-pc/ros2_jazzy/install/my_robot_interfaces/share/my_robot_interfaces/local_setup.dsv
[0.814s] -- Installing: /home/vincent-pc/ros2_jazzy/install/my_robot_interfaces/share/my_robot_interfaces/package.dsv
[0.815s] -- Up-to-date: /home/vincent-pc/ros2_jazzy/install/my_robot_interfaces/share/ament_index/resource_index/packages/my_robot_interfaces
[0.815s] -- Up-to-date: /home/vincent-pc/ros2_jazzy/install/my_robot_interfaces/share/my_robot_interfaces/cmake/export_my_robot_interfaces__rosidl_generator_cExport.cmake
[0.815s] -- Up-to-date: /home/vincent-pc/ros2_jazzy/install/my_robot_interfaces/share/my_robot_interfaces/cmake/export_my_robot_interfaces__rosidl_generator_cExport-noconfig.cmake
[0.815s] -- Up-to-date: /home/vincent-pc/ros2_jazzy/install/my_robot_interfaces/share/my_robot_interfaces/cmake/export_my_robot_interfaces__rosidl_typesupport_fastrtps_cExport.cmake
[0.815s] -- Up-to-date: /home/vincent-pc/ros2_jazzy/install/my_robot_interfaces/share/my_robot_interfaces/cmake/export_my_robot_interfaces__rosidl_typesupport_fastrtps_cExport-noconfig.cmake
[0.815s] -- Up-to-date: /home/vincent-pc/ros2_jazzy/install/my_robot_interfaces/share/my_robot_interfaces/cmake/my_robot_interfaces__rosidl_typesupport_introspection_cExport.cmake
[0.815s] -- Up-to-date: /home/vincent-pc/ros2_jazzy/install/my_robot_interfaces/share/my_robot_interfaces/cmake/my_robot_interfaces__rosidl_typesupport_introspection_cExport-noconfig.cmake
[0.816s] -- Up-to-date: /home/vincent-pc/ros2_jazzy/install/my_robot_interfaces/share/my_robot_interfaces/cmake/my_robot_interfaces__rosidl_typesupport_cExport.cmake
[0.816s] -- Up-to-date: /home/vincent-pc/ros2_jazzy/install/my_robot_interfaces/share/my_robot_interfaces/cmake/my_robot_interfaces__rosidl_typesupport_cExport-noconfig.cmake
[0.816s] -- Up-to-date: /home/vincent-pc/ros2_jazzy/install/my_robot_interfaces/share/my_robot_interfaces/cmake/export_my_robot_interfaces__rosidl_generator_cppExport.cmake
[0.816s] -- Up-to-date: /home/vincent-pc/ros2_jazzy/install/my_robot_interfaces/share/my_robot_interfaces/cmake/export_my_robot_interfaces__rosidl_typesupport_fastrtps_cppExport.cmake
[0.816s] -- Up-to-date: /home/vincent-pc/ros2_jazzy/install/my_robot_interfaces/share/my_robot_interfaces/cmake/export_my_robot_interfaces__rosidl_typesupport_fastrtps_cppExport-noconfig.cmake
[0.816s] -- Up-to-date: /home/vincent-pc/ros2_jazzy/install/my_robot_interfaces/share/my_robot_interfaces/cmake/my_robot_interfaces__rosidl_typesupport_introspection_cppExport.cmake
[0.816s] -- Up-to-date: /home/vincent-pc/ros2_jazzy/install/my_robot_interfaces/share/my_robot_interfaces/cmake/my_robot_interfaces__rosidl_typesupport_introspection_cppExport-noconfig.cmake
[0.817s] -- Up-to-date: /home/vincent-pc/ros2_jazzy/install/my_robot_interfaces/share/my_robot_interfaces/cmake/my_robot_interfaces__rosidl_typesupport_cppExport.cmake
[0.817s] -- Up-to-date: /home/vincent-pc/ros2_jazzy/install/my_robot_interfaces/share/my_robot_interfaces/cmake/my_robot_interfaces__rosidl_typesupport_cppExport-noconfig.cmake
[0.817s] -- Up-to-date: /home/vincent-pc/ros2_jazzy/install/my_robot_interfaces/share/my_robot_interfaces/cmake/export_my_robot_interfaces__rosidl_generator_pyExport.cmake
[0.817s] -- Up-to-date: /home/vincent-pc/ros2_jazzy/install/my_robot_interfaces/share/my_robot_interfaces/cmake/export_my_robot_interfaces__rosidl_generator_pyExport-noconfig.cmake
[0.817s] -- Up-to-date: /home/vincent-pc/ros2_jazzy/install/my_robot_interfaces/share/my_robot_interfaces/cmake/rosidl_cmake-extras.cmake
[0.817s] -- Up-to-date: /home/vincent-pc/ros2_jazzy/install/my_robot_interfaces/share/my_robot_interfaces/cmake/ament_cmake_export_dependencies-extras.cmake
[0.817s] -- Up-to-date: /home/vincent-pc/ros2_jazzy/install/my_robot_interfaces/share/my_robot_interfaces/cmake/ament_cmake_export_include_directories-extras.cmake
[0.818s] -- Up-to-date: /home/vincent-pc/ros2_jazzy/install/my_robot_interfaces/share/my_robot_interfaces/cmake/ament_cmake_export_libraries-extras.cmake
[0.818s] -- Up-to-date: /home/vincent-pc/ros2_jazzy/install/my_robot_interfaces/share/my_robot_interfaces/cmake/ament_cmake_export_targets-extras.cmake
[0.818s] -- Up-to-date: /home/vincent-pc/ros2_jazzy/install/my_robot_interfaces/share/my_robot_interfaces/cmake/rosidl_cmake_export_typesupport_targets-extras.cmake
[0.818s] -- Up-to-date: /home/vincent-pc/ros2_jazzy/install/my_robot_interfaces/share/my_robot_interfaces/cmake/rosidl_cmake_export_typesupport_libraries-extras.cmake
[0.818s] -- Up-to-date: /home/vincent-pc/ros2_jazzy/install/my_robot_interfaces/share/my_robot_interfaces/cmake/my_robot_interfacesConfig.cmake
[0.818s] -- Up-to-date: /home/vincent-pc/ros2_jazzy/install/my_robot_interfaces/share/my_robot_interfaces/cmake/my_robot_interfacesConfig-version.cmake
[0.818s] -- Up-to-date: /home/vincent-pc/ros2_jazzy/install/my_robot_interfaces/share/my_robot_interfaces/package.xml
[0.821s] Invoked command in '/home/vincent-pc/ros2_jazzy/build/my_robot_interfaces' returned '0': CMAKE_PREFIX_PATH=${CMAKE_PREFIX_PATH}:/home/vincent-pc/ros2_jazzy/install/robot_py:/home/vincent-pc/ros2_jazzy/install/my_robot_python:/home/vincent-pc/ros2_jazzy/install/lifecycle_py:/home/vincent-pc/ros2_jazzy/install/executors_py:/home/vincent-pc/ros2_jazzy/install/components_py:/home/vincent-pc/ros2_jazzy/install/actions_py:/opt/ros/jazzy DEBUGINFOD_URLS=https://debuginfod.ubuntu.com /usr/bin/cmake --install /home/vincent-pc/ros2_jazzy/build/my_robot_interfaces
