[7.115s] Invoking command in '/home/vincent-pc/ros2_jazzy/src/my_robot_python': DEBUGINFOD_URLS=https://debuginfod.ubuntu.com PYTHONPATH=/home/vincent-pc/ros2_jazzy/build/my_robot_python/prefix_override:/usr/lib/python3/dist-packages/colcon_core/task/python/colcon_distutils_commands:/home/vincent-pc/ros2_jazzy/install/my_robot_python/lib/python3.12/site-packages:${PYTHONPATH} /usr/bin/python3 -W ignore:setup.py install is deprecated -W ignore:easy_install command is deprecated setup.py egg_info --egg-base ../../build/my_robot_python build --build-base /home/vincent-pc/ros2_jazzy/build/my_robot_python/build install --record /home/vincent-pc/ros2_jazzy/build/my_robot_python/install.log --single-version-externally-managed install_data
[8.189s] running egg_info
[8.263s] writing ../../build/my_robot_python/my_robot_python.egg-info/PKG-INFO
[8.263s] writing dependency_links to ../../build/my_robot_python/my_robot_python.egg-info/dependency_links.txt
[8.264s] writing entry points to ../../build/my_robot_python/my_robot_python.egg-info/entry_points.txt
[8.265s] writing requirements to ../../build/my_robot_python/my_robot_python.egg-info/requires.txt
[8.265s] writing top-level names to ../../build/my_robot_python/my_robot_python.egg-info/top_level.txt
[8.423s] reading manifest file '../../build/my_robot_python/my_robot_python.egg-info/SOURCES.txt'
[8.423s] writing manifest file '../../build/my_robot_python/my_robot_python.egg-info/SOURCES.txt'
[8.424s] running build
[8.424s] running build_py
[8.430s] running install
[8.454s] running install_lib
[8.534s] running install_data
[8.536s] running install_egg_info
[8.613s] removing '/home/vincent-pc/ros2_jazzy/install/my_robot_python/lib/python3.12/site-packages/my_robot_python-0.0.0-py3.12.egg-info' (and everything under it)
[8.614s] Copying ../../build/my_robot_python/my_robot_python.egg-info to /home/vincent-pc/ros2_jazzy/install/my_robot_python/lib/python3.12/site-packages/my_robot_python-0.0.0-py3.12.egg-info
[8.616s] running install_scripts
[9.147s] Installing joint0_srv_py script to /home/vincent-pc/ros2_jazzy/install/my_robot_python/lib/my_robot_python
[9.148s] Installing joint1_srv_py script to /home/vincent-pc/ros2_jazzy/install/my_robot_python/lib/my_robot_python
[9.149s] Installing my_robot_j0_py script to /home/vincent-pc/ros2_jazzy/install/my_robot_python/lib/my_robot_python
[9.150s] Installing my_robot_j1_py script to /home/vincent-pc/ros2_jazzy/install/my_robot_python/lib/my_robot_python
[9.152s] writing list of installed files to '/home/vincent-pc/ros2_jazzy/build/my_robot_python/install.log'
[9.536s] Invoked command in '/home/vincent-pc/ros2_jazzy/src/my_robot_python' returned '0': DEBUGINFOD_URLS=https://debuginfod.ubuntu.com PYTHONPATH=/home/vincent-pc/ros2_jazzy/build/my_robot_python/prefix_override:/usr/lib/python3/dist-packages/colcon_core/task/python/colcon_distutils_commands:/home/vincent-pc/ros2_jazzy/install/my_robot_python/lib/python3.12/site-packages:${PYTHONPATH} /usr/bin/python3 -W ignore:setup.py install is deprecated -W ignore:easy_install command is deprecated setup.py egg_info --egg-base ../../build/my_robot_python build --build-base /home/vincent-pc/ros2_jazzy/build/my_robot_python/build install --record /home/vincent-pc/ros2_jazzy/build/my_robot_python/install.log --single-version-externally-managed install_data
