[0.022s] Invoking command in '/home/vincent-pc/ros2_jazzy/build/actions_cpp': CMAKE_PREFIX_PATH=/home/vincent-pc/ros2_jazzy/install/my_robot_interfaces:/home/vincent-pc/ros2_jazzy/install/my_robot_cpp:/home/vincent-pc/ros2_jazzy/install/actions_cpp:/home/vincent-pc/ros2_jazzy/install/my_robot_description:/home/vincent-pc/ros2_jazzy/install/my_robot_bringup:/opt/ros/jazzy/opt/gz_sim_vendor:/opt/ros/jazzy/opt/gz_sensors_vendor:/opt/ros/jazzy/opt/gz_physics_vendor:/opt/ros/jazzy/opt/sdformat_vendor:/opt/ros/jazzy/opt/gz_gui_vendor:/opt/ros/jazzy/opt/gz_transport_vendor:/opt/ros/jazzy/opt/gz_rendering_vendor:/opt/ros/jazzy/opt/gz_plugin_vendor:/opt/ros/jazzy/opt/gz_fuel_tools_vendor:/opt/ros/jazzy/opt/gz_msgs_vendor:/opt/ros/jazzy/opt/gz_common_vendor:/opt/ros/jazzy/opt/gz_math_vendor:/opt/ros/jazzy/opt/gz_utils_vendor:/opt/ros/jazzy/opt/gz_tools_vendor:/opt/ros/jazzy/opt/gz_ogre_next_vendor:/opt/ros/jazzy/opt/gz_dartsim_vendor:/opt/ros/jazzy/opt/gz_cmake_vendor:/home/vincent-pc/ros2_jazzy/install/my_robot_python:/home/vincent-pc/ros2_jazzy/install/actions_py:/opt/ros/jazzy DEBUGINFOD_URLS=https://debuginfod.ubuntu.com PYTHONPATH=/home/vincent-pc/ros2_jazzy/install/my_robot_interfaces/lib/python3.12/site-packages:/home/vincent-pc/ros2_jazzy/build/my_robot_python:/home/vincent-pc/ros2_jazzy/install/my_robot_python/lib/python3.12/site-packages:/home/vincent-pc/ros2_jazzy/build/actions_py:/home/vincent-pc/ros2_jazzy/install/actions_py/lib/python3.12/site-packages:/opt/ros/jazzy/lib/python3.12/site-packages /usr/bin/cmake --build /home/vincent-pc/ros2_jazzy/build/actions_cpp -- -j8 -l8
[0.342s] [ 16%] Built target count_until_server_cpp
[0.342s] [ 33%] Built target count_until_server_policy_queue_cpp
[0.343s] [ 66%] Built target count_until_server_policy1_cpp
[0.343s] [ 66%] Built target count_until_client_cpp
[0.344s] [ 83%] Built target move_robot_client_cpp
[0.344s] [ 91%] [32mBuilding CXX object CMakeFiles/move_robot_server_cpp.dir/src/move_robot_server.cpp.o[0m
[4.777s] [100%] [32m[1mLinking CXX executable move_robot_server_cpp[0m
[5.031s] [100%] Built target move_robot_server_cpp
[5.049s] Invoked command in '/home/vincent-pc/ros2_jazzy/build/actions_cpp' returned '0': CMAKE_PREFIX_PATH=/home/vincent-pc/ros2_jazzy/install/my_robot_interfaces:/home/vincent-pc/ros2_jazzy/install/my_robot_cpp:/home/vincent-pc/ros2_jazzy/install/actions_cpp:/home/vincent-pc/ros2_jazzy/install/my_robot_description:/home/vincent-pc/ros2_jazzy/install/my_robot_bringup:/opt/ros/jazzy/opt/gz_sim_vendor:/opt/ros/jazzy/opt/gz_sensors_vendor:/opt/ros/jazzy/opt/gz_physics_vendor:/opt/ros/jazzy/opt/sdformat_vendor:/opt/ros/jazzy/opt/gz_gui_vendor:/opt/ros/jazzy/opt/gz_transport_vendor:/opt/ros/jazzy/opt/gz_rendering_vendor:/opt/ros/jazzy/opt/gz_plugin_vendor:/opt/ros/jazzy/opt/gz_fuel_tools_vendor:/opt/ros/jazzy/opt/gz_msgs_vendor:/opt/ros/jazzy/opt/gz_common_vendor:/opt/ros/jazzy/opt/gz_math_vendor:/opt/ros/jazzy/opt/gz_utils_vendor:/opt/ros/jazzy/opt/gz_tools_vendor:/opt/ros/jazzy/opt/gz_ogre_next_vendor:/opt/ros/jazzy/opt/gz_dartsim_vendor:/opt/ros/jazzy/opt/gz_cmake_vendor:/home/vincent-pc/ros2_jazzy/install/my_robot_python:/home/vincent-pc/ros2_jazzy/install/actions_py:/opt/ros/jazzy DEBUGINFOD_URLS=https://debuginfod.ubuntu.com PYTHONPATH=/home/vincent-pc/ros2_jazzy/install/my_robot_interfaces/lib/python3.12/site-packages:/home/vincent-pc/ros2_jazzy/build/my_robot_python:/home/vincent-pc/ros2_jazzy/install/my_robot_python/lib/python3.12/site-packages:/home/vincent-pc/ros2_jazzy/build/actions_py:/home/vincent-pc/ros2_jazzy/install/actions_py/lib/python3.12/site-packages:/opt/ros/jazzy/lib/python3.12/site-packages /usr/bin/cmake --build /home/vincent-pc/ros2_jazzy/build/actions_cpp -- -j8 -l8
[5.051s] Invoking command in '/home/vincent-pc/ros2_jazzy/build/actions_cpp': CMAKE_PREFIX_PATH=/home/vincent-pc/ros2_jazzy/install/my_robot_interfaces:/home/vincent-pc/ros2_jazzy/install/my_robot_cpp:/home/vincent-pc/ros2_jazzy/install/actions_cpp:/home/vincent-pc/ros2_jazzy/install/my_robot_description:/home/vincent-pc/ros2_jazzy/install/my_robot_bringup:/opt/ros/jazzy/opt/gz_sim_vendor:/opt/ros/jazzy/opt/gz_sensors_vendor:/opt/ros/jazzy/opt/gz_physics_vendor:/opt/ros/jazzy/opt/sdformat_vendor:/opt/ros/jazzy/opt/gz_gui_vendor:/opt/ros/jazzy/opt/gz_transport_vendor:/opt/ros/jazzy/opt/gz_rendering_vendor:/opt/ros/jazzy/opt/gz_plugin_vendor:/opt/ros/jazzy/opt/gz_fuel_tools_vendor:/opt/ros/jazzy/opt/gz_msgs_vendor:/opt/ros/jazzy/opt/gz_common_vendor:/opt/ros/jazzy/opt/gz_math_vendor:/opt/ros/jazzy/opt/gz_utils_vendor:/opt/ros/jazzy/opt/gz_tools_vendor:/opt/ros/jazzy/opt/gz_ogre_next_vendor:/opt/ros/jazzy/opt/gz_dartsim_vendor:/opt/ros/jazzy/opt/gz_cmake_vendor:/home/vincent-pc/ros2_jazzy/install/my_robot_python:/home/vincent-pc/ros2_jazzy/install/actions_py:/opt/ros/jazzy DEBUGINFOD_URLS=https://debuginfod.ubuntu.com PYTHONPATH=/home/vincent-pc/ros2_jazzy/install/my_robot_interfaces/lib/python3.12/site-packages:/home/vincent-pc/ros2_jazzy/build/my_robot_python:/home/vincent-pc/ros2_jazzy/install/my_robot_python/lib/python3.12/site-packages:/home/vincent-pc/ros2_jazzy/build/actions_py:/home/vincent-pc/ros2_jazzy/install/actions_py/lib/python3.12/site-packages:/opt/ros/jazzy/lib/python3.12/site-packages /usr/bin/cmake --install /home/vincent-pc/ros2_jazzy/build/actions_cpp
[5.068s] -- Install configuration: ""
[5.069s] -- Execute custom install script
[5.070s] -- Up-to-date symlink: /home/vincent-pc/ros2_jazzy/install/actions_cpp/lib/actions_cpp//count_until_server_cpp
[5.071s] -- Up-to-date symlink: /home/vincent-pc/ros2_jazzy/install/actions_cpp/lib/actions_cpp//count_until_client_cpp
[5.071s] -- Up-to-date symlink: /home/vincent-pc/ros2_jazzy/install/actions_cpp/lib/actions_cpp//count_until_server_policy1_cpp
[5.072s] -- Up-to-date symlink: /home/vincent-pc/ros2_jazzy/install/actions_cpp/lib/actions_cpp//count_until_server_policy_queue_cpp
[5.072s] -- Up-to-date symlink: /home/vincent-pc/ros2_jazzy/install/actions_cpp/lib/actions_cpp//move_robot_server_cpp
[5.072s] -- Up-to-date symlink: /home/vincent-pc/ros2_jazzy/install/actions_cpp/lib/actions_cpp//move_robot_client_cpp
[5.073s] -- Up-to-date symlink: /home/vincent-pc/ros2_jazzy/install/actions_cpp/share/ament_index/resource_index/package_run_dependencies/actions_cpp
[5.073s] -- Up-to-date symlink: /home/vincent-pc/ros2_jazzy/install/actions_cpp/share/ament_index/resource_index/parent_prefix_path/actions_cpp
[5.074s] -- Up-to-date symlink: /home/vincent-pc/ros2_jazzy/install/actions_cpp/share/actions_cpp/environment/ament_prefix_path.sh
[5.075s] -- Up-to-date symlink: /home/vincent-pc/ros2_jazzy/install/actions_cpp/share/actions_cpp/environment/ament_prefix_path.dsv
[5.075s] -- Up-to-date symlink: /home/vincent-pc/ros2_jazzy/install/actions_cpp/share/actions_cpp/environment/path.sh
[5.076s] -- Up-to-date symlink: /home/vincent-pc/ros2_jazzy/install/actions_cpp/share/actions_cpp/environment/path.dsv
[5.076s] -- Up-to-date symlink: /home/vincent-pc/ros2_jazzy/install/actions_cpp/share/actions_cpp/local_setup.bash
[5.076s] -- Up-to-date symlink: /home/vincent-pc/ros2_jazzy/install/actions_cpp/share/actions_cpp/local_setup.sh
[5.077s] -- Up-to-date symlink: /home/vincent-pc/ros2_jazzy/install/actions_cpp/share/actions_cpp/local_setup.zsh
[5.077s] -- Up-to-date symlink: /home/vincent-pc/ros2_jazzy/install/actions_cpp/share/actions_cpp/local_setup.dsv
[5.077s] -- Symlinking: /home/vincent-pc/ros2_jazzy/install/actions_cpp/share/actions_cpp/package.dsv
[5.094s] -- Up-to-date symlink: /home/vincent-pc/ros2_jazzy/install/actions_cpp/share/ament_index/resource_index/packages/actions_cpp
[5.095s] -- Up-to-date symlink: /home/vincent-pc/ros2_jazzy/install/actions_cpp/share/actions_cpp/cmake/actions_cppConfig.cmake
[5.095s] -- Up-to-date symlink: /home/vincent-pc/ros2_jazzy/install/actions_cpp/share/actions_cpp/cmake/actions_cppConfig-version.cmake
[5.096s] -- Up-to-date symlink: /home/vincent-pc/ros2_jazzy/install/actions_cpp/share/actions_cpp/package.xml
[5.100s] Invoked command in '/home/vincent-pc/ros2_jazzy/build/actions_cpp' returned '0': CMAKE_PREFIX_PATH=/home/vincent-pc/ros2_jazzy/install/my_robot_interfaces:/home/vincent-pc/ros2_jazzy/install/my_robot_cpp:/home/vincent-pc/ros2_jazzy/install/actions_cpp:/home/vincent-pc/ros2_jazzy/install/my_robot_description:/home/vincent-pc/ros2_jazzy/install/my_robot_bringup:/opt/ros/jazzy/opt/gz_sim_vendor:/opt/ros/jazzy/opt/gz_sensors_vendor:/opt/ros/jazzy/opt/gz_physics_vendor:/opt/ros/jazzy/opt/sdformat_vendor:/opt/ros/jazzy/opt/gz_gui_vendor:/opt/ros/jazzy/opt/gz_transport_vendor:/opt/ros/jazzy/opt/gz_rendering_vendor:/opt/ros/jazzy/opt/gz_plugin_vendor:/opt/ros/jazzy/opt/gz_fuel_tools_vendor:/opt/ros/jazzy/opt/gz_msgs_vendor:/opt/ros/jazzy/opt/gz_common_vendor:/opt/ros/jazzy/opt/gz_math_vendor:/opt/ros/jazzy/opt/gz_utils_vendor:/opt/ros/jazzy/opt/gz_tools_vendor:/opt/ros/jazzy/opt/gz_ogre_next_vendor:/opt/ros/jazzy/opt/gz_dartsim_vendor:/opt/ros/jazzy/opt/gz_cmake_vendor:/home/vincent-pc/ros2_jazzy/install/my_robot_python:/home/vincent-pc/ros2_jazzy/install/actions_py:/opt/ros/jazzy DEBUGINFOD_URLS=https://debuginfod.ubuntu.com PYTHONPATH=/home/vincent-pc/ros2_jazzy/install/my_robot_interfaces/lib/python3.12/site-packages:/home/vincent-pc/ros2_jazzy/build/my_robot_python:/home/vincent-pc/ros2_jazzy/install/my_robot_python/lib/python3.12/site-packages:/home/vincent-pc/ros2_jazzy/build/actions_py:/home/vincent-pc/ros2_jazzy/install/actions_py/lib/python3.12/site-packages:/opt/ros/jazzy/lib/python3.12/site-packages /usr/bin/cmake --install /home/vincent-pc/ros2_jazzy/build/actions_cpp
