[0.019s] Invoking command in '/home/vincent-pc/ros2_jazzy/build/actions_cpp': CMAKE_PREFIX_PATH=/home/vincent-pc/ros2_jazzy/install/my_robot_interfaces:/home/vincent-pc/ros2_jazzy/install/my_robot_cpp:/home/vincent-pc/ros2_jazzy/install/actions_cpp:/home/vincent-pc/ros2_jazzy/install/my_robot_description:/home/vincent-pc/ros2_jazzy/install/my_robot_bringup:/opt/ros/jazzy/opt/gz_sim_vendor:/opt/ros/jazzy/opt/gz_sensors_vendor:/opt/ros/jazzy/opt/gz_physics_vendor:/opt/ros/jazzy/opt/sdformat_vendor:/opt/ros/jazzy/opt/gz_gui_vendor:/opt/ros/jazzy/opt/gz_transport_vendor:/opt/ros/jazzy/opt/gz_rendering_vendor:/opt/ros/jazzy/opt/gz_plugin_vendor:/opt/ros/jazzy/opt/gz_fuel_tools_vendor:/opt/ros/jazzy/opt/gz_msgs_vendor:/opt/ros/jazzy/opt/gz_common_vendor:/opt/ros/jazzy/opt/gz_math_vendor:/opt/ros/jazzy/opt/gz_utils_vendor:/opt/ros/jazzy/opt/gz_tools_vendor:/opt/ros/jazzy/opt/gz_ogre_next_vendor:/opt/ros/jazzy/opt/gz_dartsim_vendor:/opt/ros/jazzy/opt/gz_cmake_vendor:/home/vincent-pc/ros2_jazzy/install/my_robot_python:/home/vincent-pc/ros2_jazzy/install/actions_py:/opt/ros/jazzy DEBUGINFOD_URLS=https://debuginfod.ubuntu.com PYTHONPATH=/home/vincent-pc/ros2_jazzy/install/my_robot_interfaces/lib/python3.12/site-packages:/home/vincent-pc/ros2_jazzy/build/my_robot_python:/home/vincent-pc/ros2_jazzy/install/my_robot_python/lib/python3.12/site-packages:/home/vincent-pc/ros2_jazzy/build/actions_py:/home/vincent-pc/ros2_jazzy/install/actions_py/lib/python3.12/site-packages:/opt/ros/jazzy/lib/python3.12/site-packages /usr/bin/cmake --build /home/vincent-pc/ros2_jazzy/build/actions_cpp -- -j8 -l8
[0.303s] [ 40%] Built target count_until_server_policy_queue_cpp
[0.303s] [ 40%] Built target count_until_server_cpp
[0.303s] [ 60%] Built target count_until_client_cpp
[0.304s] [ 70%] [32mBuilding CXX object CMakeFiles/move_robot_server_cpp.dir/src/move_robot_server.cpp.o[0m
[0.304s] [ 90%] Built target count_until_server_policy1_cpp
[2.805s] [01m[K/home/vincent-pc/ros2_jazzy/src/actions_cpp/src/move_robot_server.cpp:[m[K In constructor ‘[01m[KMoveRobotServerNode::[01;32m[KMoveRobotServerNode[m[K()[m[K’:
[2.805s] [01m[K/home/vincent-pc/ros2_jazzy/src/actions_cpp/src/move_robot_server.cpp:16:69:[m[K [01;31m[Kerror: [m[Kno matching function for call to ‘[01m[Kcreate_client<MoveRobot>(MoveRobotServerNode*, const char [11], std::_Bind_helper<false, rclcpp_action::GoalResponse (MoveRobotServerNode::*)(const std::array<unsigned char, 16>&, std::shared_ptr<const my_robot_interfaces::action::MoveRobot_Goal_<std::allocator<void> > >), MoveRobotServerNode*, const std::_Placeholder<1>&, const std::_Placeholder<2>&>::type, std::_Bind_helper<false, rclcpp_action::CancelResponse (MoveRobotServerNode::*)(std::shared_ptr<rclcpp_action::ServerGoalHandle<my_robot_interfaces::action::MoveRobot> >), MoveRobotServerNode*, const std::_Placeholder<1>&>::type, std::_Bind_helper<false, void (MoveRobotServerNode::*)(std::shared_ptr<rclcpp_action::ServerGoalHandle<my_robot_interfaces::action::MoveRobot> >), MoveRobotServerNode*, const std::_Placeholder<1>&>::type, rcl_action_server_options_t, rclcpp::CallbackGroup::SharedPtr&)[m[K’
[2.805s]    16 |         move_robot_server_ = [01;31m[Krclcpp_action::create_client<MoveRobot>([m[K
[2.805s]       |                              [01;31m[K~~~~~~~~~~~~~~~~~~~~~~~~~~~~~~~~~~~~~~~^[m[K
[2.805s]    17 | [01;31m[K            this,[m[K
[2.805s]       |             [01;31m[K~~~~~[m[K                                                    
[2.805s]    18 | [01;31m[K            "move_robot",[m[K
[2.805s]       |             [01;31m[K~~~~~~~~~~~~~[m[K                                            
[2.805s]    19 | [01;31m[K            std::bind(&MoveRobotServerNode::goal_callback, this, _1, _2),[m[K
[2.805s]       |             [01;31m[K~~~~~~~~~~~~~~~~~~~~~~~~~~~~~~~~~~~~~~~~~~~~~~~~~~~~~~~~~~~~~[m[K
[2.805s]    20 | [01;31m[K            std::bind(&MoveRobotServerNode::cancel_callback, this, _1),[m[K
[2.805s]       |             [01;31m[K~~~~~~~~~~~~~~~~~~~~~~~~~~~~~~~~~~~~~~~~~~~~~~~~~~~~~~~~~~~[m[K
[2.805s]    21 | [01;31m[K            std::bind(&MoveRobotServerNode::handle_accepted_callback, this, _1),[m[K
[2.805s]       |             [01;31m[K~~~~~~~~~~~~~~~~~~~~~~~~~~~~~~~~~~~~~~~~~~~~~~~~~~~~~~~~~~~~~~~~~~~~[m[K
[2.806s]    22 | [01;31m[K            rcl_action_server_get_default_options(),[m[K
[2.806s]       |             [01;31m[K~~~~~~~~~~~~~~~~~~~~~~~~~~~~~~~~~~~~~~~~[m[K                 
[2.806s]    23 | [01;31m[K            cb_group_[m[K
[2.806s]       |             [01;31m[K~~~~~~~~~[m[K                                                
[2.806s]    24 | [01;31m[K        )[m[K;
[2.806s]       |         [01;31m[K~[m[K                                                            
[2.806s] In file included from [01m[K/opt/ros/jazzy/include/rclcpp_action/rclcpp_action/rclcpp_action.hpp:38[m[K,
[2.806s]                  from [01m[K/home/vincent-pc/ros2_jazzy/src/actions_cpp/src/move_robot_server.cpp:2[m[K:
[2.806s] [01m[K/opt/ros/jazzy/include/rclcpp_action/rclcpp_action/create_client.hpp:44:1:[m[K [01;36m[Knote: [m[Kcandidate: ‘[01m[Ktypename rclcpp_action::Client<ActionT>::SharedPtr rclcpp_action::[01;32m[Kcreate_client[m[K(rclcpp::node_interfaces::NodeBaseInterface::SharedPtr, rclcpp::node_interfaces::NodeGraphInterface::SharedPtr, rclcpp::node_interfaces::NodeLoggingInterface::SharedPtr, rclcpp::node_interfaces::NodeWaitablesInterface::SharedPtr, const std::string&, rclcpp::CallbackGroup::SharedPtr, const rcl_action_client_options_t&) [35m[K[with ActionT = my_robot_interfaces::action::MoveRobot; typename Client<ActionT>::SharedPtr = std::shared_ptr<Client<my_robot_interfaces::action::MoveRobot> >; rclcpp::node_interfaces::NodeBaseInterface::SharedPtr = std::shared_ptr<rclcpp::node_interfaces::NodeBaseInterface>; rclcpp::node_interfaces::NodeGraphInterface::SharedPtr = std::shared_ptr<rclcpp::node_interfaces::NodeGraphInterface>; rclcpp::node_interfaces::NodeLoggingInterface::SharedPtr = std::shared_ptr<rclcpp::node_interfaces::NodeLoggingInterface>; rclcpp::node_interfaces::NodeWaitablesInterface::SharedPtr = std::shared_ptr<rclcpp::node_interfaces::NodeWaitablesInterface>; std::string = std::__cxx11::basic_string<char>; rclcpp::CallbackGroup::SharedPtr = std::shared_ptr<rclcpp::CallbackGroup>; rcl_action_client_options_t = rcl_action_client_options_s][m[K[m[K’
[2.806s]    44 | [01;36m[Kcreate_client[m[K(
[2.806s]       | [01;36m[K^~~~~~~~~~~~~[m[K
[2.806s] [01m[K/opt/ros/jazzy/include/rclcpp_action/rclcpp_action/create_client.hpp:45:57:[m[K [01;36m[Knote: [m[K  no known conversion for argument 1 from ‘[01m[KMoveRobotServerNode*[m[K’ to ‘[01m[Krclcpp::node_interfaces::NodeBaseInterface::SharedPtr[m[K’ {aka ‘[01m[Kstd::shared_ptr<rclcpp::node_interfaces::NodeBaseInterface>[m[K’}
[2.806s]    45 |   [01;36m[Krclcpp::node_interfaces::NodeBaseInterface::SharedPtr node_base_interface[m[K,
[2.806s]       |   [01;36m[K~~~~~~~~~~~~~~~~~~~~~~~~~~~~~~~~~~~~~~~~~~~~~~~~~~~~~~^~~~~~~~~~~~~~~~~~~[m[K
[2.807s] [01m[K/opt/ros/jazzy/include/rclcpp_action/rclcpp_action/create_client.hpp:105:1:[m[K [01;36m[Knote: [m[Kcandidate: ‘[01m[Ktemplate<class ActionT, class NodeT> typename rclcpp_action::Client<ActionT>::SharedPtr rclcpp_action::[01;32m[Kcreate_client[m[K(NodeT, const std::string&, rclcpp::CallbackGroup::SharedPtr, const rcl_action_client_options_t&)[m[K’
[2.807s]   105 | [01;36m[Kcreate_client[m[K(
[2.807s]       | [01;36m[K^~~~~~~~~~~~~[m[K
[2.807s] [01m[K/opt/ros/jazzy/include/rclcpp_action/rclcpp_action/create_client.hpp:105:1:[m[K [01;36m[Knote: [m[K  candidate expects 4 arguments, 7 provided
[2.813s] [01m[K/home/vincent-pc/ros2_jazzy/src/actions_cpp/src/move_robot_server.cpp:[m[K In member function ‘[01m[Kvoid MoveRobotServerNode::[01;32m[Kexcecute_goal[m[K(std::shared_ptr<rclcpp_action::ServerGoalHandle<my_robot_interfaces::action::MoveRobot> >)[m[K’:
[2.813s] [01m[K/home/vincent-pc/ros2_jazzy/src/actions_cpp/src/move_robot_server.cpp:105:17:[m[K [01;31m[Kerror: [m[Kexpected primary-expression before ‘[01m[K}[m[K’ token
[2.813s]   105 |                 [01;31m[K}[m[K
[2.813s]       |                 [01;31m[K^[m[K
[2.813s] [01m[K/home/vincent-pc/ros2_jazzy/src/actions_cpp/src/move_robot_server.cpp:105:17:[m[K [01;31m[Kerror: [m[Kexpected ‘[01m[K;[m[K’ before ‘[01m[K}[m[K’ token
[2.822s] [01m[K/home/vincent-pc/ros2_jazzy/src/actions_cpp/src/move_robot_server.cpp:164:9:[m[K [01;31m[Kerror: [m[K‘[01m[Kloop_rate[m[K’ was not declared in this scope; did you mean ‘[01m[Kloo_rate[m[K’?
[2.822s]   164 |         [01;31m[Kloop_rate[m[K.sleep();
[2.822s]       |         [01;31m[K^~~~~~~~~[m[K
[2.822s]       |         [32m[Kloo_rate[m[K
[2.825s] [01m[K/home/vincent-pc/ros2_jazzy/src/actions_cpp/src/move_robot_server.cpp:[m[K In function ‘[01m[Kint[01;32m[K main[m[K(int, char**)[m[K’:
[2.825s] [01m[K/home/vincent-pc/ros2_jazzy/src/actions_cpp/src/move_robot_server.cpp:183:5:[m[K [01;31m[Kerror: [m[K‘[01m[Kexecutor[m[K’ is not a class, namespace, or enumeration
[2.825s]   183 |     [01;31m[Kexecutor[m[K::spin(node);
[2.825s]       |     [01;31m[K^~~~~~~~[m[K
[3.589s] gmake[2]: *** [CMakeFiles/move_robot_server_cpp.dir/build.make:76: CMakeFiles/move_robot_server_cpp.dir/src/move_robot_server.cpp.o] Error 1
[3.589s] gmake[1]: *** [CMakeFiles/Makefile2:249: CMakeFiles/move_robot_server_cpp.dir/all] Error 2
[3.589s] gmake: *** [Makefile:146: all] Error 2
[3.591s] Invoked command in '/home/vincent-pc/ros2_jazzy/build/actions_cpp' returned '2': CMAKE_PREFIX_PATH=/home/vincent-pc/ros2_jazzy/install/my_robot_interfaces:/home/vincent-pc/ros2_jazzy/install/my_robot_cpp:/home/vincent-pc/ros2_jazzy/install/actions_cpp:/home/vincent-pc/ros2_jazzy/install/my_robot_description:/home/vincent-pc/ros2_jazzy/install/my_robot_bringup:/opt/ros/jazzy/opt/gz_sim_vendor:/opt/ros/jazzy/opt/gz_sensors_vendor:/opt/ros/jazzy/opt/gz_physics_vendor:/opt/ros/jazzy/opt/sdformat_vendor:/opt/ros/jazzy/opt/gz_gui_vendor:/opt/ros/jazzy/opt/gz_transport_vendor:/opt/ros/jazzy/opt/gz_rendering_vendor:/opt/ros/jazzy/opt/gz_plugin_vendor:/opt/ros/jazzy/opt/gz_fuel_tools_vendor:/opt/ros/jazzy/opt/gz_msgs_vendor:/opt/ros/jazzy/opt/gz_common_vendor:/opt/ros/jazzy/opt/gz_math_vendor:/opt/ros/jazzy/opt/gz_utils_vendor:/opt/ros/jazzy/opt/gz_tools_vendor:/opt/ros/jazzy/opt/gz_ogre_next_vendor:/opt/ros/jazzy/opt/gz_dartsim_vendor:/opt/ros/jazzy/opt/gz_cmake_vendor:/home/vincent-pc/ros2_jazzy/install/my_robot_python:/home/vincent-pc/ros2_jazzy/install/actions_py:/opt/ros/jazzy DEBUGINFOD_URLS=https://debuginfod.ubuntu.com PYTHONPATH=/home/vincent-pc/ros2_jazzy/install/my_robot_interfaces/lib/python3.12/site-packages:/home/vincent-pc/ros2_jazzy/build/my_robot_python:/home/vincent-pc/ros2_jazzy/install/my_robot_python/lib/python3.12/site-packages:/home/vincent-pc/ros2_jazzy/build/actions_py:/home/vincent-pc/ros2_jazzy/install/actions_py/lib/python3.12/site-packages:/opt/ros/jazzy/lib/python3.12/site-packages /usr/bin/cmake --build /home/vincent-pc/ros2_jazzy/build/actions_cpp -- -j8 -l8
