[0.090s] Invoking command in '/home/vincent-pc/ros2_jazzy/build/my_robot_description': CMAKE_PREFIX_PATH=${CMAKE_PREFIX_PATH}:/home/vincent-pc/ros2_jazzy/install/robot_py:/home/vincent-pc/ros2_jazzy/install/my_robot_python:/home/vincent-pc/ros2_jazzy/install/lifecycle_py:/home/vincent-pc/ros2_jazzy/install/executors_py:/home/vincent-pc/ros2_jazzy/install/components_py:/home/vincent-pc/ros2_jazzy/install/actions_py:/opt/ros/jazzy DEBUGINFOD_URLS=https://debuginfod.ubuntu.com /usr/bin/cmake --build /home/vincent-pc/ros2_jazzy/build/my_robot_description -- -j8 -l8
[1.185s] Invoked command in '/home/vincent-pc/ros2_jazzy/build/my_robot_description' returned '0': CMAKE_PREFIX_PATH=${CMAKE_PREFIX_PATH}:/home/vincent-pc/ros2_jazzy/install/robot_py:/home/vincent-pc/ros2_jazzy/install/my_robot_python:/home/vincent-pc/ros2_jazzy/install/lifecycle_py:/home/vincent-pc/ros2_jazzy/install/executors_py:/home/vincent-pc/ros2_jazzy/install/components_py:/home/vincent-pc/ros2_jazzy/install/actions_py:/opt/ros/jazzy DEBUGINFOD_URLS=https://debuginfod.ubuntu.com /usr/bin/cmake --build /home/vincent-pc/ros2_jazzy/build/my_robot_description -- -j8 -l8
[1.220s] Invoking command in '/home/vincent-pc/ros2_jazzy/build/my_robot_description': CMAKE_PREFIX_PATH=${CMAKE_PREFIX_PATH}:/home/vincent-pc/ros2_jazzy/install/robot_py:/home/vincent-pc/ros2_jazzy/install/my_robot_python:/home/vincent-pc/ros2_jazzy/install/lifecycle_py:/home/vincent-pc/ros2_jazzy/install/executors_py:/home/vincent-pc/ros2_jazzy/install/components_py:/home/vincent-pc/ros2_jazzy/install/actions_py:/opt/ros/jazzy DEBUGINFOD_URLS=https://debuginfod.ubuntu.com /usr/bin/cmake --install /home/vincent-pc/ros2_jazzy/build/my_robot_description
[2.528s] -- Install configuration: ""
[2.529s] -- Up-to-date: /home/vincent-pc/ros2_jazzy/install/my_robot_description/share/my_robot_description//urdf
[2.530s] -- Up-to-date: /home/vincent-pc/ros2_jazzy/install/my_robot_description/share/my_robot_description//urdf/my_robot.urdf.xacro
[2.536s] -- Up-to-date: /home/vincent-pc/ros2_jazzy/install/my_robot_description/share/my_robot_description//urdf/test.urdf
[2.537s] -- Up-to-date: /home/vincent-pc/ros2_jazzy/install/my_robot_description/share/my_robot_description//urdf/mobile_base_Vinc.xacro
[2.539s] -- Up-to-date: /home/vincent-pc/ros2_jazzy/install/my_robot_description/share/my_robot_description//urdf/arm_gazebo.xacro
[2.540s] -- Up-to-date: /home/vincent-pc/ros2_jazzy/install/my_robot_description/share/my_robot_description//urdf/arm.xacro
[2.540s] -- Up-to-date: /home/vincent-pc/ros2_jazzy/install/my_robot_description/share/my_robot_description//urdf/arm_frames.gv
[2.541s] -- Up-to-date: /home/vincent-pc/ros2_jazzy/install/my_robot_description/share/my_robot_description//urdf/mobile_base.xacro
[2.541s] -- Up-to-date: /home/vincent-pc/ros2_jazzy/install/my_robot_description/share/my_robot_description//urdf/my_robot.urdf
[2.541s] -- Up-to-date: /home/vincent-pc/ros2_jazzy/install/my_robot_description/share/my_robot_description//urdf/arm_frames.pdf
[2.545s] -- Up-to-date: /home/vincent-pc/ros2_jazzy/install/my_robot_description/share/my_robot_description//urdf/camera.xacro
[2.545s] -- Up-to-date: /home/vincent-pc/ros2_jazzy/install/my_robot_description/share/my_robot_description//urdf/mobile_base_gz.xacro
[2.545s] -- Up-to-date: /home/vincent-pc/ros2_jazzy/install/my_robot_description/share/my_robot_description//urdf/common_properties.xacro
[2.546s] -- Up-to-date: /home/vincent-pc/ros2_jazzy/install/my_robot_description/share/my_robot_description//urdf/my_arm.urdf.xacro
[2.546s] -- Up-to-date: /home/vincent-pc/ros2_jazzy/install/my_robot_description/share/my_robot_description//launch
[2.547s] -- Up-to-date: /home/vincent-pc/ros2_jazzy/install/my_robot_description/share/my_robot_description//launch/my_arm_display.launch.xml
[2.548s] -- Up-to-date: /home/vincent-pc/ros2_jazzy/install/my_robot_description/share/my_robot_description//launch/display2.launch.xml
[2.553s] -- Up-to-date: /home/vincent-pc/ros2_jazzy/install/my_robot_description/share/my_robot_description//launch/display.launch.py
[2.556s] -- Up-to-date: /home/vincent-pc/ros2_jazzy/install/my_robot_description/share/my_robot_description//launch/display.launch.xml
[2.557s] -- Up-to-date: /home/vincent-pc/ros2_jazzy/install/my_robot_description/share/my_robot_description//launch/display2.launch.py
[2.558s] -- Up-to-date: /home/vincent-pc/ros2_jazzy/install/my_robot_description/share/my_robot_description//rviz
[2.558s] -- Up-to-date: /home/vincent-pc/ros2_jazzy/install/my_robot_description/share/my_robot_description//rviz/urdf_config.rviz
[2.559s] -- Up-to-date: /home/vincent-pc/ros2_jazzy/install/my_robot_description/share/my_robot_description//rviz/urdf_config2.rviz
[2.559s] -- Up-to-date: /home/vincent-pc/ros2_jazzy/install/my_robot_description/share/ament_index/resource_index/package_run_dependencies/my_robot_description
[2.559s] -- Up-to-date: /home/vincent-pc/ros2_jazzy/install/my_robot_description/share/ament_index/resource_index/parent_prefix_path/my_robot_description
[2.559s] -- Up-to-date: /home/vincent-pc/ros2_jazzy/install/my_robot_description/share/my_robot_description/environment/ament_prefix_path.sh
[2.560s] -- Up-to-date: /home/vincent-pc/ros2_jazzy/install/my_robot_description/share/my_robot_description/environment/ament_prefix_path.dsv
[2.561s] -- Up-to-date: /home/vincent-pc/ros2_jazzy/install/my_robot_description/share/my_robot_description/environment/path.sh
[2.561s] -- Up-to-date: /home/vincent-pc/ros2_jazzy/install/my_robot_description/share/my_robot_description/environment/path.dsv
[2.562s] -- Up-to-date: /home/vincent-pc/ros2_jazzy/install/my_robot_description/share/my_robot_description/local_setup.bash
[2.564s] -- Up-to-date: /home/vincent-pc/ros2_jazzy/install/my_robot_description/share/my_robot_description/local_setup.sh
[2.565s] -- Up-to-date: /home/vincent-pc/ros2_jazzy/install/my_robot_description/share/my_robot_description/local_setup.zsh
[2.565s] -- Up-to-date: /home/vincent-pc/ros2_jazzy/install/my_robot_description/share/my_robot_description/local_setup.dsv
[2.570s] -- Installing: /home/vincent-pc/ros2_jazzy/install/my_robot_description/share/my_robot_description/package.dsv
[2.571s] -- Up-to-date: /home/vincent-pc/ros2_jazzy/install/my_robot_description/share/ament_index/resource_index/packages/my_robot_description
[2.572s] -- Up-to-date: /home/vincent-pc/ros2_jazzy/install/my_robot_description/share/my_robot_description/cmake/my_robot_descriptionConfig.cmake
[2.576s] -- Up-to-date: /home/vincent-pc/ros2_jazzy/install/my_robot_description/share/my_robot_description/cmake/my_robot_descriptionConfig-version.cmake
[2.576s] -- Up-to-date: /home/vincent-pc/ros2_jazzy/install/my_robot_description/share/my_robot_description/package.xml
[2.577s] Invoked command in '/home/vincent-pc/ros2_jazzy/build/my_robot_description' returned '0': CMAKE_PREFIX_PATH=${CMAKE_PREFIX_PATH}:/home/vincent-pc/ros2_jazzy/install/robot_py:/home/vincent-pc/ros2_jazzy/install/my_robot_python:/home/vincent-pc/ros2_jazzy/install/lifecycle_py:/home/vincent-pc/ros2_jazzy/install/executors_py:/home/vincent-pc/ros2_jazzy/install/components_py:/home/vincent-pc/ros2_jazzy/install/actions_py:/opt/ros/jazzy DEBUGINFOD_URLS=https://debuginfod.ubuntu.com /usr/bin/cmake --install /home/vincent-pc/ros2_jazzy/build/my_robot_description
