[0.073s] Invoking command in '/home/vincent-pc/ros2_jazzy/build/final_project': CMAKE_PREFIX_PATH=/home/vincent-pc/ros2_jazzy/install/my_robot_interfaces:/home/vincent-pc/ros2_jazzy/install/robot_cpp:/home/vincent-pc/ros2_jazzy/install/my_robot_cpp:/home/vincent-pc/ros2_jazzy/install/my_robot_bringup:/home/vincent-pc/ros2_jazzy/install/lifecycle_cpp:/home/vincent-pc/ros2_jazzy/install/final_project:/home/vincent-pc/ros2_jazzy/install/executors_cpp:/home/vincent-pc/ros2_jazzy/install/components_cpp:/home/vincent-pc/ros2_jazzy/install/actions_cpp:/home/vincent-pc/ros2_jazzy/install/my_robot_description:/opt/ros/jazzy/opt/gz_sim_vendor:/opt/ros/jazzy/opt/gz_sensors_vendor:/opt/ros/jazzy/opt/gz_physics_vendor:/opt/ros/jazzy/opt/sdformat_vendor:/opt/ros/jazzy/opt/gz_gui_vendor:/opt/ros/jazzy/opt/gz_transport_vendor:/opt/ros/jazzy/opt/gz_rendering_vendor:/opt/ros/jazzy/opt/gz_plugin_vendor:/opt/ros/jazzy/opt/gz_fuel_tools_vendor:/opt/ros/jazzy/opt/gz_msgs_vendor:/opt/ros/jazzy/opt/gz_common_vendor:/opt/ros/jazzy/opt/gz_math_vendor:/opt/ros/jazzy/opt/gz_utils_vendor:/opt/ros/jazzy/opt/gz_tools_vendor:/opt/ros/jazzy/opt/gz_ogre_next_vendor:/opt/ros/jazzy/opt/gz_dartsim_vendor:/opt/ros/jazzy/opt/gz_cmake_vendor:/home/vincent-pc/ros2_jazzy/install/robot_py:/home/vincent-pc/ros2_jazzy/install/my_robot_python:/home/vincent-pc/ros2_jazzy/install/lifecycle_py:/home/vincent-pc/ros2_jazzy/install/executors_py:/home/vincent-pc/ros2_jazzy/install/components_py:/home/vincent-pc/ros2_jazzy/install/actions_py:/opt/ros/jazzy DEBUGINFOD_URLS=https://debuginfod.ubuntu.com LD_LIBRARY_PATH=/home/vincent-pc/ros2_jazzy/install/my_robot_interfaces/lib:/home/vincent-pc/ros2_jazzy/install/final_project/lib:/home/vincent-pc/ros2_jazzy/install/components_cpp/lib:/opt/ros/jazzy/opt/gz_sim_vendor/lib:/opt/ros/jazzy/opt/gz_sensors_vendor/lib:/opt/ros/jazzy/opt/gz_physics_vendor/lib:/opt/ros/jazzy/opt/sdformat_vendor/lib:/opt/ros/jazzy/opt/rviz_ogre_vendor/lib:/opt/ros/jazzy/lib/x86_64-linux-gnu:/opt/ros/jazzy/opt/gz_gui_vendor/lib:/opt/ros/jazzy/opt/gz_transport_vendor/lib:/opt/ros/jazzy/opt/gz_rendering_vendor/lib:/opt/ros/jazzy/opt/gz_plugin_vendor/lib:/opt/ros/jazzy/opt/gz_fuel_tools_vendor/lib:/opt/ros/jazzy/opt/gz_msgs_vendor/lib:/opt/ros/jazzy/opt/gz_common_vendor/lib:/opt/ros/jazzy/opt/gz_math_vendor/lib:/opt/ros/jazzy/opt/gz_utils_vendor/lib:/opt/ros/jazzy/opt/gz_tools_vendor/lib:/opt/ros/jazzy/opt/gz_ogre_next_vendor/lib:/opt/ros/jazzy/opt/gz_dartsim_vendor/lib:/opt/ros/jazzy/opt/gz_cmake_vendor/lib:/opt/ros/jazzy/lib PYTHONPATH=/home/vincent-pc/ros2_jazzy/install/my_robot_interfaces/lib/python3.12/site-packages:/home/vincent-pc/ros2_jazzy/install/robot_py/lib/python3.12/site-packages:/home/vincent-pc/ros2_jazzy/install/my_robot_python/lib/python3.12/site-packages:/home/vincent-pc/ros2_jazzy/install/lifecycle_py/lib/python3.12/site-packages:/home/vincent-pc/ros2_jazzy/install/executors_py/lib/python3.12/site-packages:/home/vincent-pc/ros2_jazzy/install/components_py/lib/python3.12/site-packages:/home/vincent-pc/ros2_jazzy/install/actions_py/lib/python3.12/site-packages:/opt/ros/jazzy/lib/python3.12/site-packages /usr/bin/cmake --build /home/vincent-pc/ros2_jazzy/build/final_project -- -j8 -l8
[0.316s] [ 16%] Built target turtle_controller_cpp
[0.329s] [ 33%] Built target turtle_controller_action_cpp
[0.334s] [ 41%] [32mBuilding CXX object CMakeFiles/move_turtle_client_cpp.dir/src/move_turtle_client.cpp.o[0m
[0.337s] [ 58%] Built target turtlebot3_controller_component
[0.342s] [ 75%] Built target turtle_controller_component
[0.362s] [ 91%] Built target turtle_controller_node_cpp
[10.598s] [01m[K/home/vincent-pc/ros2_jazzy/src/final_project/src/move_turtle_client.cpp:90:2:[m[K [01;31m[Kerror: [m[Kexpected ‘[01m[K}[m[K’ at end of input
[10.599s]    90 | }
[10.599s]       |  [01;31m[K^[m[K
[10.599s] [01m[K/home/vincent-pc/ros2_jazzy/src/final_project/src/move_turtle_client.cpp:10:1:[m[K [01;36m[Knote: [m[Kto match this ‘[01m[K{[m[K’
[10.599s]    10 | [01;36m[K{[m[K
[10.600s]       | [01;36m[K^[m[K
[10.632s] [01m[K/home/vincent-pc/ros2_jazzy/src/final_project/src/move_turtle_client.cpp:[m[K In constructor ‘[01m[KMoveTurtleClient::[01;32m[KMoveTurtleClient[m[K()[m[K’:
[10.632s] [01m[K/home/vincent-pc/ros2_jazzy/src/final_project/src/move_turtle_client.cpp:14:9:[m[K [01;31m[Kerror: [m[K‘[01m[Kmove_turtle_client_[m[K’ was not declared in this scope; did you mean ‘[01m[KMoveTurtleClient[m[K’?
[10.632s]    14 |         [01;31m[Kmove_turtle_client_[m[K = rclcpp_action::create_client<MoveTurtle>(
[10.633s]       |         [01;31m[K^~~~~~~~~~~~~~~~~~~[m[K
[10.633s]       |         [32m[KMoveTurtleClient[m[K
[10.714s] [01m[K/home/vincent-pc/ros2_jazzy/src/final_project/src/move_turtle_client.cpp:[m[K In member function ‘[01m[Kvoid MoveTurtleClient::[01;32m[Ksend_goal[m[K()[m[K’:
[10.715s] [01m[K/home/vincent-pc/ros2_jazzy/src/final_project/src/move_turtle_client.cpp:20:9:[m[K [01;31m[Kerror: [m[K‘[01m[Kmove_turtle_client_[m[K’ was not declared in this scope; did you mean ‘[01m[KMoveTurtleClient[m[K’?
[10.716s]    20 |         [01;31m[Kmove_turtle_client_[m[K->wait_for_action_server();
[10.717s]       |         [01;31m[K^~~~~~~~~~~~~~~~~~~[m[K
[10.718s]       |         [32m[KMoveTurtleClient[m[K
[10.719s] [01m[K/home/vincent-pc/ros2_jazzy/src/final_project/src/move_turtle_client.cpp:34:64:[m[K [01;31m[Kerror: [m[K‘[01m[Kgoal_result_callback[m[K’ is not a member of ‘[01m[KMoveTurtleClient[m[K’
[10.720s]    34 |         options.result_callback = std::bind(&MoveTurtleClient::[01;31m[Kgoal_result_callback[m[K, this, _1);
[10.720s]       |                                                                [01;31m[K^~~~~~~~~~~~~~~~~~~~[m[K
[10.724s] [01m[K/home/vincent-pc/ros2_jazzy/src/final_project/src/move_turtle_client.cpp:57:1:[m[K [01;31m[Kerror: [m[Kexpected primary-expression before ‘[01m[Kprivate[m[K’
[10.724s]    57 | [01;31m[Kprivate[m[K:
[10.724s]       | [01;31m[K^~~~~~~[m[K
[10.731s] [01m[K/home/vincent-pc/ros2_jazzy/src/final_project/src/move_turtle_client.cpp:[m[K At global scope:
[10.731s] [01m[K/home/vincent-pc/ros2_jazzy/src/final_project/src/move_turtle_client.cpp:90:2:[m[K [01;31m[Kerror: [m[Kexpected unqualified-id at end of input
[10.731s]    90 | }
[10.732s]       |  [01;31m[K^[m[K
[14.350s] gmake[2]: *** [CMakeFiles/move_turtle_client_cpp.dir/build.make:76: CMakeFiles/move_turtle_client_cpp.dir/src/move_turtle_client.cpp.o] Error 1
[14.351s] gmake[1]: *** [CMakeFiles/Makefile2:199: CMakeFiles/move_turtle_client_cpp.dir/all] Error 2
[14.352s] gmake: *** [Makefile:146: all] Error 2
[14.361s] Invoked command in '/home/vincent-pc/ros2_jazzy/build/final_project' returned '2': CMAKE_PREFIX_PATH=/home/vincent-pc/ros2_jazzy/install/my_robot_interfaces:/home/vincent-pc/ros2_jazzy/install/robot_cpp:/home/vincent-pc/ros2_jazzy/install/my_robot_cpp:/home/vincent-pc/ros2_jazzy/install/my_robot_bringup:/home/vincent-pc/ros2_jazzy/install/lifecycle_cpp:/home/vincent-pc/ros2_jazzy/install/final_project:/home/vincent-pc/ros2_jazzy/install/executors_cpp:/home/vincent-pc/ros2_jazzy/install/components_cpp:/home/vincent-pc/ros2_jazzy/install/actions_cpp:/home/vincent-pc/ros2_jazzy/install/my_robot_description:/opt/ros/jazzy/opt/gz_sim_vendor:/opt/ros/jazzy/opt/gz_sensors_vendor:/opt/ros/jazzy/opt/gz_physics_vendor:/opt/ros/jazzy/opt/sdformat_vendor:/opt/ros/jazzy/opt/gz_gui_vendor:/opt/ros/jazzy/opt/gz_transport_vendor:/opt/ros/jazzy/opt/gz_rendering_vendor:/opt/ros/jazzy/opt/gz_plugin_vendor:/opt/ros/jazzy/opt/gz_fuel_tools_vendor:/opt/ros/jazzy/opt/gz_msgs_vendor:/opt/ros/jazzy/opt/gz_common_vendor:/opt/ros/jazzy/opt/gz_math_vendor:/opt/ros/jazzy/opt/gz_utils_vendor:/opt/ros/jazzy/opt/gz_tools_vendor:/opt/ros/jazzy/opt/gz_ogre_next_vendor:/opt/ros/jazzy/opt/gz_dartsim_vendor:/opt/ros/jazzy/opt/gz_cmake_vendor:/home/vincent-pc/ros2_jazzy/install/robot_py:/home/vincent-pc/ros2_jazzy/install/my_robot_python:/home/vincent-pc/ros2_jazzy/install/lifecycle_py:/home/vincent-pc/ros2_jazzy/install/executors_py:/home/vincent-pc/ros2_jazzy/install/components_py:/home/vincent-pc/ros2_jazzy/install/actions_py:/opt/ros/jazzy DEBUGINFOD_URLS=https://debuginfod.ubuntu.com LD_LIBRARY_PATH=/home/vincent-pc/ros2_jazzy/install/my_robot_interfaces/lib:/home/vincent-pc/ros2_jazzy/install/final_project/lib:/home/vincent-pc/ros2_jazzy/install/components_cpp/lib:/opt/ros/jazzy/opt/gz_sim_vendor/lib:/opt/ros/jazzy/opt/gz_sensors_vendor/lib:/opt/ros/jazzy/opt/gz_physics_vendor/lib:/opt/ros/jazzy/opt/sdformat_vendor/lib:/opt/ros/jazzy/opt/rviz_ogre_vendor/lib:/opt/ros/jazzy/lib/x86_64-linux-gnu:/opt/ros/jazzy/opt/gz_gui_vendor/lib:/opt/ros/jazzy/opt/gz_transport_vendor/lib:/opt/ros/jazzy/opt/gz_rendering_vendor/lib:/opt/ros/jazzy/opt/gz_plugin_vendor/lib:/opt/ros/jazzy/opt/gz_fuel_tools_vendor/lib:/opt/ros/jazzy/opt/gz_msgs_vendor/lib:/opt/ros/jazzy/opt/gz_common_vendor/lib:/opt/ros/jazzy/opt/gz_math_vendor/lib:/opt/ros/jazzy/opt/gz_utils_vendor/lib:/opt/ros/jazzy/opt/gz_tools_vendor/lib:/opt/ros/jazzy/opt/gz_ogre_next_vendor/lib:/opt/ros/jazzy/opt/gz_dartsim_vendor/lib:/opt/ros/jazzy/opt/gz_cmake_vendor/lib:/opt/ros/jazzy/lib PYTHONPATH=/home/vincent-pc/ros2_jazzy/install/my_robot_interfaces/lib/python3.12/site-packages:/home/vincent-pc/ros2_jazzy/install/robot_py/lib/python3.12/site-packages:/home/vincent-pc/ros2_jazzy/install/my_robot_python/lib/python3.12/site-packages:/home/vincent-pc/ros2_jazzy/install/lifecycle_py/lib/python3.12/site-packages:/home/vincent-pc/ros2_jazzy/install/executors_py/lib/python3.12/site-packages:/home/vincent-pc/ros2_jazzy/install/components_py/lib/python3.12/site-packages:/home/vincent-pc/ros2_jazzy/install/actions_py/lib/python3.12/site-packages:/opt/ros/jazzy/lib/python3.12/site-packages /usr/bin/cmake --build /home/vincent-pc/ros2_jazzy/build/final_project -- -j8 -l8
