[1.306s] Invoking command in '/home/vincent-pc/ros2_jazzy/build/my_robot_python': DEBUGINFOD_URLS=https://debuginfod.ubuntu.com PYTHONPATH=/home/vincent-pc/ros2_jazzy/build/my_robot_python/prefix_override:/usr/lib/python3/dist-packages/colcon_core/task/python/colcon_distutils_commands:/home/vincent-pc/ros2_jazzy/install/my_robot_python/lib/python3.12/site-packages:${PYTHONPATH} /usr/bin/python3 -W ignore:setup.py install is deprecated -W ignore:easy_install command is deprecated setup.py develop --editable --build-directory /home/vincent-pc/ros2_jazzy/build/my_robot_python/build --no-deps symlink_data
[1.955s] running develop
[2.269s] running egg_info
[2.269s] creating my_robot_python.egg-info
[2.293s] writing my_robot_python.egg-info/PKG-INFO
[2.294s] writing dependency_links to my_robot_python.egg-info/dependency_links.txt
[2.294s] writing entry points to my_robot_python.egg-info/entry_points.txt
[2.294s] writing requirements to my_robot_python.egg-info/requires.txt
[2.295s] writing top-level names to my_robot_python.egg-info/top_level.txt
[2.295s] writing manifest file 'my_robot_python.egg-info/SOURCES.txt'
[2.357s] reading manifest file 'my_robot_python.egg-info/SOURCES.txt'
[2.357s] writing manifest file 'my_robot_python.egg-info/SOURCES.txt'
[2.383s] running build_ext
[2.383s] Creating /home/vincent-pc/ros2_jazzy/install/my_robot_python/lib/python3.12/site-packages/my-robot-python.egg-link (link to .)
[2.384s] Installing joint0_srv_py script to /home/vincent-pc/ros2_jazzy/install/my_robot_python/lib/my_robot_python
[2.384s] Installing joint1_srv_py script to /home/vincent-pc/ros2_jazzy/install/my_robot_python/lib/my_robot_python
[2.384s] Installing my_robot_j0_py script to /home/vincent-pc/ros2_jazzy/install/my_robot_python/lib/my_robot_python
[2.385s] Installing my_robot_j1_py script to /home/vincent-pc/ros2_jazzy/install/my_robot_python/lib/my_robot_python
[2.385s] 
[2.385s] Installed /home/vincent-pc/ros2_jazzy/build/my_robot_python
[2.385s] running symlink_data
[2.385s] creating /home/vincent-pc/ros2_jazzy/install/my_robot_python/share/ament_index
[2.385s] creating /home/vincent-pc/ros2_jazzy/install/my_robot_python/share/ament_index/resource_index
[2.385s] creating /home/vincent-pc/ros2_jazzy/install/my_robot_python/share/ament_index/resource_index/packages
[2.386s] symbolically linking /home/vincent-pc/ros2_jazzy/build/my_robot_python/resource/my_robot_python -> /home/vincent-pc/ros2_jazzy/install/my_robot_python/share/ament_index/resource_index/packages
[2.386s] symbolically linking /home/vincent-pc/ros2_jazzy/build/my_robot_python/package.xml -> /home/vincent-pc/ros2_jazzy/install/my_robot_python/share/my_robot_python
[2.443s] Invoked command in '/home/vincent-pc/ros2_jazzy/build/my_robot_python' returned '0': DEBUGINFOD_URLS=https://debuginfod.ubuntu.com PYTHONPATH=/home/vincent-pc/ros2_jazzy/build/my_robot_python/prefix_override:/usr/lib/python3/dist-packages/colcon_core/task/python/colcon_distutils_commands:/home/vincent-pc/ros2_jazzy/install/my_robot_python/lib/python3.12/site-packages:${PYTHONPATH} /usr/bin/python3 -W ignore:setup.py install is deprecated -W ignore:easy_install command is deprecated setup.py develop --editable --build-directory /home/vincent-pc/ros2_jazzy/build/my_robot_python/build --no-deps symlink_data
