[0.042s] Invoking command in '/home/vincent-pc/ros2_jazzy/build/my_robot_interfaces': CMAKE_PREFIX_PATH=${CMAKE_PREFIX_PATH}:/home/vincent-pc/ros2_jazzy/install/robot_actions_py:/home/vincent-pc/ros2_jazzy/install/my_robot_python:/home/vincent-pc/ros2_jazzy/install/actions_py:/opt/ros/jazzy DEBUGINFOD_URLS=https://debuginfod.ubuntu.com /usr/bin/cmake --build /home/vincent-pc/ros2_jazzy/build/my_robot_interfaces -- -j8 -l8
[0.170s] [  1%] Built target my_robot_interfaces__rosidl_generator_type_description
[0.195s] [  1%] Built target ament_cmake_python_symlink_my_robot_interfaces
[0.228s] [  1%] Built target my_robot_interfaces__cpp
[0.240s] [ 27%] Built target my_robot_interfaces__rosidl_generator_c
[0.321s] [ 39%] Built target my_robot_interfaces__rosidl_typesupport_fastrtps_cpp
[0.322s] [ 47%] Built target my_robot_interfaces__rosidl_typesupport_introspection_c
[0.327s] [ 56%] Built target my_robot_interfaces__rosidl_typesupport_fastrtps_c
[0.329s] [ 74%] Built target my_robot_interfaces__rosidl_typesupport_cpp
[0.331s] [ 76%] Built target my_robot_interfaces__rosidl_typesupport_c
[0.338s] [ 85%] Built target my_robot_interfaces__rosidl_typesupport_introspection_cpp
[0.373s] [ 85%] Built target my_robot_interfaces
[0.406s] [ 86%] Built target my_robot_interfaces__py
[0.448s] [ 94%] Built target my_robot_interfaces__rosidl_generator_py
[0.487s] [ 96%] Built target my_robot_interfaces_s__rosidl_typesupport_fastrtps_c
[0.490s] [ 98%] Built target my_robot_interfaces_s__rosidl_typesupport_c
[0.495s] [100%] Built target my_robot_interfaces_s__rosidl_typesupport_introspection_c
[0.653s] running egg_info
[0.702s] writing my_robot_interfaces.egg-info/PKG-INFO
[0.702s] writing dependency_links to my_robot_interfaces.egg-info/dependency_links.txt
[0.703s] writing top-level names to my_robot_interfaces.egg-info/top_level.txt
[0.837s] reading manifest file 'my_robot_interfaces.egg-info/SOURCES.txt'
[0.838s] writing manifest file 'my_robot_interfaces.egg-info/SOURCES.txt'
[0.895s] [100%] Built target ament_cmake_python_build_my_robot_interfaces_egg
[0.923s] Invoked command in '/home/vincent-pc/ros2_jazzy/build/my_robot_interfaces' returned '0': CMAKE_PREFIX_PATH=${CMAKE_PREFIX_PATH}:/home/vincent-pc/ros2_jazzy/install/robot_actions_py:/home/vincent-pc/ros2_jazzy/install/my_robot_python:/home/vincent-pc/ros2_jazzy/install/actions_py:/opt/ros/jazzy DEBUGINFOD_URLS=https://debuginfod.ubuntu.com /usr/bin/cmake --build /home/vincent-pc/ros2_jazzy/build/my_robot_interfaces -- -j8 -l8
[0.924s] Invoking command in '/home/vincent-pc/ros2_jazzy/build/my_robot_interfaces': CMAKE_PREFIX_PATH=${CMAKE_PREFIX_PATH}:/home/vincent-pc/ros2_jazzy/install/robot_actions_py:/home/vincent-pc/ros2_jazzy/install/my_robot_python:/home/vincent-pc/ros2_jazzy/install/actions_py:/opt/ros/jazzy DEBUGINFOD_URLS=https://debuginfod.ubuntu.com /usr/bin/cmake --install /home/vincent-pc/ros2_jazzy/build/my_robot_interfaces
[0.938s] -- Install configuration: ""
[0.939s] -- Execute custom install script
[0.939s] -- Up-to-date symlink: /home/vincent-pc/ros2_jazzy/install/my_robot_interfaces/share/ament_index/resource_index/rosidl_interfaces/my_robot_interfaces
[0.939s] -- Up-to-date symlink: /home/vincent-pc/ros2_jazzy/install/my_robot_interfaces/share/my_robot_interfaces/msg/MyRobotState.json
[0.940s] -- Up-to-date symlink: /home/vincent-pc/ros2_jazzy/install/my_robot_interfaces/share/my_robot_interfaces/msg/MyRobotDifferential.json
[0.940s] -- Up-to-date symlink: /home/vincent-pc/ros2_jazzy/install/my_robot_interfaces/share/my_robot_interfaces/msg/MyRobotJoint0.json
[0.940s] -- Up-to-date symlink: /home/vincent-pc/ros2_jazzy/install/my_robot_interfaces/share/my_robot_interfaces/msg/MyRobotJoint1.json
[0.941s] -- Up-to-date symlink: /home/vincent-pc/ros2_jazzy/install/my_robot_interfaces/share/my_robot_interfaces/msg/LedStateArray.json
[0.941s] -- Up-to-date symlink: /home/vincent-pc/ros2_jazzy/install/my_robot_interfaces/share/my_robot_interfaces/srv/MyRobotSrv.json
[0.942s] -- Up-to-date symlink: /home/vincent-pc/ros2_jazzy/install/my_robot_interfaces/share/my_robot_interfaces/srv/SetLed.json
[0.943s] -- Up-to-date symlink: /home/vincent-pc/ros2_jazzy/install/my_robot_interfaces/share/my_robot_interfaces/action/CountUntil.json
[0.943s] -- Up-to-date symlink: /home/vincent-pc/ros2_jazzy/install/my_robot_interfaces/share/my_robot_interfaces/action/MoveRobot.json
[0.946s] -- Up-to-date symlink: /home/vincent-pc/ros2_jazzy/install/my_robot_interfaces/include/my_robot_interfaces/my_robot_interfaces/action/count_until.h
[0.947s] -- Up-to-date symlink: /home/vincent-pc/ros2_jazzy/install/my_robot_interfaces/include/my_robot_interfaces/my_robot_interfaces/action/detail/count_until__functions.h
[0.947s] -- Up-to-date symlink: /home/vincent-pc/ros2_jazzy/install/my_robot_interfaces/include/my_robot_interfaces/my_robot_interfaces/action/detail/count_until__struct.h
[0.948s] -- Up-to-date symlink: /home/vincent-pc/ros2_jazzy/install/my_robot_interfaces/include/my_robot_interfaces/my_robot_interfaces/action/detail/count_until__type_support.h
[0.948s] -- Up-to-date symlink: /home/vincent-pc/ros2_jazzy/install/my_robot_interfaces/include/my_robot_interfaces/my_robot_interfaces/action/detail/move_robot__functions.h
[0.949s] -- Up-to-date symlink: /home/vincent-pc/ros2_jazzy/install/my_robot_interfaces/include/my_robot_interfaces/my_robot_interfaces/action/detail/move_robot__struct.h
[0.949s] -- Up-to-date symlink: /home/vincent-pc/ros2_jazzy/install/my_robot_interfaces/include/my_robot_interfaces/my_robot_interfaces/action/detail/move_robot__type_support.h
[0.949s] -- Up-to-date symlink: /home/vincent-pc/ros2_jazzy/install/my_robot_interfaces/include/my_robot_interfaces/my_robot_interfaces/action/move_robot.h
[0.950s] -- Up-to-date symlink: /home/vincent-pc/ros2_jazzy/install/my_robot_interfaces/include/my_robot_interfaces/my_robot_interfaces/msg/detail/led_state_array__functions.h
[0.950s] -- Up-to-date symlink: /home/vincent-pc/ros2_jazzy/install/my_robot_interfaces/include/my_robot_interfaces/my_robot_interfaces/msg/detail/led_state_array__struct.h
[0.950s] -- Up-to-date symlink: /home/vincent-pc/ros2_jazzy/install/my_robot_interfaces/include/my_robot_interfaces/my_robot_interfaces/msg/detail/led_state_array__type_support.h
[0.951s] -- Up-to-date symlink: /home/vincent-pc/ros2_jazzy/install/my_robot_interfaces/include/my_robot_interfaces/my_robot_interfaces/msg/detail/my_robot_differential__functions.h
[0.951s] -- Up-to-date symlink: /home/vincent-pc/ros2_jazzy/install/my_robot_interfaces/include/my_robot_interfaces/my_robot_interfaces/msg/detail/my_robot_differential__struct.h
[0.952s] -- Up-to-date symlink: /home/vincent-pc/ros2_jazzy/install/my_robot_interfaces/include/my_robot_interfaces/my_robot_interfaces/msg/detail/my_robot_differential__type_support.h
[0.952s] -- Up-to-date symlink: /home/vincent-pc/ros2_jazzy/install/my_robot_interfaces/include/my_robot_interfaces/my_robot_interfaces/msg/detail/my_robot_joint0__functions.h
[0.952s] -- Up-to-date symlink: /home/vincent-pc/ros2_jazzy/install/my_robot_interfaces/include/my_robot_interfaces/my_robot_interfaces/msg/detail/my_robot_joint0__struct.h
[0.952s] -- Up-to-date symlink: /home/vincent-pc/ros2_jazzy/install/my_robot_interfaces/include/my_robot_interfaces/my_robot_interfaces/msg/detail/my_robot_joint0__type_support.h
[0.953s] -- Up-to-date symlink: /home/vincent-pc/ros2_jazzy/install/my_robot_interfaces/include/my_robot_interfaces/my_robot_interfaces/msg/detail/my_robot_joint1__functions.h
[0.954s] -- Up-to-date symlink: /home/vincent-pc/ros2_jazzy/install/my_robot_interfaces/include/my_robot_interfaces/my_robot_interfaces/msg/detail/my_robot_joint1__struct.h
[0.954s] -- Up-to-date symlink: /home/vincent-pc/ros2_jazzy/install/my_robot_interfaces/include/my_robot_interfaces/my_robot_interfaces/msg/detail/my_robot_joint1__type_support.h
[0.955s] -- Up-to-date symlink: /home/vincent-pc/ros2_jazzy/install/my_robot_interfaces/include/my_robot_interfaces/my_robot_interfaces/msg/detail/my_robot_state__functions.h
[0.955s] -- Up-to-date symlink: /home/vincent-pc/ros2_jazzy/install/my_robot_interfaces/include/my_robot_interfaces/my_robot_interfaces/msg/detail/my_robot_state__struct.h
[0.955s] -- Up-to-date symlink: /home/vincent-pc/ros2_jazzy/install/my_robot_interfaces/include/my_robot_interfaces/my_robot_interfaces/msg/detail/my_robot_state__type_support.h
[0.956s] -- Up-to-date symlink: /home/vincent-pc/ros2_jazzy/install/my_robot_interfaces/include/my_robot_interfaces/my_robot_interfaces/msg/led_state_array.h
[0.956s] -- Up-to-date symlink: /home/vincent-pc/ros2_jazzy/install/my_robot_interfaces/include/my_robot_interfaces/my_robot_interfaces/msg/my_robot_differential.h
[0.958s] -- Up-to-date symlink: /home/vincent-pc/ros2_jazzy/install/my_robot_interfaces/include/my_robot_interfaces/my_robot_interfaces/msg/my_robot_joint0.h
[0.959s] -- Up-to-date symlink: /home/vincent-pc/ros2_jazzy/install/my_robot_interfaces/include/my_robot_interfaces/my_robot_interfaces/msg/my_robot_joint1.h
[0.959s] -- Up-to-date symlink: /home/vincent-pc/ros2_jazzy/install/my_robot_interfaces/include/my_robot_interfaces/my_robot_interfaces/msg/my_robot_state.h
[0.959s] -- Up-to-date symlink: /home/vincent-pc/ros2_jazzy/install/my_robot_interfaces/include/my_robot_interfaces/my_robot_interfaces/msg/rosidl_generator_c__visibility_control.h
[0.960s] -- Up-to-date symlink: /home/vincent-pc/ros2_jazzy/install/my_robot_interfaces/include/my_robot_interfaces/my_robot_interfaces/srv/detail/my_robot_srv__functions.h
[0.960s] -- Up-to-date symlink: /home/vincent-pc/ros2_jazzy/install/my_robot_interfaces/include/my_robot_interfaces/my_robot_interfaces/srv/detail/my_robot_srv__struct.h
[0.960s] -- Up-to-date symlink: /home/vincent-pc/ros2_jazzy/install/my_robot_interfaces/include/my_robot_interfaces/my_robot_interfaces/srv/detail/my_robot_srv__type_support.h
[0.960s] -- Up-to-date symlink: /home/vincent-pc/ros2_jazzy/install/my_robot_interfaces/include/my_robot_interfaces/my_robot_interfaces/srv/detail/set_led__functions.h
[0.960s] -- Up-to-date symlink: /home/vincent-pc/ros2_jazzy/install/my_robot_interfaces/include/my_robot_interfaces/my_robot_interfaces/srv/detail/set_led__struct.h
[0.961s] -- Up-to-date symlink: /home/vincent-pc/ros2_jazzy/install/my_robot_interfaces/include/my_robot_interfaces/my_robot_interfaces/srv/detail/set_led__type_support.h
[0.961s] -- Up-to-date symlink: /home/vincent-pc/ros2_jazzy/install/my_robot_interfaces/include/my_robot_interfaces/my_robot_interfaces/srv/my_robot_srv.h
[0.961s] -- Up-to-date symlink: /home/vincent-pc/ros2_jazzy/install/my_robot_interfaces/include/my_robot_interfaces/my_robot_interfaces/srv/set_led.h
[0.961s] -- Up-to-date symlink: /home/vincent-pc/ros2_jazzy/install/my_robot_interfaces/share/my_robot_interfaces/environment/library_path.sh
[0.962s] -- Up-to-date symlink: /home/vincent-pc/ros2_jazzy/install/my_robot_interfaces/share/my_robot_interfaces/environment/library_path.dsv
[0.962s] -- Up-to-date symlink: /home/vincent-pc/ros2_jazzy/install/my_robot_interfaces/include/my_robot_interfaces/my_robot_interfaces/action/detail/count_until__rosidl_typesupport_fastrtps_c.h
[0.962s] -- Up-to-date symlink: /home/vincent-pc/ros2_jazzy/install/my_robot_interfaces/include/my_robot_interfaces/my_robot_interfaces/action/detail/move_robot__rosidl_typesupport_fastrtps_c.h
[0.963s] -- Up-to-date symlink: /home/vincent-pc/ros2_jazzy/install/my_robot_interfaces/include/my_robot_interfaces/my_robot_interfaces/msg/detail/led_state_array__rosidl_typesupport_fastrtps_c.h
[0.963s] -- Up-to-date symlink: /home/vincent-pc/ros2_jazzy/install/my_robot_interfaces/include/my_robot_interfaces/my_robot_interfaces/msg/detail/my_robot_differential__rosidl_typesupport_fastrtps_c.h
[0.964s] -- Up-to-date symlink: /home/vincent-pc/ros2_jazzy/install/my_robot_interfaces/include/my_robot_interfaces/my_robot_interfaces/msg/detail/my_robot_joint0__rosidl_typesupport_fastrtps_c.h
[0.964s] -- Up-to-date symlink: /home/vincent-pc/ros2_jazzy/install/my_robot_interfaces/include/my_robot_interfaces/my_robot_interfaces/msg/detail/my_robot_joint1__rosidl_typesupport_fastrtps_c.h
[0.965s] -- Up-to-date symlink: /home/vincent-pc/ros2_jazzy/install/my_robot_interfaces/include/my_robot_interfaces/my_robot_interfaces/msg/detail/my_robot_state__rosidl_typesupport_fastrtps_c.h
[0.965s] -- Up-to-date symlink: /home/vincent-pc/ros2_jazzy/install/my_robot_interfaces/include/my_robot_interfaces/my_robot_interfaces/msg/rosidl_typesupport_fastrtps_c__visibility_control.h
[0.965s] -- Up-to-date symlink: /home/vincent-pc/ros2_jazzy/install/my_robot_interfaces/include/my_robot_interfaces/my_robot_interfaces/srv/detail/my_robot_srv__rosidl_typesupport_fastrtps_c.h
[0.965s] -- Up-to-date symlink: /home/vincent-pc/ros2_jazzy/install/my_robot_interfaces/include/my_robot_interfaces/my_robot_interfaces/srv/detail/set_led__rosidl_typesupport_fastrtps_c.h
[0.968s] -- Up-to-date symlink: /home/vincent-pc/ros2_jazzy/install/my_robot_interfaces/include/my_robot_interfaces/my_robot_interfaces/action/detail/count_until__rosidl_typesupport_introspection_c.h
[0.968s] -- Up-to-date symlink: /home/vincent-pc/ros2_jazzy/install/my_robot_interfaces/include/my_robot_interfaces/my_robot_interfaces/action/detail/move_robot__rosidl_typesupport_introspection_c.h
[0.968s] -- Up-to-date symlink: /home/vincent-pc/ros2_jazzy/install/my_robot_interfaces/include/my_robot_interfaces/my_robot_interfaces/msg/detail/led_state_array__rosidl_typesupport_introspection_c.h
[0.969s] -- Up-to-date symlink: /home/vincent-pc/ros2_jazzy/install/my_robot_interfaces/include/my_robot_interfaces/my_robot_interfaces/msg/detail/my_robot_differential__rosidl_typesupport_introspection_c.h
[0.969s] -- Up-to-date symlink: /home/vincent-pc/ros2_jazzy/install/my_robot_interfaces/include/my_robot_interfaces/my_robot_interfaces/msg/detail/my_robot_joint0__rosidl_typesupport_introspection_c.h
[0.970s] -- Up-to-date symlink: /home/vincent-pc/ros2_jazzy/install/my_robot_interfaces/include/my_robot_interfaces/my_robot_interfaces/msg/detail/my_robot_joint1__rosidl_typesupport_introspection_c.h
[0.971s] -- Up-to-date symlink: /home/vincent-pc/ros2_jazzy/install/my_robot_interfaces/include/my_robot_interfaces/my_robot_interfaces/msg/detail/my_robot_state__rosidl_typesupport_introspection_c.h
[0.971s] -- Up-to-date symlink: /home/vincent-pc/ros2_jazzy/install/my_robot_interfaces/include/my_robot_interfaces/my_robot_interfaces/msg/rosidl_typesupport_introspection_c__visibility_control.h
[0.972s] -- Up-to-date symlink: /home/vincent-pc/ros2_jazzy/install/my_robot_interfaces/include/my_robot_interfaces/my_robot_interfaces/srv/detail/my_robot_srv__rosidl_typesupport_introspection_c.h
[0.972s] -- Up-to-date symlink: /home/vincent-pc/ros2_jazzy/install/my_robot_interfaces/include/my_robot_interfaces/my_robot_interfaces/srv/detail/set_led__rosidl_typesupport_introspection_c.h
[0.975s] -- Up-to-date symlink: /home/vincent-pc/ros2_jazzy/install/my_robot_interfaces/include/my_robot_interfaces/my_robot_interfaces/action/count_until.hpp
[0.976s] -- Up-to-date symlink: /home/vincent-pc/ros2_jazzy/install/my_robot_interfaces/include/my_robot_interfaces/my_robot_interfaces/action/detail/count_until__builder.hpp
[0.976s] -- Up-to-date symlink: /home/vincent-pc/ros2_jazzy/install/my_robot_interfaces/include/my_robot_interfaces/my_robot_interfaces/action/detail/count_until__struct.hpp
[0.976s] -- Up-to-date symlink: /home/vincent-pc/ros2_jazzy/install/my_robot_interfaces/include/my_robot_interfaces/my_robot_interfaces/action/detail/count_until__traits.hpp
[0.976s] -- Up-to-date symlink: /home/vincent-pc/ros2_jazzy/install/my_robot_interfaces/include/my_robot_interfaces/my_robot_interfaces/action/detail/count_until__type_support.hpp
[0.977s] -- Up-to-date symlink: /home/vincent-pc/ros2_jazzy/install/my_robot_interfaces/include/my_robot_interfaces/my_robot_interfaces/action/detail/move_robot__builder.hpp
[0.979s] -- Up-to-date symlink: /home/vincent-pc/ros2_jazzy/install/my_robot_interfaces/include/my_robot_interfaces/my_robot_interfaces/action/detail/move_robot__struct.hpp
[0.979s] -- Up-to-date symlink: /home/vincent-pc/ros2_jazzy/install/my_robot_interfaces/include/my_robot_interfaces/my_robot_interfaces/action/detail/move_robot__traits.hpp
[0.980s] -- Up-to-date symlink: /home/vincent-pc/ros2_jazzy/install/my_robot_interfaces/include/my_robot_interfaces/my_robot_interfaces/action/detail/move_robot__type_support.hpp
[0.980s] -- Up-to-date symlink: /home/vincent-pc/ros2_jazzy/install/my_robot_interfaces/include/my_robot_interfaces/my_robot_interfaces/action/move_robot.hpp
[0.980s] -- Up-to-date symlink: /home/vincent-pc/ros2_jazzy/install/my_robot_interfaces/include/my_robot_interfaces/my_robot_interfaces/msg/detail/led_state_array__builder.hpp
[0.980s] -- Up-to-date symlink: /home/vincent-pc/ros2_jazzy/install/my_robot_interfaces/include/my_robot_interfaces/my_robot_interfaces/msg/detail/led_state_array__struct.hpp
[0.980s] -- Up-to-date symlink: /home/vincent-pc/ros2_jazzy/install/my_robot_interfaces/include/my_robot_interfaces/my_robot_interfaces/msg/detail/led_state_array__traits.hpp
[0.980s] -- Up-to-date symlink: /home/vincent-pc/ros2_jazzy/install/my_robot_interfaces/include/my_robot_interfaces/my_robot_interfaces/msg/detail/led_state_array__type_support.hpp
[0.981s] -- Up-to-date symlink: /home/vincent-pc/ros2_jazzy/install/my_robot_interfaces/include/my_robot_interfaces/my_robot_interfaces/msg/detail/my_robot_differential__builder.hpp
[0.981s] -- Up-to-date symlink: /home/vincent-pc/ros2_jazzy/install/my_robot_interfaces/include/my_robot_interfaces/my_robot_interfaces/msg/detail/my_robot_differential__struct.hpp
[0.982s] -- Up-to-date symlink: /home/vincent-pc/ros2_jazzy/install/my_robot_interfaces/include/my_robot_interfaces/my_robot_interfaces/msg/detail/my_robot_differential__traits.hpp
[0.982s] -- Up-to-date symlink: /home/vincent-pc/ros2_jazzy/install/my_robot_interfaces/include/my_robot_interfaces/my_robot_interfaces/msg/detail/my_robot_differential__type_support.hpp
[0.982s] -- Up-to-date symlink: /home/vincent-pc/ros2_jazzy/install/my_robot_interfaces/include/my_robot_interfaces/my_robot_interfaces/msg/detail/my_robot_joint0__builder.hpp
[0.982s] -- Up-to-date symlink: /home/vincent-pc/ros2_jazzy/install/my_robot_interfaces/include/my_robot_interfaces/my_robot_interfaces/msg/detail/my_robot_joint0__struct.hpp
[0.983s] -- Up-to-date symlink: /home/vincent-pc/ros2_jazzy/install/my_robot_interfaces/include/my_robot_interfaces/my_robot_interfaces/msg/detail/my_robot_joint0__traits.hpp
[0.983s] -- Up-to-date symlink: /home/vincent-pc/ros2_jazzy/install/my_robot_interfaces/include/my_robot_interfaces/my_robot_interfaces/msg/detail/my_robot_joint0__type_support.hpp
[0.983s] -- Up-to-date symlink: /home/vincent-pc/ros2_jazzy/install/my_robot_interfaces/include/my_robot_interfaces/my_robot_interfaces/msg/detail/my_robot_joint1__builder.hpp
[0.984s] -- Up-to-date symlink: /home/vincent-pc/ros2_jazzy/install/my_robot_interfaces/include/my_robot_interfaces/my_robot_interfaces/msg/detail/my_robot_joint1__struct.hpp
[0.984s] -- Up-to-date symlink: /home/vincent-pc/ros2_jazzy/install/my_robot_interfaces/include/my_robot_interfaces/my_robot_interfaces/msg/detail/my_robot_joint1__traits.hpp
[0.985s] -- Up-to-date symlink: /home/vincent-pc/ros2_jazzy/install/my_robot_interfaces/include/my_robot_interfaces/my_robot_interfaces/msg/detail/my_robot_joint1__type_support.hpp
[0.985s] -- Up-to-date symlink: /home/vincent-pc/ros2_jazzy/install/my_robot_interfaces/include/my_robot_interfaces/my_robot_interfaces/msg/detail/my_robot_state__builder.hpp
[0.985s] -- Up-to-date symlink: /home/vincent-pc/ros2_jazzy/install/my_robot_interfaces/include/my_robot_interfaces/my_robot_interfaces/msg/detail/my_robot_state__struct.hpp
[0.985s] -- Up-to-date symlink: /home/vincent-pc/ros2_jazzy/install/my_robot_interfaces/include/my_robot_interfaces/my_robot_interfaces/msg/detail/my_robot_state__traits.hpp
[0.986s] -- Up-to-date symlink: /home/vincent-pc/ros2_jazzy/install/my_robot_interfaces/include/my_robot_interfaces/my_robot_interfaces/msg/detail/my_robot_state__type_support.hpp
[0.986s] -- Up-to-date symlink: /home/vincent-pc/ros2_jazzy/install/my_robot_interfaces/include/my_robot_interfaces/my_robot_interfaces/msg/led_state_array.hpp
[0.986s] -- Up-to-date symlink: /home/vincent-pc/ros2_jazzy/install/my_robot_interfaces/include/my_robot_interfaces/my_robot_interfaces/msg/my_robot_differential.hpp
[0.986s] -- Up-to-date symlink: /home/vincent-pc/ros2_jazzy/install/my_robot_interfaces/include/my_robot_interfaces/my_robot_interfaces/msg/my_robot_joint0.hpp
[0.986s] -- Up-to-date symlink: /home/vincent-pc/ros2_jazzy/install/my_robot_interfaces/include/my_robot_interfaces/my_robot_interfaces/msg/my_robot_joint1.hpp
[0.986s] -- Up-to-date symlink: /home/vincent-pc/ros2_jazzy/install/my_robot_interfaces/include/my_robot_interfaces/my_robot_interfaces/msg/my_robot_state.hpp
[0.987s] -- Up-to-date symlink: /home/vincent-pc/ros2_jazzy/install/my_robot_interfaces/include/my_robot_interfaces/my_robot_interfaces/msg/rosidl_generator_cpp__visibility_control.hpp
[0.987s] -- Up-to-date symlink: /home/vincent-pc/ros2_jazzy/install/my_robot_interfaces/include/my_robot_interfaces/my_robot_interfaces/srv/detail/my_robot_srv__builder.hpp
[0.987s] -- Up-to-date symlink: /home/vincent-pc/ros2_jazzy/install/my_robot_interfaces/include/my_robot_interfaces/my_robot_interfaces/srv/detail/my_robot_srv__struct.hpp
[0.987s] -- Up-to-date symlink: /home/vincent-pc/ros2_jazzy/install/my_robot_interfaces/include/my_robot_interfaces/my_robot_interfaces/srv/detail/my_robot_srv__traits.hpp
[0.988s] -- Up-to-date symlink: /home/vincent-pc/ros2_jazzy/install/my_robot_interfaces/include/my_robot_interfaces/my_robot_interfaces/srv/detail/my_robot_srv__type_support.hpp
[0.988s] -- Up-to-date symlink: /home/vincent-pc/ros2_jazzy/install/my_robot_interfaces/include/my_robot_interfaces/my_robot_interfaces/srv/detail/set_led__builder.hpp
[0.988s] -- Up-to-date symlink: /home/vincent-pc/ros2_jazzy/install/my_robot_interfaces/include/my_robot_interfaces/my_robot_interfaces/srv/detail/set_led__struct.hpp
[0.988s] -- Up-to-date symlink: /home/vincent-pc/ros2_jazzy/install/my_robot_interfaces/include/my_robot_interfaces/my_robot_interfaces/srv/detail/set_led__traits.hpp
[0.988s] -- Up-to-date symlink: /home/vincent-pc/ros2_jazzy/install/my_robot_interfaces/include/my_robot_interfaces/my_robot_interfaces/srv/detail/set_led__type_support.hpp
[0.989s] -- Up-to-date symlink: /home/vincent-pc/ros2_jazzy/install/my_robot_interfaces/include/my_robot_interfaces/my_robot_interfaces/srv/my_robot_srv.hpp
[0.989s] -- Up-to-date symlink: /home/vincent-pc/ros2_jazzy/install/my_robot_interfaces/include/my_robot_interfaces/my_robot_interfaces/srv/set_led.hpp
[0.992s] -- Up-to-date symlink: /home/vincent-pc/ros2_jazzy/install/my_robot_interfaces/include/my_robot_interfaces/my_robot_interfaces/action/detail/count_until__rosidl_typesupport_fastrtps_cpp.hpp
[0.992s] -- Up-to-date symlink: /home/vincent-pc/ros2_jazzy/install/my_robot_interfaces/include/my_robot_interfaces/my_robot_interfaces/action/detail/move_robot__rosidl_typesupport_fastrtps_cpp.hpp
[0.992s] -- Up-to-date symlink: /home/vincent-pc/ros2_jazzy/install/my_robot_interfaces/include/my_robot_interfaces/my_robot_interfaces/msg/detail/led_state_array__rosidl_typesupport_fastrtps_cpp.hpp
[0.993s] -- Up-to-date symlink: /home/vincent-pc/ros2_jazzy/install/my_robot_interfaces/include/my_robot_interfaces/my_robot_interfaces/msg/detail/my_robot_differential__rosidl_typesupport_fastrtps_cpp.hpp
[0.993s] -- Up-to-date symlink: /home/vincent-pc/ros2_jazzy/install/my_robot_interfaces/include/my_robot_interfaces/my_robot_interfaces/msg/detail/my_robot_joint0__rosidl_typesupport_fastrtps_cpp.hpp
[0.993s] -- Up-to-date symlink: /home/vincent-pc/ros2_jazzy/install/my_robot_interfaces/include/my_robot_interfaces/my_robot_interfaces/msg/detail/my_robot_joint1__rosidl_typesupport_fastrtps_cpp.hpp
[0.994s] -- Up-to-date symlink: /home/vincent-pc/ros2_jazzy/install/my_robot_interfaces/include/my_robot_interfaces/my_robot_interfaces/msg/detail/my_robot_state__rosidl_typesupport_fastrtps_cpp.hpp
[0.994s] -- Up-to-date symlink: /home/vincent-pc/ros2_jazzy/install/my_robot_interfaces/include/my_robot_interfaces/my_robot_interfaces/msg/rosidl_typesupport_fastrtps_cpp__visibility_control.h
[0.995s] -- Up-to-date symlink: /home/vincent-pc/ros2_jazzy/install/my_robot_interfaces/include/my_robot_interfaces/my_robot_interfaces/srv/detail/my_robot_srv__rosidl_typesupport_fastrtps_cpp.hpp
[0.995s] -- Up-to-date symlink: /home/vincent-pc/ros2_jazzy/install/my_robot_interfaces/include/my_robot_interfaces/my_robot_interfaces/srv/detail/set_led__rosidl_typesupport_fastrtps_cpp.hpp
[0.997s] -- Up-to-date symlink: /home/vincent-pc/ros2_jazzy/install/my_robot_interfaces/include/my_robot_interfaces/my_robot_interfaces/action/detail/count_until__rosidl_typesupport_introspection_cpp.hpp
[0.997s] -- Up-to-date symlink: /home/vincent-pc/ros2_jazzy/install/my_robot_interfaces/include/my_robot_interfaces/my_robot_interfaces/action/detail/move_robot__rosidl_typesupport_introspection_cpp.hpp
[0.998s] -- Up-to-date symlink: /home/vincent-pc/ros2_jazzy/install/my_robot_interfaces/include/my_robot_interfaces/my_robot_interfaces/msg/detail/led_state_array__rosidl_typesupport_introspection_cpp.hpp
[0.998s] -- Up-to-date symlink: /home/vincent-pc/ros2_jazzy/install/my_robot_interfaces/include/my_robot_interfaces/my_robot_interfaces/msg/detail/my_robot_differential__rosidl_typesupport_introspection_cpp.hpp
[0.998s] -- Up-to-date symlink: /home/vincent-pc/ros2_jazzy/install/my_robot_interfaces/include/my_robot_interfaces/my_robot_interfaces/msg/detail/my_robot_joint0__rosidl_typesupport_introspection_cpp.hpp
[0.998s] -- Up-to-date symlink: /home/vincent-pc/ros2_jazzy/install/my_robot_interfaces/include/my_robot_interfaces/my_robot_interfaces/msg/detail/my_robot_joint1__rosidl_typesupport_introspection_cpp.hpp
[0.998s] -- Up-to-date symlink: /home/vincent-pc/ros2_jazzy/install/my_robot_interfaces/include/my_robot_interfaces/my_robot_interfaces/msg/detail/my_robot_state__rosidl_typesupport_introspection_cpp.hpp
[0.999s] -- Up-to-date symlink: /home/vincent-pc/ros2_jazzy/install/my_robot_interfaces/include/my_robot_interfaces/my_robot_interfaces/srv/detail/my_robot_srv__rosidl_typesupport_introspection_cpp.hpp
[0.999s] -- Up-to-date symlink: /home/vincent-pc/ros2_jazzy/install/my_robot_interfaces/include/my_robot_interfaces/my_robot_interfaces/srv/detail/set_led__rosidl_typesupport_introspection_cpp.hpp
[0.999s] -- Up-to-date symlink: /home/vincent-pc/ros2_jazzy/install/my_robot_interfaces/share/my_robot_interfaces/environment/pythonpath.sh
[0.999s] -- Up-to-date symlink: /home/vincent-pc/ros2_jazzy/install/my_robot_interfaces/share/my_robot_interfaces/environment/pythonpath.dsv
[1.000s] -- Up-to-date symlink: /home/vincent-pc/ros2_jazzy/install/my_robot_interfaces/lib/python3.12/site-packages/my_robot_interfaces-0.0.0-py3.12.egg-info/PKG-INFO
[1.000s] -- Up-to-date symlink: /home/vincent-pc/ros2_jazzy/install/my_robot_interfaces/lib/python3.12/site-packages/my_robot_interfaces-0.0.0-py3.12.egg-info/SOURCES.txt
[1.000s] -- Up-to-date symlink: /home/vincent-pc/ros2_jazzy/install/my_robot_interfaces/lib/python3.12/site-packages/my_robot_interfaces-0.0.0-py3.12.egg-info/dependency_links.txt
[1.000s] -- Up-to-date symlink: /home/vincent-pc/ros2_jazzy/install/my_robot_interfaces/lib/python3.12/site-packages/my_robot_interfaces-0.0.0-py3.12.egg-info/top_level.txt
[1.002s] -- Up-to-date symlink: /home/vincent-pc/ros2_jazzy/install/my_robot_interfaces/lib/python3.12/site-packages/my_robot_interfaces/__init__.py
[1.002s] -- Up-to-date symlink: /home/vincent-pc/ros2_jazzy/install/my_robot_interfaces/lib/python3.12/site-packages/my_robot_interfaces/_my_robot_interfaces_s.ep.rosidl_typesupport_c.c
[1.003s] -- Up-to-date symlink: /home/vincent-pc/ros2_jazzy/install/my_robot_interfaces/lib/python3.12/site-packages/my_robot_interfaces/_my_robot_interfaces_s.ep.rosidl_typesupport_fastrtps_c.c
[1.003s] -- Up-to-date symlink: /home/vincent-pc/ros2_jazzy/install/my_robot_interfaces/lib/python3.12/site-packages/my_robot_interfaces/_my_robot_interfaces_s.ep.rosidl_typesupport_introspection_c.c
[1.003s] -- Up-to-date symlink: /home/vincent-pc/ros2_jazzy/install/my_robot_interfaces/lib/python3.12/site-packages/my_robot_interfaces/action/__init__.py
[1.004s] -- Up-to-date symlink: /home/vincent-pc/ros2_jazzy/install/my_robot_interfaces/lib/python3.12/site-packages/my_robot_interfaces/action/_count_until.py
[1.005s] -- Up-to-date symlink: /home/vincent-pc/ros2_jazzy/install/my_robot_interfaces/lib/python3.12/site-packages/my_robot_interfaces/action/_count_until_s.c
[1.005s] -- Up-to-date symlink: /home/vincent-pc/ros2_jazzy/install/my_robot_interfaces/lib/python3.12/site-packages/my_robot_interfaces/action/_move_robot.py
[1.005s] -- Up-to-date symlink: /home/vincent-pc/ros2_jazzy/install/my_robot_interfaces/lib/python3.12/site-packages/my_robot_interfaces/action/_move_robot_s.c
[1.007s] -- Up-to-date symlink: /home/vincent-pc/ros2_jazzy/install/my_robot_interfaces/lib/python3.12/site-packages/my_robot_interfaces/msg/__init__.py
[1.008s] -- Up-to-date symlink: /home/vincent-pc/ros2_jazzy/install/my_robot_interfaces/lib/python3.12/site-packages/my_robot_interfaces/msg/_led_state_array.py
[1.008s] -- Up-to-date symlink: /home/vincent-pc/ros2_jazzy/install/my_robot_interfaces/lib/python3.12/site-packages/my_robot_interfaces/msg/_led_state_array_s.c
[1.009s] -- Up-to-date symlink: /home/vincent-pc/ros2_jazzy/install/my_robot_interfaces/lib/python3.12/site-packages/my_robot_interfaces/msg/_my_robot_differential.py
[1.009s] -- Up-to-date symlink: /home/vincent-pc/ros2_jazzy/install/my_robot_interfaces/lib/python3.12/site-packages/my_robot_interfaces/msg/_my_robot_differential_s.c
[1.013s] -- Up-to-date symlink: /home/vincent-pc/ros2_jazzy/install/my_robot_interfaces/lib/python3.12/site-packages/my_robot_interfaces/msg/_my_robot_joint0.py
[1.014s] -- Up-to-date symlink: /home/vincent-pc/ros2_jazzy/install/my_robot_interfaces/lib/python3.12/site-packages/my_robot_interfaces/msg/_my_robot_joint0_s.c
[1.014s] -- Up-to-date symlink: /home/vincent-pc/ros2_jazzy/install/my_robot_interfaces/lib/python3.12/site-packages/my_robot_interfaces/msg/_my_robot_joint1.py
[1.015s] -- Up-to-date symlink: /home/vincent-pc/ros2_jazzy/install/my_robot_interfaces/lib/python3.12/site-packages/my_robot_interfaces/msg/_my_robot_joint1_s.c
[1.016s] -- Up-to-date symlink: /home/vincent-pc/ros2_jazzy/install/my_robot_interfaces/lib/python3.12/site-packages/my_robot_interfaces/msg/_my_robot_state.py
[1.016s] -- Up-to-date symlink: /home/vincent-pc/ros2_jazzy/install/my_robot_interfaces/lib/python3.12/site-packages/my_robot_interfaces/msg/_my_robot_state_s.c
[1.017s] -- Up-to-date symlink: /home/vincent-pc/ros2_jazzy/install/my_robot_interfaces/lib/python3.12/site-packages/my_robot_interfaces/my_robot_interfaces_s__rosidl_typesupport_c.so
[1.018s] -- Up-to-date symlink: /home/vincent-pc/ros2_jazzy/install/my_robot_interfaces/lib/python3.12/site-packages/my_robot_interfaces/my_robot_interfaces_s__rosidl_typesupport_fastrtps_c.so
[1.020s] -- Up-to-date symlink: /home/vincent-pc/ros2_jazzy/install/my_robot_interfaces/lib/python3.12/site-packages/my_robot_interfaces/my_robot_interfaces_s__rosidl_typesupport_introspection_c.so
[1.022s] -- Up-to-date symlink: /home/vincent-pc/ros2_jazzy/install/my_robot_interfaces/lib/python3.12/site-packages/my_robot_interfaces/srv/__init__.py
[1.024s] -- Up-to-date symlink: /home/vincent-pc/ros2_jazzy/install/my_robot_interfaces/lib/python3.12/site-packages/my_robot_interfaces/srv/_my_robot_srv.py
[1.025s] -- Up-to-date symlink: /home/vincent-pc/ros2_jazzy/install/my_robot_interfaces/lib/python3.12/site-packages/my_robot_interfaces/srv/_my_robot_srv_s.c
[1.026s] -- Up-to-date symlink: /home/vincent-pc/ros2_jazzy/install/my_robot_interfaces/lib/python3.12/site-packages/my_robot_interfaces/srv/_set_led.py
[1.026s] -- Up-to-date symlink: /home/vincent-pc/ros2_jazzy/install/my_robot_interfaces/lib/python3.12/site-packages/my_robot_interfaces/srv/_set_led_s.c
[1.027s] -- Up-to-date symlink: /home/vincent-pc/ros2_jazzy/install/my_robot_interfaces/lib/python3.12/site-packages/my_robot_interfaces/my_robot_interfaces_s__rosidl_typesupport_fastrtps_c.so
[1.027s] -- Up-to-date symlink: /home/vincent-pc/ros2_jazzy/install/my_robot_interfaces/lib/python3.12/site-packages/my_robot_interfaces/my_robot_interfaces_s__rosidl_typesupport_introspection_c.so
[1.028s] -- Up-to-date symlink: /home/vincent-pc/ros2_jazzy/install/my_robot_interfaces/lib/python3.12/site-packages/my_robot_interfaces/my_robot_interfaces_s__rosidl_typesupport_c.so
[1.029s] -- Up-to-date symlink: /home/vincent-pc/ros2_jazzy/install/my_robot_interfaces/share/my_robot_interfaces/msg/MyRobotState.idl
[1.029s] -- Up-to-date symlink: /home/vincent-pc/ros2_jazzy/install/my_robot_interfaces/share/my_robot_interfaces/msg/MyRobotDifferential.idl
[1.030s] -- Up-to-date symlink: /home/vincent-pc/ros2_jazzy/install/my_robot_interfaces/share/my_robot_interfaces/msg/MyRobotJoint0.idl
[1.030s] -- Up-to-date symlink: /home/vincent-pc/ros2_jazzy/install/my_robot_interfaces/share/my_robot_interfaces/msg/MyRobotJoint1.idl
[1.032s] -- Up-to-date symlink: /home/vincent-pc/ros2_jazzy/install/my_robot_interfaces/share/my_robot_interfaces/msg/LedStateArray.idl
[1.032s] -- Up-to-date symlink: /home/vincent-pc/ros2_jazzy/install/my_robot_interfaces/share/my_robot_interfaces/srv/MyRobotSrv.idl
[1.032s] -- Up-to-date symlink: /home/vincent-pc/ros2_jazzy/install/my_robot_interfaces/share/my_robot_interfaces/srv/SetLed.idl
[1.032s] -- Up-to-date symlink: /home/vincent-pc/ros2_jazzy/install/my_robot_interfaces/share/my_robot_interfaces/action/CountUntil.idl
[1.033s] -- Up-to-date symlink: /home/vincent-pc/ros2_jazzy/install/my_robot_interfaces/share/my_robot_interfaces/action/MoveRobot.idl
[1.033s] -- Up-to-date symlink: /home/vincent-pc/ros2_jazzy/install/my_robot_interfaces/share/my_robot_interfaces/msg/MyRobotState.msg
[1.033s] -- Up-to-date symlink: /home/vincent-pc/ros2_jazzy/install/my_robot_interfaces/share/my_robot_interfaces/msg/MyRobotDifferential.msg
[1.033s] -- Up-to-date symlink: /home/vincent-pc/ros2_jazzy/install/my_robot_interfaces/share/my_robot_interfaces/msg/MyRobotJoint0.msg
[1.034s] -- Up-to-date symlink: /home/vincent-pc/ros2_jazzy/install/my_robot_interfaces/share/my_robot_interfaces/msg/MyRobotJoint1.msg
[1.034s] -- Up-to-date symlink: /home/vincent-pc/ros2_jazzy/install/my_robot_interfaces/share/my_robot_interfaces/msg/LedStateArray.msg
[1.035s] -- Up-to-date symlink: /home/vincent-pc/ros2_jazzy/install/my_robot_interfaces/share/my_robot_interfaces/srv/MyRobotSrv.srv
[1.035s] -- Up-to-date symlink: /home/vincent-pc/ros2_jazzy/install/my_robot_interfaces/share/my_robot_interfaces/srv/SetLed.srv
[1.036s] -- Up-to-date symlink: /home/vincent-pc/ros2_jazzy/install/my_robot_interfaces/share/my_robot_interfaces/action/CountUntil.action
[1.036s] -- Up-to-date symlink: /home/vincent-pc/ros2_jazzy/install/my_robot_interfaces/share/my_robot_interfaces/action/MoveRobot.action
[1.036s] -- Up-to-date symlink: /home/vincent-pc/ros2_jazzy/install/my_robot_interfaces/share/ament_index/resource_index/package_run_dependencies/my_robot_interfaces
[1.036s] -- Up-to-date symlink: /home/vincent-pc/ros2_jazzy/install/my_robot_interfaces/share/ament_index/resource_index/parent_prefix_path/my_robot_interfaces
[1.037s] -- Up-to-date symlink: /home/vincent-pc/ros2_jazzy/install/my_robot_interfaces/share/my_robot_interfaces/environment/ament_prefix_path.sh
[1.037s] -- Up-to-date symlink: /home/vincent-pc/ros2_jazzy/install/my_robot_interfaces/share/my_robot_interfaces/environment/ament_prefix_path.dsv
[1.037s] -- Up-to-date symlink: /home/vincent-pc/ros2_jazzy/install/my_robot_interfaces/share/my_robot_interfaces/environment/path.sh
[1.038s] -- Up-to-date symlink: /home/vincent-pc/ros2_jazzy/install/my_robot_interfaces/share/my_robot_interfaces/environment/path.dsv
[1.039s] -- Up-to-date symlink: /home/vincent-pc/ros2_jazzy/install/my_robot_interfaces/share/my_robot_interfaces/local_setup.bash
[1.039s] -- Up-to-date symlink: /home/vincent-pc/ros2_jazzy/install/my_robot_interfaces/share/my_robot_interfaces/local_setup.sh
[1.039s] -- Up-to-date symlink: /home/vincent-pc/ros2_jazzy/install/my_robot_interfaces/share/my_robot_interfaces/local_setup.zsh
[1.039s] -- Up-to-date symlink: /home/vincent-pc/ros2_jazzy/install/my_robot_interfaces/share/my_robot_interfaces/local_setup.dsv
[1.040s] -- Symlinking: /home/vincent-pc/ros2_jazzy/install/my_robot_interfaces/share/my_robot_interfaces/package.dsv
[1.053s] -- Up-to-date symlink: /home/vincent-pc/ros2_jazzy/install/my_robot_interfaces/share/ament_index/resource_index/packages/my_robot_interfaces
[1.054s] -- Up-to-date symlink: /home/vincent-pc/ros2_jazzy/install/my_robot_interfaces/share/my_robot_interfaces/cmake/rosidl_cmake-extras.cmake
[1.054s] -- Up-to-date symlink: /home/vincent-pc/ros2_jazzy/install/my_robot_interfaces/share/my_robot_interfaces/cmake/ament_cmake_export_dependencies-extras.cmake
[1.055s] -- Up-to-date symlink: /home/vincent-pc/ros2_jazzy/install/my_robot_interfaces/share/my_robot_interfaces/cmake/ament_cmake_export_include_directories-extras.cmake
[1.055s] -- Up-to-date symlink: /home/vincent-pc/ros2_jazzy/install/my_robot_interfaces/share/my_robot_interfaces/cmake/ament_cmake_export_libraries-extras.cmake
[1.055s] -- Up-to-date symlink: /home/vincent-pc/ros2_jazzy/install/my_robot_interfaces/share/my_robot_interfaces/cmake/ament_cmake_export_targets-extras.cmake
[1.056s] -- Up-to-date symlink: /home/vincent-pc/ros2_jazzy/install/my_robot_interfaces/share/my_robot_interfaces/cmake/rosidl_cmake_export_typesupport_targets-extras.cmake
[1.056s] -- Up-to-date symlink: /home/vincent-pc/ros2_jazzy/install/my_robot_interfaces/share/my_robot_interfaces/cmake/rosidl_cmake_export_typesupport_libraries-extras.cmake
[1.057s] -- Up-to-date symlink: /home/vincent-pc/ros2_jazzy/install/my_robot_interfaces/share/my_robot_interfaces/cmake/my_robot_interfacesConfig.cmake
[1.057s] -- Up-to-date symlink: /home/vincent-pc/ros2_jazzy/install/my_robot_interfaces/share/my_robot_interfaces/cmake/my_robot_interfacesConfig-version.cmake
[1.057s] -- Up-to-date symlink: /home/vincent-pc/ros2_jazzy/install/my_robot_interfaces/share/my_robot_interfaces/package.xml
[1.058s] -- Up-to-date: /home/vincent-pc/ros2_jazzy/install/my_robot_interfaces/lib/libmy_robot_interfaces__rosidl_generator_c.so
[1.060s] -- Up-to-date: /home/vincent-pc/ros2_jazzy/install/my_robot_interfaces/lib/libmy_robot_interfaces__rosidl_typesupport_fastrtps_c.so
[1.061s] -- Up-to-date: /home/vincent-pc/ros2_jazzy/install/my_robot_interfaces/lib/libmy_robot_interfaces__rosidl_typesupport_introspection_c.so
[1.062s] -- Up-to-date: /home/vincent-pc/ros2_jazzy/install/my_robot_interfaces/lib/libmy_robot_interfaces__rosidl_typesupport_c.so
[1.063s] -- Up-to-date: /home/vincent-pc/ros2_jazzy/install/my_robot_interfaces/lib/libmy_robot_interfaces__rosidl_typesupport_fastrtps_cpp.so
[1.064s] -- Up-to-date: /home/vincent-pc/ros2_jazzy/install/my_robot_interfaces/lib/libmy_robot_interfaces__rosidl_typesupport_introspection_cpp.so
[1.065s] -- Up-to-date: /home/vincent-pc/ros2_jazzy/install/my_robot_interfaces/lib/libmy_robot_interfaces__rosidl_typesupport_cpp.so
[1.130s] Listing '/home/vincent-pc/ros2_jazzy/install/my_robot_interfaces/lib/python3.12/site-packages/my_robot_interfaces'...
[1.130s] Listing '/home/vincent-pc/ros2_jazzy/install/my_robot_interfaces/lib/python3.12/site-packages/my_robot_interfaces/action'...
[1.131s] Listing '/home/vincent-pc/ros2_jazzy/install/my_robot_interfaces/lib/python3.12/site-packages/my_robot_interfaces/msg'...
[1.131s] Listing '/home/vincent-pc/ros2_jazzy/install/my_robot_interfaces/lib/python3.12/site-packages/my_robot_interfaces/srv'...
[1.141s] -- Up-to-date: /home/vincent-pc/ros2_jazzy/install/my_robot_interfaces/lib/libmy_robot_interfaces__rosidl_generator_py.so
[1.142s] -- Up-to-date: /home/vincent-pc/ros2_jazzy/install/my_robot_interfaces/share/my_robot_interfaces/cmake/export_my_robot_interfaces__rosidl_generator_cExport.cmake
[1.142s] -- Up-to-date: /home/vincent-pc/ros2_jazzy/install/my_robot_interfaces/share/my_robot_interfaces/cmake/export_my_robot_interfaces__rosidl_generator_cExport-noconfig.cmake
[1.143s] -- Up-to-date: /home/vincent-pc/ros2_jazzy/install/my_robot_interfaces/share/my_robot_interfaces/cmake/export_my_robot_interfaces__rosidl_typesupport_fastrtps_cExport.cmake
[1.143s] -- Up-to-date: /home/vincent-pc/ros2_jazzy/install/my_robot_interfaces/share/my_robot_interfaces/cmake/export_my_robot_interfaces__rosidl_typesupport_fastrtps_cExport-noconfig.cmake
[1.143s] -- Up-to-date: /home/vincent-pc/ros2_jazzy/install/my_robot_interfaces/share/my_robot_interfaces/cmake/my_robot_interfaces__rosidl_typesupport_introspection_cExport.cmake
[1.143s] -- Up-to-date: /home/vincent-pc/ros2_jazzy/install/my_robot_interfaces/share/my_robot_interfaces/cmake/my_robot_interfaces__rosidl_typesupport_introspection_cExport-noconfig.cmake
[1.144s] -- Up-to-date: /home/vincent-pc/ros2_jazzy/install/my_robot_interfaces/share/my_robot_interfaces/cmake/my_robot_interfaces__rosidl_typesupport_cExport.cmake
[1.144s] -- Up-to-date: /home/vincent-pc/ros2_jazzy/install/my_robot_interfaces/share/my_robot_interfaces/cmake/my_robot_interfaces__rosidl_typesupport_cExport-noconfig.cmake
[1.144s] -- Up-to-date: /home/vincent-pc/ros2_jazzy/install/my_robot_interfaces/share/my_robot_interfaces/cmake/export_my_robot_interfaces__rosidl_generator_cppExport.cmake
[1.145s] -- Up-to-date: /home/vincent-pc/ros2_jazzy/install/my_robot_interfaces/share/my_robot_interfaces/cmake/export_my_robot_interfaces__rosidl_typesupport_fastrtps_cppExport.cmake
[1.145s] -- Up-to-date: /home/vincent-pc/ros2_jazzy/install/my_robot_interfaces/share/my_robot_interfaces/cmake/export_my_robot_interfaces__rosidl_typesupport_fastrtps_cppExport-noconfig.cmake
[1.146s] -- Up-to-date: /home/vincent-pc/ros2_jazzy/install/my_robot_interfaces/share/my_robot_interfaces/cmake/my_robot_interfaces__rosidl_typesupport_introspection_cppExport.cmake
[1.146s] -- Up-to-date: /home/vincent-pc/ros2_jazzy/install/my_robot_interfaces/share/my_robot_interfaces/cmake/my_robot_interfaces__rosidl_typesupport_introspection_cppExport-noconfig.cmake
[1.146s] -- Up-to-date: /home/vincent-pc/ros2_jazzy/install/my_robot_interfaces/share/my_robot_interfaces/cmake/my_robot_interfaces__rosidl_typesupport_cppExport.cmake
[1.147s] -- Up-to-date: /home/vincent-pc/ros2_jazzy/install/my_robot_interfaces/share/my_robot_interfaces/cmake/my_robot_interfaces__rosidl_typesupport_cppExport-noconfig.cmake
[1.147s] -- Up-to-date: /home/vincent-pc/ros2_jazzy/install/my_robot_interfaces/share/my_robot_interfaces/cmake/export_my_robot_interfaces__rosidl_generator_pyExport.cmake
[1.147s] -- Up-to-date: /home/vincent-pc/ros2_jazzy/install/my_robot_interfaces/share/my_robot_interfaces/cmake/export_my_robot_interfaces__rosidl_generator_pyExport-noconfig.cmake
[1.152s] Invoked command in '/home/vincent-pc/ros2_jazzy/build/my_robot_interfaces' returned '0': CMAKE_PREFIX_PATH=${CMAKE_PREFIX_PATH}:/home/vincent-pc/ros2_jazzy/install/robot_actions_py:/home/vincent-pc/ros2_jazzy/install/my_robot_python:/home/vincent-pc/ros2_jazzy/install/actions_py:/opt/ros/jazzy DEBUGINFOD_URLS=https://debuginfod.ubuntu.com /usr/bin/cmake --install /home/vincent-pc/ros2_jazzy/build/my_robot_interfaces
