running egg_info
creating ../../build/my_robot_python/my_robot_python.egg-info
writing ../../build/my_robot_python/my_robot_python.egg-info/PKG-INFO
writing dependency_links to ../../build/my_robot_python/my_robot_python.egg-info/dependency_links.txt
writing entry points to ../../build/my_robot_python/my_robot_python.egg-info/entry_points.txt
writing requirements to ../../build/my_robot_python/my_robot_python.egg-info/requires.txt
writing top-level names to ../../build/my_robot_python/my_robot_python.egg-info/top_level.txt
writing manifest file '../../build/my_robot_python/my_robot_python.egg-info/SOURCES.txt'
reading manifest file '../../build/my_robot_python/my_robot_python.egg-info/SOURCES.txt'
writing manifest file '../../build/my_robot_python/my_robot_python.egg-info/SOURCES.txt'
running build
running build_py
creating /home/vincent-pc/ros2_jazzy/build/my_robot_python/build
creating /home/vincent-pc/ros2_jazzy/build/my_robot_python/build/lib
creating /home/vincent-pc/ros2_jazzy/build/my_robot_python/build/lib/my_robot_python
copying my_robot_python/Template.py -> /home/vincent-pc/ros2_jazzy/build/my_robot_python/build/lib/my_robot_python
copying my_robot_python/my_robot_joint1.py -> /home/vincent-pc/ros2_jazzy/build/my_robot_python/build/lib/my_robot_python
copying my_robot_python/my_robot_joint1_srv.py -> /home/vincent-pc/ros2_jazzy/build/my_robot_python/build/lib/my_robot_python
copying my_robot_python/my_robot.py -> /home/vincent-pc/ros2_jazzy/build/my_robot_python/build/lib/my_robot_python
copying my_robot_python/__init__.py -> /home/vincent-pc/ros2_jazzy/build/my_robot_python/build/lib/my_robot_python
copying my_robot_python/my_robot_master_action.py -> /home/vincent-pc/ros2_jazzy/build/my_robot_python/build/lib/my_robot_python
copying my_robot_python/my_robot_joint0.py -> /home/vincent-pc/ros2_jazzy/build/my_robot_python/build/lib/my_robot_python
copying my_robot_python/my_robot_joint0_srv.py -> /home/vincent-pc/ros2_jazzy/build/my_robot_python/build/lib/my_robot_python
running install
running install_lib
creating /home/vincent-pc/ros2_jazzy/install/my_robot_python/lib/python3.12/site-packages/my_robot_python
copying /home/vincent-pc/ros2_jazzy/build/my_robot_python/build/lib/my_robot_python/Template.py -> /home/vincent-pc/ros2_jazzy/install/my_robot_python/lib/python3.12/site-packages/my_robot_python
copying /home/vincent-pc/ros2_jazzy/build/my_robot_python/build/lib/my_robot_python/my_robot_joint1.py -> /home/vincent-pc/ros2_jazzy/install/my_robot_python/lib/python3.12/site-packages/my_robot_python
copying /home/vincent-pc/ros2_jazzy/build/my_robot_python/build/lib/my_robot_python/my_robot_joint1_srv.py -> /home/vincent-pc/ros2_jazzy/install/my_robot_python/lib/python3.12/site-packages/my_robot_python
copying /home/vincent-pc/ros2_jazzy/build/my_robot_python/build/lib/my_robot_python/my_robot.py -> /home/vincent-pc/ros2_jazzy/install/my_robot_python/lib/python3.12/site-packages/my_robot_python
copying /home/vincent-pc/ros2_jazzy/build/my_robot_python/build/lib/my_robot_python/__init__.py -> /home/vincent-pc/ros2_jazzy/install/my_robot_python/lib/python3.12/site-packages/my_robot_python
copying /home/vincent-pc/ros2_jazzy/build/my_robot_python/build/lib/my_robot_python/my_robot_master_action.py -> /home/vincent-pc/ros2_jazzy/install/my_robot_python/lib/python3.12/site-packages/my_robot_python
copying /home/vincent-pc/ros2_jazzy/build/my_robot_python/build/lib/my_robot_python/my_robot_joint0.py -> /home/vincent-pc/ros2_jazzy/install/my_robot_python/lib/python3.12/site-packages/my_robot_python
copying /home/vincent-pc/ros2_jazzy/build/my_robot_python/build/lib/my_robot_python/my_robot_joint0_srv.py -> /home/vincent-pc/ros2_jazzy/install/my_robot_python/lib/python3.12/site-packages/my_robot_python
byte-compiling /home/vincent-pc/ros2_jazzy/install/my_robot_python/lib/python3.12/site-packages/my_robot_python/Template.py to Template.cpython-312.pyc
byte-compiling /home/vincent-pc/ros2_jazzy/install/my_robot_python/lib/python3.12/site-packages/my_robot_python/my_robot_joint1.py to my_robot_joint1.cpython-312.pyc
byte-compiling /home/vincent-pc/ros2_jazzy/install/my_robot_python/lib/python3.12/site-packages/my_robot_python/my_robot_joint1_srv.py to my_robot_joint1_srv.cpython-312.pyc
byte-compiling /home/vincent-pc/ros2_jazzy/install/my_robot_python/lib/python3.12/site-packages/my_robot_python/my_robot.py to my_robot.cpython-312.pyc
byte-compiling /home/vincent-pc/ros2_jazzy/install/my_robot_python/lib/python3.12/site-packages/my_robot_python/__init__.py to __init__.cpython-312.pyc
byte-compiling /home/vincent-pc/ros2_jazzy/install/my_robot_python/lib/python3.12/site-packages/my_robot_python/my_robot_master_action.py to my_robot_master_action.cpython-312.pyc
byte-compiling /home/vincent-pc/ros2_jazzy/install/my_robot_python/lib/python3.12/site-packages/my_robot_python/my_robot_joint0.py to my_robot_joint0.cpython-312.pyc
byte-compiling /home/vincent-pc/ros2_jazzy/install/my_robot_python/lib/python3.12/site-packages/my_robot_python/my_robot_joint0_srv.py to my_robot_joint0_srv.cpython-312.pyc
running install_data
creating /home/vincent-pc/ros2_jazzy/install/my_robot_python/share/ament_index
creating /home/vincent-pc/ros2_jazzy/install/my_robot_python/share/ament_index/resource_index
creating /home/vincent-pc/ros2_jazzy/install/my_robot_python/share/ament_index/resource_index/packages
copying resource/my_robot_python -> /home/vincent-pc/ros2_jazzy/install/my_robot_python/share/ament_index/resource_index/packages
copying package.xml -> /home/vincent-pc/ros2_jazzy/install/my_robot_python/share/my_robot_python
running install_egg_info
Copying ../../build/my_robot_python/my_robot_python.egg-info to /home/vincent-pc/ros2_jazzy/install/my_robot_python/lib/python3.12/site-packages/my_robot_python-0.0.0-py3.12.egg-info
running install_scripts
Installing joint0_srv_py script to /home/vincent-pc/ros2_jazzy/install/my_robot_python/lib/my_robot_python
Installing joint1_srv_py script to /home/vincent-pc/ros2_jazzy/install/my_robot_python/lib/my_robot_python
Installing my_robot_j0_py script to /home/vincent-pc/ros2_jazzy/install/my_robot_python/lib/my_robot_python
Installing my_robot_j1_py script to /home/vincent-pc/ros2_jazzy/install/my_robot_python/lib/my_robot_python
writing list of installed files to '/home/vincent-pc/ros2_jazzy/build/my_robot_python/install.log'
