[1.467s] Invoking command in '/home/vincent-pc/ros2_jazzy/src/my_robot_python': DEBUGINFOD_URLS=https://debuginfod.ubuntu.com PYTHONPATH=/home/vincent-pc/ros2_jazzy/build/my_robot_python/prefix_override:/usr/lib/python3/dist-packages/colcon_core/task/python/colcon_distutils_commands:/home/vincent-pc/ros2_jazzy/install/my_robot_python/lib/python3.12/site-packages:${PYTHONPATH} /usr/bin/python3 -W ignore:setup.py install is deprecated -W ignore:easy_install command is deprecated setup.py egg_info --egg-base ../../build/my_robot_python build --build-base /home/vincent-pc/ros2_jazzy/build/my_robot_python/build install --record /home/vincent-pc/ros2_jazzy/build/my_robot_python/install.log --single-version-externally-managed install_data
[1.743s] running egg_info
[1.744s] creating ../../build/my_robot_python/my_robot_python.egg-info
[1.764s] writing ../../build/my_robot_python/my_robot_python.egg-info/PKG-INFO
[1.764s] writing dependency_links to ../../build/my_robot_python/my_robot_python.egg-info/dependency_links.txt
[1.764s] writing entry points to ../../build/my_robot_python/my_robot_python.egg-info/entry_points.txt
[1.764s] writing requirements to ../../build/my_robot_python/my_robot_python.egg-info/requires.txt
[1.764s] writing top-level names to ../../build/my_robot_python/my_robot_python.egg-info/top_level.txt
[1.764s] writing manifest file '../../build/my_robot_python/my_robot_python.egg-info/SOURCES.txt'
[1.806s] reading manifest file '../../build/my_robot_python/my_robot_python.egg-info/SOURCES.txt'
[1.807s] writing manifest file '../../build/my_robot_python/my_robot_python.egg-info/SOURCES.txt'
[1.807s] running build
[1.807s] running build_py
[1.808s] creating /home/vincent-pc/ros2_jazzy/build/my_robot_python/build
[1.808s] creating /home/vincent-pc/ros2_jazzy/build/my_robot_python/build/lib
[1.808s] creating /home/vincent-pc/ros2_jazzy/build/my_robot_python/build/lib/my_robot_python
[1.808s] copying my_robot_python/Template.py -> /home/vincent-pc/ros2_jazzy/build/my_robot_python/build/lib/my_robot_python
[1.808s] copying my_robot_python/my_robot_joint1.py -> /home/vincent-pc/ros2_jazzy/build/my_robot_python/build/lib/my_robot_python
[1.808s] copying my_robot_python/my_robot_joint1_srv.py -> /home/vincent-pc/ros2_jazzy/build/my_robot_python/build/lib/my_robot_python
[1.808s] copying my_robot_python/my_robot.py -> /home/vincent-pc/ros2_jazzy/build/my_robot_python/build/lib/my_robot_python
[1.808s] copying my_robot_python/__init__.py -> /home/vincent-pc/ros2_jazzy/build/my_robot_python/build/lib/my_robot_python
[1.809s] copying my_robot_python/my_robot_master_action.py -> /home/vincent-pc/ros2_jazzy/build/my_robot_python/build/lib/my_robot_python
[1.809s] copying my_robot_python/my_robot_joint0.py -> /home/vincent-pc/ros2_jazzy/build/my_robot_python/build/lib/my_robot_python
[1.809s] copying my_robot_python/my_robot_joint0_srv.py -> /home/vincent-pc/ros2_jazzy/build/my_robot_python/build/lib/my_robot_python
[1.809s] running install
[1.815s] running install_lib
[1.836s] creating /home/vincent-pc/ros2_jazzy/install/my_robot_python/lib/python3.12/site-packages/my_robot_python
[1.836s] copying /home/vincent-pc/ros2_jazzy/build/my_robot_python/build/lib/my_robot_python/Template.py -> /home/vincent-pc/ros2_jazzy/install/my_robot_python/lib/python3.12/site-packages/my_robot_python
[1.836s] copying /home/vincent-pc/ros2_jazzy/build/my_robot_python/build/lib/my_robot_python/my_robot_joint1.py -> /home/vincent-pc/ros2_jazzy/install/my_robot_python/lib/python3.12/site-packages/my_robot_python
[1.836s] copying /home/vincent-pc/ros2_jazzy/build/my_robot_python/build/lib/my_robot_python/my_robot_joint1_srv.py -> /home/vincent-pc/ros2_jazzy/install/my_robot_python/lib/python3.12/site-packages/my_robot_python
[1.836s] copying /home/vincent-pc/ros2_jazzy/build/my_robot_python/build/lib/my_robot_python/my_robot.py -> /home/vincent-pc/ros2_jazzy/install/my_robot_python/lib/python3.12/site-packages/my_robot_python
[1.837s] copying /home/vincent-pc/ros2_jazzy/build/my_robot_python/build/lib/my_robot_python/__init__.py -> /home/vincent-pc/ros2_jazzy/install/my_robot_python/lib/python3.12/site-packages/my_robot_python
[1.837s] copying /home/vincent-pc/ros2_jazzy/build/my_robot_python/build/lib/my_robot_python/my_robot_master_action.py -> /home/vincent-pc/ros2_jazzy/install/my_robot_python/lib/python3.12/site-packages/my_robot_python
[1.837s] copying /home/vincent-pc/ros2_jazzy/build/my_robot_python/build/lib/my_robot_python/my_robot_joint0.py -> /home/vincent-pc/ros2_jazzy/install/my_robot_python/lib/python3.12/site-packages/my_robot_python
[1.837s] copying /home/vincent-pc/ros2_jazzy/build/my_robot_python/build/lib/my_robot_python/my_robot_joint0_srv.py -> /home/vincent-pc/ros2_jazzy/install/my_robot_python/lib/python3.12/site-packages/my_robot_python
[1.837s] byte-compiling /home/vincent-pc/ros2_jazzy/install/my_robot_python/lib/python3.12/site-packages/my_robot_python/Template.py to Template.cpython-312.pyc
[1.838s] byte-compiling /home/vincent-pc/ros2_jazzy/install/my_robot_python/lib/python3.12/site-packages/my_robot_python/my_robot_joint1.py to my_robot_joint1.cpython-312.pyc
[1.839s] byte-compiling /home/vincent-pc/ros2_jazzy/install/my_robot_python/lib/python3.12/site-packages/my_robot_python/my_robot_joint1_srv.py to my_robot_joint1_srv.cpython-312.pyc
[1.840s] byte-compiling /home/vincent-pc/ros2_jazzy/install/my_robot_python/lib/python3.12/site-packages/my_robot_python/my_robot.py to my_robot.cpython-312.pyc
[1.841s] byte-compiling /home/vincent-pc/ros2_jazzy/install/my_robot_python/lib/python3.12/site-packages/my_robot_python/__init__.py to __init__.cpython-312.pyc
[1.841s] byte-compiling /home/vincent-pc/ros2_jazzy/install/my_robot_python/lib/python3.12/site-packages/my_robot_python/my_robot_master_action.py to my_robot_master_action.cpython-312.pyc
[1.842s] byte-compiling /home/vincent-pc/ros2_jazzy/install/my_robot_python/lib/python3.12/site-packages/my_robot_python/my_robot_joint0.py to my_robot_joint0.cpython-312.pyc
[1.842s] byte-compiling /home/vincent-pc/ros2_jazzy/install/my_robot_python/lib/python3.12/site-packages/my_robot_python/my_robot_joint0_srv.py to my_robot_joint0_srv.cpython-312.pyc
[1.844s] running install_data
[1.844s] creating /home/vincent-pc/ros2_jazzy/install/my_robot_python/share/ament_index
[1.844s] creating /home/vincent-pc/ros2_jazzy/install/my_robot_python/share/ament_index/resource_index
[1.844s] creating /home/vincent-pc/ros2_jazzy/install/my_robot_python/share/ament_index/resource_index/packages
[1.844s] copying resource/my_robot_python -> /home/vincent-pc/ros2_jazzy/install/my_robot_python/share/ament_index/resource_index/packages
[1.844s] copying package.xml -> /home/vincent-pc/ros2_jazzy/install/my_robot_python/share/my_robot_python
[1.844s] running install_egg_info
[1.866s] Copying ../../build/my_robot_python/my_robot_python.egg-info to /home/vincent-pc/ros2_jazzy/install/my_robot_python/lib/python3.12/site-packages/my_robot_python-0.0.0-py3.12.egg-info
[1.867s] running install_scripts
[2.014s] Installing joint0_srv_py script to /home/vincent-pc/ros2_jazzy/install/my_robot_python/lib/my_robot_python
[2.014s] Installing joint1_srv_py script to /home/vincent-pc/ros2_jazzy/install/my_robot_python/lib/my_robot_python
[2.014s] Installing my_robot_j0_py script to /home/vincent-pc/ros2_jazzy/install/my_robot_python/lib/my_robot_python
[2.014s] Installing my_robot_j1_py script to /home/vincent-pc/ros2_jazzy/install/my_robot_python/lib/my_robot_python
[2.015s] writing list of installed files to '/home/vincent-pc/ros2_jazzy/build/my_robot_python/install.log'
[2.052s] Invoked command in '/home/vincent-pc/ros2_jazzy/src/my_robot_python' returned '0': DEBUGINFOD_URLS=https://debuginfod.ubuntu.com PYTHONPATH=/home/vincent-pc/ros2_jazzy/build/my_robot_python/prefix_override:/usr/lib/python3/dist-packages/colcon_core/task/python/colcon_distutils_commands:/home/vincent-pc/ros2_jazzy/install/my_robot_python/lib/python3.12/site-packages:${PYTHONPATH} /usr/bin/python3 -W ignore:setup.py install is deprecated -W ignore:easy_install command is deprecated setup.py egg_info --egg-base ../../build/my_robot_python build --build-base /home/vincent-pc/ros2_jazzy/build/my_robot_python/build install --record /home/vincent-pc/ros2_jazzy/build/my_robot_python/install.log --single-version-externally-managed install_data
