-- The C compiler identification is GNU 13.3.0
-- The CXX compiler identification is GNU 13.3.0
-- Detecting C compiler ABI info
-- Detecting C compiler ABI info - done
-- Check for working C compiler: /usr/bin/cc - skipped
-- Detecting C compile features
-- Detecting C compile features - done
-- Detecting CXX compiler ABI info
-- Detecting CXX compiler ABI info - done
-- Check for working CXX compiler: /usr/bin/c++ - skipped
-- Detecting CXX compile features
-- Detecting CXX compile features - done
-- Found ament_cmake: 2.5.4 (/opt/ros/jazzy/share/ament_cmake/cmake)
-- Found Python3: /usr/bin/python3 (found version "3.12.3") found components: Interpreter 
-- Override CMake install command with custom implementation using symlinks instead of copying resources
-- Found rclcpp: 28.1.13 (/opt/ros/jazzy/share/rclcpp/cmake)
-- Found rosidl_generator_c: 4.6.6 (/opt/ros/jazzy/share/rosidl_generator_c/cmake)
-- Found rosidl_generator_cpp: 4.6.6 (/opt/ros/jazzy/share/rosidl_generator_cpp/cmake)
-- Using all available rosidl_typesupport_c: rosidl_typesupport_fastrtps_c;rosidl_typesupport_introspection_c
-- Using all available rosidl_typesupport_cpp: rosidl_typesupport_fastrtps_cpp;rosidl_typesupport_introspection_cpp
-- Found rmw_implementation_cmake: 7.3.2 (/opt/ros/jazzy/share/rmw_implementation_cmake/cmake)
-- Found rmw_fastrtps_cpp: 8.4.3 (/opt/ros/jazzy/share/rmw_fastrtps_cpp/cmake)
-- Found OpenSSL: /usr/lib/x86_64-linux-gnu/libcrypto.so (found version "3.0.13")  
-- Found FastRTPS: /opt/ros/jazzy/include (Required is at least version "2.13") 
-- Using RMW implementation 'rmw_fastrtps_cpp' as default
-- Found rclcpp_action: 28.1.13 (/opt/ros/jazzy/share/rclcpp_action/cmake)
-- Found my_robot_interfaces: 0.0.0 (/home/vincent-pc/ros2_jazzy/install/my_robot_interfaces/share/my_robot_interfaces/cmake)
-- Configuring done (2.2s)
-- Generating done (0.0s)
-- Build files have been written to: /home/vincent-pc/ros2_jazzy/build/actions_cpp
[ 12%] [32mBuilding CXX object CMakeFiles/count_until_server_cpp.dir/src/count_until_server.cpp.o[0m
[ 25%] [32mBuilding CXX object CMakeFiles/count_until_server_policy_queue_cpp.dir/src/count_until_server_policy_queue.cpp.o[0m
[ 37%] [32mBuilding CXX object CMakeFiles/count_until_server_policy1_cpp.dir/src/count_until_server_policy_reject.cpp.o[0m
[ 50%] [32mBuilding CXX object CMakeFiles/count_until_client_cpp.dir/src/count_until_client.cpp.o[0m
[ 62%] [32m[1mLinking CXX executable count_until_server_policy_queue_cpp[0m
[ 75%] [32m[1mLinking CXX executable count_until_server_cpp[0m
[ 87%] [32m[1mLinking CXX executable count_until_server_policy1_cpp[0m
[ 87%] Built target count_until_server_policy_queue_cpp
[ 87%] Built target count_until_server_cpp
[ 87%] Built target count_until_server_policy1_cpp
[100%] [32m[1mLinking CXX executable count_until_client_cpp[0m
[100%] Built target count_until_client_cpp
-- Install configuration: ""
-- Execute custom install script
-- Symlinking: /home/vincent-pc/ros2_jazzy/install/actions_cpp/lib/actions_cpp//count_until_server_cpp
-- Symlinking: /home/vincent-pc/ros2_jazzy/install/actions_cpp/lib/actions_cpp//count_until_client_cpp
-- Symlinking: /home/vincent-pc/ros2_jazzy/install/actions_cpp/lib/actions_cpp//count_until_server_policy1_cpp
-- Symlinking: /home/vincent-pc/ros2_jazzy/install/actions_cpp/lib/actions_cpp//count_until_server_policy_queue_cpp
-- Symlinking: /home/vincent-pc/ros2_jazzy/install/actions_cpp/share/ament_index/resource_index/package_run_dependencies/actions_cpp
-- Symlinking: /home/vincent-pc/ros2_jazzy/install/actions_cpp/share/ament_index/resource_index/parent_prefix_path/actions_cpp
-- Symlinking: /home/vincent-pc/ros2_jazzy/install/actions_cpp/share/actions_cpp/environment/ament_prefix_path.sh
-- Symlinking: /home/vincent-pc/ros2_jazzy/install/actions_cpp/share/actions_cpp/environment/ament_prefix_path.dsv
-- Symlinking: /home/vincent-pc/ros2_jazzy/install/actions_cpp/share/actions_cpp/environment/path.sh
-- Symlinking: /home/vincent-pc/ros2_jazzy/install/actions_cpp/share/actions_cpp/environment/path.dsv
-- Symlinking: /home/vincent-pc/ros2_jazzy/install/actions_cpp/share/actions_cpp/local_setup.bash
-- Symlinking: /home/vincent-pc/ros2_jazzy/install/actions_cpp/share/actions_cpp/local_setup.sh
-- Symlinking: /home/vincent-pc/ros2_jazzy/install/actions_cpp/share/actions_cpp/local_setup.zsh
-- Symlinking: /home/vincent-pc/ros2_jazzy/install/actions_cpp/share/actions_cpp/local_setup.dsv
-- Symlinking: /home/vincent-pc/ros2_jazzy/install/actions_cpp/share/actions_cpp/package.dsv
-- Symlinking: /home/vincent-pc/ros2_jazzy/install/actions_cpp/share/ament_index/resource_index/packages/actions_cpp
-- Symlinking: /home/vincent-pc/ros2_jazzy/install/actions_cpp/share/actions_cpp/cmake/actions_cppConfig.cmake
-- Symlinking: /home/vincent-pc/ros2_jazzy/install/actions_cpp/share/actions_cpp/cmake/actions_cppConfig-version.cmake
-- Symlinking: /home/vincent-pc/ros2_jazzy/install/actions_cpp/share/actions_cpp/package.xml
