[ 25%] [32mBuilding CXX object CMakeFiles/manual_composition.dir/src/node1.cpp.o[0m
[ 50%] [32m[1mLinking CXX executable manual_composition[0m
[100%] Built target manual_composition
-- Install configuration: ""
-- Installing: /home/vincent-pc/ros2_jazzy/install/components_cpp/lib/components_cpp/manual_composition
-- Set non-toolchain portion of runtime path of "/home/vincent-pc/ros2_jazzy/install/components_cpp/lib/components_cpp/manual_composition" to ""
-- Up-to-date: /home/vincent-pc/ros2_jazzy/install/components_cpp/share/ament_index/resource_index/package_run_dependencies/components_cpp
-- Up-to-date: /home/vincent-pc/ros2_jazzy/install/components_cpp/share/ament_index/resource_index/parent_prefix_path/components_cpp
-- Up-to-date: /home/vincent-pc/ros2_jazzy/install/components_cpp/share/components_cpp/environment/ament_prefix_path.sh
-- Up-to-date: /home/vincent-pc/ros2_jazzy/install/components_cpp/share/components_cpp/environment/ament_prefix_path.dsv
-- Up-to-date: /home/vincent-pc/ros2_jazzy/install/components_cpp/share/components_cpp/environment/path.sh
-- Up-to-date: /home/vincent-pc/ros2_jazzy/install/components_cpp/share/components_cpp/environment/path.dsv
-- Up-to-date: /home/vincent-pc/ros2_jazzy/install/components_cpp/share/components_cpp/local_setup.bash
-- Up-to-date: /home/vincent-pc/ros2_jazzy/install/components_cpp/share/components_cpp/local_setup.sh
-- Up-to-date: /home/vincent-pc/ros2_jazzy/install/components_cpp/share/components_cpp/local_setup.zsh
-- Up-to-date: /home/vincent-pc/ros2_jazzy/install/components_cpp/share/components_cpp/local_setup.dsv
-- Installing: /home/vincent-pc/ros2_jazzy/install/components_cpp/share/components_cpp/package.dsv
-- Up-to-date: /home/vincent-pc/ros2_jazzy/install/components_cpp/share/ament_index/resource_index/packages/components_cpp
-- Up-to-date: /home/vincent-pc/ros2_jazzy/install/components_cpp/share/components_cpp/cmake/components_cppConfig.cmake
-- Up-to-date: /home/vincent-pc/ros2_jazzy/install/components_cpp/share/components_cpp/cmake/components_cppConfig-version.cmake
-- Up-to-date: /home/vincent-pc/ros2_jazzy/install/components_cpp/share/components_cpp/package.xml
