[0.994s] Invoking command in '/home/vincent-pc/ros2_jazzy/src/executors_py': CMAKE_PREFIX_PATH=/home/vincent-pc/ros2_jazzy/install/my_robot_interfaces:/home/vincent-pc/ros2_jazzy/install/robot_cpp:/home/vincent-pc/ros2_jazzy/install/my_robot_cpp:/home/vincent-pc/ros2_jazzy/install/my_robot_bringup:/home/vincent-pc/ros2_jazzy/install/lifecycle_cpp:/home/vincent-pc/ros2_jazzy/install/actions_cpp:/home/vincent-pc/ros2_jazzy/install/my_robot_description:/opt/ros/jazzy/opt/gz_sim_vendor:/opt/ros/jazzy/opt/gz_sensors_vendor:/opt/ros/jazzy/opt/gz_physics_vendor:/opt/ros/jazzy/opt/sdformat_vendor:/opt/ros/jazzy/opt/gz_gui_vendor:/opt/ros/jazzy/opt/gz_transport_vendor:/opt/ros/jazzy/opt/gz_rendering_vendor:/opt/ros/jazzy/opt/gz_plugin_vendor:/opt/ros/jazzy/opt/gz_fuel_tools_vendor:/opt/ros/jazzy/opt/gz_msgs_vendor:/opt/ros/jazzy/opt/gz_common_vendor:/opt/ros/jazzy/opt/gz_math_vendor:/opt/ros/jazzy/opt/gz_utils_vendor:/opt/ros/jazzy/opt/gz_tools_vendor:/opt/ros/jazzy/opt/gz_ogre_next_vendor:/opt/ros/jazzy/opt/gz_dartsim_vendor:/opt/ros/jazzy/opt/gz_cmake_vendor DEBUGINFOD_URLS=https://debuginfod.ubuntu.com PYTHONPATH=/home/vincent-pc/ros2_jazzy/build/executors_py/prefix_override:/usr/lib/python3/dist-packages/colcon_core/task/python/colcon_distutils_commands:/home/vincent-pc/ros2_jazzy/install/executors_py/lib/python3.12/site-packages:/home/vincent-pc/ros2_jazzy/install/my_robot_interfaces/lib/python3.12/site-packages:/home/vincent-pc/ros2_jazzy/build/robot_py:/home/vincent-pc/ros2_jazzy/install/robot_py/lib/python3.12/site-packages:/home/vincent-pc/ros2_jazzy/build/my_robot_python:/home/vincent-pc/ros2_jazzy/install/my_robot_python/lib/python3.12/site-packages:/home/vincent-pc/ros2_jazzy/build/lifecycle_py:/home/vincent-pc/ros2_jazzy/install/lifecycle_py/lib/python3.12/site-packages:/home/vincent-pc/ros2_jazzy/build/actions_py:/home/vincent-pc/ros2_jazzy/install/actions_py/lib/python3.12/site-packages:/opt/ros/jazzy/lib/python3.12/site-packages /usr/bin/python3 -W ignore:setup.py install is deprecated -W ignore:easy_install command is deprecated setup.py egg_info --egg-base ../../build/executors_py build --build-base /home/vincent-pc/ros2_jazzy/build/executors_py/build install --record /home/vincent-pc/ros2_jazzy/build/executors_py/install.log --single-version-externally-managed install_data
[1.262s] running egg_info
[1.263s] creating ../../build/executors_py/executors_py.egg-info
[1.284s] writing ../../build/executors_py/executors_py.egg-info/PKG-INFO
[1.284s] writing dependency_links to ../../build/executors_py/executors_py.egg-info/dependency_links.txt
[1.284s] writing entry points to ../../build/executors_py/executors_py.egg-info/entry_points.txt
[1.284s] writing requirements to ../../build/executors_py/executors_py.egg-info/requires.txt
[1.284s] writing top-level names to ../../build/executors_py/executors_py.egg-info/top_level.txt
[1.284s] writing manifest file '../../build/executors_py/executors_py.egg-info/SOURCES.txt'
[1.325s] reading manifest file '../../build/executors_py/executors_py.egg-info/SOURCES.txt'
[1.326s] writing manifest file '../../build/executors_py/executors_py.egg-info/SOURCES.txt'
[1.326s] running build
[1.326s] running build_py
[1.326s] creating /home/vincent-pc/ros2_jazzy/build/executors_py/build
[1.326s] creating /home/vincent-pc/ros2_jazzy/build/executors_py/build/lib
[1.326s] creating /home/vincent-pc/ros2_jazzy/build/executors_py/build/lib/executors_py
[1.326s] copying executors_py/number_publisher.py -> /home/vincent-pc/ros2_jazzy/build/executors_py/build/lib/executors_py
[1.326s] copying executors_py/__init__.py -> /home/vincent-pc/ros2_jazzy/build/executors_py/build/lib/executors_py
[1.327s] running install
[1.333s] running install_lib
[1.352s] creating /home/vincent-pc/ros2_jazzy/install/executors_py/lib/python3.12/site-packages/executors_py
[1.352s] copying /home/vincent-pc/ros2_jazzy/build/executors_py/build/lib/executors_py/number_publisher.py -> /home/vincent-pc/ros2_jazzy/install/executors_py/lib/python3.12/site-packages/executors_py
[1.352s] copying /home/vincent-pc/ros2_jazzy/build/executors_py/build/lib/executors_py/__init__.py -> /home/vincent-pc/ros2_jazzy/install/executors_py/lib/python3.12/site-packages/executors_py
[1.352s] byte-compiling /home/vincent-pc/ros2_jazzy/install/executors_py/lib/python3.12/site-packages/executors_py/number_publisher.py to number_publisher.cpython-312.pyc
[1.353s] byte-compiling /home/vincent-pc/ros2_jazzy/install/executors_py/lib/python3.12/site-packages/executors_py/__init__.py to __init__.cpython-312.pyc
[1.353s] running install_data
[1.353s] creating /home/vincent-pc/ros2_jazzy/install/executors_py/share/ament_index
[1.353s] creating /home/vincent-pc/ros2_jazzy/install/executors_py/share/ament_index/resource_index
[1.353s] creating /home/vincent-pc/ros2_jazzy/install/executors_py/share/ament_index/resource_index/packages
[1.354s] copying resource/executors_py -> /home/vincent-pc/ros2_jazzy/install/executors_py/share/ament_index/resource_index/packages
[1.354s] copying package.xml -> /home/vincent-pc/ros2_jazzy/install/executors_py/share/executors_py
[1.354s] running install_egg_info
[1.374s] Copying ../../build/executors_py/executors_py.egg-info to /home/vincent-pc/ros2_jazzy/install/executors_py/lib/python3.12/site-packages/executors_py-0.0.0-py3.12.egg-info
[1.375s] running install_scripts
[1.508s] Installing number_publisher_py script to /home/vincent-pc/ros2_jazzy/install/executors_py/lib/executors_py
[1.508s] writing list of installed files to '/home/vincent-pc/ros2_jazzy/build/executors_py/install.log'
[1.540s] Invoked command in '/home/vincent-pc/ros2_jazzy/src/executors_py' returned '0': CMAKE_PREFIX_PATH=/home/vincent-pc/ros2_jazzy/install/my_robot_interfaces:/home/vincent-pc/ros2_jazzy/install/robot_cpp:/home/vincent-pc/ros2_jazzy/install/my_robot_cpp:/home/vincent-pc/ros2_jazzy/install/my_robot_bringup:/home/vincent-pc/ros2_jazzy/install/lifecycle_cpp:/home/vincent-pc/ros2_jazzy/install/actions_cpp:/home/vincent-pc/ros2_jazzy/install/my_robot_description:/opt/ros/jazzy/opt/gz_sim_vendor:/opt/ros/jazzy/opt/gz_sensors_vendor:/opt/ros/jazzy/opt/gz_physics_vendor:/opt/ros/jazzy/opt/sdformat_vendor:/opt/ros/jazzy/opt/gz_gui_vendor:/opt/ros/jazzy/opt/gz_transport_vendor:/opt/ros/jazzy/opt/gz_rendering_vendor:/opt/ros/jazzy/opt/gz_plugin_vendor:/opt/ros/jazzy/opt/gz_fuel_tools_vendor:/opt/ros/jazzy/opt/gz_msgs_vendor:/opt/ros/jazzy/opt/gz_common_vendor:/opt/ros/jazzy/opt/gz_math_vendor:/opt/ros/jazzy/opt/gz_utils_vendor:/opt/ros/jazzy/opt/gz_tools_vendor:/opt/ros/jazzy/opt/gz_ogre_next_vendor:/opt/ros/jazzy/opt/gz_dartsim_vendor:/opt/ros/jazzy/opt/gz_cmake_vendor DEBUGINFOD_URLS=https://debuginfod.ubuntu.com PYTHONPATH=/home/vincent-pc/ros2_jazzy/build/executors_py/prefix_override:/usr/lib/python3/dist-packages/colcon_core/task/python/colcon_distutils_commands:/home/vincent-pc/ros2_jazzy/install/executors_py/lib/python3.12/site-packages:/home/vincent-pc/ros2_jazzy/install/my_robot_interfaces/lib/python3.12/site-packages:/home/vincent-pc/ros2_jazzy/build/robot_py:/home/vincent-pc/ros2_jazzy/install/robot_py/lib/python3.12/site-packages:/home/vincent-pc/ros2_jazzy/build/my_robot_python:/home/vincent-pc/ros2_jazzy/install/my_robot_python/lib/python3.12/site-packages:/home/vincent-pc/ros2_jazzy/build/lifecycle_py:/home/vincent-pc/ros2_jazzy/install/lifecycle_py/lib/python3.12/site-packages:/home/vincent-pc/ros2_jazzy/build/actions_py:/home/vincent-pc/ros2_jazzy/install/actions_py/lib/python3.12/site-packages:/opt/ros/jazzy/lib/python3.12/site-packages /usr/bin/python3 -W ignore:setup.py install is deprecated -W ignore:easy_install command is deprecated setup.py egg_info --egg-base ../../build/executors_py build --build-base /home/vincent-pc/ros2_jazzy/build/executors_py/build install --record /home/vincent-pc/ros2_jazzy/build/executors_py/install.log --single-version-externally-managed install_data
