[0.119s] Invoking command in '/home/vincent-pc/ros2_jazzy/build/my_robot_interfaces': CMAKE_PREFIX_PATH=${CMAKE_PREFIX_PATH}:/home/vincent-pc/ros2_jazzy/install/robot_py:/home/vincent-pc/ros2_jazzy/install/my_robot_python:/home/vincent-pc/ros2_jazzy/install/lifecycle_py:/home/vincent-pc/ros2_jazzy/install/executors_py:/home/vincent-pc/ros2_jazzy/install/components_py:/home/vincent-pc/ros2_jazzy/install/actions_py:/opt/ros/jazzy DEBUGINFOD_URLS=https://debuginfod.ubuntu.com /usr/bin/cmake --build /home/vincent-pc/ros2_jazzy/build/my_robot_interfaces -- -j8 -l8
[1.049s] [  1%] Built target my_robot_interfaces__rosidl_generator_type_description
[1.050s] [  1%] Built target ament_cmake_python_copy_my_robot_interfaces
[1.051s] [  1%] Built target my_robot_interfaces__cpp
[1.052s] [ 27%] Built target my_robot_interfaces__rosidl_generator_c
[1.052s] [ 42%] Built target my_robot_interfaces__rosidl_typesupport_c
[1.053s] [ 46%] Built target my_robot_interfaces__rosidl_typesupport_introspection_c
[1.053s] [ 56%] Built target my_robot_interfaces__rosidl_typesupport_fastrtps_c
[1.054s] [ 65%] Built target my_robot_interfaces__rosidl_typesupport_fastrtps_cpp
[1.054s] [ 75%] Built target my_robot_interfaces__rosidl_typesupport_cpp
[1.055s] [ 85%] Built target my_robot_interfaces__rosidl_typesupport_introspection_cpp
[1.055s] [ 85%] Built target my_robot_interfaces
[1.055s] [ 86%] Built target my_robot_interfaces__py
[1.055s] [ 95%] Built target my_robot_interfaces__rosidl_generator_py
[1.056s] [ 97%] Built target my_robot_interfaces_s__rosidl_typesupport_fastrtps_c
[1.056s] [ 99%] Built target my_robot_interfaces_s__rosidl_typesupport_introspection_c
[1.056s] [100%] Built target my_robot_interfaces_s__rosidl_typesupport_c
[1.359s] running egg_info
[1.597s] writing my_robot_interfaces.egg-info/PKG-INFO
[1.597s] writing dependency_links to my_robot_interfaces.egg-info/dependency_links.txt
[1.598s] writing top-level names to my_robot_interfaces.egg-info/top_level.txt
[1.858s] reading manifest file 'my_robot_interfaces.egg-info/SOURCES.txt'
[1.860s] writing manifest file 'my_robot_interfaces.egg-info/SOURCES.txt'
[1.979s] [100%] Built target ament_cmake_python_build_my_robot_interfaces_egg
[2.118s] Invoked command in '/home/vincent-pc/ros2_jazzy/build/my_robot_interfaces' returned '0': CMAKE_PREFIX_PATH=${CMAKE_PREFIX_PATH}:/home/vincent-pc/ros2_jazzy/install/robot_py:/home/vincent-pc/ros2_jazzy/install/my_robot_python:/home/vincent-pc/ros2_jazzy/install/lifecycle_py:/home/vincent-pc/ros2_jazzy/install/executors_py:/home/vincent-pc/ros2_jazzy/install/components_py:/home/vincent-pc/ros2_jazzy/install/actions_py:/opt/ros/jazzy DEBUGINFOD_URLS=https://debuginfod.ubuntu.com /usr/bin/cmake --build /home/vincent-pc/ros2_jazzy/build/my_robot_interfaces -- -j8 -l8
[2.127s] Invoking command in '/home/vincent-pc/ros2_jazzy/build/my_robot_interfaces': CMAKE_PREFIX_PATH=${CMAKE_PREFIX_PATH}:/home/vincent-pc/ros2_jazzy/install/robot_py:/home/vincent-pc/ros2_jazzy/install/my_robot_python:/home/vincent-pc/ros2_jazzy/install/lifecycle_py:/home/vincent-pc/ros2_jazzy/install/executors_py:/home/vincent-pc/ros2_jazzy/install/components_py:/home/vincent-pc/ros2_jazzy/install/actions_py:/opt/ros/jazzy DEBUGINFOD_URLS=https://debuginfod.ubuntu.com /usr/bin/cmake --install /home/vincent-pc/ros2_jazzy/build/my_robot_interfaces
[2.170s] -- Install configuration: ""
[2.174s] -- Up-to-date: /home/vincent-pc/ros2_jazzy/install/my_robot_interfaces/share/ament_index/resource_index/rosidl_interfaces/my_robot_interfaces
[2.174s] -- Up-to-date: /home/vincent-pc/ros2_jazzy/install/my_robot_interfaces/share/my_robot_interfaces/msg/MyRobotState.json
[2.174s] -- Up-to-date: /home/vincent-pc/ros2_jazzy/install/my_robot_interfaces/share/my_robot_interfaces/msg/MyRobotDifferential.json
[2.175s] -- Up-to-date: /home/vincent-pc/ros2_jazzy/install/my_robot_interfaces/share/my_robot_interfaces/msg/MyRobotJoint0.json
[2.175s] -- Up-to-date: /home/vincent-pc/ros2_jazzy/install/my_robot_interfaces/share/my_robot_interfaces/msg/MyRobotJoint1.json
[2.175s] -- Up-to-date: /home/vincent-pc/ros2_jazzy/install/my_robot_interfaces/share/my_robot_interfaces/msg/LedStateArray.json
[2.176s] -- Up-to-date: /home/vincent-pc/ros2_jazzy/install/my_robot_interfaces/share/my_robot_interfaces/srv/MyRobotSrv.json
[2.176s] -- Up-to-date: /home/vincent-pc/ros2_jazzy/install/my_robot_interfaces/share/my_robot_interfaces/srv/SetLed.json
[2.176s] -- Up-to-date: /home/vincent-pc/ros2_jazzy/install/my_robot_interfaces/share/my_robot_interfaces/action/CountUntil.json
[2.190s] -- Up-to-date: /home/vincent-pc/ros2_jazzy/install/my_robot_interfaces/share/my_robot_interfaces/action/MoveRobot.json
[2.191s] -- Up-to-date: /home/vincent-pc/ros2_jazzy/install/my_robot_interfaces/share/my_robot_interfaces/action/MoveTurtle.json
[2.191s] -- Up-to-date: /home/vincent-pc/ros2_jazzy/install/my_robot_interfaces/include/my_robot_interfaces/my_robot_interfaces
[2.197s] -- Up-to-date: /home/vincent-pc/ros2_jazzy/install/my_robot_interfaces/include/my_robot_interfaces/my_robot_interfaces/action
[2.197s] -- Up-to-date: /home/vincent-pc/ros2_jazzy/install/my_robot_interfaces/include/my_robot_interfaces/my_robot_interfaces/action/count_until.h
[2.197s] -- Up-to-date: /home/vincent-pc/ros2_jazzy/install/my_robot_interfaces/include/my_robot_interfaces/my_robot_interfaces/action/move_robot.h
[2.198s] -- Up-to-date: /home/vincent-pc/ros2_jazzy/install/my_robot_interfaces/include/my_robot_interfaces/my_robot_interfaces/action/move_turtle.h
[2.198s] -- Up-to-date: /home/vincent-pc/ros2_jazzy/install/my_robot_interfaces/include/my_robot_interfaces/my_robot_interfaces/action/detail
[2.198s] -- Up-to-date: /home/vincent-pc/ros2_jazzy/install/my_robot_interfaces/include/my_robot_interfaces/my_robot_interfaces/action/detail/move_turtle__functions.c
[2.198s] -- Up-to-date: /home/vincent-pc/ros2_jazzy/install/my_robot_interfaces/include/my_robot_interfaces/my_robot_interfaces/action/detail/move_robot__type_support.h
[2.199s] -- Up-to-date: /home/vincent-pc/ros2_jazzy/install/my_robot_interfaces/include/my_robot_interfaces/my_robot_interfaces/action/detail/move_turtle__type_support.h
[2.199s] -- Up-to-date: /home/vincent-pc/ros2_jazzy/install/my_robot_interfaces/include/my_robot_interfaces/my_robot_interfaces/action/detail/count_until__functions.h
[2.199s] -- Installing: /home/vincent-pc/ros2_jazzy/install/my_robot_interfaces/include/my_robot_interfaces/my_robot_interfaces/action/detail/move_robot__type_support.c
[2.204s] -- Up-to-date: /home/vincent-pc/ros2_jazzy/install/my_robot_interfaces/include/my_robot_interfaces/my_robot_interfaces/action/detail/move_robot__functions.c
[2.205s] -- Up-to-date: /home/vincent-pc/ros2_jazzy/install/my_robot_interfaces/include/my_robot_interfaces/my_robot_interfaces/action/detail/move_robot__functions.h
[2.205s] -- Up-to-date: /home/vincent-pc/ros2_jazzy/install/my_robot_interfaces/include/my_robot_interfaces/my_robot_interfaces/action/detail/move_robot__struct.h
[2.205s] -- Installing: /home/vincent-pc/ros2_jazzy/install/my_robot_interfaces/include/my_robot_interfaces/my_robot_interfaces/action/detail/move_turtle__type_support.c
[2.206s] -- Up-to-date: /home/vincent-pc/ros2_jazzy/install/my_robot_interfaces/include/my_robot_interfaces/my_robot_interfaces/action/detail/move_robot__description.c
[2.206s] -- Up-to-date: /home/vincent-pc/ros2_jazzy/install/my_robot_interfaces/include/my_robot_interfaces/my_robot_interfaces/action/detail/move_turtle__functions.h
[2.206s] -- Up-to-date: /home/vincent-pc/ros2_jazzy/install/my_robot_interfaces/include/my_robot_interfaces/my_robot_interfaces/action/detail/move_turtle__description.c
[2.207s] -- Up-to-date: /home/vincent-pc/ros2_jazzy/install/my_robot_interfaces/include/my_robot_interfaces/my_robot_interfaces/action/detail/count_until__struct.h
[2.207s] -- Up-to-date: /home/vincent-pc/ros2_jazzy/install/my_robot_interfaces/include/my_robot_interfaces/my_robot_interfaces/action/detail/count_until__functions.c
[2.217s] -- Installing: /home/vincent-pc/ros2_jazzy/install/my_robot_interfaces/include/my_robot_interfaces/my_robot_interfaces/action/detail/count_until__type_support.c
[2.217s] -- Up-to-date: /home/vincent-pc/ros2_jazzy/install/my_robot_interfaces/include/my_robot_interfaces/my_robot_interfaces/action/detail/count_until__description.c
[2.218s] -- Up-to-date: /home/vincent-pc/ros2_jazzy/install/my_robot_interfaces/include/my_robot_interfaces/my_robot_interfaces/action/detail/count_until__type_support.h
[2.219s] -- Up-to-date: /home/vincent-pc/ros2_jazzy/install/my_robot_interfaces/include/my_robot_interfaces/my_robot_interfaces/action/detail/move_turtle__struct.h
[2.219s] -- Up-to-date: /home/vincent-pc/ros2_jazzy/install/my_robot_interfaces/include/my_robot_interfaces/my_robot_interfaces/msg
[2.219s] -- Up-to-date: /home/vincent-pc/ros2_jazzy/install/my_robot_interfaces/include/my_robot_interfaces/my_robot_interfaces/msg/my_robot_joint1.h
[2.223s] -- Up-to-date: /home/vincent-pc/ros2_jazzy/install/my_robot_interfaces/include/my_robot_interfaces/my_robot_interfaces/msg/my_robot_differential.h
[2.224s] -- Up-to-date: /home/vincent-pc/ros2_jazzy/install/my_robot_interfaces/include/my_robot_interfaces/my_robot_interfaces/msg/my_robot_joint0.h
[2.224s] -- Up-to-date: /home/vincent-pc/ros2_jazzy/install/my_robot_interfaces/include/my_robot_interfaces/my_robot_interfaces/msg/rosidl_generator_c__visibility_control.h
[2.230s] -- Up-to-date: /home/vincent-pc/ros2_jazzy/install/my_robot_interfaces/include/my_robot_interfaces/my_robot_interfaces/msg/led_state_array.h
[2.230s] -- Up-to-date: /home/vincent-pc/ros2_jazzy/install/my_robot_interfaces/include/my_robot_interfaces/my_robot_interfaces/msg/detail
[2.231s] -- Installing: /home/vincent-pc/ros2_jazzy/install/my_robot_interfaces/include/my_robot_interfaces/my_robot_interfaces/msg/detail/my_robot_state__type_support.c
[2.231s] -- Up-to-date: /home/vincent-pc/ros2_jazzy/install/my_robot_interfaces/include/my_robot_interfaces/my_robot_interfaces/msg/detail/led_state_array__struct.h
[2.231s] -- Up-to-date: /home/vincent-pc/ros2_jazzy/install/my_robot_interfaces/include/my_robot_interfaces/my_robot_interfaces/msg/detail/my_robot_state__functions.h
[2.233s] -- Up-to-date: /home/vincent-pc/ros2_jazzy/install/my_robot_interfaces/include/my_robot_interfaces/my_robot_interfaces/msg/detail/my_robot_joint0__functions.h
[2.237s] -- Up-to-date: /home/vincent-pc/ros2_jazzy/install/my_robot_interfaces/include/my_robot_interfaces/my_robot_interfaces/msg/detail/my_robot_joint1__type_support.h
[2.250s] -- Up-to-date: /home/vincent-pc/ros2_jazzy/install/my_robot_interfaces/include/my_robot_interfaces/my_robot_interfaces/msg/detail/my_robot_differential__type_support.h
[2.250s] -- Up-to-date: /home/vincent-pc/ros2_jazzy/install/my_robot_interfaces/include/my_robot_interfaces/my_robot_interfaces/msg/detail/led_state_array__functions.c
[2.251s] -- Up-to-date: /home/vincent-pc/ros2_jazzy/install/my_robot_interfaces/include/my_robot_interfaces/my_robot_interfaces/msg/detail/my_robot_differential__struct.h
[2.251s] -- Up-to-date: /home/vincent-pc/ros2_jazzy/install/my_robot_interfaces/include/my_robot_interfaces/my_robot_interfaces/msg/detail/led_state_array__description.c
[2.251s] -- Up-to-date: /home/vincent-pc/ros2_jazzy/install/my_robot_interfaces/include/my_robot_interfaces/my_robot_interfaces/msg/detail/my_robot_differential__functions.h
[2.251s] -- Up-to-date: /home/vincent-pc/ros2_jazzy/install/my_robot_interfaces/include/my_robot_interfaces/my_robot_interfaces/msg/detail/my_robot_joint0__functions.c
[2.252s] -- Installing: /home/vincent-pc/ros2_jazzy/install/my_robot_interfaces/include/my_robot_interfaces/my_robot_interfaces/msg/detail/led_state_array__type_support.c
[2.252s] -- Up-to-date: /home/vincent-pc/ros2_jazzy/install/my_robot_interfaces/include/my_robot_interfaces/my_robot_interfaces/msg/detail/my_robot_differential__functions.c
[2.252s] -- Up-to-date: /home/vincent-pc/ros2_jazzy/install/my_robot_interfaces/include/my_robot_interfaces/my_robot_interfaces/msg/detail/my_robot_joint0__description.c
[2.252s] -- Up-to-date: /home/vincent-pc/ros2_jazzy/install/my_robot_interfaces/include/my_robot_interfaces/my_robot_interfaces/msg/detail/my_robot_joint0__struct.h
[2.253s] -- Up-to-date: /home/vincent-pc/ros2_jazzy/install/my_robot_interfaces/include/my_robot_interfaces/my_robot_interfaces/msg/detail/led_state_array__type_support.h
[2.253s] -- Up-to-date: /home/vincent-pc/ros2_jazzy/install/my_robot_interfaces/include/my_robot_interfaces/my_robot_interfaces/msg/detail/my_robot_joint1__description.c
[2.266s] -- Installing: /home/vincent-pc/ros2_jazzy/install/my_robot_interfaces/include/my_robot_interfaces/my_robot_interfaces/msg/detail/my_robot_joint0__type_support.c
[2.267s] -- Up-to-date: /home/vincent-pc/ros2_jazzy/install/my_robot_interfaces/include/my_robot_interfaces/my_robot_interfaces/msg/detail/my_robot_joint0__type_support.h
[2.267s] -- Up-to-date: /home/vincent-pc/ros2_jazzy/install/my_robot_interfaces/include/my_robot_interfaces/my_robot_interfaces/msg/detail/led_state_array__functions.h
[2.267s] -- Up-to-date: /home/vincent-pc/ros2_jazzy/install/my_robot_interfaces/include/my_robot_interfaces/my_robot_interfaces/msg/detail/my_robot_differential__description.c
[2.267s] -- Installing: /home/vincent-pc/ros2_jazzy/install/my_robot_interfaces/include/my_robot_interfaces/my_robot_interfaces/msg/detail/my_robot_joint1__type_support.c
[2.268s] -- Up-to-date: /home/vincent-pc/ros2_jazzy/install/my_robot_interfaces/include/my_robot_interfaces/my_robot_interfaces/msg/detail/my_robot_joint1__struct.h
[2.268s] -- Up-to-date: /home/vincent-pc/ros2_jazzy/install/my_robot_interfaces/include/my_robot_interfaces/my_robot_interfaces/msg/detail/my_robot_joint1__functions.h
[2.268s] -- Installing: /home/vincent-pc/ros2_jazzy/install/my_robot_interfaces/include/my_robot_interfaces/my_robot_interfaces/msg/detail/my_robot_differential__type_support.c
[2.268s] -- Up-to-date: /home/vincent-pc/ros2_jazzy/install/my_robot_interfaces/include/my_robot_interfaces/my_robot_interfaces/msg/detail/my_robot_state__type_support.h
[2.269s] -- Up-to-date: /home/vincent-pc/ros2_jazzy/install/my_robot_interfaces/include/my_robot_interfaces/my_robot_interfaces/msg/detail/my_robot_state__functions.c
[2.269s] -- Up-to-date: /home/vincent-pc/ros2_jazzy/install/my_robot_interfaces/include/my_robot_interfaces/my_robot_interfaces/msg/detail/my_robot_state__description.c
[2.269s] -- Up-to-date: /home/vincent-pc/ros2_jazzy/install/my_robot_interfaces/include/my_robot_interfaces/my_robot_interfaces/msg/detail/my_robot_joint1__functions.c
[2.269s] -- Up-to-date: /home/vincent-pc/ros2_jazzy/install/my_robot_interfaces/include/my_robot_interfaces/my_robot_interfaces/msg/detail/my_robot_state__struct.h
[2.271s] -- Up-to-date: /home/vincent-pc/ros2_jazzy/install/my_robot_interfaces/include/my_robot_interfaces/my_robot_interfaces/msg/my_robot_state.h
[2.272s] -- Up-to-date: /home/vincent-pc/ros2_jazzy/install/my_robot_interfaces/include/my_robot_interfaces/my_robot_interfaces/srv
[2.273s] -- Up-to-date: /home/vincent-pc/ros2_jazzy/install/my_robot_interfaces/include/my_robot_interfaces/my_robot_interfaces/srv/set_led.h
[2.274s] -- Up-to-date: /home/vincent-pc/ros2_jazzy/install/my_robot_interfaces/include/my_robot_interfaces/my_robot_interfaces/srv/my_robot_srv.h
[2.274s] -- Up-to-date: /home/vincent-pc/ros2_jazzy/install/my_robot_interfaces/include/my_robot_interfaces/my_robot_interfaces/srv/detail
[2.274s] -- Up-to-date: /home/vincent-pc/ros2_jazzy/install/my_robot_interfaces/include/my_robot_interfaces/my_robot_interfaces/srv/detail/set_led__struct.h
[2.275s] -- Up-to-date: /home/vincent-pc/ros2_jazzy/install/my_robot_interfaces/include/my_robot_interfaces/my_robot_interfaces/srv/detail/my_robot_srv__description.c
[2.275s] -- Installing: /home/vincent-pc/ros2_jazzy/install/my_robot_interfaces/include/my_robot_interfaces/my_robot_interfaces/srv/detail/set_led__type_support.c
[2.275s] -- Up-to-date: /home/vincent-pc/ros2_jazzy/install/my_robot_interfaces/include/my_robot_interfaces/my_robot_interfaces/srv/detail/set_led__type_support.h
[2.275s] -- Up-to-date: /home/vincent-pc/ros2_jazzy/install/my_robot_interfaces/include/my_robot_interfaces/my_robot_interfaces/srv/detail/my_robot_srv__type_support.h
[2.278s] -- Up-to-date: /home/vincent-pc/ros2_jazzy/install/my_robot_interfaces/include/my_robot_interfaces/my_robot_interfaces/srv/detail/my_robot_srv__struct.h
[2.279s] -- Installing: /home/vincent-pc/ros2_jazzy/install/my_robot_interfaces/include/my_robot_interfaces/my_robot_interfaces/srv/detail/my_robot_srv__type_support.c
[2.279s] -- Up-to-date: /home/vincent-pc/ros2_jazzy/install/my_robot_interfaces/include/my_robot_interfaces/my_robot_interfaces/srv/detail/set_led__description.c
[2.279s] -- Up-to-date: /home/vincent-pc/ros2_jazzy/install/my_robot_interfaces/include/my_robot_interfaces/my_robot_interfaces/srv/detail/set_led__functions.h
[2.279s] -- Up-to-date: /home/vincent-pc/ros2_jazzy/install/my_robot_interfaces/include/my_robot_interfaces/my_robot_interfaces/srv/detail/set_led__functions.c
[2.280s] -- Up-to-date: /home/vincent-pc/ros2_jazzy/install/my_robot_interfaces/include/my_robot_interfaces/my_robot_interfaces/srv/detail/my_robot_srv__functions.c
[2.280s] -- Up-to-date: /home/vincent-pc/ros2_jazzy/install/my_robot_interfaces/include/my_robot_interfaces/my_robot_interfaces/srv/detail/my_robot_srv__functions.h
[2.280s] -- Up-to-date: /home/vincent-pc/ros2_jazzy/install/my_robot_interfaces/share/my_robot_interfaces/environment/library_path.sh
[2.280s] -- Up-to-date: /home/vincent-pc/ros2_jazzy/install/my_robot_interfaces/share/my_robot_interfaces/environment/library_path.dsv
[2.280s] -- Up-to-date: /home/vincent-pc/ros2_jazzy/install/my_robot_interfaces/lib/libmy_robot_interfaces__rosidl_generator_c.so
[2.281s] -- Up-to-date: /home/vincent-pc/ros2_jazzy/install/my_robot_interfaces/include/my_robot_interfaces/my_robot_interfaces
[2.281s] -- Up-to-date: /home/vincent-pc/ros2_jazzy/install/my_robot_interfaces/include/my_robot_interfaces/my_robot_interfaces/action
[2.281s] -- Up-to-date: /home/vincent-pc/ros2_jazzy/install/my_robot_interfaces/include/my_robot_interfaces/my_robot_interfaces/action/detail
[2.281s] -- Up-to-date: /home/vincent-pc/ros2_jazzy/install/my_robot_interfaces/include/my_robot_interfaces/my_robot_interfaces/action/detail/move_robot__rosidl_typesupport_fastrtps_c.h
[2.282s] -- Up-to-date: /home/vincent-pc/ros2_jazzy/install/my_robot_interfaces/include/my_robot_interfaces/my_robot_interfaces/action/detail/move_turtle__rosidl_typesupport_fastrtps_c.h
[2.282s] -- Up-to-date: /home/vincent-pc/ros2_jazzy/install/my_robot_interfaces/include/my_robot_interfaces/my_robot_interfaces/action/detail/count_until__rosidl_typesupport_fastrtps_c.h
[2.282s] -- Up-to-date: /home/vincent-pc/ros2_jazzy/install/my_robot_interfaces/include/my_robot_interfaces/my_robot_interfaces/msg
[2.282s] -- Up-to-date: /home/vincent-pc/ros2_jazzy/install/my_robot_interfaces/include/my_robot_interfaces/my_robot_interfaces/msg/rosidl_typesupport_fastrtps_c__visibility_control.h
[2.283s] -- Up-to-date: /home/vincent-pc/ros2_jazzy/install/my_robot_interfaces/include/my_robot_interfaces/my_robot_interfaces/msg/detail
[2.283s] -- Up-to-date: /home/vincent-pc/ros2_jazzy/install/my_robot_interfaces/include/my_robot_interfaces/my_robot_interfaces/msg/detail/my_robot_joint0__rosidl_typesupport_fastrtps_c.h
[2.283s] -- Up-to-date: /home/vincent-pc/ros2_jazzy/install/my_robot_interfaces/include/my_robot_interfaces/my_robot_interfaces/msg/detail/my_robot_state__rosidl_typesupport_fastrtps_c.h
[2.283s] -- Up-to-date: /home/vincent-pc/ros2_jazzy/install/my_robot_interfaces/include/my_robot_interfaces/my_robot_interfaces/msg/detail/my_robot_joint1__rosidl_typesupport_fastrtps_c.h
[2.283s] -- Up-to-date: /home/vincent-pc/ros2_jazzy/install/my_robot_interfaces/include/my_robot_interfaces/my_robot_interfaces/msg/detail/my_robot_differential__rosidl_typesupport_fastrtps_c.h
[2.284s] -- Up-to-date: /home/vincent-pc/ros2_jazzy/install/my_robot_interfaces/include/my_robot_interfaces/my_robot_interfaces/msg/detail/led_state_array__rosidl_typesupport_fastrtps_c.h
[2.284s] -- Up-to-date: /home/vincent-pc/ros2_jazzy/install/my_robot_interfaces/include/my_robot_interfaces/my_robot_interfaces/srv
[2.284s] -- Up-to-date: /home/vincent-pc/ros2_jazzy/install/my_robot_interfaces/include/my_robot_interfaces/my_robot_interfaces/srv/detail
[2.284s] -- Up-to-date: /home/vincent-pc/ros2_jazzy/install/my_robot_interfaces/include/my_robot_interfaces/my_robot_interfaces/srv/detail/my_robot_srv__rosidl_typesupport_fastrtps_c.h
[2.285s] -- Up-to-date: /home/vincent-pc/ros2_jazzy/install/my_robot_interfaces/include/my_robot_interfaces/my_robot_interfaces/srv/detail/set_led__rosidl_typesupport_fastrtps_c.h
[2.285s] -- Up-to-date: /home/vincent-pc/ros2_jazzy/install/my_robot_interfaces/lib/libmy_robot_interfaces__rosidl_typesupport_fastrtps_c.so
[2.285s] -- Up-to-date: /home/vincent-pc/ros2_jazzy/install/my_robot_interfaces/include/my_robot_interfaces/my_robot_interfaces
[2.285s] -- Up-to-date: /home/vincent-pc/ros2_jazzy/install/my_robot_interfaces/include/my_robot_interfaces/my_robot_interfaces/action
[2.285s] -- Up-to-date: /home/vincent-pc/ros2_jazzy/install/my_robot_interfaces/include/my_robot_interfaces/my_robot_interfaces/action/detail
[2.286s] -- Up-to-date: /home/vincent-pc/ros2_jazzy/install/my_robot_interfaces/include/my_robot_interfaces/my_robot_interfaces/action/detail/move_robot__rosidl_typesupport_introspection_c.h
[2.286s] -- Installing: /home/vincent-pc/ros2_jazzy/install/my_robot_interfaces/include/my_robot_interfaces/my_robot_interfaces/action/detail/move_robot__type_support.c
[2.286s] -- Up-to-date: /home/vincent-pc/ros2_jazzy/install/my_robot_interfaces/include/my_robot_interfaces/my_robot_interfaces/action/detail/count_until__rosidl_typesupport_introspection_c.h
[2.286s] -- Installing: /home/vincent-pc/ros2_jazzy/install/my_robot_interfaces/include/my_robot_interfaces/my_robot_interfaces/action/detail/move_turtle__type_support.c
[2.286s] -- Installing: /home/vincent-pc/ros2_jazzy/install/my_robot_interfaces/include/my_robot_interfaces/my_robot_interfaces/action/detail/count_until__type_support.c
[2.287s] -- Up-to-date: /home/vincent-pc/ros2_jazzy/install/my_robot_interfaces/include/my_robot_interfaces/my_robot_interfaces/action/detail/move_turtle__rosidl_typesupport_introspection_c.h
[2.287s] -- Up-to-date: /home/vincent-pc/ros2_jazzy/install/my_robot_interfaces/include/my_robot_interfaces/my_robot_interfaces/msg
[2.287s] -- Up-to-date: /home/vincent-pc/ros2_jazzy/install/my_robot_interfaces/include/my_robot_interfaces/my_robot_interfaces/msg/rosidl_typesupport_introspection_c__visibility_control.h
[2.287s] -- Up-to-date: /home/vincent-pc/ros2_jazzy/install/my_robot_interfaces/include/my_robot_interfaces/my_robot_interfaces/msg/detail
[2.287s] -- Up-to-date: /home/vincent-pc/ros2_jazzy/install/my_robot_interfaces/include/my_robot_interfaces/my_robot_interfaces/msg/detail/my_robot_joint1__rosidl_typesupport_introspection_c.h
[2.288s] -- Installing: /home/vincent-pc/ros2_jazzy/install/my_robot_interfaces/include/my_robot_interfaces/my_robot_interfaces/msg/detail/my_robot_state__type_support.c
[2.288s] -- Up-to-date: /home/vincent-pc/ros2_jazzy/install/my_robot_interfaces/include/my_robot_interfaces/my_robot_interfaces/msg/detail/my_robot_state__rosidl_typesupport_introspection_c.h
[2.288s] -- Installing: /home/vincent-pc/ros2_jazzy/install/my_robot_interfaces/include/my_robot_interfaces/my_robot_interfaces/msg/detail/led_state_array__type_support.c
[2.288s] -- Installing: /home/vincent-pc/ros2_jazzy/install/my_robot_interfaces/include/my_robot_interfaces/my_robot_interfaces/msg/detail/my_robot_joint0__type_support.c
[2.289s] -- Installing: /home/vincent-pc/ros2_jazzy/install/my_robot_interfaces/include/my_robot_interfaces/my_robot_interfaces/msg/detail/my_robot_joint1__type_support.c
[2.289s] -- Installing: /home/vincent-pc/ros2_jazzy/install/my_robot_interfaces/include/my_robot_interfaces/my_robot_interfaces/msg/detail/my_robot_differential__type_support.c
[2.289s] -- Up-to-date: /home/vincent-pc/ros2_jazzy/install/my_robot_interfaces/include/my_robot_interfaces/my_robot_interfaces/msg/detail/my_robot_differential__rosidl_typesupport_introspection_c.h
[2.289s] -- Up-to-date: /home/vincent-pc/ros2_jazzy/install/my_robot_interfaces/include/my_robot_interfaces/my_robot_interfaces/msg/detail/led_state_array__rosidl_typesupport_introspection_c.h
[2.290s] -- Up-to-date: /home/vincent-pc/ros2_jazzy/install/my_robot_interfaces/include/my_robot_interfaces/my_robot_interfaces/msg/detail/my_robot_joint0__rosidl_typesupport_introspection_c.h
[2.290s] -- Up-to-date: /home/vincent-pc/ros2_jazzy/install/my_robot_interfaces/include/my_robot_interfaces/my_robot_interfaces/srv
[2.290s] -- Up-to-date: /home/vincent-pc/ros2_jazzy/install/my_robot_interfaces/include/my_robot_interfaces/my_robot_interfaces/srv/detail
[2.290s] -- Up-to-date: /home/vincent-pc/ros2_jazzy/install/my_robot_interfaces/include/my_robot_interfaces/my_robot_interfaces/srv/detail/set_led__rosidl_typesupport_introspection_c.h
[2.291s] -- Up-to-date: /home/vincent-pc/ros2_jazzy/install/my_robot_interfaces/include/my_robot_interfaces/my_robot_interfaces/srv/detail/my_robot_srv__rosidl_typesupport_introspection_c.h
[2.291s] -- Installing: /home/vincent-pc/ros2_jazzy/install/my_robot_interfaces/include/my_robot_interfaces/my_robot_interfaces/srv/detail/set_led__type_support.c
[2.291s] -- Installing: /home/vincent-pc/ros2_jazzy/install/my_robot_interfaces/include/my_robot_interfaces/my_robot_interfaces/srv/detail/my_robot_srv__type_support.c
[2.291s] -- Up-to-date: /home/vincent-pc/ros2_jazzy/install/my_robot_interfaces/lib/libmy_robot_interfaces__rosidl_typesupport_introspection_c.so
[2.292s] -- Up-to-date: /home/vincent-pc/ros2_jazzy/install/my_robot_interfaces/lib/libmy_robot_interfaces__rosidl_typesupport_c.so
[2.292s] -- Up-to-date: /home/vincent-pc/ros2_jazzy/install/my_robot_interfaces/include/my_robot_interfaces/my_robot_interfaces
[2.292s] -- Up-to-date: /home/vincent-pc/ros2_jazzy/install/my_robot_interfaces/include/my_robot_interfaces/my_robot_interfaces/action
[2.292s] -- Up-to-date: /home/vincent-pc/ros2_jazzy/install/my_robot_interfaces/include/my_robot_interfaces/my_robot_interfaces/action/move_robot.hpp
[2.292s] -- Up-to-date: /home/vincent-pc/ros2_jazzy/install/my_robot_interfaces/include/my_robot_interfaces/my_robot_interfaces/action/count_until.hpp
[2.293s] -- Up-to-date: /home/vincent-pc/ros2_jazzy/install/my_robot_interfaces/include/my_robot_interfaces/my_robot_interfaces/action/move_turtle.hpp
[2.293s] -- Up-to-date: /home/vincent-pc/ros2_jazzy/install/my_robot_interfaces/include/my_robot_interfaces/my_robot_interfaces/action/detail
[2.293s] -- Up-to-date: /home/vincent-pc/ros2_jazzy/install/my_robot_interfaces/include/my_robot_interfaces/my_robot_interfaces/action/detail/move_turtle__traits.hpp
[2.293s] -- Up-to-date: /home/vincent-pc/ros2_jazzy/install/my_robot_interfaces/include/my_robot_interfaces/my_robot_interfaces/action/detail/move_turtle__type_support.hpp
[2.294s] -- Up-to-date: /home/vincent-pc/ros2_jazzy/install/my_robot_interfaces/include/my_robot_interfaces/my_robot_interfaces/action/detail/count_until__builder.hpp
[2.294s] -- Up-to-date: /home/vincent-pc/ros2_jazzy/install/my_robot_interfaces/include/my_robot_interfaces/my_robot_interfaces/action/detail/count_until__struct.hpp
[2.294s] -- Up-to-date: /home/vincent-pc/ros2_jazzy/install/my_robot_interfaces/include/my_robot_interfaces/my_robot_interfaces/action/detail/count_until__type_support.hpp
[2.294s] -- Up-to-date: /home/vincent-pc/ros2_jazzy/install/my_robot_interfaces/include/my_robot_interfaces/my_robot_interfaces/action/detail/move_robot__type_support.hpp
[2.294s] -- Up-to-date: /home/vincent-pc/ros2_jazzy/install/my_robot_interfaces/include/my_robot_interfaces/my_robot_interfaces/action/detail/move_robot__struct.hpp
[2.295s] -- Up-to-date: /home/vincent-pc/ros2_jazzy/install/my_robot_interfaces/include/my_robot_interfaces/my_robot_interfaces/action/detail/move_robot__traits.hpp
[2.295s] -- Up-to-date: /home/vincent-pc/ros2_jazzy/install/my_robot_interfaces/include/my_robot_interfaces/my_robot_interfaces/action/detail/move_turtle__builder.hpp
[2.295s] -- Up-to-date: /home/vincent-pc/ros2_jazzy/install/my_robot_interfaces/include/my_robot_interfaces/my_robot_interfaces/action/detail/move_robot__builder.hpp
[2.295s] -- Up-to-date: /home/vincent-pc/ros2_jazzy/install/my_robot_interfaces/include/my_robot_interfaces/my_robot_interfaces/action/detail/move_turtle__struct.hpp
[2.295s] -- Up-to-date: /home/vincent-pc/ros2_jazzy/install/my_robot_interfaces/include/my_robot_interfaces/my_robot_interfaces/action/detail/count_until__traits.hpp
[2.296s] -- Up-to-date: /home/vincent-pc/ros2_jazzy/install/my_robot_interfaces/include/my_robot_interfaces/my_robot_interfaces/msg
[2.296s] -- Up-to-date: /home/vincent-pc/ros2_jazzy/install/my_robot_interfaces/include/my_robot_interfaces/my_robot_interfaces/msg/led_state_array.hpp
[2.296s] -- Up-to-date: /home/vincent-pc/ros2_jazzy/install/my_robot_interfaces/include/my_robot_interfaces/my_robot_interfaces/msg/my_robot_state.hpp
[2.298s] -- Up-to-date: /home/vincent-pc/ros2_jazzy/install/my_robot_interfaces/include/my_robot_interfaces/my_robot_interfaces/msg/my_robot_joint0.hpp
[2.298s] -- Up-to-date: /home/vincent-pc/ros2_jazzy/install/my_robot_interfaces/include/my_robot_interfaces/my_robot_interfaces/msg/my_robot_joint1.hpp
[2.299s] -- Up-to-date: /home/vincent-pc/ros2_jazzy/install/my_robot_interfaces/include/my_robot_interfaces/my_robot_interfaces/msg/rosidl_generator_cpp__visibility_control.hpp
[2.300s] -- Up-to-date: /home/vincent-pc/ros2_jazzy/install/my_robot_interfaces/include/my_robot_interfaces/my_robot_interfaces/msg/my_robot_differential.hpp
[2.300s] -- Up-to-date: /home/vincent-pc/ros2_jazzy/install/my_robot_interfaces/include/my_robot_interfaces/my_robot_interfaces/msg/detail
[2.300s] -- Up-to-date: /home/vincent-pc/ros2_jazzy/install/my_robot_interfaces/include/my_robot_interfaces/my_robot_interfaces/msg/detail/my_robot_differential__traits.hpp
[2.300s] -- Up-to-date: /home/vincent-pc/ros2_jazzy/install/my_robot_interfaces/include/my_robot_interfaces/my_robot_interfaces/msg/detail/my_robot_differential__struct.hpp
[2.301s] -- Up-to-date: /home/vincent-pc/ros2_jazzy/install/my_robot_interfaces/include/my_robot_interfaces/my_robot_interfaces/msg/detail/led_state_array__builder.hpp
[2.301s] -- Up-to-date: /home/vincent-pc/ros2_jazzy/install/my_robot_interfaces/include/my_robot_interfaces/my_robot_interfaces/msg/detail/led_state_array__traits.hpp
[2.301s] -- Up-to-date: /home/vincent-pc/ros2_jazzy/install/my_robot_interfaces/include/my_robot_interfaces/my_robot_interfaces/msg/detail/led_state_array__struct.hpp
[2.302s] -- Up-to-date: /home/vincent-pc/ros2_jazzy/install/my_robot_interfaces/include/my_robot_interfaces/my_robot_interfaces/msg/detail/my_robot_state__builder.hpp
[2.302s] -- Up-to-date: /home/vincent-pc/ros2_jazzy/install/my_robot_interfaces/include/my_robot_interfaces/my_robot_interfaces/msg/detail/my_robot_state__traits.hpp
[2.302s] -- Up-to-date: /home/vincent-pc/ros2_jazzy/install/my_robot_interfaces/include/my_robot_interfaces/my_robot_interfaces/msg/detail/my_robot_joint0__type_support.hpp
[2.302s] -- Up-to-date: /home/vincent-pc/ros2_jazzy/install/my_robot_interfaces/include/my_robot_interfaces/my_robot_interfaces/msg/detail/my_robot_differential__builder.hpp
[2.302s] -- Up-to-date: /home/vincent-pc/ros2_jazzy/install/my_robot_interfaces/include/my_robot_interfaces/my_robot_interfaces/msg/detail/my_robot_differential__type_support.hpp
[2.303s] -- Up-to-date: /home/vincent-pc/ros2_jazzy/install/my_robot_interfaces/include/my_robot_interfaces/my_robot_interfaces/msg/detail/my_robot_state__type_support.hpp
[2.303s] -- Up-to-date: /home/vincent-pc/ros2_jazzy/install/my_robot_interfaces/include/my_robot_interfaces/my_robot_interfaces/msg/detail/my_robot_joint1__struct.hpp
[2.304s] -- Up-to-date: /home/vincent-pc/ros2_jazzy/install/my_robot_interfaces/include/my_robot_interfaces/my_robot_interfaces/msg/detail/my_robot_joint1__builder.hpp
[2.305s] -- Up-to-date: /home/vincent-pc/ros2_jazzy/install/my_robot_interfaces/include/my_robot_interfaces/my_robot_interfaces/msg/detail/my_robot_joint1__traits.hpp
[2.306s] -- Up-to-date: /home/vincent-pc/ros2_jazzy/install/my_robot_interfaces/include/my_robot_interfaces/my_robot_interfaces/msg/detail/my_robot_joint0__traits.hpp
[2.306s] -- Up-to-date: /home/vincent-pc/ros2_jazzy/install/my_robot_interfaces/include/my_robot_interfaces/my_robot_interfaces/msg/detail/my_robot_joint0__struct.hpp
[2.306s] -- Up-to-date: /home/vincent-pc/ros2_jazzy/install/my_robot_interfaces/include/my_robot_interfaces/my_robot_interfaces/msg/detail/my_robot_joint1__type_support.hpp
[2.307s] -- Up-to-date: /home/vincent-pc/ros2_jazzy/install/my_robot_interfaces/include/my_robot_interfaces/my_robot_interfaces/msg/detail/led_state_array__type_support.hpp
[2.307s] -- Up-to-date: /home/vincent-pc/ros2_jazzy/install/my_robot_interfaces/include/my_robot_interfaces/my_robot_interfaces/msg/detail/my_robot_state__struct.hpp
[2.307s] -- Up-to-date: /home/vincent-pc/ros2_jazzy/install/my_robot_interfaces/include/my_robot_interfaces/my_robot_interfaces/msg/detail/my_robot_joint0__builder.hpp
[2.308s] -- Up-to-date: /home/vincent-pc/ros2_jazzy/install/my_robot_interfaces/include/my_robot_interfaces/my_robot_interfaces/srv
[2.308s] -- Up-to-date: /home/vincent-pc/ros2_jazzy/install/my_robot_interfaces/include/my_robot_interfaces/my_robot_interfaces/srv/set_led.hpp
[2.308s] -- Up-to-date: /home/vincent-pc/ros2_jazzy/install/my_robot_interfaces/include/my_robot_interfaces/my_robot_interfaces/srv/my_robot_srv.hpp
[2.308s] -- Up-to-date: /home/vincent-pc/ros2_jazzy/install/my_robot_interfaces/include/my_robot_interfaces/my_robot_interfaces/srv/detail
[2.308s] -- Up-to-date: /home/vincent-pc/ros2_jazzy/install/my_robot_interfaces/include/my_robot_interfaces/my_robot_interfaces/srv/detail/my_robot_srv__struct.hpp
[2.309s] -- Up-to-date: /home/vincent-pc/ros2_jazzy/install/my_robot_interfaces/include/my_robot_interfaces/my_robot_interfaces/srv/detail/my_robot_srv__builder.hpp
[2.309s] -- Up-to-date: /home/vincent-pc/ros2_jazzy/install/my_robot_interfaces/include/my_robot_interfaces/my_robot_interfaces/srv/detail/set_led__traits.hpp
[2.309s] -- Up-to-date: /home/vincent-pc/ros2_jazzy/install/my_robot_interfaces/include/my_robot_interfaces/my_robot_interfaces/srv/detail/set_led__builder.hpp
[2.310s] -- Up-to-date: /home/vincent-pc/ros2_jazzy/install/my_robot_interfaces/include/my_robot_interfaces/my_robot_interfaces/srv/detail/my_robot_srv__traits.hpp
[2.310s] -- Up-to-date: /home/vincent-pc/ros2_jazzy/install/my_robot_interfaces/include/my_robot_interfaces/my_robot_interfaces/srv/detail/set_led__struct.hpp
[2.311s] -- Up-to-date: /home/vincent-pc/ros2_jazzy/install/my_robot_interfaces/include/my_robot_interfaces/my_robot_interfaces/srv/detail/my_robot_srv__type_support.hpp
[2.311s] -- Up-to-date: /home/vincent-pc/ros2_jazzy/install/my_robot_interfaces/include/my_robot_interfaces/my_robot_interfaces/srv/detail/set_led__type_support.hpp
[2.311s] -- Up-to-date: /home/vincent-pc/ros2_jazzy/install/my_robot_interfaces/include/my_robot_interfaces/my_robot_interfaces
[2.312s] -- Up-to-date: /home/vincent-pc/ros2_jazzy/install/my_robot_interfaces/include/my_robot_interfaces/my_robot_interfaces/action
[2.312s] -- Up-to-date: /home/vincent-pc/ros2_jazzy/install/my_robot_interfaces/include/my_robot_interfaces/my_robot_interfaces/action/detail
[2.312s] -- Up-to-date: /home/vincent-pc/ros2_jazzy/install/my_robot_interfaces/include/my_robot_interfaces/my_robot_interfaces/action/detail/move_turtle__rosidl_typesupport_fastrtps_cpp.hpp
[2.312s] -- Up-to-date: /home/vincent-pc/ros2_jazzy/install/my_robot_interfaces/include/my_robot_interfaces/my_robot_interfaces/action/detail/count_until__rosidl_typesupport_fastrtps_cpp.hpp
[2.313s] -- Up-to-date: /home/vincent-pc/ros2_jazzy/install/my_robot_interfaces/include/my_robot_interfaces/my_robot_interfaces/action/detail/move_robot__rosidl_typesupport_fastrtps_cpp.hpp
[2.313s] -- Up-to-date: /home/vincent-pc/ros2_jazzy/install/my_robot_interfaces/include/my_robot_interfaces/my_robot_interfaces/action/detail/dds_fastrtps
[2.313s] -- Up-to-date: /home/vincent-pc/ros2_jazzy/install/my_robot_interfaces/include/my_robot_interfaces/my_robot_interfaces/msg
[2.313s] -- Up-to-date: /home/vincent-pc/ros2_jazzy/install/my_robot_interfaces/include/my_robot_interfaces/my_robot_interfaces/msg/rosidl_typesupport_fastrtps_cpp__visibility_control.h
[2.314s] -- Up-to-date: /home/vincent-pc/ros2_jazzy/install/my_robot_interfaces/include/my_robot_interfaces/my_robot_interfaces/msg/detail
[2.314s] -- Up-to-date: /home/vincent-pc/ros2_jazzy/install/my_robot_interfaces/include/my_robot_interfaces/my_robot_interfaces/msg/detail/my_robot_joint1__rosidl_typesupport_fastrtps_cpp.hpp
[2.314s] -- Up-to-date: /home/vincent-pc/ros2_jazzy/install/my_robot_interfaces/include/my_robot_interfaces/my_robot_interfaces/msg/detail/led_state_array__rosidl_typesupport_fastrtps_cpp.hpp
[2.314s] -- Up-to-date: /home/vincent-pc/ros2_jazzy/install/my_robot_interfaces/include/my_robot_interfaces/my_robot_interfaces/msg/detail/my_robot_differential__rosidl_typesupport_fastrtps_cpp.hpp
[2.315s] -- Up-to-date: /home/vincent-pc/ros2_jazzy/install/my_robot_interfaces/include/my_robot_interfaces/my_robot_interfaces/msg/detail/my_robot_state__rosidl_typesupport_fastrtps_cpp.hpp
[2.315s] -- Up-to-date: /home/vincent-pc/ros2_jazzy/install/my_robot_interfaces/include/my_robot_interfaces/my_robot_interfaces/msg/detail/my_robot_joint0__rosidl_typesupport_fastrtps_cpp.hpp
[2.315s] -- Up-to-date: /home/vincent-pc/ros2_jazzy/install/my_robot_interfaces/include/my_robot_interfaces/my_robot_interfaces/msg/detail/dds_fastrtps
[2.315s] -- Up-to-date: /home/vincent-pc/ros2_jazzy/install/my_robot_interfaces/include/my_robot_interfaces/my_robot_interfaces/srv
[2.316s] -- Up-to-date: /home/vincent-pc/ros2_jazzy/install/my_robot_interfaces/include/my_robot_interfaces/my_robot_interfaces/srv/detail
[2.316s] -- Up-to-date: /home/vincent-pc/ros2_jazzy/install/my_robot_interfaces/include/my_robot_interfaces/my_robot_interfaces/srv/detail/my_robot_srv__rosidl_typesupport_fastrtps_cpp.hpp
[2.316s] -- Up-to-date: /home/vincent-pc/ros2_jazzy/install/my_robot_interfaces/include/my_robot_interfaces/my_robot_interfaces/srv/detail/dds_fastrtps
[2.317s] -- Up-to-date: /home/vincent-pc/ros2_jazzy/install/my_robot_interfaces/include/my_robot_interfaces/my_robot_interfaces/srv/detail/set_led__rosidl_typesupport_fastrtps_cpp.hpp
[2.317s] -- Up-to-date: /home/vincent-pc/ros2_jazzy/install/my_robot_interfaces/lib/libmy_robot_interfaces__rosidl_typesupport_fastrtps_cpp.so
[2.317s] -- Up-to-date: /home/vincent-pc/ros2_jazzy/install/my_robot_interfaces/include/my_robot_interfaces/my_robot_interfaces
[2.317s] -- Up-to-date: /home/vincent-pc/ros2_jazzy/install/my_robot_interfaces/include/my_robot_interfaces/my_robot_interfaces/action
[2.317s] -- Up-to-date: /home/vincent-pc/ros2_jazzy/install/my_robot_interfaces/include/my_robot_interfaces/my_robot_interfaces/action/detail
[2.318s] -- Up-to-date: /home/vincent-pc/ros2_jazzy/install/my_robot_interfaces/include/my_robot_interfaces/my_robot_interfaces/action/detail/move_turtle__rosidl_typesupport_introspection_cpp.hpp
[2.318s] -- Up-to-date: /home/vincent-pc/ros2_jazzy/install/my_robot_interfaces/include/my_robot_interfaces/my_robot_interfaces/action/detail/move_robot__type_support.cpp
[2.318s] -- Up-to-date: /home/vincent-pc/ros2_jazzy/install/my_robot_interfaces/include/my_robot_interfaces/my_robot_interfaces/action/detail/count_until__type_support.cpp
[2.318s] -- Up-to-date: /home/vincent-pc/ros2_jazzy/install/my_robot_interfaces/include/my_robot_interfaces/my_robot_interfaces/action/detail/move_turtle__type_support.cpp
[2.319s] -- Up-to-date: /home/vincent-pc/ros2_jazzy/install/my_robot_interfaces/include/my_robot_interfaces/my_robot_interfaces/action/detail/move_robot__rosidl_typesupport_introspection_cpp.hpp
[2.319s] -- Up-to-date: /home/vincent-pc/ros2_jazzy/install/my_robot_interfaces/include/my_robot_interfaces/my_robot_interfaces/action/detail/count_until__rosidl_typesupport_introspection_cpp.hpp
[2.319s] -- Up-to-date: /home/vincent-pc/ros2_jazzy/install/my_robot_interfaces/include/my_robot_interfaces/my_robot_interfaces/msg
[2.319s] -- Up-to-date: /home/vincent-pc/ros2_jazzy/install/my_robot_interfaces/include/my_robot_interfaces/my_robot_interfaces/msg/detail
[2.320s] -- Up-to-date: /home/vincent-pc/ros2_jazzy/install/my_robot_interfaces/include/my_robot_interfaces/my_robot_interfaces/msg/detail/my_robot_differential__type_support.cpp
[2.320s] -- Up-to-date: /home/vincent-pc/ros2_jazzy/install/my_robot_interfaces/include/my_robot_interfaces/my_robot_interfaces/msg/detail/led_state_array__rosidl_typesupport_introspection_cpp.hpp
[2.320s] -- Up-to-date: /home/vincent-pc/ros2_jazzy/install/my_robot_interfaces/include/my_robot_interfaces/my_robot_interfaces/msg/detail/my_robot_differential__rosidl_typesupport_introspection_cpp.hpp
[2.321s] -- Up-to-date: /home/vincent-pc/ros2_jazzy/install/my_robot_interfaces/include/my_robot_interfaces/my_robot_interfaces/msg/detail/my_robot_state__type_support.cpp
[2.321s] -- Up-to-date: /home/vincent-pc/ros2_jazzy/install/my_robot_interfaces/include/my_robot_interfaces/my_robot_interfaces/msg/detail/my_robot_joint0__type_support.cpp
[2.321s] -- Up-to-date: /home/vincent-pc/ros2_jazzy/install/my_robot_interfaces/include/my_robot_interfaces/my_robot_interfaces/msg/detail/my_robot_joint1__rosidl_typesupport_introspection_cpp.hpp
[2.321s] -- Up-to-date: /home/vincent-pc/ros2_jazzy/install/my_robot_interfaces/include/my_robot_interfaces/my_robot_interfaces/msg/detail/led_state_array__type_support.cpp
[2.322s] -- Up-to-date: /home/vincent-pc/ros2_jazzy/install/my_robot_interfaces/include/my_robot_interfaces/my_robot_interfaces/msg/detail/my_robot_joint0__rosidl_typesupport_introspection_cpp.hpp
[2.322s] -- Up-to-date: /home/vincent-pc/ros2_jazzy/install/my_robot_interfaces/include/my_robot_interfaces/my_robot_interfaces/msg/detail/my_robot_joint1__type_support.cpp
[2.323s] -- Up-to-date: /home/vincent-pc/ros2_jazzy/install/my_robot_interfaces/include/my_robot_interfaces/my_robot_interfaces/msg/detail/my_robot_state__rosidl_typesupport_introspection_cpp.hpp
[2.323s] -- Up-to-date: /home/vincent-pc/ros2_jazzy/install/my_robot_interfaces/include/my_robot_interfaces/my_robot_interfaces/srv
[2.323s] -- Up-to-date: /home/vincent-pc/ros2_jazzy/install/my_robot_interfaces/include/my_robot_interfaces/my_robot_interfaces/srv/detail
[2.324s] -- Up-to-date: /home/vincent-pc/ros2_jazzy/install/my_robot_interfaces/include/my_robot_interfaces/my_robot_interfaces/srv/detail/set_led__type_support.cpp
[2.324s] -- Up-to-date: /home/vincent-pc/ros2_jazzy/install/my_robot_interfaces/include/my_robot_interfaces/my_robot_interfaces/srv/detail/set_led__rosidl_typesupport_introspection_cpp.hpp
[2.324s] -- Up-to-date: /home/vincent-pc/ros2_jazzy/install/my_robot_interfaces/include/my_robot_interfaces/my_robot_interfaces/srv/detail/my_robot_srv__type_support.cpp
[2.324s] -- Up-to-date: /home/vincent-pc/ros2_jazzy/install/my_robot_interfaces/include/my_robot_interfaces/my_robot_interfaces/srv/detail/my_robot_srv__rosidl_typesupport_introspection_cpp.hpp
[2.324s] -- Up-to-date: /home/vincent-pc/ros2_jazzy/install/my_robot_interfaces/lib/libmy_robot_interfaces__rosidl_typesupport_introspection_cpp.so
[2.325s] -- Up-to-date: /home/vincent-pc/ros2_jazzy/install/my_robot_interfaces/lib/libmy_robot_interfaces__rosidl_typesupport_cpp.so
[2.325s] -- Up-to-date: /home/vincent-pc/ros2_jazzy/install/my_robot_interfaces/share/my_robot_interfaces/environment/pythonpath.sh
[2.325s] -- Up-to-date: /home/vincent-pc/ros2_jazzy/install/my_robot_interfaces/share/my_robot_interfaces/environment/pythonpath.dsv
[2.326s] -- Up-to-date: /home/vincent-pc/ros2_jazzy/install/my_robot_interfaces/lib/python3.12/site-packages/my_robot_interfaces-0.0.0-py3.12.egg-info
[2.326s] -- Installing: /home/vincent-pc/ros2_jazzy/install/my_robot_interfaces/lib/python3.12/site-packages/my_robot_interfaces-0.0.0-py3.12.egg-info/PKG-INFO
[2.326s] -- Installing: /home/vincent-pc/ros2_jazzy/install/my_robot_interfaces/lib/python3.12/site-packages/my_robot_interfaces-0.0.0-py3.12.egg-info/dependency_links.txt
[2.326s] -- Installing: /home/vincent-pc/ros2_jazzy/install/my_robot_interfaces/lib/python3.12/site-packages/my_robot_interfaces-0.0.0-py3.12.egg-info/top_level.txt
[2.327s] -- Installing: /home/vincent-pc/ros2_jazzy/install/my_robot_interfaces/lib/python3.12/site-packages/my_robot_interfaces-0.0.0-py3.12.egg-info/SOURCES.txt
[2.327s] -- Up-to-date: /home/vincent-pc/ros2_jazzy/install/my_robot_interfaces/lib/python3.12/site-packages/my_robot_interfaces
[2.327s] -- Up-to-date: /home/vincent-pc/ros2_jazzy/install/my_robot_interfaces/lib/python3.12/site-packages/my_robot_interfaces/action
[2.327s] -- Up-to-date: /home/vincent-pc/ros2_jazzy/install/my_robot_interfaces/lib/python3.12/site-packages/my_robot_interfaces/action/_move_turtle.py
[2.328s] -- Up-to-date: /home/vincent-pc/ros2_jazzy/install/my_robot_interfaces/lib/python3.12/site-packages/my_robot_interfaces/action/_move_turtle_s.c
[2.328s] -- Up-to-date: /home/vincent-pc/ros2_jazzy/install/my_robot_interfaces/lib/python3.12/site-packages/my_robot_interfaces/action/__init__.py
[2.328s] -- Up-to-date: /home/vincent-pc/ros2_jazzy/install/my_robot_interfaces/lib/python3.12/site-packages/my_robot_interfaces/action/_count_until_s.c
[2.328s] -- Up-to-date: /home/vincent-pc/ros2_jazzy/install/my_robot_interfaces/lib/python3.12/site-packages/my_robot_interfaces/action/_move_robot.py
[2.329s] -- Up-to-date: /home/vincent-pc/ros2_jazzy/install/my_robot_interfaces/lib/python3.12/site-packages/my_robot_interfaces/action/_move_robot_s.c
[2.329s] -- Up-to-date: /home/vincent-pc/ros2_jazzy/install/my_robot_interfaces/lib/python3.12/site-packages/my_robot_interfaces/action/_count_until.py
[2.329s] -- Up-to-date: /home/vincent-pc/ros2_jazzy/install/my_robot_interfaces/lib/python3.12/site-packages/my_robot_interfaces/_my_robot_interfaces_s.ep.rosidl_typesupport_fastrtps_c.c
[2.329s] -- Up-to-date: /home/vincent-pc/ros2_jazzy/install/my_robot_interfaces/lib/python3.12/site-packages/my_robot_interfaces/my_robot_interfaces_s__rosidl_typesupport_fastrtps_c.so
[2.329s] -- Up-to-date: /home/vincent-pc/ros2_jazzy/install/my_robot_interfaces/lib/python3.12/site-packages/my_robot_interfaces/my_robot_interfaces_s__rosidl_typesupport_c.so
[2.330s] -- Up-to-date: /home/vincent-pc/ros2_jazzy/install/my_robot_interfaces/lib/python3.12/site-packages/my_robot_interfaces/__init__.py
[2.330s] -- Up-to-date: /home/vincent-pc/ros2_jazzy/install/my_robot_interfaces/lib/python3.12/site-packages/my_robot_interfaces/_my_robot_interfaces_s.ep.rosidl_typesupport_c.c
[2.330s] -- Up-to-date: /home/vincent-pc/ros2_jazzy/install/my_robot_interfaces/lib/python3.12/site-packages/my_robot_interfaces/msg
[2.330s] -- Up-to-date: /home/vincent-pc/ros2_jazzy/install/my_robot_interfaces/lib/python3.12/site-packages/my_robot_interfaces/msg/_my_robot_differential_s.c
[2.331s] -- Up-to-date: /home/vincent-pc/ros2_jazzy/install/my_robot_interfaces/lib/python3.12/site-packages/my_robot_interfaces/msg/_my_robot_joint0_s.c
[2.331s] -- Up-to-date: /home/vincent-pc/ros2_jazzy/install/my_robot_interfaces/lib/python3.12/site-packages/my_robot_interfaces/msg/_my_robot_differential.py
[2.331s] -- Up-to-date: /home/vincent-pc/ros2_jazzy/install/my_robot_interfaces/lib/python3.12/site-packages/my_robot_interfaces/msg/_led_state_array_s.c
[2.331s] -- Up-to-date: /home/vincent-pc/ros2_jazzy/install/my_robot_interfaces/lib/python3.12/site-packages/my_robot_interfaces/msg/__init__.py
[2.331s] -- Up-to-date: /home/vincent-pc/ros2_jazzy/install/my_robot_interfaces/lib/python3.12/site-packages/my_robot_interfaces/msg/_my_robot_state_s.c
[2.332s] -- Up-to-date: /home/vincent-pc/ros2_jazzy/install/my_robot_interfaces/lib/python3.12/site-packages/my_robot_interfaces/msg/_led_state_array.py
[2.332s] -- Up-to-date: /home/vincent-pc/ros2_jazzy/install/my_robot_interfaces/lib/python3.12/site-packages/my_robot_interfaces/msg/_my_robot_joint1_s.c
[2.332s] -- Up-to-date: /home/vincent-pc/ros2_jazzy/install/my_robot_interfaces/lib/python3.12/site-packages/my_robot_interfaces/msg/_my_robot_state.py
[2.332s] -- Up-to-date: /home/vincent-pc/ros2_jazzy/install/my_robot_interfaces/lib/python3.12/site-packages/my_robot_interfaces/msg/_my_robot_joint0.py
[2.333s] -- Up-to-date: /home/vincent-pc/ros2_jazzy/install/my_robot_interfaces/lib/python3.12/site-packages/my_robot_interfaces/msg/_my_robot_joint1.py
[2.333s] -- Up-to-date: /home/vincent-pc/ros2_jazzy/install/my_robot_interfaces/lib/python3.12/site-packages/my_robot_interfaces/_my_robot_interfaces_s.ep.rosidl_typesupport_introspection_c.c
[2.333s] -- Up-to-date: /home/vincent-pc/ros2_jazzy/install/my_robot_interfaces/lib/python3.12/site-packages/my_robot_interfaces/my_robot_interfaces_s__rosidl_typesupport_introspection_c.so
[2.334s] -- Up-to-date: /home/vincent-pc/ros2_jazzy/install/my_robot_interfaces/lib/python3.12/site-packages/my_robot_interfaces/srv
[2.334s] -- Up-to-date: /home/vincent-pc/ros2_jazzy/install/my_robot_interfaces/lib/python3.12/site-packages/my_robot_interfaces/srv/_my_robot_srv.py
[2.334s] -- Up-to-date: /home/vincent-pc/ros2_jazzy/install/my_robot_interfaces/lib/python3.12/site-packages/my_robot_interfaces/srv/__init__.py
[2.334s] -- Up-to-date: /home/vincent-pc/ros2_jazzy/install/my_robot_interfaces/lib/python3.12/site-packages/my_robot_interfaces/srv/_my_robot_srv_s.c
[2.335s] -- Up-to-date: /home/vincent-pc/ros2_jazzy/install/my_robot_interfaces/lib/python3.12/site-packages/my_robot_interfaces/srv/_set_led.py
[2.335s] -- Up-to-date: /home/vincent-pc/ros2_jazzy/install/my_robot_interfaces/lib/python3.12/site-packages/my_robot_interfaces/srv/_set_led_s.c
[2.424s] Listing '/home/vincent-pc/ros2_jazzy/install/my_robot_interfaces/lib/python3.12/site-packages/my_robot_interfaces'...
[2.425s] Listing '/home/vincent-pc/ros2_jazzy/install/my_robot_interfaces/lib/python3.12/site-packages/my_robot_interfaces/action'...
[2.425s] Listing '/home/vincent-pc/ros2_jazzy/install/my_robot_interfaces/lib/python3.12/site-packages/my_robot_interfaces/msg'...
[2.425s] Listing '/home/vincent-pc/ros2_jazzy/install/my_robot_interfaces/lib/python3.12/site-packages/my_robot_interfaces/srv'...
[2.447s] -- Up-to-date: /home/vincent-pc/ros2_jazzy/install/my_robot_interfaces/lib/python3.12/site-packages/my_robot_interfaces/my_robot_interfaces_s__rosidl_typesupport_fastrtps_c.so
[2.449s] -- Up-to-date: /home/vincent-pc/ros2_jazzy/install/my_robot_interfaces/lib/python3.12/site-packages/my_robot_interfaces/my_robot_interfaces_s__rosidl_typesupport_introspection_c.so
[2.452s] -- Up-to-date: /home/vincent-pc/ros2_jazzy/install/my_robot_interfaces/lib/python3.12/site-packages/my_robot_interfaces/my_robot_interfaces_s__rosidl_typesupport_c.so
[2.453s] -- Up-to-date: /home/vincent-pc/ros2_jazzy/install/my_robot_interfaces/lib/libmy_robot_interfaces__rosidl_generator_py.so
[2.461s] -- Up-to-date: /home/vincent-pc/ros2_jazzy/install/my_robot_interfaces/share/my_robot_interfaces/msg/MyRobotState.idl
[2.463s] -- Up-to-date: /home/vincent-pc/ros2_jazzy/install/my_robot_interfaces/share/my_robot_interfaces/msg/MyRobotDifferential.idl
[2.465s] -- Up-to-date: /home/vincent-pc/ros2_jazzy/install/my_robot_interfaces/share/my_robot_interfaces/msg/MyRobotJoint0.idl
[2.467s] -- Up-to-date: /home/vincent-pc/ros2_jazzy/install/my_robot_interfaces/share/my_robot_interfaces/msg/MyRobotJoint1.idl
[2.469s] -- Up-to-date: /home/vincent-pc/ros2_jazzy/install/my_robot_interfaces/share/my_robot_interfaces/msg/LedStateArray.idl
[2.469s] -- Up-to-date: /home/vincent-pc/ros2_jazzy/install/my_robot_interfaces/share/my_robot_interfaces/srv/MyRobotSrv.idl
[2.473s] -- Up-to-date: /home/vincent-pc/ros2_jazzy/install/my_robot_interfaces/share/my_robot_interfaces/srv/SetLed.idl
[2.478s] -- Up-to-date: /home/vincent-pc/ros2_jazzy/install/my_robot_interfaces/share/my_robot_interfaces/action/CountUntil.idl
[2.478s] -- Up-to-date: /home/vincent-pc/ros2_jazzy/install/my_robot_interfaces/share/my_robot_interfaces/action/MoveRobot.idl
[2.478s] -- Up-to-date: /home/vincent-pc/ros2_jazzy/install/my_robot_interfaces/share/my_robot_interfaces/action/MoveTurtle.idl
[2.479s] -- Up-to-date: /home/vincent-pc/ros2_jazzy/install/my_robot_interfaces/share/my_robot_interfaces/msg/MyRobotState.msg
[2.480s] -- Up-to-date: /home/vincent-pc/ros2_jazzy/install/my_robot_interfaces/share/my_robot_interfaces/msg/MyRobotDifferential.msg
[2.480s] -- Up-to-date: /home/vincent-pc/ros2_jazzy/install/my_robot_interfaces/share/my_robot_interfaces/msg/MyRobotJoint0.msg
[2.486s] -- Up-to-date: /home/vincent-pc/ros2_jazzy/install/my_robot_interfaces/share/my_robot_interfaces/msg/MyRobotJoint1.msg
[2.486s] -- Up-to-date: /home/vincent-pc/ros2_jazzy/install/my_robot_interfaces/share/my_robot_interfaces/msg/LedStateArray.msg
[2.487s] -- Up-to-date: /home/vincent-pc/ros2_jazzy/install/my_robot_interfaces/share/my_robot_interfaces/srv/MyRobotSrv.srv
[2.487s] -- Up-to-date: /home/vincent-pc/ros2_jazzy/install/my_robot_interfaces/share/my_robot_interfaces/srv/SetLed.srv
[2.490s] -- Up-to-date: /home/vincent-pc/ros2_jazzy/install/my_robot_interfaces/share/my_robot_interfaces/action/CountUntil.action
[2.491s] -- Up-to-date: /home/vincent-pc/ros2_jazzy/install/my_robot_interfaces/share/my_robot_interfaces/action/MoveRobot.action
[2.496s] -- Up-to-date: /home/vincent-pc/ros2_jazzy/install/my_robot_interfaces/share/my_robot_interfaces/action/MoveTurtle.action
[2.501s] -- Up-to-date: /home/vincent-pc/ros2_jazzy/install/my_robot_interfaces/share/ament_index/resource_index/package_run_dependencies/my_robot_interfaces
[2.501s] -- Up-to-date: /home/vincent-pc/ros2_jazzy/install/my_robot_interfaces/share/ament_index/resource_index/parent_prefix_path/my_robot_interfaces
[2.501s] -- Up-to-date: /home/vincent-pc/ros2_jazzy/install/my_robot_interfaces/share/my_robot_interfaces/environment/ament_prefix_path.sh
[2.502s] -- Up-to-date: /home/vincent-pc/ros2_jazzy/install/my_robot_interfaces/share/my_robot_interfaces/environment/ament_prefix_path.dsv
[2.502s] -- Up-to-date: /home/vincent-pc/ros2_jazzy/install/my_robot_interfaces/share/my_robot_interfaces/environment/path.sh
[2.502s] -- Up-to-date: /home/vincent-pc/ros2_jazzy/install/my_robot_interfaces/share/my_robot_interfaces/environment/path.dsv
[2.502s] -- Up-to-date: /home/vincent-pc/ros2_jazzy/install/my_robot_interfaces/share/my_robot_interfaces/local_setup.bash
[2.503s] -- Up-to-date: /home/vincent-pc/ros2_jazzy/install/my_robot_interfaces/share/my_robot_interfaces/local_setup.sh
[2.510s] -- Up-to-date: /home/vincent-pc/ros2_jazzy/install/my_robot_interfaces/share/my_robot_interfaces/local_setup.zsh
[2.510s] -- Up-to-date: /home/vincent-pc/ros2_jazzy/install/my_robot_interfaces/share/my_robot_interfaces/local_setup.dsv
[2.510s] -- Installing: /home/vincent-pc/ros2_jazzy/install/my_robot_interfaces/share/my_robot_interfaces/package.dsv
[2.511s] -- Up-to-date: /home/vincent-pc/ros2_jazzy/install/my_robot_interfaces/share/ament_index/resource_index/packages/my_robot_interfaces
[2.511s] -- Up-to-date: /home/vincent-pc/ros2_jazzy/install/my_robot_interfaces/share/my_robot_interfaces/cmake/export_my_robot_interfaces__rosidl_generator_cExport.cmake
[2.516s] -- Up-to-date: /home/vincent-pc/ros2_jazzy/install/my_robot_interfaces/share/my_robot_interfaces/cmake/export_my_robot_interfaces__rosidl_generator_cExport-noconfig.cmake
[2.516s] -- Up-to-date: /home/vincent-pc/ros2_jazzy/install/my_robot_interfaces/share/my_robot_interfaces/cmake/export_my_robot_interfaces__rosidl_typesupport_fastrtps_cExport.cmake
[2.517s] -- Up-to-date: /home/vincent-pc/ros2_jazzy/install/my_robot_interfaces/share/my_robot_interfaces/cmake/export_my_robot_interfaces__rosidl_typesupport_fastrtps_cExport-noconfig.cmake
[2.518s] -- Up-to-date: /home/vincent-pc/ros2_jazzy/install/my_robot_interfaces/share/my_robot_interfaces/cmake/my_robot_interfaces__rosidl_typesupport_introspection_cExport.cmake
[2.518s] -- Up-to-date: /home/vincent-pc/ros2_jazzy/install/my_robot_interfaces/share/my_robot_interfaces/cmake/my_robot_interfaces__rosidl_typesupport_introspection_cExport-noconfig.cmake
[2.518s] -- Up-to-date: /home/vincent-pc/ros2_jazzy/install/my_robot_interfaces/share/my_robot_interfaces/cmake/my_robot_interfaces__rosidl_typesupport_cExport.cmake
[2.518s] -- Up-to-date: /home/vincent-pc/ros2_jazzy/install/my_robot_interfaces/share/my_robot_interfaces/cmake/my_robot_interfaces__rosidl_typesupport_cExport-noconfig.cmake
[2.519s] -- Up-to-date: /home/vincent-pc/ros2_jazzy/install/my_robot_interfaces/share/my_robot_interfaces/cmake/export_my_robot_interfaces__rosidl_generator_cppExport.cmake
[2.519s] -- Up-to-date: /home/vincent-pc/ros2_jazzy/install/my_robot_interfaces/share/my_robot_interfaces/cmake/export_my_robot_interfaces__rosidl_typesupport_fastrtps_cppExport.cmake
[2.519s] -- Up-to-date: /home/vincent-pc/ros2_jazzy/install/my_robot_interfaces/share/my_robot_interfaces/cmake/export_my_robot_interfaces__rosidl_typesupport_fastrtps_cppExport-noconfig.cmake
[2.525s] -- Up-to-date: /home/vincent-pc/ros2_jazzy/install/my_robot_interfaces/share/my_robot_interfaces/cmake/my_robot_interfaces__rosidl_typesupport_introspection_cppExport.cmake
[2.525s] -- Up-to-date: /home/vincent-pc/ros2_jazzy/install/my_robot_interfaces/share/my_robot_interfaces/cmake/my_robot_interfaces__rosidl_typesupport_introspection_cppExport-noconfig.cmake
[2.526s] -- Up-to-date: /home/vincent-pc/ros2_jazzy/install/my_robot_interfaces/share/my_robot_interfaces/cmake/my_robot_interfaces__rosidl_typesupport_cppExport.cmake
[2.526s] -- Up-to-date: /home/vincent-pc/ros2_jazzy/install/my_robot_interfaces/share/my_robot_interfaces/cmake/my_robot_interfaces__rosidl_typesupport_cppExport-noconfig.cmake
[2.526s] -- Up-to-date: /home/vincent-pc/ros2_jazzy/install/my_robot_interfaces/share/my_robot_interfaces/cmake/export_my_robot_interfaces__rosidl_generator_pyExport.cmake
[2.526s] -- Up-to-date: /home/vincent-pc/ros2_jazzy/install/my_robot_interfaces/share/my_robot_interfaces/cmake/export_my_robot_interfaces__rosidl_generator_pyExport-noconfig.cmake
[2.533s] -- Up-to-date: /home/vincent-pc/ros2_jazzy/install/my_robot_interfaces/share/my_robot_interfaces/cmake/rosidl_cmake-extras.cmake
[2.533s] -- Up-to-date: /home/vincent-pc/ros2_jazzy/install/my_robot_interfaces/share/my_robot_interfaces/cmake/ament_cmake_export_dependencies-extras.cmake
[2.533s] -- Up-to-date: /home/vincent-pc/ros2_jazzy/install/my_robot_interfaces/share/my_robot_interfaces/cmake/ament_cmake_export_include_directories-extras.cmake
[2.537s] -- Up-to-date: /home/vincent-pc/ros2_jazzy/install/my_robot_interfaces/share/my_robot_interfaces/cmake/ament_cmake_export_libraries-extras.cmake
[2.537s] -- Up-to-date: /home/vincent-pc/ros2_jazzy/install/my_robot_interfaces/share/my_robot_interfaces/cmake/ament_cmake_export_targets-extras.cmake
[2.537s] -- Up-to-date: /home/vincent-pc/ros2_jazzy/install/my_robot_interfaces/share/my_robot_interfaces/cmake/rosidl_cmake_export_typesupport_targets-extras.cmake
[2.537s] -- Up-to-date: /home/vincent-pc/ros2_jazzy/install/my_robot_interfaces/share/my_robot_interfaces/cmake/rosidl_cmake_export_typesupport_libraries-extras.cmake
[2.542s] -- Up-to-date: /home/vincent-pc/ros2_jazzy/install/my_robot_interfaces/share/my_robot_interfaces/cmake/my_robot_interfacesConfig.cmake
[2.542s] -- Up-to-date: /home/vincent-pc/ros2_jazzy/install/my_robot_interfaces/share/my_robot_interfaces/cmake/my_robot_interfacesConfig-version.cmake
[2.542s] -- Up-to-date: /home/vincent-pc/ros2_jazzy/install/my_robot_interfaces/share/my_robot_interfaces/package.xml
[2.551s] Invoked command in '/home/vincent-pc/ros2_jazzy/build/my_robot_interfaces' returned '0': CMAKE_PREFIX_PATH=${CMAKE_PREFIX_PATH}:/home/vincent-pc/ros2_jazzy/install/robot_py:/home/vincent-pc/ros2_jazzy/install/my_robot_python:/home/vincent-pc/ros2_jazzy/install/lifecycle_py:/home/vincent-pc/ros2_jazzy/install/executors_py:/home/vincent-pc/ros2_jazzy/install/components_py:/home/vincent-pc/ros2_jazzy/install/actions_py:/opt/ros/jazzy DEBUGINFOD_URLS=https://debuginfod.ubuntu.com /usr/bin/cmake --install /home/vincent-pc/ros2_jazzy/build/my_robot_interfaces
