[0.020s] Invoking command in '/home/vincent-pc/ros2_jazzy/build/actions_cpp': CMAKE_PREFIX_PATH=/home/vincent-pc/ros2_jazzy/install/my_robot_interfaces:/home/vincent-pc/ros2_jazzy/install/my_robot_cpp:/home/vincent-pc/ros2_jazzy/install/actions_cpp:/home/vincent-pc/ros2_jazzy/install/my_robot_description:/home/vincent-pc/ros2_jazzy/install/my_robot_bringup:/opt/ros/jazzy/opt/gz_sim_vendor:/opt/ros/jazzy/opt/gz_sensors_vendor:/opt/ros/jazzy/opt/gz_physics_vendor:/opt/ros/jazzy/opt/sdformat_vendor:/opt/ros/jazzy/opt/gz_gui_vendor:/opt/ros/jazzy/opt/gz_transport_vendor:/opt/ros/jazzy/opt/gz_rendering_vendor:/opt/ros/jazzy/opt/gz_plugin_vendor:/opt/ros/jazzy/opt/gz_fuel_tools_vendor:/opt/ros/jazzy/opt/gz_msgs_vendor:/opt/ros/jazzy/opt/gz_common_vendor:/opt/ros/jazzy/opt/gz_math_vendor:/opt/ros/jazzy/opt/gz_utils_vendor:/opt/ros/jazzy/opt/gz_tools_vendor:/opt/ros/jazzy/opt/gz_ogre_next_vendor:/opt/ros/jazzy/opt/gz_dartsim_vendor:/opt/ros/jazzy/opt/gz_cmake_vendor:/home/vincent-pc/ros2_jazzy/install/my_robot_python:/home/vincent-pc/ros2_jazzy/install/actions_py:/opt/ros/jazzy DEBUGINFOD_URLS=https://debuginfod.ubuntu.com PYTHONPATH=/home/vincent-pc/ros2_jazzy/install/my_robot_interfaces/lib/python3.12/site-packages:/home/vincent-pc/ros2_jazzy/build/my_robot_python:/home/vincent-pc/ros2_jazzy/install/my_robot_python/lib/python3.12/site-packages:/home/vincent-pc/ros2_jazzy/build/actions_py:/home/vincent-pc/ros2_jazzy/install/actions_py/lib/python3.12/site-packages:/opt/ros/jazzy/lib/python3.12/site-packages /usr/bin/cmake --build /home/vincent-pc/ros2_jazzy/build/actions_cpp -- -j8 -l8
[0.312s] [ 16%] Built target count_until_server_cpp
[0.312s] [ 33%] Built target count_until_client_cpp
[0.313s] [ 50%] Built target count_until_server_policy1_cpp
[0.313s] [ 66%] [32mBuilding CXX object CMakeFiles/move_robot_client_cpp.dir/src/move_robot_client.cpp.o[0m
[0.313s] [ 75%] Built target move_robot_server_cpp
[0.313s] [ 91%] Built target count_until_server_policy_queue_cpp
[8.884s] [100%] [32m[1mLinking CXX executable move_robot_client_cpp[0m
[9.252s] [100%] Built target move_robot_client_cpp
[9.266s] Invoked command in '/home/vincent-pc/ros2_jazzy/build/actions_cpp' returned '0': CMAKE_PREFIX_PATH=/home/vincent-pc/ros2_jazzy/install/my_robot_interfaces:/home/vincent-pc/ros2_jazzy/install/my_robot_cpp:/home/vincent-pc/ros2_jazzy/install/actions_cpp:/home/vincent-pc/ros2_jazzy/install/my_robot_description:/home/vincent-pc/ros2_jazzy/install/my_robot_bringup:/opt/ros/jazzy/opt/gz_sim_vendor:/opt/ros/jazzy/opt/gz_sensors_vendor:/opt/ros/jazzy/opt/gz_physics_vendor:/opt/ros/jazzy/opt/sdformat_vendor:/opt/ros/jazzy/opt/gz_gui_vendor:/opt/ros/jazzy/opt/gz_transport_vendor:/opt/ros/jazzy/opt/gz_rendering_vendor:/opt/ros/jazzy/opt/gz_plugin_vendor:/opt/ros/jazzy/opt/gz_fuel_tools_vendor:/opt/ros/jazzy/opt/gz_msgs_vendor:/opt/ros/jazzy/opt/gz_common_vendor:/opt/ros/jazzy/opt/gz_math_vendor:/opt/ros/jazzy/opt/gz_utils_vendor:/opt/ros/jazzy/opt/gz_tools_vendor:/opt/ros/jazzy/opt/gz_ogre_next_vendor:/opt/ros/jazzy/opt/gz_dartsim_vendor:/opt/ros/jazzy/opt/gz_cmake_vendor:/home/vincent-pc/ros2_jazzy/install/my_robot_python:/home/vincent-pc/ros2_jazzy/install/actions_py:/opt/ros/jazzy DEBUGINFOD_URLS=https://debuginfod.ubuntu.com PYTHONPATH=/home/vincent-pc/ros2_jazzy/install/my_robot_interfaces/lib/python3.12/site-packages:/home/vincent-pc/ros2_jazzy/build/my_robot_python:/home/vincent-pc/ros2_jazzy/install/my_robot_python/lib/python3.12/site-packages:/home/vincent-pc/ros2_jazzy/build/actions_py:/home/vincent-pc/ros2_jazzy/install/actions_py/lib/python3.12/site-packages:/opt/ros/jazzy/lib/python3.12/site-packages /usr/bin/cmake --build /home/vincent-pc/ros2_jazzy/build/actions_cpp -- -j8 -l8
[9.267s] Invoking command in '/home/vincent-pc/ros2_jazzy/build/actions_cpp': CMAKE_PREFIX_PATH=/home/vincent-pc/ros2_jazzy/install/my_robot_interfaces:/home/vincent-pc/ros2_jazzy/install/my_robot_cpp:/home/vincent-pc/ros2_jazzy/install/actions_cpp:/home/vincent-pc/ros2_jazzy/install/my_robot_description:/home/vincent-pc/ros2_jazzy/install/my_robot_bringup:/opt/ros/jazzy/opt/gz_sim_vendor:/opt/ros/jazzy/opt/gz_sensors_vendor:/opt/ros/jazzy/opt/gz_physics_vendor:/opt/ros/jazzy/opt/sdformat_vendor:/opt/ros/jazzy/opt/gz_gui_vendor:/opt/ros/jazzy/opt/gz_transport_vendor:/opt/ros/jazzy/opt/gz_rendering_vendor:/opt/ros/jazzy/opt/gz_plugin_vendor:/opt/ros/jazzy/opt/gz_fuel_tools_vendor:/opt/ros/jazzy/opt/gz_msgs_vendor:/opt/ros/jazzy/opt/gz_common_vendor:/opt/ros/jazzy/opt/gz_math_vendor:/opt/ros/jazzy/opt/gz_utils_vendor:/opt/ros/jazzy/opt/gz_tools_vendor:/opt/ros/jazzy/opt/gz_ogre_next_vendor:/opt/ros/jazzy/opt/gz_dartsim_vendor:/opt/ros/jazzy/opt/gz_cmake_vendor:/home/vincent-pc/ros2_jazzy/install/my_robot_python:/home/vincent-pc/ros2_jazzy/install/actions_py:/opt/ros/jazzy DEBUGINFOD_URLS=https://debuginfod.ubuntu.com PYTHONPATH=/home/vincent-pc/ros2_jazzy/install/my_robot_interfaces/lib/python3.12/site-packages:/home/vincent-pc/ros2_jazzy/build/my_robot_python:/home/vincent-pc/ros2_jazzy/install/my_robot_python/lib/python3.12/site-packages:/home/vincent-pc/ros2_jazzy/build/actions_py:/home/vincent-pc/ros2_jazzy/install/actions_py/lib/python3.12/site-packages:/opt/ros/jazzy/lib/python3.12/site-packages /usr/bin/cmake --install /home/vincent-pc/ros2_jazzy/build/actions_cpp
[9.276s] -- Install configuration: ""
[9.276s] -- Execute custom install script
[9.276s] -- Up-to-date symlink: /home/vincent-pc/ros2_jazzy/install/actions_cpp/lib/actions_cpp//count_until_server_cpp
[9.276s] -- Up-to-date symlink: /home/vincent-pc/ros2_jazzy/install/actions_cpp/lib/actions_cpp//count_until_client_cpp
[9.276s] -- Up-to-date symlink: /home/vincent-pc/ros2_jazzy/install/actions_cpp/lib/actions_cpp//count_until_server_policy1_cpp
[9.277s] -- Up-to-date symlink: /home/vincent-pc/ros2_jazzy/install/actions_cpp/lib/actions_cpp//count_until_server_policy_queue_cpp
[9.277s] -- Up-to-date symlink: /home/vincent-pc/ros2_jazzy/install/actions_cpp/lib/actions_cpp//move_robot_server_cpp
[9.277s] -- Up-to-date symlink: /home/vincent-pc/ros2_jazzy/install/actions_cpp/lib/actions_cpp//move_robot_client_cpp
[9.277s] -- Up-to-date symlink: /home/vincent-pc/ros2_jazzy/install/actions_cpp/share/ament_index/resource_index/package_run_dependencies/actions_cpp
[9.277s] -- Up-to-date symlink: /home/vincent-pc/ros2_jazzy/install/actions_cpp/share/ament_index/resource_index/parent_prefix_path/actions_cpp
[9.277s] -- Up-to-date symlink: /home/vincent-pc/ros2_jazzy/install/actions_cpp/share/actions_cpp/environment/ament_prefix_path.sh
[9.277s] -- Up-to-date symlink: /home/vincent-pc/ros2_jazzy/install/actions_cpp/share/actions_cpp/environment/ament_prefix_path.dsv
[9.278s] -- Up-to-date symlink: /home/vincent-pc/ros2_jazzy/install/actions_cpp/share/actions_cpp/environment/path.sh
[9.278s] -- Up-to-date symlink: /home/vincent-pc/ros2_jazzy/install/actions_cpp/share/actions_cpp/environment/path.dsv
[9.278s] -- Up-to-date symlink: /home/vincent-pc/ros2_jazzy/install/actions_cpp/share/actions_cpp/local_setup.bash
[9.278s] -- Up-to-date symlink: /home/vincent-pc/ros2_jazzy/install/actions_cpp/share/actions_cpp/local_setup.sh
[9.278s] -- Up-to-date symlink: /home/vincent-pc/ros2_jazzy/install/actions_cpp/share/actions_cpp/local_setup.zsh
[9.279s] -- Up-to-date symlink: /home/vincent-pc/ros2_jazzy/install/actions_cpp/share/actions_cpp/local_setup.dsv
[9.279s] -- Symlinking: /home/vincent-pc/ros2_jazzy/install/actions_cpp/share/actions_cpp/package.dsv
[9.289s] -- Up-to-date symlink: /home/vincent-pc/ros2_jazzy/install/actions_cpp/share/ament_index/resource_index/packages/actions_cpp
[9.289s] -- Up-to-date symlink: /home/vincent-pc/ros2_jazzy/install/actions_cpp/share/actions_cpp/cmake/actions_cppConfig.cmake
[9.289s] -- Up-to-date symlink: /home/vincent-pc/ros2_jazzy/install/actions_cpp/share/actions_cpp/cmake/actions_cppConfig-version.cmake
[9.289s] -- Up-to-date symlink: /home/vincent-pc/ros2_jazzy/install/actions_cpp/share/actions_cpp/package.xml
[9.291s] Invoked command in '/home/vincent-pc/ros2_jazzy/build/actions_cpp' returned '0': CMAKE_PREFIX_PATH=/home/vincent-pc/ros2_jazzy/install/my_robot_interfaces:/home/vincent-pc/ros2_jazzy/install/my_robot_cpp:/home/vincent-pc/ros2_jazzy/install/actions_cpp:/home/vincent-pc/ros2_jazzy/install/my_robot_description:/home/vincent-pc/ros2_jazzy/install/my_robot_bringup:/opt/ros/jazzy/opt/gz_sim_vendor:/opt/ros/jazzy/opt/gz_sensors_vendor:/opt/ros/jazzy/opt/gz_physics_vendor:/opt/ros/jazzy/opt/sdformat_vendor:/opt/ros/jazzy/opt/gz_gui_vendor:/opt/ros/jazzy/opt/gz_transport_vendor:/opt/ros/jazzy/opt/gz_rendering_vendor:/opt/ros/jazzy/opt/gz_plugin_vendor:/opt/ros/jazzy/opt/gz_fuel_tools_vendor:/opt/ros/jazzy/opt/gz_msgs_vendor:/opt/ros/jazzy/opt/gz_common_vendor:/opt/ros/jazzy/opt/gz_math_vendor:/opt/ros/jazzy/opt/gz_utils_vendor:/opt/ros/jazzy/opt/gz_tools_vendor:/opt/ros/jazzy/opt/gz_ogre_next_vendor:/opt/ros/jazzy/opt/gz_dartsim_vendor:/opt/ros/jazzy/opt/gz_cmake_vendor:/home/vincent-pc/ros2_jazzy/install/my_robot_python:/home/vincent-pc/ros2_jazzy/install/actions_py:/opt/ros/jazzy DEBUGINFOD_URLS=https://debuginfod.ubuntu.com PYTHONPATH=/home/vincent-pc/ros2_jazzy/install/my_robot_interfaces/lib/python3.12/site-packages:/home/vincent-pc/ros2_jazzy/build/my_robot_python:/home/vincent-pc/ros2_jazzy/install/my_robot_python/lib/python3.12/site-packages:/home/vincent-pc/ros2_jazzy/build/actions_py:/home/vincent-pc/ros2_jazzy/install/actions_py/lib/python3.12/site-packages:/opt/ros/jazzy/lib/python3.12/site-packages /usr/bin/cmake --install /home/vincent-pc/ros2_jazzy/build/actions_cpp
