running egg_info
writing ../../build/robot_py/robot_py.egg-info/PKG-INFO
writing dependency_links to ../../build/robot_py/robot_py.egg-info/dependency_links.txt
writing entry points to ../../build/robot_py/robot_py.egg-info/entry_points.txt
writing requirements to ../../build/robot_py/robot_py.egg-info/requires.txt
writing top-level names to ../../build/robot_py/robot_py.egg-info/top_level.txt
reading manifest file '../../build/robot_py/robot_py.egg-info/SOURCES.txt'
writing manifest file '../../build/robot_py/robot_py.egg-info/SOURCES.txt'
running build
running build_py
running install
running install_lib
running install_data
copying resource/robot_py -> /home/vincent-pc/ros2_jazzy/install/robot_py/share/ament_index/resource_index/packages
copying package.xml -> /home/vincent-pc/ros2_jazzy/install/robot_py/share/robot_py
running install_egg_info
Copying ../../build/robot_py/robot_py.egg-info to /home/vincent-pc/ros2_jazzy/install/robot_py/lib/python3.12/site-packages/robot_py-0.0.0-py3.12.egg-info
running install_scripts
Installing joint0_srv_py script to /home/vincent-pc/ros2_jazzy/install/robot_py/lib/robot_py
Installing joint1_srv_py script to /home/vincent-pc/ros2_jazzy/install/robot_py/lib/robot_py
Installing my_robot_j0_py script to /home/vincent-pc/ros2_jazzy/install/robot_py/lib/robot_py
Installing my_robot_j1_py script to /home/vincent-pc/ros2_jazzy/install/robot_py/lib/robot_py
writing list of installed files to '/home/vincent-pc/ros2_jazzy/build/robot_py/install.log'
