/home/vincent-pc/ros2_jazzy/install/lifecycle_py/lib/python3.12/site-packages/lifecycle_py/number_publisher.py
/home/vincent-pc/ros2_jazzy/install/lifecycle_py/lib/python3.12/site-packages/lifecycle_py/__init__.py
/home/vincent-pc/ros2_jazzy/install/lifecycle_py/lib/python3.12/site-packages/lifecycle_py/lifecycle_node_manager.py
/home/vincent-pc/ros2_jazzy/install/lifecycle_py/lib/python3.12/site-packages/lifecycle_py/move_robot_lifecycle_server.py
/home/vincent-pc/ros2_jazzy/install/lifecycle_py/lib/python3.12/site-packages/lifecycle_py/move_robot_lifecycle_startup.py
/home/vincent-pc/ros2_jazzy/install/lifecycle_py/lib/python3.12/site-packages/lifecycle_py/__pycache__/number_publisher.cpython-312.pyc
/home/vincent-pc/ros2_jazzy/install/lifecycle_py/lib/python3.12/site-packages/lifecycle_py/__pycache__/__init__.cpython-312.pyc
/home/vincent-pc/ros2_jazzy/install/lifecycle_py/lib/python3.12/site-packages/lifecycle_py/__pycache__/lifecycle_node_manager.cpython-312.pyc
/home/vincent-pc/ros2_jazzy/install/lifecycle_py/lib/python3.12/site-packages/lifecycle_py/__pycache__/move_robot_lifecycle_server.cpython-312.pyc
/home/vincent-pc/ros2_jazzy/install/lifecycle_py/lib/python3.12/site-packages/lifecycle_py/__pycache__/move_robot_lifecycle_startup.cpython-312.pyc
/home/vincent-pc/ros2_jazzy/install/lifecycle_py/share/ament_index/resource_index/packages/lifecycle_py
/home/vincent-pc/ros2_jazzy/install/lifecycle_py/share/lifecycle_py/package.xml
/home/vincent-pc/ros2_jazzy/install/lifecycle_py/lib/python3.12/site-packages/lifecycle_py-0.0.0-py3.12.egg-info/PKG-INFO
/home/vincent-pc/ros2_jazzy/install/lifecycle_py/lib/python3.12/site-packages/lifecycle_py-0.0.0-py3.12.egg-info/dependency_links.txt
/home/vincent-pc/ros2_jazzy/install/lifecycle_py/lib/python3.12/site-packages/lifecycle_py-0.0.0-py3.12.egg-info/top_level.txt
/home/vincent-pc/ros2_jazzy/install/lifecycle_py/lib/python3.12/site-packages/lifecycle_py-0.0.0-py3.12.egg-info/requires.txt
/home/vincent-pc/ros2_jazzy/install/lifecycle_py/lib/python3.12/site-packages/lifecycle_py-0.0.0-py3.12.egg-info/entry_points.txt
/home/vincent-pc/ros2_jazzy/install/lifecycle_py/lib/python3.12/site-packages/lifecycle_py-0.0.0-py3.12.egg-info/SOURCES.txt
/home/vincent-pc/ros2_jazzy/install/lifecycle_py/lib/python3.12/site-packages/lifecycle_py-0.0.0-py3.12.egg-info/zip-safe
/home/vincent-pc/ros2_jazzy/install/lifecycle_py/lib/lifecycle_py/lifecycle_node_manager_py
/home/vincent-pc/ros2_jazzy/install/lifecycle_py/lib/lifecycle_py/move_robot_lifecycle_server_py
/home/vincent-pc/ros2_jazzy/install/lifecycle_py/lib/lifecycle_py/move_robot_lifecycle_startup_py
/home/vincent-pc/ros2_jazzy/install/lifecycle_py/lib/lifecycle_py/number_publisher_py
