[1.343s] Invoking command in '/home/vincent-pc/ros2_jazzy/build/my_robot_python': DEBUGINFOD_URLS=https://debuginfod.ubuntu.com PYTHONPATH=/home/vincent-pc/ros2_jazzy/build/my_robot_python/prefix_override:/usr/lib/python3/dist-packages/colcon_core/task/python/colcon_distutils_commands:/home/vincent-pc/ros2_jazzy/install/my_robot_python/lib/python3.12/site-packages:${PYTHONPATH} /usr/bin/python3 -W ignore:setup.py install is deprecated -W ignore:easy_install command is deprecated setup.py develop --uninstall --editable --build-directory /home/vincent-pc/ros2_jazzy/build/my_robot_python/build
[1.746s] running develop
[1.984s] Removing /home/vincent-pc/ros2_jazzy/install/my_robot_python/lib/python3.12/site-packages/my-robot-python.egg-link (link to .)
[2.049s] Invoked command in '/home/vincent-pc/ros2_jazzy/build/my_robot_python' returned '0': DEBUGINFOD_URLS=https://debuginfod.ubuntu.com PYTHONPATH=/home/vincent-pc/ros2_jazzy/build/my_robot_python/prefix_override:/usr/lib/python3/dist-packages/colcon_core/task/python/colcon_distutils_commands:/home/vincent-pc/ros2_jazzy/install/my_robot_python/lib/python3.12/site-packages:${PYTHONPATH} /usr/bin/python3 -W ignore:setup.py install is deprecated -W ignore:easy_install command is deprecated setup.py develop --uninstall --editable --build-directory /home/vincent-pc/ros2_jazzy/build/my_robot_python/build
[2.050s] Invoking command in '/home/vincent-pc/ros2_jazzy/src/my_robot_python': DEBUGINFOD_URLS=https://debuginfod.ubuntu.com PYTHONPATH=/home/vincent-pc/ros2_jazzy/build/my_robot_python/prefix_override:/usr/lib/python3/dist-packages/colcon_core/task/python/colcon_distutils_commands:/home/vincent-pc/ros2_jazzy/install/my_robot_python/lib/python3.12/site-packages:${PYTHONPATH} /usr/bin/python3 -W ignore:setup.py install is deprecated -W ignore:easy_install command is deprecated setup.py egg_info --egg-base ../../build/my_robot_python build --build-base /home/vincent-pc/ros2_jazzy/build/my_robot_python/build install --record /home/vincent-pc/ros2_jazzy/build/my_robot_python/install.log --single-version-externally-managed install_data --force
[2.460s] running egg_info
[2.498s] writing ../../build/my_robot_python/my_robot_python.egg-info/PKG-INFO
[2.499s] writing dependency_links to ../../build/my_robot_python/my_robot_python.egg-info/dependency_links.txt
[2.500s] writing entry points to ../../build/my_robot_python/my_robot_python.egg-info/entry_points.txt
[2.500s] writing requirements to ../../build/my_robot_python/my_robot_python.egg-info/requires.txt
[2.501s] writing top-level names to ../../build/my_robot_python/my_robot_python.egg-info/top_level.txt
[2.555s] reading manifest file '../../build/my_robot_python/my_robot_python.egg-info/SOURCES.txt'
[2.557s] writing manifest file '../../build/my_robot_python/my_robot_python.egg-info/SOURCES.txt'
[2.558s] running build
[2.558s] running build_py
[2.558s] running install
[2.571s] running install_lib
[2.598s] creating /home/vincent-pc/ros2_jazzy/install/my_robot_python/lib/python3.12/site-packages/my_robot_python
[2.598s] copying /home/vincent-pc/ros2_jazzy/build/my_robot_python/build/lib/my_robot_python/Template.py -> /home/vincent-pc/ros2_jazzy/install/my_robot_python/lib/python3.12/site-packages/my_robot_python
[2.599s] copying /home/vincent-pc/ros2_jazzy/build/my_robot_python/build/lib/my_robot_python/my_robot_joint1.py -> /home/vincent-pc/ros2_jazzy/install/my_robot_python/lib/python3.12/site-packages/my_robot_python
[2.599s] copying /home/vincent-pc/ros2_jazzy/build/my_robot_python/build/lib/my_robot_python/my_robot_joint1_srv.py -> /home/vincent-pc/ros2_jazzy/install/my_robot_python/lib/python3.12/site-packages/my_robot_python
[2.600s] copying /home/vincent-pc/ros2_jazzy/build/my_robot_python/build/lib/my_robot_python/my_robot.py -> /home/vincent-pc/ros2_jazzy/install/my_robot_python/lib/python3.12/site-packages/my_robot_python
[2.601s] copying /home/vincent-pc/ros2_jazzy/build/my_robot_python/build/lib/my_robot_python/__init__.py -> /home/vincent-pc/ros2_jazzy/install/my_robot_python/lib/python3.12/site-packages/my_robot_python
[2.601s] copying /home/vincent-pc/ros2_jazzy/build/my_robot_python/build/lib/my_robot_python/my_robot_master_action.py -> /home/vincent-pc/ros2_jazzy/install/my_robot_python/lib/python3.12/site-packages/my_robot_python
[2.602s] copying /home/vincent-pc/ros2_jazzy/build/my_robot_python/build/lib/my_robot_python/my_robot_joint0.py -> /home/vincent-pc/ros2_jazzy/install/my_robot_python/lib/python3.12/site-packages/my_robot_python
[2.602s] copying /home/vincent-pc/ros2_jazzy/build/my_robot_python/build/lib/my_robot_python/my_robot_joint0_srv.py -> /home/vincent-pc/ros2_jazzy/install/my_robot_python/lib/python3.12/site-packages/my_robot_python
[2.603s] byte-compiling /home/vincent-pc/ros2_jazzy/install/my_robot_python/lib/python3.12/site-packages/my_robot_python/Template.py to Template.cpython-312.pyc
[2.603s] byte-compiling /home/vincent-pc/ros2_jazzy/install/my_robot_python/lib/python3.12/site-packages/my_robot_python/my_robot_joint1.py to my_robot_joint1.cpython-312.pyc
[2.604s] byte-compiling /home/vincent-pc/ros2_jazzy/install/my_robot_python/lib/python3.12/site-packages/my_robot_python/my_robot_joint1_srv.py to my_robot_joint1_srv.cpython-312.pyc
[2.607s] byte-compiling /home/vincent-pc/ros2_jazzy/install/my_robot_python/lib/python3.12/site-packages/my_robot_python/my_robot.py to my_robot.cpython-312.pyc
[2.608s] byte-compiling /home/vincent-pc/ros2_jazzy/install/my_robot_python/lib/python3.12/site-packages/my_robot_python/__init__.py to __init__.cpython-312.pyc
[2.609s] byte-compiling /home/vincent-pc/ros2_jazzy/install/my_robot_python/lib/python3.12/site-packages/my_robot_python/my_robot_master_action.py to my_robot_master_action.cpython-312.pyc
[2.609s] byte-compiling /home/vincent-pc/ros2_jazzy/install/my_robot_python/lib/python3.12/site-packages/my_robot_python/my_robot_joint0.py to my_robot_joint0.cpython-312.pyc
[2.611s] byte-compiling /home/vincent-pc/ros2_jazzy/install/my_robot_python/lib/python3.12/site-packages/my_robot_python/my_robot_joint0_srv.py to my_robot_joint0_srv.cpython-312.pyc
[2.616s] running install_data
[2.616s] copying resource/my_robot_python -> /home/vincent-pc/ros2_jazzy/install/my_robot_python/share/ament_index/resource_index/packages
[2.616s] copying package.xml -> /home/vincent-pc/ros2_jazzy/install/my_robot_python/share/my_robot_python
[2.617s] running install_egg_info
[2.654s] Copying ../../build/my_robot_python/my_robot_python.egg-info to /home/vincent-pc/ros2_jazzy/install/my_robot_python/lib/python3.12/site-packages/my_robot_python-0.0.0-py3.12.egg-info
[2.656s] running install_scripts
[2.905s] Installing joint0_srv_py script to /home/vincent-pc/ros2_jazzy/install/my_robot_python/lib/my_robot_python
[2.906s] Installing joint1_srv_py script to /home/vincent-pc/ros2_jazzy/install/my_robot_python/lib/my_robot_python
[2.907s] Installing my_robot_j0_py script to /home/vincent-pc/ros2_jazzy/install/my_robot_python/lib/my_robot_python
[2.908s] Installing my_robot_j1_py script to /home/vincent-pc/ros2_jazzy/install/my_robot_python/lib/my_robot_python
[2.909s] writing list of installed files to '/home/vincent-pc/ros2_jazzy/build/my_robot_python/install.log'
[3.010s] Invoked command in '/home/vincent-pc/ros2_jazzy/src/my_robot_python' returned '0': DEBUGINFOD_URLS=https://debuginfod.ubuntu.com PYTHONPATH=/home/vincent-pc/ros2_jazzy/build/my_robot_python/prefix_override:/usr/lib/python3/dist-packages/colcon_core/task/python/colcon_distutils_commands:/home/vincent-pc/ros2_jazzy/install/my_robot_python/lib/python3.12/site-packages:${PYTHONPATH} /usr/bin/python3 -W ignore:setup.py install is deprecated -W ignore:easy_install command is deprecated setup.py egg_info --egg-base ../../build/my_robot_python build --build-base /home/vincent-pc/ros2_jazzy/build/my_robot_python/build install --record /home/vincent-pc/ros2_jazzy/build/my_robot_python/install.log --single-version-externally-managed install_data --force
