[1.648s] Invoking command in '/home/vincent-pc/ros2_jazzy/src/actions_py': CMAKE_PREFIX_PATH=/home/vincent-pc/ros2_jazzy/install/my_robot_interfaces:/home/vincent-pc/ros2_jazzy/install/my_robot_cpp:/home/vincent-pc/ros2_jazzy/install/actions_cpp:/home/vincent-pc/ros2_jazzy/install/my_robot_description:/home/vincent-pc/ros2_jazzy/install/my_robot_bringup:/opt/ros/jazzy/opt/gz_sim_vendor:/opt/ros/jazzy/opt/gz_sensors_vendor:/opt/ros/jazzy/opt/gz_physics_vendor:/opt/ros/jazzy/opt/sdformat_vendor:/opt/ros/jazzy/opt/gz_gui_vendor:/opt/ros/jazzy/opt/gz_transport_vendor:/opt/ros/jazzy/opt/gz_rendering_vendor:/opt/ros/jazzy/opt/gz_plugin_vendor:/opt/ros/jazzy/opt/gz_fuel_tools_vendor:/opt/ros/jazzy/opt/gz_msgs_vendor:/opt/ros/jazzy/opt/gz_common_vendor:/opt/ros/jazzy/opt/gz_math_vendor:/opt/ros/jazzy/opt/gz_utils_vendor:/opt/ros/jazzy/opt/gz_tools_vendor:/opt/ros/jazzy/opt/gz_ogre_next_vendor:/opt/ros/jazzy/opt/gz_dartsim_vendor:/opt/ros/jazzy/opt/gz_cmake_vendor DEBUGINFOD_URLS=https://debuginfod.ubuntu.com PYTHONPATH=/home/vincent-pc/ros2_jazzy/build/actions_py/prefix_override:/usr/lib/python3/dist-packages/colcon_core/task/python/colcon_distutils_commands:/home/vincent-pc/ros2_jazzy/install/actions_py/lib/python3.12/site-packages:/home/vincent-pc/ros2_jazzy/install/my_robot_interfaces/lib/python3.12/site-packages:/home/vincent-pc/ros2_jazzy/build/my_robot_python:/home/vincent-pc/ros2_jazzy/install/my_robot_python/lib/python3.12/site-packages:/home/vincent-pc/ros2_jazzy/build/actions_py:/home/vincent-pc/ros2_jazzy/install/actions_py/lib/python3.12/site-packages:/opt/ros/jazzy/lib/python3.12/site-packages /usr/bin/python3 -W ignore:setup.py install is deprecated -W ignore:easy_install command is deprecated setup.py egg_info --egg-base ../../build/actions_py build --build-base /home/vincent-pc/ros2_jazzy/build/actions_py/build install --record /home/vincent-pc/ros2_jazzy/build/actions_py/install.log --single-version-externally-managed install_data
[2.027s] running egg_info
[2.027s] creating ../../build/actions_py/actions_py.egg-info
[2.049s] writing ../../build/actions_py/actions_py.egg-info/PKG-INFO
[2.049s] writing dependency_links to ../../build/actions_py/actions_py.egg-info/dependency_links.txt
[2.049s] writing entry points to ../../build/actions_py/actions_py.egg-info/entry_points.txt
[2.049s] writing requirements to ../../build/actions_py/actions_py.egg-info/requires.txt
[2.050s] writing top-level names to ../../build/actions_py/actions_py.egg-info/top_level.txt
[2.050s] writing manifest file '../../build/actions_py/actions_py.egg-info/SOURCES.txt'
[2.106s] reading manifest file '../../build/actions_py/actions_py.egg-info/SOURCES.txt'
[2.107s] writing manifest file '../../build/actions_py/actions_py.egg-info/SOURCES.txt'
[2.107s] running build
[2.107s] running build_py
[2.107s] creating /home/vincent-pc/ros2_jazzy/build/actions_py/build
[2.107s] creating /home/vincent-pc/ros2_jazzy/build/actions_py/build/lib
[2.108s] creating /home/vincent-pc/ros2_jazzy/build/actions_py/build/lib/actions_py
[2.108s] copying actions_py/move_robot_server_policy.py -> /home/vincent-pc/ros2_jazzy/build/actions_py/build/lib/actions_py
[2.108s] copying actions_py/count_until_client.py -> /home/vincent-pc/ros2_jazzy/build/actions_py/build/lib/actions_py
[2.108s] copying actions_py/move_robot_client.py -> /home/vincent-pc/ros2_jazzy/build/actions_py/build/lib/actions_py
[2.108s] copying actions_py/__init__.py -> /home/vincent-pc/ros2_jazzy/build/actions_py/build/lib/actions_py
[2.108s] copying actions_py/count_until_server_policy_20.py -> /home/vincent-pc/ros2_jazzy/build/actions_py/build/lib/actions_py
[2.109s] copying actions_py/count_until_server.py -> /home/vincent-pc/ros2_jazzy/build/actions_py/build/lib/actions_py
[2.109s] copying actions_py/move_robot_server.py -> /home/vincent-pc/ros2_jazzy/build/actions_py/build/lib/actions_py
[2.109s] copying actions_py/count_until_server_policy.py -> /home/vincent-pc/ros2_jazzy/build/actions_py/build/lib/actions_py
[2.109s] running install
[2.116s] running install_lib
[2.137s] creating /home/vincent-pc/ros2_jazzy/install/actions_py/lib/python3.12/site-packages/actions_py
[2.137s] copying /home/vincent-pc/ros2_jazzy/build/actions_py/build/lib/actions_py/move_robot_server_policy.py -> /home/vincent-pc/ros2_jazzy/install/actions_py/lib/python3.12/site-packages/actions_py
[2.138s] copying /home/vincent-pc/ros2_jazzy/build/actions_py/build/lib/actions_py/count_until_client.py -> /home/vincent-pc/ros2_jazzy/install/actions_py/lib/python3.12/site-packages/actions_py
[2.138s] copying /home/vincent-pc/ros2_jazzy/build/actions_py/build/lib/actions_py/move_robot_client.py -> /home/vincent-pc/ros2_jazzy/install/actions_py/lib/python3.12/site-packages/actions_py
[2.138s] copying /home/vincent-pc/ros2_jazzy/build/actions_py/build/lib/actions_py/__init__.py -> /home/vincent-pc/ros2_jazzy/install/actions_py/lib/python3.12/site-packages/actions_py
[2.138s] copying /home/vincent-pc/ros2_jazzy/build/actions_py/build/lib/actions_py/count_until_server_policy_20.py -> /home/vincent-pc/ros2_jazzy/install/actions_py/lib/python3.12/site-packages/actions_py
[2.138s] copying /home/vincent-pc/ros2_jazzy/build/actions_py/build/lib/actions_py/count_until_server.py -> /home/vincent-pc/ros2_jazzy/install/actions_py/lib/python3.12/site-packages/actions_py
[2.138s] copying /home/vincent-pc/ros2_jazzy/build/actions_py/build/lib/actions_py/move_robot_server.py -> /home/vincent-pc/ros2_jazzy/install/actions_py/lib/python3.12/site-packages/actions_py
[2.138s] copying /home/vincent-pc/ros2_jazzy/build/actions_py/build/lib/actions_py/count_until_server_policy.py -> /home/vincent-pc/ros2_jazzy/install/actions_py/lib/python3.12/site-packages/actions_py
[2.138s] byte-compiling /home/vincent-pc/ros2_jazzy/install/actions_py/lib/python3.12/site-packages/actions_py/move_robot_server_policy.py to move_robot_server_policy.cpython-312.pyc
[2.140s] byte-compiling /home/vincent-pc/ros2_jazzy/install/actions_py/lib/python3.12/site-packages/actions_py/count_until_client.py to count_until_client.cpython-312.pyc
[2.140s] byte-compiling /home/vincent-pc/ros2_jazzy/install/actions_py/lib/python3.12/site-packages/actions_py/move_robot_client.py to move_robot_client.cpython-312.pyc
[2.141s] byte-compiling /home/vincent-pc/ros2_jazzy/install/actions_py/lib/python3.12/site-packages/actions_py/__init__.py to __init__.cpython-312.pyc
[2.141s] byte-compiling /home/vincent-pc/ros2_jazzy/install/actions_py/lib/python3.12/site-packages/actions_py/count_until_server_policy_20.py to count_until_server_policy_20.cpython-312.pyc
[2.142s] byte-compiling /home/vincent-pc/ros2_jazzy/install/actions_py/lib/python3.12/site-packages/actions_py/count_until_server.py to count_until_server.cpython-312.pyc
[2.143s] byte-compiling /home/vincent-pc/ros2_jazzy/install/actions_py/lib/python3.12/site-packages/actions_py/move_robot_server.py to move_robot_server.cpython-312.pyc
[2.144s] byte-compiling /home/vincent-pc/ros2_jazzy/install/actions_py/lib/python3.12/site-packages/actions_py/count_until_server_policy.py to count_until_server_policy.cpython-312.pyc
[2.145s] running install_data
[2.145s] creating /home/vincent-pc/ros2_jazzy/install/actions_py/share/ament_index
[2.145s] creating /home/vincent-pc/ros2_jazzy/install/actions_py/share/ament_index/resource_index
[2.145s] creating /home/vincent-pc/ros2_jazzy/install/actions_py/share/ament_index/resource_index/packages
[2.145s] copying resource/actions_py -> /home/vincent-pc/ros2_jazzy/install/actions_py/share/ament_index/resource_index/packages
[2.145s] copying package.xml -> /home/vincent-pc/ros2_jazzy/install/actions_py/share/actions_py
[2.145s] running install_egg_info
[2.175s] Copying ../../build/actions_py/actions_py.egg-info to /home/vincent-pc/ros2_jazzy/install/actions_py/lib/python3.12/site-packages/actions_py-0.0.0-py3.12.egg-info
[2.176s] running install_scripts
[2.334s] Installing count_until_client_py script to /home/vincent-pc/ros2_jazzy/install/actions_py/lib/actions_py
[2.334s] Installing count_until_server_policy_py script to /home/vincent-pc/ros2_jazzy/install/actions_py/lib/actions_py
[2.335s] Installing count_until_server_policy_queue_py script to /home/vincent-pc/ros2_jazzy/install/actions_py/lib/actions_py
[2.335s] Installing count_until_server_py script to /home/vincent-pc/ros2_jazzy/install/actions_py/lib/actions_py
[2.335s] Installing move_robot_client_py script to /home/vincent-pc/ros2_jazzy/install/actions_py/lib/actions_py
[2.335s] Installing move_robot_server_policy_py script to /home/vincent-pc/ros2_jazzy/install/actions_py/lib/actions_py
[2.335s] Installing move_robot_server_py script to /home/vincent-pc/ros2_jazzy/install/actions_py/lib/actions_py
[2.335s] writing list of installed files to '/home/vincent-pc/ros2_jazzy/build/actions_py/install.log'
[2.383s] Invoked command in '/home/vincent-pc/ros2_jazzy/src/actions_py' returned '0': CMAKE_PREFIX_PATH=/home/vincent-pc/ros2_jazzy/install/my_robot_interfaces:/home/vincent-pc/ros2_jazzy/install/my_robot_cpp:/home/vincent-pc/ros2_jazzy/install/actions_cpp:/home/vincent-pc/ros2_jazzy/install/my_robot_description:/home/vincent-pc/ros2_jazzy/install/my_robot_bringup:/opt/ros/jazzy/opt/gz_sim_vendor:/opt/ros/jazzy/opt/gz_sensors_vendor:/opt/ros/jazzy/opt/gz_physics_vendor:/opt/ros/jazzy/opt/sdformat_vendor:/opt/ros/jazzy/opt/gz_gui_vendor:/opt/ros/jazzy/opt/gz_transport_vendor:/opt/ros/jazzy/opt/gz_rendering_vendor:/opt/ros/jazzy/opt/gz_plugin_vendor:/opt/ros/jazzy/opt/gz_fuel_tools_vendor:/opt/ros/jazzy/opt/gz_msgs_vendor:/opt/ros/jazzy/opt/gz_common_vendor:/opt/ros/jazzy/opt/gz_math_vendor:/opt/ros/jazzy/opt/gz_utils_vendor:/opt/ros/jazzy/opt/gz_tools_vendor:/opt/ros/jazzy/opt/gz_ogre_next_vendor:/opt/ros/jazzy/opt/gz_dartsim_vendor:/opt/ros/jazzy/opt/gz_cmake_vendor DEBUGINFOD_URLS=https://debuginfod.ubuntu.com PYTHONPATH=/home/vincent-pc/ros2_jazzy/build/actions_py/prefix_override:/usr/lib/python3/dist-packages/colcon_core/task/python/colcon_distutils_commands:/home/vincent-pc/ros2_jazzy/install/actions_py/lib/python3.12/site-packages:/home/vincent-pc/ros2_jazzy/install/my_robot_interfaces/lib/python3.12/site-packages:/home/vincent-pc/ros2_jazzy/build/my_robot_python:/home/vincent-pc/ros2_jazzy/install/my_robot_python/lib/python3.12/site-packages:/home/vincent-pc/ros2_jazzy/build/actions_py:/home/vincent-pc/ros2_jazzy/install/actions_py/lib/python3.12/site-packages:/opt/ros/jazzy/lib/python3.12/site-packages /usr/bin/python3 -W ignore:setup.py install is deprecated -W ignore:easy_install command is deprecated setup.py egg_info --egg-base ../../build/actions_py build --build-base /home/vincent-pc/ros2_jazzy/build/actions_py/build install --record /home/vincent-pc/ros2_jazzy/build/actions_py/install.log --single-version-externally-managed install_data
