[0.050s] Invoking command in '/home/vincent-pc/ros2_jazzy/build/my_robot_interfaces': CMAKE_PREFIX_PATH=${CMAKE_PREFIX_PATH}:/home/vincent-pc/ros2_jazzy/install/robot_py:/home/vincent-pc/ros2_jazzy/install/my_robot_python:/home/vincent-pc/ros2_jazzy/install/lifecycle_py:/home/vincent-pc/ros2_jazzy/install/executors_py:/home/vincent-pc/ros2_jazzy/install/components_py:/home/vincent-pc/ros2_jazzy/install/actions_py:/opt/ros/jazzy DEBUGINFOD_URLS=https://debuginfod.ubuntu.com /usr/bin/cmake --build /home/vincent-pc/ros2_jazzy/build/my_robot_interfaces -- -j8 -l8
[0.461s] [  1%] Built target my_robot_interfaces__rosidl_generator_type_description
[0.462s] [  1%] Built target ament_cmake_python_symlink_my_robot_interfaces
[0.462s] [  1%] Built target my_robot_interfaces__cpp
[0.462s] [ 27%] Built target my_robot_interfaces__rosidl_generator_c
[0.462s] [ 37%] Built target my_robot_interfaces__rosidl_typesupport_introspection_c
[0.462s] [ 47%] Built target my_robot_interfaces__rosidl_typesupport_cpp
[0.462s] [ 65%] Built target my_robot_interfaces__rosidl_typesupport_introspection_cpp
[0.465s] [ 66%] Built target my_robot_interfaces__rosidl_typesupport_fastrtps_cpp
[0.466s] [ 76%] Built target my_robot_interfaces__rosidl_typesupport_c
[0.466s] [ 85%] Built target my_robot_interfaces__rosidl_typesupport_fastrtps_c
[0.466s] [ 85%] Built target my_robot_interfaces
[0.466s] [ 86%] Built target my_robot_interfaces__py
[0.466s] [ 94%] Built target my_robot_interfaces__rosidl_generator_py
[0.466s] [ 96%] Built target my_robot_interfaces_s__rosidl_typesupport_c
[0.467s] [ 98%] Built target my_robot_interfaces_s__rosidl_typesupport_fastrtps_c
[0.467s] [100%] Built target my_robot_interfaces_s__rosidl_typesupport_introspection_c
[0.563s] running egg_info
[0.613s] writing my_robot_interfaces.egg-info/PKG-INFO
[0.614s] writing dependency_links to my_robot_interfaces.egg-info/dependency_links.txt
[0.614s] writing top-level names to my_robot_interfaces.egg-info/top_level.txt
[0.779s] reading manifest file 'my_robot_interfaces.egg-info/SOURCES.txt'
[0.780s] writing manifest file 'my_robot_interfaces.egg-info/SOURCES.txt'
[0.864s] [100%] Built target ament_cmake_python_build_my_robot_interfaces_egg
[1.061s] Invoked command in '/home/vincent-pc/ros2_jazzy/build/my_robot_interfaces' returned '0': CMAKE_PREFIX_PATH=${CMAKE_PREFIX_PATH}:/home/vincent-pc/ros2_jazzy/install/robot_py:/home/vincent-pc/ros2_jazzy/install/my_robot_python:/home/vincent-pc/ros2_jazzy/install/lifecycle_py:/home/vincent-pc/ros2_jazzy/install/executors_py:/home/vincent-pc/ros2_jazzy/install/components_py:/home/vincent-pc/ros2_jazzy/install/actions_py:/opt/ros/jazzy DEBUGINFOD_URLS=https://debuginfod.ubuntu.com /usr/bin/cmake --build /home/vincent-pc/ros2_jazzy/build/my_robot_interfaces -- -j8 -l8
[1.063s] Invoking command in '/home/vincent-pc/ros2_jazzy/build/my_robot_interfaces': CMAKE_PREFIX_PATH=${CMAKE_PREFIX_PATH}:/home/vincent-pc/ros2_jazzy/install/robot_py:/home/vincent-pc/ros2_jazzy/install/my_robot_python:/home/vincent-pc/ros2_jazzy/install/lifecycle_py:/home/vincent-pc/ros2_jazzy/install/executors_py:/home/vincent-pc/ros2_jazzy/install/components_py:/home/vincent-pc/ros2_jazzy/install/actions_py:/opt/ros/jazzy DEBUGINFOD_URLS=https://debuginfod.ubuntu.com /usr/bin/cmake --install /home/vincent-pc/ros2_jazzy/build/my_robot_interfaces
[1.076s] -- Install configuration: ""
[1.077s] -- Execute custom install script
[1.078s] -- Up-to-date symlink: /home/vincent-pc/ros2_jazzy/install/my_robot_interfaces/share/ament_index/resource_index/rosidl_interfaces/my_robot_interfaces
[1.078s] -- Up-to-date symlink: /home/vincent-pc/ros2_jazzy/install/my_robot_interfaces/share/my_robot_interfaces/msg/MyRobotState.json
[1.078s] -- Up-to-date symlink: /home/vincent-pc/ros2_jazzy/install/my_robot_interfaces/share/my_robot_interfaces/msg/MyRobotDifferential.json
[1.078s] -- Up-to-date symlink: /home/vincent-pc/ros2_jazzy/install/my_robot_interfaces/share/my_robot_interfaces/msg/MyRobotJoint0.json
[1.079s] -- Up-to-date symlink: /home/vincent-pc/ros2_jazzy/install/my_robot_interfaces/share/my_robot_interfaces/msg/MyRobotJoint1.json
[1.079s] -- Up-to-date symlink: /home/vincent-pc/ros2_jazzy/install/my_robot_interfaces/share/my_robot_interfaces/msg/LedStateArray.json
[1.079s] -- Up-to-date symlink: /home/vincent-pc/ros2_jazzy/install/my_robot_interfaces/share/my_robot_interfaces/srv/MyRobotSrv.json
[1.080s] -- Up-to-date symlink: /home/vincent-pc/ros2_jazzy/install/my_robot_interfaces/share/my_robot_interfaces/srv/SetLed.json
[1.083s] -- Up-to-date symlink: /home/vincent-pc/ros2_jazzy/install/my_robot_interfaces/share/my_robot_interfaces/action/CountUntil.json
[1.084s] -- Up-to-date symlink: /home/vincent-pc/ros2_jazzy/install/my_robot_interfaces/share/my_robot_interfaces/action/MoveRobot.json
[1.084s] -- Up-to-date symlink: /home/vincent-pc/ros2_jazzy/install/my_robot_interfaces/include/my_robot_interfaces/my_robot_interfaces/action/count_until.h
[1.084s] -- Up-to-date symlink: /home/vincent-pc/ros2_jazzy/install/my_robot_interfaces/include/my_robot_interfaces/my_robot_interfaces/action/detail/count_until__functions.h
[1.084s] -- Up-to-date symlink: /home/vincent-pc/ros2_jazzy/install/my_robot_interfaces/include/my_robot_interfaces/my_robot_interfaces/action/detail/count_until__struct.h
[1.085s] -- Up-to-date symlink: /home/vincent-pc/ros2_jazzy/install/my_robot_interfaces/include/my_robot_interfaces/my_robot_interfaces/action/detail/count_until__type_support.h
[1.085s] -- Up-to-date symlink: /home/vincent-pc/ros2_jazzy/install/my_robot_interfaces/include/my_robot_interfaces/my_robot_interfaces/action/detail/move_robot__functions.h
[1.085s] -- Up-to-date symlink: /home/vincent-pc/ros2_jazzy/install/my_robot_interfaces/include/my_robot_interfaces/my_robot_interfaces/action/detail/move_robot__struct.h
[1.085s] -- Up-to-date symlink: /home/vincent-pc/ros2_jazzy/install/my_robot_interfaces/include/my_robot_interfaces/my_robot_interfaces/action/detail/move_robot__type_support.h
[1.086s] -- Up-to-date symlink: /home/vincent-pc/ros2_jazzy/install/my_robot_interfaces/include/my_robot_interfaces/my_robot_interfaces/action/move_robot.h
[1.086s] -- Up-to-date symlink: /home/vincent-pc/ros2_jazzy/install/my_robot_interfaces/include/my_robot_interfaces/my_robot_interfaces/msg/detail/led_state_array__functions.h
[1.086s] -- Up-to-date symlink: /home/vincent-pc/ros2_jazzy/install/my_robot_interfaces/include/my_robot_interfaces/my_robot_interfaces/msg/detail/led_state_array__struct.h
[1.086s] -- Up-to-date symlink: /home/vincent-pc/ros2_jazzy/install/my_robot_interfaces/include/my_robot_interfaces/my_robot_interfaces/msg/detail/led_state_array__type_support.h
[1.086s] -- Up-to-date symlink: /home/vincent-pc/ros2_jazzy/install/my_robot_interfaces/include/my_robot_interfaces/my_robot_interfaces/msg/detail/my_robot_differential__functions.h
[1.087s] -- Up-to-date symlink: /home/vincent-pc/ros2_jazzy/install/my_robot_interfaces/include/my_robot_interfaces/my_robot_interfaces/msg/detail/my_robot_differential__struct.h
[1.087s] -- Up-to-date symlink: /home/vincent-pc/ros2_jazzy/install/my_robot_interfaces/include/my_robot_interfaces/my_robot_interfaces/msg/detail/my_robot_differential__type_support.h
[1.087s] -- Up-to-date symlink: /home/vincent-pc/ros2_jazzy/install/my_robot_interfaces/include/my_robot_interfaces/my_robot_interfaces/msg/detail/my_robot_joint0__functions.h
[1.087s] -- Up-to-date symlink: /home/vincent-pc/ros2_jazzy/install/my_robot_interfaces/include/my_robot_interfaces/my_robot_interfaces/msg/detail/my_robot_joint0__struct.h
[1.087s] -- Up-to-date symlink: /home/vincent-pc/ros2_jazzy/install/my_robot_interfaces/include/my_robot_interfaces/my_robot_interfaces/msg/detail/my_robot_joint0__type_support.h
[1.088s] -- Up-to-date symlink: /home/vincent-pc/ros2_jazzy/install/my_robot_interfaces/include/my_robot_interfaces/my_robot_interfaces/msg/detail/my_robot_joint1__functions.h
[1.088s] -- Up-to-date symlink: /home/vincent-pc/ros2_jazzy/install/my_robot_interfaces/include/my_robot_interfaces/my_robot_interfaces/msg/detail/my_robot_joint1__struct.h
[1.088s] -- Up-to-date symlink: /home/vincent-pc/ros2_jazzy/install/my_robot_interfaces/include/my_robot_interfaces/my_robot_interfaces/msg/detail/my_robot_joint1__type_support.h
[1.088s] -- Up-to-date symlink: /home/vincent-pc/ros2_jazzy/install/my_robot_interfaces/include/my_robot_interfaces/my_robot_interfaces/msg/detail/my_robot_state__functions.h
[1.088s] -- Up-to-date symlink: /home/vincent-pc/ros2_jazzy/install/my_robot_interfaces/include/my_robot_interfaces/my_robot_interfaces/msg/detail/my_robot_state__struct.h
[1.088s] -- Up-to-date symlink: /home/vincent-pc/ros2_jazzy/install/my_robot_interfaces/include/my_robot_interfaces/my_robot_interfaces/msg/detail/my_robot_state__type_support.h
[1.089s] -- Up-to-date symlink: /home/vincent-pc/ros2_jazzy/install/my_robot_interfaces/include/my_robot_interfaces/my_robot_interfaces/msg/led_state_array.h
[1.089s] -- Up-to-date symlink: /home/vincent-pc/ros2_jazzy/install/my_robot_interfaces/include/my_robot_interfaces/my_robot_interfaces/msg/my_robot_differential.h
[1.089s] -- Up-to-date symlink: /home/vincent-pc/ros2_jazzy/install/my_robot_interfaces/include/my_robot_interfaces/my_robot_interfaces/msg/my_robot_joint0.h
[1.089s] -- Up-to-date symlink: /home/vincent-pc/ros2_jazzy/install/my_robot_interfaces/include/my_robot_interfaces/my_robot_interfaces/msg/my_robot_joint1.h
[1.089s] -- Up-to-date symlink: /home/vincent-pc/ros2_jazzy/install/my_robot_interfaces/include/my_robot_interfaces/my_robot_interfaces/msg/my_robot_state.h
[1.090s] -- Up-to-date symlink: /home/vincent-pc/ros2_jazzy/install/my_robot_interfaces/include/my_robot_interfaces/my_robot_interfaces/msg/rosidl_generator_c__visibility_control.h
[1.090s] -- Up-to-date symlink: /home/vincent-pc/ros2_jazzy/install/my_robot_interfaces/include/my_robot_interfaces/my_robot_interfaces/srv/detail/my_robot_srv__functions.h
[1.090s] -- Up-to-date symlink: /home/vincent-pc/ros2_jazzy/install/my_robot_interfaces/include/my_robot_interfaces/my_robot_interfaces/srv/detail/my_robot_srv__struct.h
[1.090s] -- Up-to-date symlink: /home/vincent-pc/ros2_jazzy/install/my_robot_interfaces/include/my_robot_interfaces/my_robot_interfaces/srv/detail/my_robot_srv__type_support.h
[1.090s] -- Up-to-date symlink: /home/vincent-pc/ros2_jazzy/install/my_robot_interfaces/include/my_robot_interfaces/my_robot_interfaces/srv/detail/set_led__functions.h
[1.090s] -- Up-to-date symlink: /home/vincent-pc/ros2_jazzy/install/my_robot_interfaces/include/my_robot_interfaces/my_robot_interfaces/srv/detail/set_led__struct.h
[1.091s] -- Up-to-date symlink: /home/vincent-pc/ros2_jazzy/install/my_robot_interfaces/include/my_robot_interfaces/my_robot_interfaces/srv/detail/set_led__type_support.h
[1.091s] -- Up-to-date symlink: /home/vincent-pc/ros2_jazzy/install/my_robot_interfaces/include/my_robot_interfaces/my_robot_interfaces/srv/my_robot_srv.h
[1.091s] -- Up-to-date symlink: /home/vincent-pc/ros2_jazzy/install/my_robot_interfaces/include/my_robot_interfaces/my_robot_interfaces/srv/set_led.h
[1.091s] -- Up-to-date symlink: /home/vincent-pc/ros2_jazzy/install/my_robot_interfaces/share/my_robot_interfaces/environment/library_path.sh
[1.092s] -- Up-to-date symlink: /home/vincent-pc/ros2_jazzy/install/my_robot_interfaces/share/my_robot_interfaces/environment/library_path.dsv
[1.093s] -- Up-to-date symlink: /home/vincent-pc/ros2_jazzy/install/my_robot_interfaces/include/my_robot_interfaces/my_robot_interfaces/action/detail/count_until__rosidl_typesupport_fastrtps_c.h
[1.093s] -- Up-to-date symlink: /home/vincent-pc/ros2_jazzy/install/my_robot_interfaces/include/my_robot_interfaces/my_robot_interfaces/action/detail/move_robot__rosidl_typesupport_fastrtps_c.h
[1.094s] -- Up-to-date symlink: /home/vincent-pc/ros2_jazzy/install/my_robot_interfaces/include/my_robot_interfaces/my_robot_interfaces/msg/detail/led_state_array__rosidl_typesupport_fastrtps_c.h
[1.094s] -- Up-to-date symlink: /home/vincent-pc/ros2_jazzy/install/my_robot_interfaces/include/my_robot_interfaces/my_robot_interfaces/msg/detail/my_robot_differential__rosidl_typesupport_fastrtps_c.h
[1.094s] -- Up-to-date symlink: /home/vincent-pc/ros2_jazzy/install/my_robot_interfaces/include/my_robot_interfaces/my_robot_interfaces/msg/detail/my_robot_joint0__rosidl_typesupport_fastrtps_c.h
[1.094s] -- Up-to-date symlink: /home/vincent-pc/ros2_jazzy/install/my_robot_interfaces/include/my_robot_interfaces/my_robot_interfaces/msg/detail/my_robot_joint1__rosidl_typesupport_fastrtps_c.h
[1.094s] -- Up-to-date symlink: /home/vincent-pc/ros2_jazzy/install/my_robot_interfaces/include/my_robot_interfaces/my_robot_interfaces/msg/detail/my_robot_state__rosidl_typesupport_fastrtps_c.h
[1.094s] -- Up-to-date symlink: /home/vincent-pc/ros2_jazzy/install/my_robot_interfaces/include/my_robot_interfaces/my_robot_interfaces/msg/rosidl_typesupport_fastrtps_c__visibility_control.h
[1.095s] -- Up-to-date symlink: /home/vincent-pc/ros2_jazzy/install/my_robot_interfaces/include/my_robot_interfaces/my_robot_interfaces/srv/detail/my_robot_srv__rosidl_typesupport_fastrtps_c.h
[1.095s] -- Up-to-date symlink: /home/vincent-pc/ros2_jazzy/install/my_robot_interfaces/include/my_robot_interfaces/my_robot_interfaces/srv/detail/set_led__rosidl_typesupport_fastrtps_c.h
[1.096s] -- Up-to-date symlink: /home/vincent-pc/ros2_jazzy/install/my_robot_interfaces/include/my_robot_interfaces/my_robot_interfaces/action/detail/count_until__rosidl_typesupport_introspection_c.h
[1.097s] -- Up-to-date symlink: /home/vincent-pc/ros2_jazzy/install/my_robot_interfaces/include/my_robot_interfaces/my_robot_interfaces/action/detail/move_robot__rosidl_typesupport_introspection_c.h
[1.097s] -- Up-to-date symlink: /home/vincent-pc/ros2_jazzy/install/my_robot_interfaces/include/my_robot_interfaces/my_robot_interfaces/msg/detail/led_state_array__rosidl_typesupport_introspection_c.h
[1.097s] -- Up-to-date symlink: /home/vincent-pc/ros2_jazzy/install/my_robot_interfaces/include/my_robot_interfaces/my_robot_interfaces/msg/detail/my_robot_differential__rosidl_typesupport_introspection_c.h
[1.098s] -- Up-to-date symlink: /home/vincent-pc/ros2_jazzy/install/my_robot_interfaces/include/my_robot_interfaces/my_robot_interfaces/msg/detail/my_robot_joint0__rosidl_typesupport_introspection_c.h
[1.098s] -- Up-to-date symlink: /home/vincent-pc/ros2_jazzy/install/my_robot_interfaces/include/my_robot_interfaces/my_robot_interfaces/msg/detail/my_robot_joint1__rosidl_typesupport_introspection_c.h
[1.098s] -- Up-to-date symlink: /home/vincent-pc/ros2_jazzy/install/my_robot_interfaces/include/my_robot_interfaces/my_robot_interfaces/msg/detail/my_robot_state__rosidl_typesupport_introspection_c.h
[1.099s] -- Up-to-date symlink: /home/vincent-pc/ros2_jazzy/install/my_robot_interfaces/include/my_robot_interfaces/my_robot_interfaces/msg/rosidl_typesupport_introspection_c__visibility_control.h
[1.099s] -- Up-to-date symlink: /home/vincent-pc/ros2_jazzy/install/my_robot_interfaces/include/my_robot_interfaces/my_robot_interfaces/srv/detail/my_robot_srv__rosidl_typesupport_introspection_c.h
[1.100s] -- Up-to-date symlink: /home/vincent-pc/ros2_jazzy/install/my_robot_interfaces/include/my_robot_interfaces/my_robot_interfaces/srv/detail/set_led__rosidl_typesupport_introspection_c.h
[1.100s] -- Up-to-date symlink: /home/vincent-pc/ros2_jazzy/install/my_robot_interfaces/include/my_robot_interfaces/my_robot_interfaces/action/count_until.hpp
[1.101s] -- Up-to-date symlink: /home/vincent-pc/ros2_jazzy/install/my_robot_interfaces/include/my_robot_interfaces/my_robot_interfaces/action/detail/count_until__builder.hpp
[1.101s] -- Up-to-date symlink: /home/vincent-pc/ros2_jazzy/install/my_robot_interfaces/include/my_robot_interfaces/my_robot_interfaces/action/detail/count_until__struct.hpp
[1.102s] -- Up-to-date symlink: /home/vincent-pc/ros2_jazzy/install/my_robot_interfaces/include/my_robot_interfaces/my_robot_interfaces/action/detail/count_until__traits.hpp
[1.102s] -- Up-to-date symlink: /home/vincent-pc/ros2_jazzy/install/my_robot_interfaces/include/my_robot_interfaces/my_robot_interfaces/action/detail/count_until__type_support.hpp
[1.102s] -- Up-to-date symlink: /home/vincent-pc/ros2_jazzy/install/my_robot_interfaces/include/my_robot_interfaces/my_robot_interfaces/action/detail/move_robot__builder.hpp
[1.102s] -- Up-to-date symlink: /home/vincent-pc/ros2_jazzy/install/my_robot_interfaces/include/my_robot_interfaces/my_robot_interfaces/action/detail/move_robot__struct.hpp
[1.102s] -- Up-to-date symlink: /home/vincent-pc/ros2_jazzy/install/my_robot_interfaces/include/my_robot_interfaces/my_robot_interfaces/action/detail/move_robot__traits.hpp
[1.102s] -- Up-to-date symlink: /home/vincent-pc/ros2_jazzy/install/my_robot_interfaces/include/my_robot_interfaces/my_robot_interfaces/action/detail/move_robot__type_support.hpp
[1.103s] -- Up-to-date symlink: /home/vincent-pc/ros2_jazzy/install/my_robot_interfaces/include/my_robot_interfaces/my_robot_interfaces/action/move_robot.hpp
[1.103s] -- Up-to-date symlink: /home/vincent-pc/ros2_jazzy/install/my_robot_interfaces/include/my_robot_interfaces/my_robot_interfaces/msg/detail/led_state_array__builder.hpp
[1.103s] -- Up-to-date symlink: /home/vincent-pc/ros2_jazzy/install/my_robot_interfaces/include/my_robot_interfaces/my_robot_interfaces/msg/detail/led_state_array__struct.hpp
[1.103s] -- Up-to-date symlink: /home/vincent-pc/ros2_jazzy/install/my_robot_interfaces/include/my_robot_interfaces/my_robot_interfaces/msg/detail/led_state_array__traits.hpp
[1.104s] -- Up-to-date symlink: /home/vincent-pc/ros2_jazzy/install/my_robot_interfaces/include/my_robot_interfaces/my_robot_interfaces/msg/detail/led_state_array__type_support.hpp
[1.104s] -- Up-to-date symlink: /home/vincent-pc/ros2_jazzy/install/my_robot_interfaces/include/my_robot_interfaces/my_robot_interfaces/msg/detail/my_robot_differential__builder.hpp
[1.104s] -- Up-to-date symlink: /home/vincent-pc/ros2_jazzy/install/my_robot_interfaces/include/my_robot_interfaces/my_robot_interfaces/msg/detail/my_robot_differential__struct.hpp
[1.104s] -- Up-to-date symlink: /home/vincent-pc/ros2_jazzy/install/my_robot_interfaces/include/my_robot_interfaces/my_robot_interfaces/msg/detail/my_robot_differential__traits.hpp
[1.104s] -- Up-to-date symlink: /home/vincent-pc/ros2_jazzy/install/my_robot_interfaces/include/my_robot_interfaces/my_robot_interfaces/msg/detail/my_robot_differential__type_support.hpp
[1.104s] -- Up-to-date symlink: /home/vincent-pc/ros2_jazzy/install/my_robot_interfaces/include/my_robot_interfaces/my_robot_interfaces/msg/detail/my_robot_joint0__builder.hpp
[1.105s] -- Up-to-date symlink: /home/vincent-pc/ros2_jazzy/install/my_robot_interfaces/include/my_robot_interfaces/my_robot_interfaces/msg/detail/my_robot_joint0__struct.hpp
[1.105s] -- Up-to-date symlink: /home/vincent-pc/ros2_jazzy/install/my_robot_interfaces/include/my_robot_interfaces/my_robot_interfaces/msg/detail/my_robot_joint0__traits.hpp
[1.105s] -- Up-to-date symlink: /home/vincent-pc/ros2_jazzy/install/my_robot_interfaces/include/my_robot_interfaces/my_robot_interfaces/msg/detail/my_robot_joint0__type_support.hpp
[1.105s] -- Up-to-date symlink: /home/vincent-pc/ros2_jazzy/install/my_robot_interfaces/include/my_robot_interfaces/my_robot_interfaces/msg/detail/my_robot_joint1__builder.hpp
[1.105s] -- Up-to-date symlink: /home/vincent-pc/ros2_jazzy/install/my_robot_interfaces/include/my_robot_interfaces/my_robot_interfaces/msg/detail/my_robot_joint1__struct.hpp
[1.106s] -- Up-to-date symlink: /home/vincent-pc/ros2_jazzy/install/my_robot_interfaces/include/my_robot_interfaces/my_robot_interfaces/msg/detail/my_robot_joint1__traits.hpp
[1.106s] -- Up-to-date symlink: /home/vincent-pc/ros2_jazzy/install/my_robot_interfaces/include/my_robot_interfaces/my_robot_interfaces/msg/detail/my_robot_joint1__type_support.hpp
[1.106s] -- Up-to-date symlink: /home/vincent-pc/ros2_jazzy/install/my_robot_interfaces/include/my_robot_interfaces/my_robot_interfaces/msg/detail/my_robot_state__builder.hpp
[1.106s] -- Up-to-date symlink: /home/vincent-pc/ros2_jazzy/install/my_robot_interfaces/include/my_robot_interfaces/my_robot_interfaces/msg/detail/my_robot_state__struct.hpp
[1.106s] -- Up-to-date symlink: /home/vincent-pc/ros2_jazzy/install/my_robot_interfaces/include/my_robot_interfaces/my_robot_interfaces/msg/detail/my_robot_state__traits.hpp
[1.106s] -- Up-to-date symlink: /home/vincent-pc/ros2_jazzy/install/my_robot_interfaces/include/my_robot_interfaces/my_robot_interfaces/msg/detail/my_robot_state__type_support.hpp
[1.107s] -- Up-to-date symlink: /home/vincent-pc/ros2_jazzy/install/my_robot_interfaces/include/my_robot_interfaces/my_robot_interfaces/msg/led_state_array.hpp
[1.107s] -- Up-to-date symlink: /home/vincent-pc/ros2_jazzy/install/my_robot_interfaces/include/my_robot_interfaces/my_robot_interfaces/msg/my_robot_differential.hpp
[1.107s] -- Up-to-date symlink: /home/vincent-pc/ros2_jazzy/install/my_robot_interfaces/include/my_robot_interfaces/my_robot_interfaces/msg/my_robot_joint0.hpp
[1.107s] -- Up-to-date symlink: /home/vincent-pc/ros2_jazzy/install/my_robot_interfaces/include/my_robot_interfaces/my_robot_interfaces/msg/my_robot_joint1.hpp
[1.107s] -- Up-to-date symlink: /home/vincent-pc/ros2_jazzy/install/my_robot_interfaces/include/my_robot_interfaces/my_robot_interfaces/msg/my_robot_state.hpp
[1.108s] -- Up-to-date symlink: /home/vincent-pc/ros2_jazzy/install/my_robot_interfaces/include/my_robot_interfaces/my_robot_interfaces/msg/rosidl_generator_cpp__visibility_control.hpp
[1.111s] -- Up-to-date symlink: /home/vincent-pc/ros2_jazzy/install/my_robot_interfaces/include/my_robot_interfaces/my_robot_interfaces/srv/detail/my_robot_srv__builder.hpp
[1.111s] -- Up-to-date symlink: /home/vincent-pc/ros2_jazzy/install/my_robot_interfaces/include/my_robot_interfaces/my_robot_interfaces/srv/detail/my_robot_srv__struct.hpp
[1.111s] -- Up-to-date symlink: /home/vincent-pc/ros2_jazzy/install/my_robot_interfaces/include/my_robot_interfaces/my_robot_interfaces/srv/detail/my_robot_srv__traits.hpp
[1.112s] -- Up-to-date symlink: /home/vincent-pc/ros2_jazzy/install/my_robot_interfaces/include/my_robot_interfaces/my_robot_interfaces/srv/detail/my_robot_srv__type_support.hpp
[1.112s] -- Up-to-date symlink: /home/vincent-pc/ros2_jazzy/install/my_robot_interfaces/include/my_robot_interfaces/my_robot_interfaces/srv/detail/set_led__builder.hpp
[1.112s] -- Up-to-date symlink: /home/vincent-pc/ros2_jazzy/install/my_robot_interfaces/include/my_robot_interfaces/my_robot_interfaces/srv/detail/set_led__struct.hpp
[1.112s] -- Up-to-date symlink: /home/vincent-pc/ros2_jazzy/install/my_robot_interfaces/include/my_robot_interfaces/my_robot_interfaces/srv/detail/set_led__traits.hpp
[1.112s] -- Up-to-date symlink: /home/vincent-pc/ros2_jazzy/install/my_robot_interfaces/include/my_robot_interfaces/my_robot_interfaces/srv/detail/set_led__type_support.hpp
[1.112s] -- Up-to-date symlink: /home/vincent-pc/ros2_jazzy/install/my_robot_interfaces/include/my_robot_interfaces/my_robot_interfaces/srv/my_robot_srv.hpp
[1.112s] -- Up-to-date symlink: /home/vincent-pc/ros2_jazzy/install/my_robot_interfaces/include/my_robot_interfaces/my_robot_interfaces/srv/set_led.hpp
[1.115s] -- Up-to-date symlink: /home/vincent-pc/ros2_jazzy/install/my_robot_interfaces/include/my_robot_interfaces/my_robot_interfaces/action/detail/count_until__rosidl_typesupport_fastrtps_cpp.hpp
[1.115s] -- Up-to-date symlink: /home/vincent-pc/ros2_jazzy/install/my_robot_interfaces/include/my_robot_interfaces/my_robot_interfaces/action/detail/move_robot__rosidl_typesupport_fastrtps_cpp.hpp
[1.117s] -- Up-to-date symlink: /home/vincent-pc/ros2_jazzy/install/my_robot_interfaces/include/my_robot_interfaces/my_robot_interfaces/msg/detail/led_state_array__rosidl_typesupport_fastrtps_cpp.hpp
[1.117s] -- Up-to-date symlink: /home/vincent-pc/ros2_jazzy/install/my_robot_interfaces/include/my_robot_interfaces/my_robot_interfaces/msg/detail/my_robot_differential__rosidl_typesupport_fastrtps_cpp.hpp
[1.117s] -- Up-to-date symlink: /home/vincent-pc/ros2_jazzy/install/my_robot_interfaces/include/my_robot_interfaces/my_robot_interfaces/msg/detail/my_robot_joint0__rosidl_typesupport_fastrtps_cpp.hpp
[1.118s] -- Up-to-date symlink: /home/vincent-pc/ros2_jazzy/install/my_robot_interfaces/include/my_robot_interfaces/my_robot_interfaces/msg/detail/my_robot_joint1__rosidl_typesupport_fastrtps_cpp.hpp
[1.118s] -- Up-to-date symlink: /home/vincent-pc/ros2_jazzy/install/my_robot_interfaces/include/my_robot_interfaces/my_robot_interfaces/msg/detail/my_robot_state__rosidl_typesupport_fastrtps_cpp.hpp
[1.118s] -- Up-to-date symlink: /home/vincent-pc/ros2_jazzy/install/my_robot_interfaces/include/my_robot_interfaces/my_robot_interfaces/msg/rosidl_typesupport_fastrtps_cpp__visibility_control.h
[1.119s] -- Up-to-date symlink: /home/vincent-pc/ros2_jazzy/install/my_robot_interfaces/include/my_robot_interfaces/my_robot_interfaces/srv/detail/my_robot_srv__rosidl_typesupport_fastrtps_cpp.hpp
[1.119s] -- Up-to-date symlink: /home/vincent-pc/ros2_jazzy/install/my_robot_interfaces/include/my_robot_interfaces/my_robot_interfaces/srv/detail/set_led__rosidl_typesupport_fastrtps_cpp.hpp
[1.119s] -- Up-to-date symlink: /home/vincent-pc/ros2_jazzy/install/my_robot_interfaces/include/my_robot_interfaces/my_robot_interfaces/action/detail/count_until__rosidl_typesupport_introspection_cpp.hpp
[1.119s] -- Up-to-date symlink: /home/vincent-pc/ros2_jazzy/install/my_robot_interfaces/include/my_robot_interfaces/my_robot_interfaces/action/detail/move_robot__rosidl_typesupport_introspection_cpp.hpp
[1.119s] -- Up-to-date symlink: /home/vincent-pc/ros2_jazzy/install/my_robot_interfaces/include/my_robot_interfaces/my_robot_interfaces/msg/detail/led_state_array__rosidl_typesupport_introspection_cpp.hpp
[1.120s] -- Up-to-date symlink: /home/vincent-pc/ros2_jazzy/install/my_robot_interfaces/include/my_robot_interfaces/my_robot_interfaces/msg/detail/my_robot_differential__rosidl_typesupport_introspection_cpp.hpp
[1.120s] -- Up-to-date symlink: /home/vincent-pc/ros2_jazzy/install/my_robot_interfaces/include/my_robot_interfaces/my_robot_interfaces/msg/detail/my_robot_joint0__rosidl_typesupport_introspection_cpp.hpp
[1.120s] -- Up-to-date symlink: /home/vincent-pc/ros2_jazzy/install/my_robot_interfaces/include/my_robot_interfaces/my_robot_interfaces/msg/detail/my_robot_joint1__rosidl_typesupport_introspection_cpp.hpp
[1.120s] -- Up-to-date symlink: /home/vincent-pc/ros2_jazzy/install/my_robot_interfaces/include/my_robot_interfaces/my_robot_interfaces/msg/detail/my_robot_state__rosidl_typesupport_introspection_cpp.hpp
[1.120s] -- Up-to-date symlink: /home/vincent-pc/ros2_jazzy/install/my_robot_interfaces/include/my_robot_interfaces/my_robot_interfaces/srv/detail/my_robot_srv__rosidl_typesupport_introspection_cpp.hpp
[1.120s] -- Up-to-date symlink: /home/vincent-pc/ros2_jazzy/install/my_robot_interfaces/include/my_robot_interfaces/my_robot_interfaces/srv/detail/set_led__rosidl_typesupport_introspection_cpp.hpp
[1.121s] -- Up-to-date symlink: /home/vincent-pc/ros2_jazzy/install/my_robot_interfaces/share/my_robot_interfaces/environment/pythonpath.sh
[1.122s] -- Up-to-date symlink: /home/vincent-pc/ros2_jazzy/install/my_robot_interfaces/share/my_robot_interfaces/environment/pythonpath.dsv
[1.122s] -- Up-to-date symlink: /home/vincent-pc/ros2_jazzy/install/my_robot_interfaces/lib/python3.12/site-packages/my_robot_interfaces-0.0.0-py3.12.egg-info/PKG-INFO
[1.122s] -- Up-to-date symlink: /home/vincent-pc/ros2_jazzy/install/my_robot_interfaces/lib/python3.12/site-packages/my_robot_interfaces-0.0.0-py3.12.egg-info/SOURCES.txt
[1.122s] -- Up-to-date symlink: /home/vincent-pc/ros2_jazzy/install/my_robot_interfaces/lib/python3.12/site-packages/my_robot_interfaces-0.0.0-py3.12.egg-info/dependency_links.txt
[1.123s] -- Up-to-date symlink: /home/vincent-pc/ros2_jazzy/install/my_robot_interfaces/lib/python3.12/site-packages/my_robot_interfaces-0.0.0-py3.12.egg-info/top_level.txt
[1.124s] -- Up-to-date symlink: /home/vincent-pc/ros2_jazzy/install/my_robot_interfaces/lib/python3.12/site-packages/my_robot_interfaces/__init__.py
[1.124s] -- Up-to-date symlink: /home/vincent-pc/ros2_jazzy/install/my_robot_interfaces/lib/python3.12/site-packages/my_robot_interfaces/_my_robot_interfaces_s.ep.rosidl_typesupport_c.c
[1.125s] -- Up-to-date symlink: /home/vincent-pc/ros2_jazzy/install/my_robot_interfaces/lib/python3.12/site-packages/my_robot_interfaces/_my_robot_interfaces_s.ep.rosidl_typesupport_fastrtps_c.c
[1.125s] -- Up-to-date symlink: /home/vincent-pc/ros2_jazzy/install/my_robot_interfaces/lib/python3.12/site-packages/my_robot_interfaces/_my_robot_interfaces_s.ep.rosidl_typesupport_introspection_c.c
[1.125s] -- Up-to-date symlink: /home/vincent-pc/ros2_jazzy/install/my_robot_interfaces/lib/python3.12/site-packages/my_robot_interfaces/action/__init__.py
[1.125s] -- Up-to-date symlink: /home/vincent-pc/ros2_jazzy/install/my_robot_interfaces/lib/python3.12/site-packages/my_robot_interfaces/action/_count_until.py
[1.125s] -- Up-to-date symlink: /home/vincent-pc/ros2_jazzy/install/my_robot_interfaces/lib/python3.12/site-packages/my_robot_interfaces/action/_count_until_s.c
[1.126s] -- Up-to-date symlink: /home/vincent-pc/ros2_jazzy/install/my_robot_interfaces/lib/python3.12/site-packages/my_robot_interfaces/action/_move_robot.py
[1.126s] -- Up-to-date symlink: /home/vincent-pc/ros2_jazzy/install/my_robot_interfaces/lib/python3.12/site-packages/my_robot_interfaces/action/_move_robot_s.c
[1.126s] -- Up-to-date symlink: /home/vincent-pc/ros2_jazzy/install/my_robot_interfaces/lib/python3.12/site-packages/my_robot_interfaces/msg/__init__.py
[1.126s] -- Up-to-date symlink: /home/vincent-pc/ros2_jazzy/install/my_robot_interfaces/lib/python3.12/site-packages/my_robot_interfaces/msg/_led_state_array.py
[1.126s] -- Up-to-date symlink: /home/vincent-pc/ros2_jazzy/install/my_robot_interfaces/lib/python3.12/site-packages/my_robot_interfaces/msg/_led_state_array_s.c
[1.127s] -- Up-to-date symlink: /home/vincent-pc/ros2_jazzy/install/my_robot_interfaces/lib/python3.12/site-packages/my_robot_interfaces/msg/_my_robot_differential.py
[1.127s] -- Up-to-date symlink: /home/vincent-pc/ros2_jazzy/install/my_robot_interfaces/lib/python3.12/site-packages/my_robot_interfaces/msg/_my_robot_differential_s.c
[1.127s] -- Up-to-date symlink: /home/vincent-pc/ros2_jazzy/install/my_robot_interfaces/lib/python3.12/site-packages/my_robot_interfaces/msg/_my_robot_joint0.py
[1.127s] -- Up-to-date symlink: /home/vincent-pc/ros2_jazzy/install/my_robot_interfaces/lib/python3.12/site-packages/my_robot_interfaces/msg/_my_robot_joint0_s.c
[1.128s] -- Up-to-date symlink: /home/vincent-pc/ros2_jazzy/install/my_robot_interfaces/lib/python3.12/site-packages/my_robot_interfaces/msg/_my_robot_joint1.py
[1.129s] -- Up-to-date symlink: /home/vincent-pc/ros2_jazzy/install/my_robot_interfaces/lib/python3.12/site-packages/my_robot_interfaces/msg/_my_robot_joint1_s.c
[1.129s] -- Up-to-date symlink: /home/vincent-pc/ros2_jazzy/install/my_robot_interfaces/lib/python3.12/site-packages/my_robot_interfaces/msg/_my_robot_state.py
[1.129s] -- Up-to-date symlink: /home/vincent-pc/ros2_jazzy/install/my_robot_interfaces/lib/python3.12/site-packages/my_robot_interfaces/msg/_my_robot_state_s.c
[1.129s] -- Up-to-date symlink: /home/vincent-pc/ros2_jazzy/install/my_robot_interfaces/lib/python3.12/site-packages/my_robot_interfaces/my_robot_interfaces_s__rosidl_typesupport_c.so
[1.129s] -- Up-to-date symlink: /home/vincent-pc/ros2_jazzy/install/my_robot_interfaces/lib/python3.12/site-packages/my_robot_interfaces/my_robot_interfaces_s__rosidl_typesupport_fastrtps_c.so
[1.131s] -- Up-to-date symlink: /home/vincent-pc/ros2_jazzy/install/my_robot_interfaces/lib/python3.12/site-packages/my_robot_interfaces/my_robot_interfaces_s__rosidl_typesupport_introspection_c.so
[1.131s] -- Up-to-date symlink: /home/vincent-pc/ros2_jazzy/install/my_robot_interfaces/lib/python3.12/site-packages/my_robot_interfaces/srv/__init__.py
[1.131s] -- Up-to-date symlink: /home/vincent-pc/ros2_jazzy/install/my_robot_interfaces/lib/python3.12/site-packages/my_robot_interfaces/srv/_my_robot_srv.py
[1.132s] -- Up-to-date symlink: /home/vincent-pc/ros2_jazzy/install/my_robot_interfaces/lib/python3.12/site-packages/my_robot_interfaces/srv/_my_robot_srv_s.c
[1.133s] -- Up-to-date symlink: /home/vincent-pc/ros2_jazzy/install/my_robot_interfaces/lib/python3.12/site-packages/my_robot_interfaces/srv/_set_led.py
[1.133s] -- Up-to-date symlink: /home/vincent-pc/ros2_jazzy/install/my_robot_interfaces/lib/python3.12/site-packages/my_robot_interfaces/srv/_set_led_s.c
[1.133s] -- Up-to-date symlink: /home/vincent-pc/ros2_jazzy/install/my_robot_interfaces/lib/python3.12/site-packages/my_robot_interfaces/my_robot_interfaces_s__rosidl_typesupport_fastrtps_c.so
[1.133s] -- Up-to-date symlink: /home/vincent-pc/ros2_jazzy/install/my_robot_interfaces/lib/python3.12/site-packages/my_robot_interfaces/my_robot_interfaces_s__rosidl_typesupport_introspection_c.so
[1.134s] -- Up-to-date symlink: /home/vincent-pc/ros2_jazzy/install/my_robot_interfaces/lib/python3.12/site-packages/my_robot_interfaces/my_robot_interfaces_s__rosidl_typesupport_c.so
[1.135s] -- Up-to-date symlink: /home/vincent-pc/ros2_jazzy/install/my_robot_interfaces/share/my_robot_interfaces/msg/MyRobotState.idl
[1.135s] -- Up-to-date symlink: /home/vincent-pc/ros2_jazzy/install/my_robot_interfaces/share/my_robot_interfaces/msg/MyRobotDifferential.idl
[1.136s] -- Up-to-date symlink: /home/vincent-pc/ros2_jazzy/install/my_robot_interfaces/share/my_robot_interfaces/msg/MyRobotJoint0.idl
[1.136s] -- Up-to-date symlink: /home/vincent-pc/ros2_jazzy/install/my_robot_interfaces/share/my_robot_interfaces/msg/MyRobotJoint1.idl
[1.136s] -- Up-to-date symlink: /home/vincent-pc/ros2_jazzy/install/my_robot_interfaces/share/my_robot_interfaces/msg/LedStateArray.idl
[1.136s] -- Up-to-date symlink: /home/vincent-pc/ros2_jazzy/install/my_robot_interfaces/share/my_robot_interfaces/srv/MyRobotSrv.idl
[1.136s] -- Up-to-date symlink: /home/vincent-pc/ros2_jazzy/install/my_robot_interfaces/share/my_robot_interfaces/srv/SetLed.idl
[1.137s] -- Up-to-date symlink: /home/vincent-pc/ros2_jazzy/install/my_robot_interfaces/share/my_robot_interfaces/action/CountUntil.idl
[1.137s] -- Up-to-date symlink: /home/vincent-pc/ros2_jazzy/install/my_robot_interfaces/share/my_robot_interfaces/action/MoveRobot.idl
[1.137s] -- Up-to-date symlink: /home/vincent-pc/ros2_jazzy/install/my_robot_interfaces/share/my_robot_interfaces/msg/MyRobotState.msg
[1.138s] -- Up-to-date symlink: /home/vincent-pc/ros2_jazzy/install/my_robot_interfaces/share/my_robot_interfaces/msg/MyRobotDifferential.msg
[1.138s] -- Up-to-date symlink: /home/vincent-pc/ros2_jazzy/install/my_robot_interfaces/share/my_robot_interfaces/msg/MyRobotJoint0.msg
[1.139s] -- Up-to-date symlink: /home/vincent-pc/ros2_jazzy/install/my_robot_interfaces/share/my_robot_interfaces/msg/MyRobotJoint1.msg
[1.139s] -- Up-to-date symlink: /home/vincent-pc/ros2_jazzy/install/my_robot_interfaces/share/my_robot_interfaces/msg/LedStateArray.msg
[1.139s] -- Up-to-date symlink: /home/vincent-pc/ros2_jazzy/install/my_robot_interfaces/share/my_robot_interfaces/srv/MyRobotSrv.srv
[1.139s] -- Up-to-date symlink: /home/vincent-pc/ros2_jazzy/install/my_robot_interfaces/share/my_robot_interfaces/srv/SetLed.srv
[1.140s] -- Up-to-date symlink: /home/vincent-pc/ros2_jazzy/install/my_robot_interfaces/share/my_robot_interfaces/action/CountUntil.action
[1.140s] -- Up-to-date symlink: /home/vincent-pc/ros2_jazzy/install/my_robot_interfaces/share/my_robot_interfaces/action/MoveRobot.action
[1.141s] -- Up-to-date symlink: /home/vincent-pc/ros2_jazzy/install/my_robot_interfaces/share/ament_index/resource_index/package_run_dependencies/my_robot_interfaces
[1.141s] -- Up-to-date symlink: /home/vincent-pc/ros2_jazzy/install/my_robot_interfaces/share/ament_index/resource_index/parent_prefix_path/my_robot_interfaces
[1.141s] -- Up-to-date symlink: /home/vincent-pc/ros2_jazzy/install/my_robot_interfaces/share/my_robot_interfaces/environment/ament_prefix_path.sh
[1.141s] -- Up-to-date symlink: /home/vincent-pc/ros2_jazzy/install/my_robot_interfaces/share/my_robot_interfaces/environment/ament_prefix_path.dsv
[1.142s] -- Up-to-date symlink: /home/vincent-pc/ros2_jazzy/install/my_robot_interfaces/share/my_robot_interfaces/environment/path.sh
[1.142s] -- Up-to-date symlink: /home/vincent-pc/ros2_jazzy/install/my_robot_interfaces/share/my_robot_interfaces/environment/path.dsv
[1.142s] -- Up-to-date symlink: /home/vincent-pc/ros2_jazzy/install/my_robot_interfaces/share/my_robot_interfaces/local_setup.bash
[1.144s] -- Up-to-date symlink: /home/vincent-pc/ros2_jazzy/install/my_robot_interfaces/share/my_robot_interfaces/local_setup.sh
[1.144s] -- Up-to-date symlink: /home/vincent-pc/ros2_jazzy/install/my_robot_interfaces/share/my_robot_interfaces/local_setup.zsh
[1.144s] -- Up-to-date symlink: /home/vincent-pc/ros2_jazzy/install/my_robot_interfaces/share/my_robot_interfaces/local_setup.dsv
[1.145s] -- Symlinking: /home/vincent-pc/ros2_jazzy/install/my_robot_interfaces/share/my_robot_interfaces/package.dsv
[1.166s] -- Up-to-date symlink: /home/vincent-pc/ros2_jazzy/install/my_robot_interfaces/share/ament_index/resource_index/packages/my_robot_interfaces
[1.166s] -- Up-to-date symlink: /home/vincent-pc/ros2_jazzy/install/my_robot_interfaces/share/my_robot_interfaces/cmake/rosidl_cmake-extras.cmake
[1.169s] -- Up-to-date symlink: /home/vincent-pc/ros2_jazzy/install/my_robot_interfaces/share/my_robot_interfaces/cmake/ament_cmake_export_dependencies-extras.cmake
[1.169s] -- Up-to-date symlink: /home/vincent-pc/ros2_jazzy/install/my_robot_interfaces/share/my_robot_interfaces/cmake/ament_cmake_export_include_directories-extras.cmake
[1.169s] -- Up-to-date symlink: /home/vincent-pc/ros2_jazzy/install/my_robot_interfaces/share/my_robot_interfaces/cmake/ament_cmake_export_libraries-extras.cmake
[1.169s] -- Up-to-date symlink: /home/vincent-pc/ros2_jazzy/install/my_robot_interfaces/share/my_robot_interfaces/cmake/ament_cmake_export_targets-extras.cmake
[1.169s] -- Up-to-date symlink: /home/vincent-pc/ros2_jazzy/install/my_robot_interfaces/share/my_robot_interfaces/cmake/rosidl_cmake_export_typesupport_targets-extras.cmake
[1.170s] -- Up-to-date symlink: /home/vincent-pc/ros2_jazzy/install/my_robot_interfaces/share/my_robot_interfaces/cmake/rosidl_cmake_export_typesupport_libraries-extras.cmake
[1.170s] -- Up-to-date symlink: /home/vincent-pc/ros2_jazzy/install/my_robot_interfaces/share/my_robot_interfaces/cmake/my_robot_interfacesConfig.cmake
[1.170s] -- Up-to-date symlink: /home/vincent-pc/ros2_jazzy/install/my_robot_interfaces/share/my_robot_interfaces/cmake/my_robot_interfacesConfig-version.cmake
[1.170s] -- Up-to-date symlink: /home/vincent-pc/ros2_jazzy/install/my_robot_interfaces/share/my_robot_interfaces/package.xml
[1.170s] -- Up-to-date: /home/vincent-pc/ros2_jazzy/install/my_robot_interfaces/lib/libmy_robot_interfaces__rosidl_generator_c.so
[1.170s] -- Up-to-date: /home/vincent-pc/ros2_jazzy/install/my_robot_interfaces/lib/libmy_robot_interfaces__rosidl_typesupport_fastrtps_c.so
[1.170s] -- Up-to-date: /home/vincent-pc/ros2_jazzy/install/my_robot_interfaces/lib/libmy_robot_interfaces__rosidl_typesupport_introspection_c.so
[1.171s] -- Up-to-date: /home/vincent-pc/ros2_jazzy/install/my_robot_interfaces/lib/libmy_robot_interfaces__rosidl_typesupport_c.so
[1.171s] -- Up-to-date: /home/vincent-pc/ros2_jazzy/install/my_robot_interfaces/lib/libmy_robot_interfaces__rosidl_typesupport_fastrtps_cpp.so
[1.171s] -- Up-to-date: /home/vincent-pc/ros2_jazzy/install/my_robot_interfaces/lib/libmy_robot_interfaces__rosidl_typesupport_introspection_cpp.so
[1.171s] -- Up-to-date: /home/vincent-pc/ros2_jazzy/install/my_robot_interfaces/lib/libmy_robot_interfaces__rosidl_typesupport_cpp.so
[1.266s] Listing '/home/vincent-pc/ros2_jazzy/install/my_robot_interfaces/lib/python3.12/site-packages/my_robot_interfaces'...
[1.267s] Listing '/home/vincent-pc/ros2_jazzy/install/my_robot_interfaces/lib/python3.12/site-packages/my_robot_interfaces/action'...
[1.267s] Listing '/home/vincent-pc/ros2_jazzy/install/my_robot_interfaces/lib/python3.12/site-packages/my_robot_interfaces/msg'...
[1.267s] Listing '/home/vincent-pc/ros2_jazzy/install/my_robot_interfaces/lib/python3.12/site-packages/my_robot_interfaces/srv'...
[1.289s] -- Up-to-date: /home/vincent-pc/ros2_jazzy/install/my_robot_interfaces/lib/libmy_robot_interfaces__rosidl_generator_py.so
[1.289s] -- Up-to-date: /home/vincent-pc/ros2_jazzy/install/my_robot_interfaces/share/my_robot_interfaces/cmake/export_my_robot_interfaces__rosidl_generator_cExport.cmake
[1.289s] -- Up-to-date: /home/vincent-pc/ros2_jazzy/install/my_robot_interfaces/share/my_robot_interfaces/cmake/export_my_robot_interfaces__rosidl_generator_cExport-noconfig.cmake
[1.290s] -- Up-to-date: /home/vincent-pc/ros2_jazzy/install/my_robot_interfaces/share/my_robot_interfaces/cmake/export_my_robot_interfaces__rosidl_typesupport_fastrtps_cExport.cmake
[1.290s] -- Up-to-date: /home/vincent-pc/ros2_jazzy/install/my_robot_interfaces/share/my_robot_interfaces/cmake/export_my_robot_interfaces__rosidl_typesupport_fastrtps_cExport-noconfig.cmake
[1.290s] -- Up-to-date: /home/vincent-pc/ros2_jazzy/install/my_robot_interfaces/share/my_robot_interfaces/cmake/my_robot_interfaces__rosidl_typesupport_introspection_cExport.cmake
[1.290s] -- Up-to-date: /home/vincent-pc/ros2_jazzy/install/my_robot_interfaces/share/my_robot_interfaces/cmake/my_robot_interfaces__rosidl_typesupport_introspection_cExport-noconfig.cmake
[1.290s] -- Up-to-date: /home/vincent-pc/ros2_jazzy/install/my_robot_interfaces/share/my_robot_interfaces/cmake/my_robot_interfaces__rosidl_typesupport_cExport.cmake
[1.290s] -- Up-to-date: /home/vincent-pc/ros2_jazzy/install/my_robot_interfaces/share/my_robot_interfaces/cmake/my_robot_interfaces__rosidl_typesupport_cExport-noconfig.cmake
[1.290s] -- Up-to-date: /home/vincent-pc/ros2_jazzy/install/my_robot_interfaces/share/my_robot_interfaces/cmake/export_my_robot_interfaces__rosidl_generator_cppExport.cmake
[1.297s] -- Up-to-date: /home/vincent-pc/ros2_jazzy/install/my_robot_interfaces/share/my_robot_interfaces/cmake/export_my_robot_interfaces__rosidl_typesupport_fastrtps_cppExport.cmake
[1.297s] -- Up-to-date: /home/vincent-pc/ros2_jazzy/install/my_robot_interfaces/share/my_robot_interfaces/cmake/export_my_robot_interfaces__rosidl_typesupport_fastrtps_cppExport-noconfig.cmake
[1.297s] -- Up-to-date: /home/vincent-pc/ros2_jazzy/install/my_robot_interfaces/share/my_robot_interfaces/cmake/my_robot_interfaces__rosidl_typesupport_introspection_cppExport.cmake
[1.298s] -- Up-to-date: /home/vincent-pc/ros2_jazzy/install/my_robot_interfaces/share/my_robot_interfaces/cmake/my_robot_interfaces__rosidl_typesupport_introspection_cppExport-noconfig.cmake
[1.298s] -- Up-to-date: /home/vincent-pc/ros2_jazzy/install/my_robot_interfaces/share/my_robot_interfaces/cmake/my_robot_interfaces__rosidl_typesupport_cppExport.cmake
[1.298s] -- Up-to-date: /home/vincent-pc/ros2_jazzy/install/my_robot_interfaces/share/my_robot_interfaces/cmake/my_robot_interfaces__rosidl_typesupport_cppExport-noconfig.cmake
[1.298s] -- Up-to-date: /home/vincent-pc/ros2_jazzy/install/my_robot_interfaces/share/my_robot_interfaces/cmake/export_my_robot_interfaces__rosidl_generator_pyExport.cmake
[1.298s] -- Up-to-date: /home/vincent-pc/ros2_jazzy/install/my_robot_interfaces/share/my_robot_interfaces/cmake/export_my_robot_interfaces__rosidl_generator_pyExport-noconfig.cmake
[1.312s] Invoked command in '/home/vincent-pc/ros2_jazzy/build/my_robot_interfaces' returned '0': CMAKE_PREFIX_PATH=${CMAKE_PREFIX_PATH}:/home/vincent-pc/ros2_jazzy/install/robot_py:/home/vincent-pc/ros2_jazzy/install/my_robot_python:/home/vincent-pc/ros2_jazzy/install/lifecycle_py:/home/vincent-pc/ros2_jazzy/install/executors_py:/home/vincent-pc/ros2_jazzy/install/components_py:/home/vincent-pc/ros2_jazzy/install/actions_py:/opt/ros/jazzy DEBUGINFOD_URLS=https://debuginfod.ubuntu.com /usr/bin/cmake --install /home/vincent-pc/ros2_jazzy/build/my_robot_interfaces
