[1.414s] Invoking command in '/home/vincent-pc/ros2_jazzy/build/robot_py': DEBUGINFOD_URLS=https://debuginfod.ubuntu.com PYTHONPATH=/home/vincent-pc/ros2_jazzy/build/robot_py/prefix_override:/usr/lib/python3/dist-packages/colcon_core/task/python/colcon_distutils_commands:/home/vincent-pc/ros2_jazzy/install/robot_py/lib/python3.12/site-packages:${PYTHONPATH} /usr/bin/python3 -W ignore:setup.py install is deprecated -W ignore:easy_install command is deprecated setup.py develop --uninstall --editable --build-directory /home/vincent-pc/ros2_jazzy/build/robot_py/build
[1.846s] running develop
[2.103s] Removing /home/vincent-pc/ros2_jazzy/install/robot_py/lib/python3.12/site-packages/robot-py.egg-link (link to .)
[2.156s] Invoked command in '/home/vincent-pc/ros2_jazzy/build/robot_py' returned '0': DEBUGINFOD_URLS=https://debuginfod.ubuntu.com PYTHONPATH=/home/vincent-pc/ros2_jazzy/build/robot_py/prefix_override:/usr/lib/python3/dist-packages/colcon_core/task/python/colcon_distutils_commands:/home/vincent-pc/ros2_jazzy/install/robot_py/lib/python3.12/site-packages:${PYTHONPATH} /usr/bin/python3 -W ignore:setup.py install is deprecated -W ignore:easy_install command is deprecated setup.py develop --uninstall --editable --build-directory /home/vincent-pc/ros2_jazzy/build/robot_py/build
[2.157s] Invoking command in '/home/vincent-pc/ros2_jazzy/src/robot_py': DEBUGINFOD_URLS=https://debuginfod.ubuntu.com PYTHONPATH=/home/vincent-pc/ros2_jazzy/build/robot_py/prefix_override:/usr/lib/python3/dist-packages/colcon_core/task/python/colcon_distutils_commands:/home/vincent-pc/ros2_jazzy/install/robot_py/lib/python3.12/site-packages:${PYTHONPATH} /usr/bin/python3 -W ignore:setup.py install is deprecated -W ignore:easy_install command is deprecated setup.py egg_info --egg-base ../../build/robot_py build --build-base /home/vincent-pc/ros2_jazzy/build/robot_py/build install --record /home/vincent-pc/ros2_jazzy/build/robot_py/install.log --single-version-externally-managed install_data --force
[2.502s] running egg_info
[2.525s] writing ../../build/robot_py/robot_py.egg-info/PKG-INFO
[2.526s] writing dependency_links to ../../build/robot_py/robot_py.egg-info/dependency_links.txt
[2.526s] writing entry points to ../../build/robot_py/robot_py.egg-info/entry_points.txt
[2.526s] writing requirements to ../../build/robot_py/robot_py.egg-info/requires.txt
[2.527s] writing top-level names to ../../build/robot_py/robot_py.egg-info/top_level.txt
[2.577s] reading manifest file '../../build/robot_py/robot_py.egg-info/SOURCES.txt'
[2.578s] writing manifest file '../../build/robot_py/robot_py.egg-info/SOURCES.txt'
[2.578s] running build
[2.579s] running build_py
[2.579s] running install
[2.588s] running install_lib
[2.612s] creating /home/vincent-pc/ros2_jazzy/install/robot_py/lib/python3.12/site-packages/robot_py
[2.612s] copying /home/vincent-pc/ros2_jazzy/build/robot_py/build/lib/robot_py/Template.py -> /home/vincent-pc/ros2_jazzy/install/robot_py/lib/python3.12/site-packages/robot_py
[2.612s] copying /home/vincent-pc/ros2_jazzy/build/robot_py/build/lib/robot_py/my_robot_joint1.py -> /home/vincent-pc/ros2_jazzy/install/robot_py/lib/python3.12/site-packages/robot_py
[2.613s] copying /home/vincent-pc/ros2_jazzy/build/robot_py/build/lib/robot_py/my_robot_joint1_srv.py -> /home/vincent-pc/ros2_jazzy/install/robot_py/lib/python3.12/site-packages/robot_py
[2.613s] copying /home/vincent-pc/ros2_jazzy/build/robot_py/build/lib/robot_py/my_robot.py -> /home/vincent-pc/ros2_jazzy/install/robot_py/lib/python3.12/site-packages/robot_py
[2.613s] copying /home/vincent-pc/ros2_jazzy/build/robot_py/build/lib/robot_py/__init__.py -> /home/vincent-pc/ros2_jazzy/install/robot_py/lib/python3.12/site-packages/robot_py
[2.613s] copying /home/vincent-pc/ros2_jazzy/build/robot_py/build/lib/robot_py/my_robot_master_action.py -> /home/vincent-pc/ros2_jazzy/install/robot_py/lib/python3.12/site-packages/robot_py
[2.613s] copying /home/vincent-pc/ros2_jazzy/build/robot_py/build/lib/robot_py/my_robot_joint0.py -> /home/vincent-pc/ros2_jazzy/install/robot_py/lib/python3.12/site-packages/robot_py
[2.614s] copying /home/vincent-pc/ros2_jazzy/build/robot_py/build/lib/robot_py/my_robot_joint0_srv.py -> /home/vincent-pc/ros2_jazzy/install/robot_py/lib/python3.12/site-packages/robot_py
[2.615s] byte-compiling /home/vincent-pc/ros2_jazzy/install/robot_py/lib/python3.12/site-packages/robot_py/Template.py to Template.cpython-312.pyc
[2.615s] byte-compiling /home/vincent-pc/ros2_jazzy/install/robot_py/lib/python3.12/site-packages/robot_py/my_robot_joint1.py to my_robot_joint1.cpython-312.pyc
[2.616s] byte-compiling /home/vincent-pc/ros2_jazzy/install/robot_py/lib/python3.12/site-packages/robot_py/my_robot_joint1_srv.py to my_robot_joint1_srv.cpython-312.pyc
[2.619s] byte-compiling /home/vincent-pc/ros2_jazzy/install/robot_py/lib/python3.12/site-packages/robot_py/my_robot.py to my_robot.cpython-312.pyc
[2.619s] byte-compiling /home/vincent-pc/ros2_jazzy/install/robot_py/lib/python3.12/site-packages/robot_py/__init__.py to __init__.cpython-312.pyc
[2.620s] byte-compiling /home/vincent-pc/ros2_jazzy/install/robot_py/lib/python3.12/site-packages/robot_py/my_robot_master_action.py to my_robot_master_action.cpython-312.pyc
[2.620s] byte-compiling /home/vincent-pc/ros2_jazzy/install/robot_py/lib/python3.12/site-packages/robot_py/my_robot_joint0.py to my_robot_joint0.cpython-312.pyc
[2.621s] byte-compiling /home/vincent-pc/ros2_jazzy/install/robot_py/lib/python3.12/site-packages/robot_py/my_robot_joint0_srv.py to my_robot_joint0_srv.cpython-312.pyc
[2.622s] running install_data
[2.622s] copying resource/robot_py -> /home/vincent-pc/ros2_jazzy/install/robot_py/share/ament_index/resource_index/packages
[2.623s] copying package.xml -> /home/vincent-pc/ros2_jazzy/install/robot_py/share/robot_py
[2.623s] running install_egg_info
[2.646s] Copying ../../build/robot_py/robot_py.egg-info to /home/vincent-pc/ros2_jazzy/install/robot_py/lib/python3.12/site-packages/robot_py-0.0.0-py3.12.egg-info
[2.647s] running install_scripts
[2.819s] Installing joint0_srv_py script to /home/vincent-pc/ros2_jazzy/install/robot_py/lib/robot_py
[2.819s] Installing joint1_srv_py script to /home/vincent-pc/ros2_jazzy/install/robot_py/lib/robot_py
[2.819s] Installing my_robot_j0_py script to /home/vincent-pc/ros2_jazzy/install/robot_py/lib/robot_py
[2.819s] Installing my_robot_j1_py script to /home/vincent-pc/ros2_jazzy/install/robot_py/lib/robot_py
[2.820s] writing list of installed files to '/home/vincent-pc/ros2_jazzy/build/robot_py/install.log'
[3.027s] Invoked command in '/home/vincent-pc/ros2_jazzy/src/robot_py' returned '0': DEBUGINFOD_URLS=https://debuginfod.ubuntu.com PYTHONPATH=/home/vincent-pc/ros2_jazzy/build/robot_py/prefix_override:/usr/lib/python3/dist-packages/colcon_core/task/python/colcon_distutils_commands:/home/vincent-pc/ros2_jazzy/install/robot_py/lib/python3.12/site-packages:${PYTHONPATH} /usr/bin/python3 -W ignore:setup.py install is deprecated -W ignore:easy_install command is deprecated setup.py egg_info --egg-base ../../build/robot_py build --build-base /home/vincent-pc/ros2_jazzy/build/robot_py/build install --record /home/vincent-pc/ros2_jazzy/build/robot_py/install.log --single-version-externally-managed install_data --force
