[6.950s] Invoking command in '/home/vincent-pc/ros2_jazzy/src/my_robot_python': DEBUGINFOD_URLS=https://debuginfod.ubuntu.com PYTHONPATH=/home/vincent-pc/ros2_jazzy/build/my_robot_python/prefix_override:/usr/lib/python3/dist-packages/colcon_core/task/python/colcon_distutils_commands:/home/vincent-pc/ros2_jazzy/install/my_robot_python/lib/python3.12/site-packages:${PYTHONPATH} /usr/bin/python3 -W ignore:setup.py install is deprecated -W ignore:easy_install command is deprecated setup.py egg_info --egg-base ../../build/my_robot_python build --build-base /home/vincent-pc/ros2_jazzy/build/my_robot_python/build install --record /home/vincent-pc/ros2_jazzy/build/my_robot_python/install.log --single-version-externally-managed install_data
[8.118s] running egg_info
[8.225s] writing ../../build/my_robot_python/my_robot_python.egg-info/PKG-INFO
[8.225s] writing dependency_links to ../../build/my_robot_python/my_robot_python.egg-info/dependency_links.txt
[8.226s] writing entry points to ../../build/my_robot_python/my_robot_python.egg-info/entry_points.txt
[8.226s] writing requirements to ../../build/my_robot_python/my_robot_python.egg-info/requires.txt
[8.227s] writing top-level names to ../../build/my_robot_python/my_robot_python.egg-info/top_level.txt
[8.429s] reading manifest file '../../build/my_robot_python/my_robot_python.egg-info/SOURCES.txt'
[8.433s] writing manifest file '../../build/my_robot_python/my_robot_python.egg-info/SOURCES.txt'
[8.433s] running build
[8.434s] running build_py
[8.436s] running install
[8.459s] running install_lib
[8.572s] running install_data
[8.574s] running install_egg_info
[8.777s] removing '/home/vincent-pc/ros2_jazzy/install/my_robot_python/lib/python3.12/site-packages/my_robot_python-0.0.0-py3.12.egg-info' (and everything under it)
[8.794s] Copying ../../build/my_robot_python/my_robot_python.egg-info to /home/vincent-pc/ros2_jazzy/install/my_robot_python/lib/python3.12/site-packages/my_robot_python-0.0.0-py3.12.egg-info
[8.794s] running install_scripts
[10.770s] Installing joint0_srv_py script to /home/vincent-pc/ros2_jazzy/install/my_robot_python/lib/my_robot_python
[10.781s] Installing joint1_srv_py script to /home/vincent-pc/ros2_jazzy/install/my_robot_python/lib/my_robot_python
[10.782s] Installing my_robot_j0_py script to /home/vincent-pc/ros2_jazzy/install/my_robot_python/lib/my_robot_python
[10.783s] Installing my_robot_j1_py script to /home/vincent-pc/ros2_jazzy/install/my_robot_python/lib/my_robot_python
[10.792s] writing list of installed files to '/home/vincent-pc/ros2_jazzy/build/my_robot_python/install.log'
[11.237s] Invoked command in '/home/vincent-pc/ros2_jazzy/src/my_robot_python' returned '0': DEBUGINFOD_URLS=https://debuginfod.ubuntu.com PYTHONPATH=/home/vincent-pc/ros2_jazzy/build/my_robot_python/prefix_override:/usr/lib/python3/dist-packages/colcon_core/task/python/colcon_distutils_commands:/home/vincent-pc/ros2_jazzy/install/my_robot_python/lib/python3.12/site-packages:${PYTHONPATH} /usr/bin/python3 -W ignore:setup.py install is deprecated -W ignore:easy_install command is deprecated setup.py egg_info --egg-base ../../build/my_robot_python build --build-base /home/vincent-pc/ros2_jazzy/build/my_robot_python/build install --record /home/vincent-pc/ros2_jazzy/build/my_robot_python/install.log --single-version-externally-managed install_data
