[0.017s] Invoking command in '/home/vincent-pc/ros2_jazzy/build/my_robot_bringup': CMAKE_PREFIX_PATH=${CMAKE_PREFIX_PATH}:/home/vincent-pc/ros2_jazzy/install/my_robot_python:/home/vincent-pc/ros2_jazzy/install/actions_py:/opt/ros/jazzy DEBUGINFOD_URLS=https://debuginfod.ubuntu.com /usr/bin/cmake /home/vincent-pc/ros2_jazzy/src/my_robot_bringup -DCMAKE_INSTALL_PREFIX=/home/vincent-pc/ros2_jazzy/install/my_robot_bringup
[0.087s] -- The C compiler identification is GNU 13.3.0
[0.158s] -- The CXX compiler identification is GNU 13.3.0
[0.177s] -- Detecting C compiler ABI info
[0.312s] -- Detecting C compiler ABI info - done
[0.328s] -- Check for working C compiler: /usr/bin/cc - skipped
[0.328s] -- Detecting C compile features
[0.329s] -- Detecting C compile features - done
[0.347s] -- Detecting CXX compiler ABI info
[0.564s] -- Detecting CXX compiler ABI info - done
[0.580s] -- Check for working CXX compiler: /usr/bin/c++ - skipped
[0.580s] -- Detecting CXX compile features
[0.581s] -- Detecting CXX compile features - done
[0.588s] -- Found ament_cmake: 2.5.4 (/opt/ros/jazzy/share/ament_cmake/cmake)
[0.842s] -- Found Python3: /usr/bin/python3 (found version "3.12.3") found components: Interpreter 
[1.180s] -- Configuring done (1.2s)
[1.184s] -- Generating done (0.0s)
[1.194s] -- Build files have been written to: /home/vincent-pc/ros2_jazzy/build/my_robot_bringup
[1.195s] Invoked command in '/home/vincent-pc/ros2_jazzy/build/my_robot_bringup' returned '0': CMAKE_PREFIX_PATH=${CMAKE_PREFIX_PATH}:/home/vincent-pc/ros2_jazzy/install/my_robot_python:/home/vincent-pc/ros2_jazzy/install/actions_py:/opt/ros/jazzy DEBUGINFOD_URLS=https://debuginfod.ubuntu.com /usr/bin/cmake /home/vincent-pc/ros2_jazzy/src/my_robot_bringup -DCMAKE_INSTALL_PREFIX=/home/vincent-pc/ros2_jazzy/install/my_robot_bringup
[1.196s] Invoking command in '/home/vincent-pc/ros2_jazzy/build/my_robot_bringup': CMAKE_PREFIX_PATH=${CMAKE_PREFIX_PATH}:/home/vincent-pc/ros2_jazzy/install/my_robot_python:/home/vincent-pc/ros2_jazzy/install/actions_py:/opt/ros/jazzy DEBUGINFOD_URLS=https://debuginfod.ubuntu.com /usr/bin/cmake --build /home/vincent-pc/ros2_jazzy/build/my_robot_bringup -- -j8 -l8
[1.247s] Invoked command in '/home/vincent-pc/ros2_jazzy/build/my_robot_bringup' returned '0': CMAKE_PREFIX_PATH=${CMAKE_PREFIX_PATH}:/home/vincent-pc/ros2_jazzy/install/my_robot_python:/home/vincent-pc/ros2_jazzy/install/actions_py:/opt/ros/jazzy DEBUGINFOD_URLS=https://debuginfod.ubuntu.com /usr/bin/cmake --build /home/vincent-pc/ros2_jazzy/build/my_robot_bringup -- -j8 -l8
[1.260s] Invoking command in '/home/vincent-pc/ros2_jazzy/build/my_robot_bringup': CMAKE_PREFIX_PATH=${CMAKE_PREFIX_PATH}:/home/vincent-pc/ros2_jazzy/install/my_robot_python:/home/vincent-pc/ros2_jazzy/install/actions_py:/opt/ros/jazzy DEBUGINFOD_URLS=https://debuginfod.ubuntu.com /usr/bin/cmake --install /home/vincent-pc/ros2_jazzy/build/my_robot_bringup
[1.273s] -- Install configuration: ""
[1.276s] -- Installing: /home/vincent-pc/ros2_jazzy/install/my_robot_bringup/share/my_robot_bringup//launch
[1.276s] -- Installing: /home/vincent-pc/ros2_jazzy/install/my_robot_bringup/share/my_robot_bringup//launch/my_arm_gazebo.launch.xml
[1.276s] -- Installing: /home/vincent-pc/ros2_jazzy/install/my_robot_bringup/share/my_robot_bringup//launch/my_robot_gzb2.launch.xml
[1.276s] -- Installing: /home/vincent-pc/ros2_jazzy/install/my_robot_bringup/share/my_robot_bringup//launch/my_robot_expo.launch.xml
[1.277s] -- Installing: /home/vincent-pc/ros2_jazzy/install/my_robot_bringup/share/my_robot_bringup//launch/my_robot_expo_Launch.launch.xml
[1.277s] -- Installing: /home/vincent-pc/ros2_jazzy/install/my_robot_bringup/share/my_robot_bringup//launch/my_robot_gazebo.launch.xml
[1.278s] -- Installing: /home/vincent-pc/ros2_jazzy/install/my_robot_bringup/share/my_robot_bringup//launch/my_robot_gazebo_teleop.launch.xml
[1.279s] -- Installing: /home/vincent-pc/ros2_jazzy/install/my_robot_bringup/share/my_robot_bringup//config
[1.279s] -- Installing: /home/vincent-pc/ros2_jazzy/install/my_robot_bringup/share/my_robot_bringup//config/gazebo_bridge2.yaml
[1.279s] -- Installing: /home/vincent-pc/ros2_jazzy/install/my_robot_bringup/share/my_robot_bringup//config/gazebo_bridge.yaml
[1.280s] -- Installing: /home/vincent-pc/ros2_jazzy/install/my_robot_bringup/share/my_robot_bringup//worlds
[1.280s] -- Installing: /home/vincent-pc/ros2_jazzy/install/my_robot_bringup/share/my_robot_bringup//worlds/jetty.sdf
[1.281s] -- Installing: /home/vincent-pc/ros2_jazzy/install/my_robot_bringup/share/my_robot_bringup//worlds/tugbot_warehouse.sdf
[1.282s] -- Installing: /home/vincent-pc/ros2_jazzy/install/my_robot_bringup/share/my_robot_bringup//worlds/test_world.sdf
[1.282s] -- Installing: /home/vincent-pc/ros2_jazzy/install/my_robot_bringup/share/my_robot_bringup//worlds/tugbot_depot.zip
[1.289s] -- Installing: /home/vincent-pc/ros2_jazzy/install/my_robot_bringup/share/my_robot_bringup//worlds/tugbot_depot.sdf
[1.290s] -- Installing: /home/vincent-pc/ros2_jazzy/install/my_robot_bringup/share/my_robot_bringup//worlds/fetchit_challenge_tests_lowlights.world
[1.291s] -- Installing: /home/vincent-pc/ros2_jazzy/install/my_robot_bringup/share/my_robot_bringup//worlds/warehouse.sdf
[1.292s] -- Installing: /home/vincent-pc/ros2_jazzy/install/my_robot_bringup/share/ament_index/resource_index/package_run_dependencies/my_robot_bringup
[1.292s] -- Installing: /home/vincent-pc/ros2_jazzy/install/my_robot_bringup/share/ament_index/resource_index/parent_prefix_path/my_robot_bringup
[1.292s] -- Installing: /home/vincent-pc/ros2_jazzy/install/my_robot_bringup/share/my_robot_bringup/environment/ament_prefix_path.sh
[1.293s] -- Installing: /home/vincent-pc/ros2_jazzy/install/my_robot_bringup/share/my_robot_bringup/environment/ament_prefix_path.dsv
[1.293s] -- Installing: /home/vincent-pc/ros2_jazzy/install/my_robot_bringup/share/my_robot_bringup/environment/path.sh
[1.293s] -- Installing: /home/vincent-pc/ros2_jazzy/install/my_robot_bringup/share/my_robot_bringup/environment/path.dsv
[1.294s] -- Installing: /home/vincent-pc/ros2_jazzy/install/my_robot_bringup/share/my_robot_bringup/local_setup.bash
[1.294s] -- Installing: /home/vincent-pc/ros2_jazzy/install/my_robot_bringup/share/my_robot_bringup/local_setup.sh
[1.294s] -- Installing: /home/vincent-pc/ros2_jazzy/install/my_robot_bringup/share/my_robot_bringup/local_setup.zsh
[1.294s] -- Installing: /home/vincent-pc/ros2_jazzy/install/my_robot_bringup/share/my_robot_bringup/local_setup.dsv
[1.295s] -- Installing: /home/vincent-pc/ros2_jazzy/install/my_robot_bringup/share/my_robot_bringup/package.dsv
[1.295s] -- Installing: /home/vincent-pc/ros2_jazzy/install/my_robot_bringup/share/ament_index/resource_index/packages/my_robot_bringup
[1.295s] -- Installing: /home/vincent-pc/ros2_jazzy/install/my_robot_bringup/share/my_robot_bringup/cmake/my_robot_bringupConfig.cmake
[1.295s] -- Installing: /home/vincent-pc/ros2_jazzy/install/my_robot_bringup/share/my_robot_bringup/cmake/my_robot_bringupConfig-version.cmake
[1.295s] -- Installing: /home/vincent-pc/ros2_jazzy/install/my_robot_bringup/share/my_robot_bringup/package.xml
[1.317s] Invoked command in '/home/vincent-pc/ros2_jazzy/build/my_robot_bringup' returned '0': CMAKE_PREFIX_PATH=${CMAKE_PREFIX_PATH}:/home/vincent-pc/ros2_jazzy/install/my_robot_python:/home/vincent-pc/ros2_jazzy/install/actions_py:/opt/ros/jazzy DEBUGINFOD_URLS=https://debuginfod.ubuntu.com /usr/bin/cmake --install /home/vincent-pc/ros2_jazzy/build/my_robot_bringup
