[1.187s] Invoking command in '/home/vincent-pc/ros2_jazzy/build/my_robot_python': DEBUGINFOD_URLS=https://debuginfod.ubuntu.com PYTHONPATH=/home/vincent-pc/ros2_jazzy/build/my_robot_python/prefix_override:/usr/lib/python3/dist-packages/colcon_core/task/python/colcon_distutils_commands:/home/vincent-pc/ros2_jazzy/install/my_robot_python/lib/python3.12/site-packages:${PYTHONPATH} /usr/bin/python3 -W ignore:setup.py install is deprecated -W ignore:easy_install command is deprecated setup.py develop --editable --build-directory /home/vincent-pc/ros2_jazzy/build/my_robot_python/build --no-deps symlink_data
[1.544s] running develop
[1.785s] running egg_info
[1.812s] writing my_robot_python.egg-info/PKG-INFO
[1.812s] writing dependency_links to my_robot_python.egg-info/dependency_links.txt
[1.812s] writing entry points to my_robot_python.egg-info/entry_points.txt
[1.812s] writing requirements to my_robot_python.egg-info/requires.txt
[1.813s] writing top-level names to my_robot_python.egg-info/top_level.txt
[1.886s] reading manifest file 'my_robot_python.egg-info/SOURCES.txt'
[1.888s] writing manifest file 'my_robot_python.egg-info/SOURCES.txt'
[1.955s] running build_ext
[1.956s] Creating /home/vincent-pc/ros2_jazzy/install/my_robot_python/lib/python3.12/site-packages/my-robot-python.egg-link (link to .)
[1.957s] Installing joint0_srv_py script to /home/vincent-pc/ros2_jazzy/install/my_robot_python/lib/my_robot_python
[1.957s] Installing joint1_srv_py script to /home/vincent-pc/ros2_jazzy/install/my_robot_python/lib/my_robot_python
[1.957s] Installing my_robot_j0_py script to /home/vincent-pc/ros2_jazzy/install/my_robot_python/lib/my_robot_python
[1.958s] Installing my_robot_j1_py script to /home/vincent-pc/ros2_jazzy/install/my_robot_python/lib/my_robot_python
[1.958s] 
[1.958s] Installed /home/vincent-pc/ros2_jazzy/build/my_robot_python
[1.958s] running symlink_data
[2.028s] Invoked command in '/home/vincent-pc/ros2_jazzy/build/my_robot_python' returned '0': DEBUGINFOD_URLS=https://debuginfod.ubuntu.com PYTHONPATH=/home/vincent-pc/ros2_jazzy/build/my_robot_python/prefix_override:/usr/lib/python3/dist-packages/colcon_core/task/python/colcon_distutils_commands:/home/vincent-pc/ros2_jazzy/install/my_robot_python/lib/python3.12/site-packages:${PYTHONPATH} /usr/bin/python3 -W ignore:setup.py install is deprecated -W ignore:easy_install command is deprecated setup.py develop --editable --build-directory /home/vincent-pc/ros2_jazzy/build/my_robot_python/build --no-deps symlink_data
