[3.276s] Invoking command in '/home/vincent-pc/ros2_jazzy/src/executors_py': CMAKE_PREFIX_PATH=/home/vincent-pc/ros2_jazzy/install/my_robot_interfaces:/home/vincent-pc/ros2_jazzy/install/robot_cpp:/home/vincent-pc/ros2_jazzy/install/my_robot_cpp:/home/vincent-pc/ros2_jazzy/install/my_robot_bringup:/home/vincent-pc/ros2_jazzy/install/lifecycle_cpp:/home/vincent-pc/ros2_jazzy/install/final_project:/home/vincent-pc/ros2_jazzy/install/executors_cpp:/home/vincent-pc/ros2_jazzy/install/components_cpp:/home/vincent-pc/ros2_jazzy/install/actions_cpp:/home/vincent-pc/ros2_jazzy/install/my_robot_description:/opt/ros/jazzy/opt/gz_sim_vendor:/opt/ros/jazzy/opt/gz_sensors_vendor:/opt/ros/jazzy/opt/gz_physics_vendor:/opt/ros/jazzy/opt/sdformat_vendor:/opt/ros/jazzy/opt/gz_gui_vendor:/opt/ros/jazzy/opt/gz_transport_vendor:/opt/ros/jazzy/opt/gz_rendering_vendor:/opt/ros/jazzy/opt/gz_plugin_vendor:/opt/ros/jazzy/opt/gz_fuel_tools_vendor:/opt/ros/jazzy/opt/gz_msgs_vendor:/opt/ros/jazzy/opt/gz_common_vendor:/opt/ros/jazzy/opt/gz_math_vendor:/opt/ros/jazzy/opt/gz_utils_vendor:/opt/ros/jazzy/opt/gz_tools_vendor:/opt/ros/jazzy/opt/gz_ogre_next_vendor:/opt/ros/jazzy/opt/gz_dartsim_vendor:/opt/ros/jazzy/opt/gz_cmake_vendor DEBUGINFOD_URLS=https://debuginfod.ubuntu.com LD_LIBRARY_PATH=/home/vincent-pc/ros2_jazzy/install/my_robot_interfaces/lib:/home/vincent-pc/ros2_jazzy/install/components_cpp/lib:/opt/ros/jazzy/opt/gz_sim_vendor/lib:/opt/ros/jazzy/opt/gz_sensors_vendor/lib:/opt/ros/jazzy/opt/gz_physics_vendor/lib:/opt/ros/jazzy/opt/sdformat_vendor/lib:/opt/ros/jazzy/opt/rviz_ogre_vendor/lib:/opt/ros/jazzy/lib/x86_64-linux-gnu:/opt/ros/jazzy/opt/gz_gui_vendor/lib:/opt/ros/jazzy/opt/gz_transport_vendor/lib:/opt/ros/jazzy/opt/gz_rendering_vendor/lib:/opt/ros/jazzy/opt/gz_plugin_vendor/lib:/opt/ros/jazzy/opt/gz_fuel_tools_vendor/lib:/opt/ros/jazzy/opt/gz_msgs_vendor/lib:/opt/ros/jazzy/opt/gz_common_vendor/lib:/opt/ros/jazzy/opt/gz_math_vendor/lib:/opt/ros/jazzy/opt/gz_utils_vendor/lib:/opt/ros/jazzy/opt/gz_tools_vendor/lib:/opt/ros/jazzy/opt/gz_ogre_next_vendor/lib:/opt/ros/jazzy/opt/gz_dartsim_vendor/lib:/opt/ros/jazzy/opt/gz_cmake_vendor/lib:/opt/ros/jazzy/lib PYTHONPATH=/home/vincent-pc/ros2_jazzy/build/executors_py/prefix_override:/usr/lib/python3/dist-packages/colcon_core/task/python/colcon_distutils_commands:/home/vincent-pc/ros2_jazzy/install/executors_py/lib/python3.12/site-packages:/home/vincent-pc/ros2_jazzy/install/my_robot_interfaces/lib/python3.12/site-packages:/home/vincent-pc/ros2_jazzy/install/robot_py/lib/python3.12/site-packages:/home/vincent-pc/ros2_jazzy/install/my_robot_python/lib/python3.12/site-packages:/home/vincent-pc/ros2_jazzy/install/lifecycle_py/lib/python3.12/site-packages:/home/vincent-pc/ros2_jazzy/install/executors_py/lib/python3.12/site-packages:/home/vincent-pc/ros2_jazzy/install/components_py/lib/python3.12/site-packages:/home/vincent-pc/ros2_jazzy/install/actions_py/lib/python3.12/site-packages:/opt/ros/jazzy/lib/python3.12/site-packages /usr/bin/python3 -W ignore:setup.py install is deprecated -W ignore:easy_install command is deprecated setup.py egg_info --egg-base ../../build/executors_py build --build-base /home/vincent-pc/ros2_jazzy/build/executors_py/build install --record /home/vincent-pc/ros2_jazzy/build/executors_py/install.log --single-version-externally-managed install_data
[4.846s] running egg_info
[4.849s] creating ../../build/executors_py/executors_py.egg-info
[4.849s] writing ../../build/executors_py/executors_py.egg-info/PKG-INFO
[4.849s] writing dependency_links to ../../build/executors_py/executors_py.egg-info/dependency_links.txt
[4.849s] writing entry points to ../../build/executors_py/executors_py.egg-info/entry_points.txt
[4.850s] writing requirements to ../../build/executors_py/executors_py.egg-info/requires.txt
[4.850s] writing top-level names to ../../build/executors_py/executors_py.egg-info/top_level.txt
[4.850s] writing manifest file '../../build/executors_py/executors_py.egg-info/SOURCES.txt'
[4.850s] reading manifest file '../../build/executors_py/executors_py.egg-info/SOURCES.txt'
[4.851s] writing manifest file '../../build/executors_py/executors_py.egg-info/SOURCES.txt'
[4.851s] running build
[4.854s] running build_py
[4.857s] creating /home/vincent-pc/ros2_jazzy/build/executors_py/build
[4.857s] creating /home/vincent-pc/ros2_jazzy/build/executors_py/build/lib
[4.858s] creating /home/vincent-pc/ros2_jazzy/build/executors_py/build/lib/executors_py
[4.858s] copying executors_py/number_publisher.py -> /home/vincent-pc/ros2_jazzy/build/executors_py/build/lib/executors_py
[4.858s] copying executors_py/multi_threaded_executor.py -> /home/vincent-pc/ros2_jazzy/build/executors_py/build/lib/executors_py
[4.858s] copying executors_py/__init__.py -> /home/vincent-pc/ros2_jazzy/build/executors_py/build/lib/executors_py
[4.859s] copying executors_py/several_single_nodes_executor.py -> /home/vincent-pc/ros2_jazzy/build/executors_py/build/lib/executors_py
[4.859s] copying executors_py/single_threaded_executor.py -> /home/vincent-pc/ros2_jazzy/build/executors_py/build/lib/executors_py
[4.859s] copying executors_py/several_multi_nodes_executor.py -> /home/vincent-pc/ros2_jazzy/build/executors_py/build/lib/executors_py
[4.859s] running install
[4.859s] running install_lib
[5.002s] creating /home/vincent-pc/ros2_jazzy/install/executors_py/lib/python3.12/site-packages/executors_py
[5.014s] copying /home/vincent-pc/ros2_jazzy/build/executors_py/build/lib/executors_py/number_publisher.py -> /home/vincent-pc/ros2_jazzy/install/executors_py/lib/python3.12/site-packages/executors_py
[5.014s] copying /home/vincent-pc/ros2_jazzy/build/executors_py/build/lib/executors_py/multi_threaded_executor.py -> /home/vincent-pc/ros2_jazzy/install/executors_py/lib/python3.12/site-packages/executors_py
[5.015s] copying /home/vincent-pc/ros2_jazzy/build/executors_py/build/lib/executors_py/__init__.py -> /home/vincent-pc/ros2_jazzy/install/executors_py/lib/python3.12/site-packages/executors_py
[5.016s] copying /home/vincent-pc/ros2_jazzy/build/executors_py/build/lib/executors_py/several_single_nodes_executor.py -> /home/vincent-pc/ros2_jazzy/install/executors_py/lib/python3.12/site-packages/executors_py
[5.016s] copying /home/vincent-pc/ros2_jazzy/build/executors_py/build/lib/executors_py/single_threaded_executor.py -> /home/vincent-pc/ros2_jazzy/install/executors_py/lib/python3.12/site-packages/executors_py
[5.016s] copying /home/vincent-pc/ros2_jazzy/build/executors_py/build/lib/executors_py/several_multi_nodes_executor.py -> /home/vincent-pc/ros2_jazzy/install/executors_py/lib/python3.12/site-packages/executors_py
[5.016s] byte-compiling /home/vincent-pc/ros2_jazzy/install/executors_py/lib/python3.12/site-packages/executors_py/number_publisher.py to number_publisher.cpython-312.pyc
[5.017s] byte-compiling /home/vincent-pc/ros2_jazzy/install/executors_py/lib/python3.12/site-packages/executors_py/multi_threaded_executor.py to multi_threaded_executor.cpython-312.pyc
[5.023s] byte-compiling /home/vincent-pc/ros2_jazzy/install/executors_py/lib/python3.12/site-packages/executors_py/__init__.py to __init__.cpython-312.pyc
[5.023s] byte-compiling /home/vincent-pc/ros2_jazzy/install/executors_py/lib/python3.12/site-packages/executors_py/several_single_nodes_executor.py to several_single_nodes_executor.cpython-312.pyc
[5.035s] byte-compiling /home/vincent-pc/ros2_jazzy/install/executors_py/lib/python3.12/site-packages/executors_py/single_threaded_executor.py to single_threaded_executor.cpython-312.pyc
[5.038s] byte-compiling /home/vincent-pc/ros2_jazzy/install/executors_py/lib/python3.12/site-packages/executors_py/several_multi_nodes_executor.py to several_multi_nodes_executor.cpython-312.pyc
[5.041s] running install_data
[5.046s] creating /home/vincent-pc/ros2_jazzy/install/executors_py/share/ament_index
[5.047s] creating /home/vincent-pc/ros2_jazzy/install/executors_py/share/ament_index/resource_index
[5.047s] creating /home/vincent-pc/ros2_jazzy/install/executors_py/share/ament_index/resource_index/packages
[5.047s] copying resource/executors_py -> /home/vincent-pc/ros2_jazzy/install/executors_py/share/ament_index/resource_index/packages
[5.047s] copying package.xml -> /home/vincent-pc/ros2_jazzy/install/executors_py/share/executors_py
[5.048s] running install_egg_info
[5.290s] Copying ../../build/executors_py/executors_py.egg-info to /home/vincent-pc/ros2_jazzy/install/executors_py/lib/python3.12/site-packages/executors_py-0.0.0-py3.12.egg-info
[5.293s] running install_scripts
[6.993s] Installing multi_threaded_executor_py script to /home/vincent-pc/ros2_jazzy/install/executors_py/lib/executors_py
[7.006s] Installing number_publisher_py script to /home/vincent-pc/ros2_jazzy/install/executors_py/lib/executors_py
[7.007s] Installing several_multi_nodes_executor_py script to /home/vincent-pc/ros2_jazzy/install/executors_py/lib/executors_py
[7.007s] Installing several_single_nodes_executor_py script to /home/vincent-pc/ros2_jazzy/install/executors_py/lib/executors_py
[7.007s] Installing single_threaded_executor_py script to /home/vincent-pc/ros2_jazzy/install/executors_py/lib/executors_py
[7.008s] writing list of installed files to '/home/vincent-pc/ros2_jazzy/build/executors_py/install.log'
[7.355s] Invoked command in '/home/vincent-pc/ros2_jazzy/src/executors_py' returned '0': CMAKE_PREFIX_PATH=/home/vincent-pc/ros2_jazzy/install/my_robot_interfaces:/home/vincent-pc/ros2_jazzy/install/robot_cpp:/home/vincent-pc/ros2_jazzy/install/my_robot_cpp:/home/vincent-pc/ros2_jazzy/install/my_robot_bringup:/home/vincent-pc/ros2_jazzy/install/lifecycle_cpp:/home/vincent-pc/ros2_jazzy/install/final_project:/home/vincent-pc/ros2_jazzy/install/executors_cpp:/home/vincent-pc/ros2_jazzy/install/components_cpp:/home/vincent-pc/ros2_jazzy/install/actions_cpp:/home/vincent-pc/ros2_jazzy/install/my_robot_description:/opt/ros/jazzy/opt/gz_sim_vendor:/opt/ros/jazzy/opt/gz_sensors_vendor:/opt/ros/jazzy/opt/gz_physics_vendor:/opt/ros/jazzy/opt/sdformat_vendor:/opt/ros/jazzy/opt/gz_gui_vendor:/opt/ros/jazzy/opt/gz_transport_vendor:/opt/ros/jazzy/opt/gz_rendering_vendor:/opt/ros/jazzy/opt/gz_plugin_vendor:/opt/ros/jazzy/opt/gz_fuel_tools_vendor:/opt/ros/jazzy/opt/gz_msgs_vendor:/opt/ros/jazzy/opt/gz_common_vendor:/opt/ros/jazzy/opt/gz_math_vendor:/opt/ros/jazzy/opt/gz_utils_vendor:/opt/ros/jazzy/opt/gz_tools_vendor:/opt/ros/jazzy/opt/gz_ogre_next_vendor:/opt/ros/jazzy/opt/gz_dartsim_vendor:/opt/ros/jazzy/opt/gz_cmake_vendor DEBUGINFOD_URLS=https://debuginfod.ubuntu.com LD_LIBRARY_PATH=/home/vincent-pc/ros2_jazzy/install/my_robot_interfaces/lib:/home/vincent-pc/ros2_jazzy/install/components_cpp/lib:/opt/ros/jazzy/opt/gz_sim_vendor/lib:/opt/ros/jazzy/opt/gz_sensors_vendor/lib:/opt/ros/jazzy/opt/gz_physics_vendor/lib:/opt/ros/jazzy/opt/sdformat_vendor/lib:/opt/ros/jazzy/opt/rviz_ogre_vendor/lib:/opt/ros/jazzy/lib/x86_64-linux-gnu:/opt/ros/jazzy/opt/gz_gui_vendor/lib:/opt/ros/jazzy/opt/gz_transport_vendor/lib:/opt/ros/jazzy/opt/gz_rendering_vendor/lib:/opt/ros/jazzy/opt/gz_plugin_vendor/lib:/opt/ros/jazzy/opt/gz_fuel_tools_vendor/lib:/opt/ros/jazzy/opt/gz_msgs_vendor/lib:/opt/ros/jazzy/opt/gz_common_vendor/lib:/opt/ros/jazzy/opt/gz_math_vendor/lib:/opt/ros/jazzy/opt/gz_utils_vendor/lib:/opt/ros/jazzy/opt/gz_tools_vendor/lib:/opt/ros/jazzy/opt/gz_ogre_next_vendor/lib:/opt/ros/jazzy/opt/gz_dartsim_vendor/lib:/opt/ros/jazzy/opt/gz_cmake_vendor/lib:/opt/ros/jazzy/lib PYTHONPATH=/home/vincent-pc/ros2_jazzy/build/executors_py/prefix_override:/usr/lib/python3/dist-packages/colcon_core/task/python/colcon_distutils_commands:/home/vincent-pc/ros2_jazzy/install/executors_py/lib/python3.12/site-packages:/home/vincent-pc/ros2_jazzy/install/my_robot_interfaces/lib/python3.12/site-packages:/home/vincent-pc/ros2_jazzy/install/robot_py/lib/python3.12/site-packages:/home/vincent-pc/ros2_jazzy/install/my_robot_python/lib/python3.12/site-packages:/home/vincent-pc/ros2_jazzy/install/lifecycle_py/lib/python3.12/site-packages:/home/vincent-pc/ros2_jazzy/install/executors_py/lib/python3.12/site-packages:/home/vincent-pc/ros2_jazzy/install/components_py/lib/python3.12/site-packages:/home/vincent-pc/ros2_jazzy/install/actions_py/lib/python3.12/site-packages:/opt/ros/jazzy/lib/python3.12/site-packages /usr/bin/python3 -W ignore:setup.py install is deprecated -W ignore:easy_install command is deprecated setup.py egg_info --egg-base ../../build/executors_py build --build-base /home/vincent-pc/ros2_jazzy/build/executors_py/build install --record /home/vincent-pc/ros2_jazzy/build/executors_py/install.log --single-version-externally-managed install_data
