[ 50%] [32mBuilding CXX object CMakeFiles/turtle_controller_cpp.dir/src/turtlesim_controller.cpp.o[0m
[100%] [32m[1mLinking CXX executable turtle_controller_cpp[0m
[100%] Built target turtle_controller_cpp
-- Install configuration: ""
-- Installing: /home/vincent-pc/ros2_jazzy/install/final_project/lib/final_project/turtle_controller_cpp
-- Set non-toolchain portion of runtime path of "/home/vincent-pc/ros2_jazzy/install/final_project/lib/final_project/turtle_controller_cpp" to ""
-- Installing: /home/vincent-pc/ros2_jazzy/install/final_project/share/ament_index/resource_index/package_run_dependencies/final_project
-- Installing: /home/vincent-pc/ros2_jazzy/install/final_project/share/ament_index/resource_index/parent_prefix_path/final_project
-- Installing: /home/vincent-pc/ros2_jazzy/install/final_project/share/final_project/environment/ament_prefix_path.sh
-- Installing: /home/vincent-pc/ros2_jazzy/install/final_project/share/final_project/environment/ament_prefix_path.dsv
-- Installing: /home/vincent-pc/ros2_jazzy/install/final_project/share/final_project/environment/path.sh
-- Installing: /home/vincent-pc/ros2_jazzy/install/final_project/share/final_project/environment/path.dsv
-- Installing: /home/vincent-pc/ros2_jazzy/install/final_project/share/final_project/local_setup.bash
-- Installing: /home/vincent-pc/ros2_jazzy/install/final_project/share/final_project/local_setup.sh
-- Installing: /home/vincent-pc/ros2_jazzy/install/final_project/share/final_project/local_setup.zsh
-- Installing: /home/vincent-pc/ros2_jazzy/install/final_project/share/final_project/local_setup.dsv
-- Installing: /home/vincent-pc/ros2_jazzy/install/final_project/share/final_project/package.dsv
-- Installing: /home/vincent-pc/ros2_jazzy/install/final_project/share/ament_index/resource_index/packages/final_project
-- Installing: /home/vincent-pc/ros2_jazzy/install/final_project/share/final_project/cmake/final_projectConfig.cmake
-- Installing: /home/vincent-pc/ros2_jazzy/install/final_project/share/final_project/cmake/final_projectConfig-version.cmake
-- Installing: /home/vincent-pc/ros2_jazzy/install/final_project/share/final_project/package.xml
