[3.767s] Invoking command in '/home/vincent-pc/ros2_jazzy/src/robot_py': DEBUGINFOD_URLS=https://debuginfod.ubuntu.com PYTHONPATH=/home/vincent-pc/ros2_jazzy/build/robot_py/prefix_override:/usr/lib/python3/dist-packages/colcon_core/task/python/colcon_distutils_commands:/home/vincent-pc/ros2_jazzy/install/robot_py/lib/python3.12/site-packages:${PYTHONPATH} /usr/bin/python3 -W ignore:setup.py install is deprecated -W ignore:easy_install command is deprecated setup.py egg_info --egg-base ../../build/robot_py build --build-base /home/vincent-pc/ros2_jazzy/build/robot_py/build install --record /home/vincent-pc/ros2_jazzy/build/robot_py/install.log --single-version-externally-managed install_data
[4.727s] running egg_info
[4.786s] writing ../../build/robot_py/robot_py.egg-info/PKG-INFO
[4.787s] writing dependency_links to ../../build/robot_py/robot_py.egg-info/dependency_links.txt
[4.789s] writing entry points to ../../build/robot_py/robot_py.egg-info/entry_points.txt
[4.791s] writing requirements to ../../build/robot_py/robot_py.egg-info/requires.txt
[4.792s] writing top-level names to ../../build/robot_py/robot_py.egg-info/top_level.txt
[4.927s] reading manifest file '../../build/robot_py/robot_py.egg-info/SOURCES.txt'
[4.928s] writing manifest file '../../build/robot_py/robot_py.egg-info/SOURCES.txt'
[4.929s] running build
[4.929s] running build_py
[4.934s] running install
[4.957s] running install_lib
[5.047s] running install_data
[5.048s] running install_egg_info
[5.146s] removing '/home/vincent-pc/ros2_jazzy/install/robot_py/lib/python3.12/site-packages/robot_py-0.0.0-py3.12.egg-info' (and everything under it)
[5.146s] Copying ../../build/robot_py/robot_py.egg-info to /home/vincent-pc/ros2_jazzy/install/robot_py/lib/python3.12/site-packages/robot_py-0.0.0-py3.12.egg-info
[5.150s] running install_scripts
[5.691s] Installing joint0_srv_py script to /home/vincent-pc/ros2_jazzy/install/robot_py/lib/robot_py
[5.692s] Installing joint1_srv_py script to /home/vincent-pc/ros2_jazzy/install/robot_py/lib/robot_py
[5.692s] Installing my_robot_j0_py script to /home/vincent-pc/ros2_jazzy/install/robot_py/lib/robot_py
[5.692s] Installing my_robot_j1_py script to /home/vincent-pc/ros2_jazzy/install/robot_py/lib/robot_py
[5.693s] writing list of installed files to '/home/vincent-pc/ros2_jazzy/build/robot_py/install.log'
[5.793s] Invoked command in '/home/vincent-pc/ros2_jazzy/src/robot_py' returned '0': DEBUGINFOD_URLS=https://debuginfod.ubuntu.com PYTHONPATH=/home/vincent-pc/ros2_jazzy/build/robot_py/prefix_override:/usr/lib/python3/dist-packages/colcon_core/task/python/colcon_distutils_commands:/home/vincent-pc/ros2_jazzy/install/robot_py/lib/python3.12/site-packages:${PYTHONPATH} /usr/bin/python3 -W ignore:setup.py install is deprecated -W ignore:easy_install command is deprecated setup.py egg_info --egg-base ../../build/robot_py build --build-base /home/vincent-pc/ros2_jazzy/build/robot_py/build install --record /home/vincent-pc/ros2_jazzy/build/robot_py/install.log --single-version-externally-managed install_data
