[ 16%] Built target count_until_server_policy1_cpp
[ 33%] Built target count_until_client_cpp
[ 66%] Built target count_until_server_cpp
[ 66%] Built target count_until_server_policy_queue_cpp
[ 83%] Built target move_robot_server_cpp
[ 91%] [32mBuilding CXX object CMakeFiles/move_robot_client_cpp.dir/src/move_robot_client.cpp.o[0m
[01m[K/home/vincent-pc/ros2_jazzy/src/actions_cpp/src/move_robot_client.cpp:83:37:[m[K [01;31m[Kerror: [m[K‘[01m[KEmpty[m[K’ does not name a type
   83 |     void callback_cancel_move(const [01;31m[KEmpty[m[K::SharedPtr msg)
      |                                     [01;31m[K^~~~~[m[K
[01m[K/home/vincent-pc/ros2_jazzy/src/actions_cpp/src/move_robot_client.cpp:83:54:[m[K [01;31m[Kerror: [m[Kexpected unqualified-id before ‘[01m[Kmsg[m[K’
   83 |     void callback_cancel_move(const Empty::SharedPtr [01;31m[Kmsg[m[K)
      |                                                      [01;31m[K^~~[m[K
[01m[K/home/vincent-pc/ros2_jazzy/src/actions_cpp/src/move_robot_client.cpp:83:53:[m[K [01;31m[Kerror: [m[Kexpected ‘[01m[K)[m[K’ before ‘[01m[Kmsg[m[K’
   83 |     void callback_cancel_move[34m[K([m[Kconst Empty::SharedPtr[01;31m[K [m[K[32m[Kmsg[m[K)
      |                              [34m[K~[m[K                      [01;31m[K^[m[K[32m[K~~~[m[K
      |                                                     [32m[K)[m[K
[01m[K/home/vincent-pc/ros2_jazzy/src/actions_cpp/src/move_robot_client.cpp:83:44:[m[K [01;31m[Kerror: [m[Kexpected ‘[01m[K;[m[K’ at end of member declaration
   83 |     void callback_cancel_move(const Empty::[01;31m[KSharedPtr[m[K msg)
      |                                            [01;31m[K^~~~~~~~~[m[K
      |                                                     [32m[K;[m[K
[01m[K/home/vincent-pc/ros2_jazzy/src/actions_cpp/src/move_robot_client.cpp:83:54:[m[K [01;31m[Kerror: [m[K‘[01m[Kmsg[m[K’ does not name a type
   83 |     void callback_cancel_move(const Empty::SharedPtr [01;31m[Kmsg[m[K)
      |                                                      [01;31m[K^~~[m[K
[01m[K/home/vincent-pc/ros2_jazzy/src/actions_cpp/src/move_robot_client.cpp:99:20:[m[K [01;31m[Kerror: [m[K‘[01m[Krclcpp[m[K’ in namespace ‘[01m[Krclcpp_action[m[K’ does not name a type
   99 |     rclcpp_action::[01;31m[Krclcpp[m[K::Client<MoveRobot>::SharedPtr move_robot_cleint_;
      |                    [01;31m[K^~~~~~[m[K
[01m[K/home/vincent-pc/ros2_jazzy/src/actions_cpp/src/move_robot_client.cpp:100:26:[m[K [01;31m[Kerror: [m[K‘[01m[KEmpty[m[K’ was not declared in this scope
  100 |     rclcpp::Subscription<[01;31m[KEmpty[m[K>::SharedPtr cancel_subscriber_;
      |                          [01;31m[K^~~~~[m[K
[01m[K/home/vincent-pc/ros2_jazzy/src/actions_cpp/src/move_robot_client.cpp:100:26:[m[K [01;36m[Knote: [m[Ksuggested alternatives:
In file included from [01m[K/opt/ros/jazzy/include/rclcpp/rclcpp/wait_result.hpp:28[m[K,
                 from [01m[K/opt/ros/jazzy/include/rclcpp/rclcpp/executors/executor_entities_collection.hpp:28[m[K,
                 from [01m[K/opt/ros/jazzy/include/rclcpp/rclcpp/executor.hpp:39[m[K,
                 from [01m[K/opt/ros/jazzy/include/rclcpp/rclcpp/executors/multi_threaded_executor.hpp:25[m[K,
                 from [01m[K/opt/ros/jazzy/include/rclcpp/rclcpp/executors.hpp:21[m[K,
                 from [01m[K/opt/ros/jazzy/include/rclcpp/rclcpp/rclcpp.hpp:172[m[K,
                 from [01m[K/home/vincent-pc/ros2_jazzy/src/actions_cpp/src/move_robot_client.cpp:1[m[K:
[01m[K/opt/ros/jazzy/include/rclcpp/rclcpp/wait_result_kind.hpp:28:3:[m[K [01;36m[Knote: [m[K  ‘[01m[Krclcpp::Empty[m[K’
   28 |   [01;36m[KEmpty[m[K,  //<! Kind used when trying to wait on an empty wait set.
      |   [01;36m[K^~~~~[m[K
In file included from [01m[K/opt/ros/jazzy/include/example_interfaces/example_interfaces/msg/empty.hpp:7[m[K,
                 from [01m[K/home/vincent-pc/ros2_jazzy/src/actions_cpp/src/move_robot_client.cpp:4[m[K:
[01m[K/opt/ros/jazzy/include/example_interfaces/example_interfaces/msg/detail/empty__struct.hpp:118:7:[m[K [01;36m[Knote: [m[K  ‘[01m[Kexample_interfaces::msg::Empty[m[K’
  118 | using [01;36m[KEmpty[m[K =
      |       [01;36m[K^~~~~[m[K
[01m[K/home/vincent-pc/ros2_jazzy/src/actions_cpp/src/move_robot_client.cpp:100:31:[m[K [01;31m[Kerror: [m[Ktemplate argument 1 is invalid
  100 |     rclcpp::Subscription<Empty[01;31m[K>[m[K::SharedPtr cancel_subscriber_;
      |                               [01;31m[K^[m[K
[01m[K/home/vincent-pc/ros2_jazzy/src/actions_cpp/src/move_robot_client.cpp:100:31:[m[K [01;31m[Kerror: [m[Ktemplate argument 3 is invalid
[01m[K/home/vincent-pc/ros2_jazzy/src/actions_cpp/src/move_robot_client.cpp:100:31:[m[K [01;31m[Kerror: [m[Ktemplate argument 4 is invalid
[01m[K/home/vincent-pc/ros2_jazzy/src/actions_cpp/src/move_robot_client.cpp:100:31:[m[K [01;31m[Kerror: [m[Ktemplate argument 5 is invalid
[01m[K/home/vincent-pc/ros2_jazzy/src/actions_cpp/src/move_robot_client.cpp:100:34:[m[K [01;31m[Kerror: [m[Kexpected ‘[01m[K;[m[K’ at end of member declaration
  100 |     rclcpp::Subscription<Empty>::[01;31m[KSharedPtr[m[K cancel_subscriber_;
      |                                  [01;31m[K^~~~~~~~~[m[K
      |                                           [32m[K;[m[K
[01m[K/home/vincent-pc/ros2_jazzy/src/actions_cpp/src/move_robot_client.cpp:100:44:[m[K [01;31m[Kerror: [m[K‘[01m[Kcancel_subscriber_[m[K’ does not name a type
  100 |     rclcpp::Subscription<Empty>::SharedPtr [01;31m[Kcancel_subscriber_[m[K;
      |                                            [01;31m[K^~~~~~~~~~~~~~~~~~[m[K
[01m[K/home/vincent-pc/ros2_jazzy/src/actions_cpp/src/move_robot_client.cpp:[m[K In constructor ‘[01m[KMoveRobotClientNode::[01;32m[KMoveRobotClientNode[m[K()[m[K’:
[01m[K/home/vincent-pc/ros2_jazzy/src/actions_cpp/src/move_robot_client.cpp:15:9:[m[K [01;31m[Kerror: [m[K‘[01m[Kmove_robot_client_[m[K’ was not declared in this scope
   15 |         [01;31m[Kmove_robot_client_[m[K = rclcpp_action::create_client<MoveRobot>(this, "move_robot");
      |         [01;31m[K^~~~~~~~~~~~~~~~~~[m[K
[01m[K/home/vincent-pc/ros2_jazzy/src/actions_cpp/src/move_robot_client.cpp:18:9:[m[K [01;31m[Kerror: [m[K‘[01m[Kcancel_subscriber[m[K’ was not declared in this scope
   18 |         [01;31m[Kcancel_subscriber[m[K = this->create_subscription<Empty>(
      |         [01;31m[K^~~~~~~~~~~~~~~~~[m[K
[01m[K/home/vincent-pc/ros2_jazzy/src/actions_cpp/src/move_robot_client.cpp:18:55:[m[K [01;31m[Kerror: [m[K‘[01m[KEmpty[m[K’ was not declared in this scope
   18 |         cancel_subscriber = this->create_subscription<[01;31m[KEmpty[m[K>(
      |                                                       [01;31m[K^~~~~[m[K
[01m[K/home/vincent-pc/ros2_jazzy/src/actions_cpp/src/move_robot_client.cpp:18:55:[m[K [01;36m[Knote: [m[Ksuggested alternatives:
[01m[K/opt/ros/jazzy/include/rclcpp/rclcpp/wait_result_kind.hpp:28:3:[m[K [01;36m[Knote: [m[K  ‘[01m[Krclcpp::Empty[m[K’
   28 |   [01;36m[KEmpty[m[K,  //<! Kind used when trying to wait on an empty wait set.
      |   [01;36m[K^~~~~[m[K
[01m[K/opt/ros/jazzy/include/example_interfaces/example_interfaces/msg/detail/empty__struct.hpp:118:7:[m[K [01;36m[Knote: [m[K  ‘[01m[Kexample_interfaces::msg::Empty[m[K’
  118 | using [01;36m[KEmpty[m[K =
      |       [01;36m[K^~~~~[m[K
[01m[K/home/vincent-pc/ros2_jazzy/src/actions_cpp/src/move_robot_client.cpp:18:61:[m[K [01;31m[Kerror: [m[Kno matching function for call to ‘[01m[KMoveRobotClientNode::create_subscription<<expression error> >(const char [12], int, std::_Bind_helper<false, void (MoveRobotClientNode::*)(...), MoveRobotClientNode*, const std::_Placeholder<1>&>::type)[m[K’
   18 |         cancel_subscriber = [01;31m[Kthis->create_subscription<Empty>([m[K
      |                             [01;31m[K~~~~~~~~~~~~~~~~~~~~~~~~~~~~~~~~^[m[K
   19 | [01;31m[K            "cancel_move", 10, std::bind(&MoveRobotClientNode::callback_cancel_move, this, _1))[m[K;
      |             [01;31m[K~~~~~~~~~~~~~~~~~~~~~~~~~~~~~~~~~~~~~~~~~~~~~~~~~~~~~~~~~~~~~~~~~~~~~~~~~~~~~~~~~~~[m[K
In file included from [01m[K/opt/ros/jazzy/include/rclcpp/rclcpp/executors/single_threaded_executor.hpp:28[m[K,
                 from [01m[K/opt/ros/jazzy/include/rclcpp/rclcpp/executors.hpp:22[m[K:
[01m[K/opt/ros/jazzy/include/rclcpp/rclcpp/node.hpp:221:3:[m[K [01;36m[Knote: [m[Kcandidate: ‘[01m[Ktemplate<class MessageT, class CallbackT, class AllocatorT, class SubscriptionT, class MessageMemoryStrategyT> std::shared_ptr<ROSMessageT> rclcpp::Node::[01;32m[Kcreate_subscription[m[K(const std::string&, const rclcpp::QoS&, CallbackT&&, const rclcpp::SubscriptionOptionsWithAllocator<AllocatorT>&, typename MessageMemoryStrategyT::SharedPtr)[m[K’
  221 |   [01;36m[Kcreate_subscription[m[K(
      |   [01;36m[K^~~~~~~~~~~~~~~~~~~[m[K
[01m[K/opt/ros/jazzy/include/rclcpp/rclcpp/node.hpp:221:3:[m[K [01;36m[Knote: [m[K  template argument deduction/substitution failed:
[01m[K/home/vincent-pc/ros2_jazzy/src/actions_cpp/src/move_robot_client.cpp:18:61:[m[K [01;31m[Kerror: [m[Ktemplate argument 1 is invalid
   18 |         cancel_subscriber = [01;31m[Kthis->create_subscription<Empty>([m[K
      |                             [01;31m[K~~~~~~~~~~~~~~~~~~~~~~~~~~~~~~~~^[m[K
   19 | [01;31m[K            "cancel_move", 10, std::bind(&MoveRobotClientNode::callback_cancel_move, this, _1))[m[K;
      |             [01;31m[K~~~~~~~~~~~~~~~~~~~~~~~~~~~~~~~~~~~~~~~~~~~~~~~~~~~~~~~~~~~~~~~~~~~~~~~~~~~~~~~~~~~[m[K
[01m[K/home/vincent-pc/ros2_jazzy/src/actions_cpp/src/move_robot_client.cpp:[m[K In member function ‘[01m[Kvoid MoveRobotClientNode::[01;32m[Ksend_goal[m[K(int, int)[m[K’:
[01m[K/home/vincent-pc/ros2_jazzy/src/actions_cpp/src/move_robot_client.cpp:24:9:[m[K [01;31m[Kerror: [m[K‘[01m[Kmove_robot_client_[m[K’ was not declared in this scope
   24 |         [01;31m[Kmove_robot_client_[m[K->wait_for_acton_server();
      |         [01;31m[K^~~~~~~~~~~~~~~~~~[m[K
[01m[K/home/vincent-pc/ros2_jazzy/src/actions_cpp/src/move_robot_client.cpp:30:37:[m[K [01;31m[Kerror: [m[Kexpected primary-expression before ‘[01m[K:[m[K’ token
   30 |         auto options = rclcpp_action[01;31m[K:[m[K.Client<MoveRobot>::SendGoalOption():
      |                                     [01;31m[K^[m[K
[01m[K/home/vincent-pc/ros2_jazzy/src/actions_cpp/src/move_robot_client.cpp:32:67:[m[K [01;31m[Kerror: [m[K‘[01m[Kgoal_result_callback[m[K’ is not a member of ‘[01m[KMoveRobotClientNode[m[K’
   32 |         options.result_callback = std::bind(&MoveRobotClientNode::[01;31m[Kgoal_result_callback[m[K, this, _1);
      |                                                                   [01;31m[K^~~~~~~~~~~~~~~~~~~~[m[K
[01m[K/home/vincent-pc/ros2_jazzy/src/actions_cpp/src/move_robot_client.cpp:[m[K In member function ‘[01m[Kvoid MoveRobotClientNode::[01;32m[Kgoal_response_callback[m[K(const rclcpp_action::ClientGoalHandle<my_robot_interfaces::action::MoveRobot>::SharedPtr&)[m[K’:
[01m[K/home/vincent-pc/ros2_jazzy/src/actions_cpp/src/move_robot_client.cpp:52:9:[m[K [01;31m[Kerror: [m[Ka function-definition is not allowed here before ‘[01m[K{[m[K’ token
   52 |         [01;31m[K{[m[K
      |         [01;31m[K^[m[K
[01m[K/home/vincent-pc/ros2_jazzy/src/actions_cpp/src/move_robot_client.cpp:[m[K In member function ‘[01m[Kvoid MoveRobotClientNode::[01;32m[Kcancel_goal[m[K()[m[K’:
[01m[K/home/vincent-pc/ros2_jazzy/src/actions_cpp/src/move_robot_client.cpp:93:19:[m[K [01;31m[Kerror: [m[K‘[01m[Kclass MoveRobotClientNode[m[K’ has no member named ‘[01m[Kmove_robot_client_[m[K’
   93 |             this->[01;31m[Kmove_robot_client_[m[K->async_cancel_all_goals(goal_handle_);
      |                   [01;31m[K^~~~~~~~~~~~~~~~~~[m[K
gmake[2]: *** [CMakeFiles/move_robot_client_cpp.dir/build.make:76: CMakeFiles/move_robot_client_cpp.dir/src/move_robot_client.cpp.o] Error 1
gmake[1]: *** [CMakeFiles/Makefile2:277: CMakeFiles/move_robot_client_cpp.dir/all] Error 2
gmake: *** [Makefile:146: all] Error 2
