[1.870s] Invoking command in '/home/vincent-pc/ros2_jazzy/build/my_robot_python': DEBUGINFOD_URLS=https://debuginfod.ubuntu.com PYTHONPATH=/home/vincent-pc/ros2_jazzy/build/my_robot_python/prefix_override:/usr/lib/python3/dist-packages/colcon_core/task/python/colcon_distutils_commands:/home/vincent-pc/ros2_jazzy/install/my_robot_python/lib/python3.12/site-packages:${PYTHONPATH} /usr/bin/python3 -W ignore:setup.py install is deprecated -W ignore:easy_install command is deprecated setup.py develop --editable --build-directory /home/vincent-pc/ros2_jazzy/build/my_robot_python/build --no-deps symlink_data
[2.732s] running develop
[3.211s] running egg_info
[3.256s] writing my_robot_python.egg-info/PKG-INFO
[3.257s] writing dependency_links to my_robot_python.egg-info/dependency_links.txt
[3.258s] writing entry points to my_robot_python.egg-info/entry_points.txt
[3.258s] writing requirements to my_robot_python.egg-info/requires.txt
[3.258s] writing top-level names to my_robot_python.egg-info/top_level.txt
[3.355s] reading manifest file 'my_robot_python.egg-info/SOURCES.txt'
[3.358s] writing manifest file 'my_robot_python.egg-info/SOURCES.txt'
[3.415s] running build_ext
[3.416s] Creating /home/vincent-pc/ros2_jazzy/install/my_robot_python/lib/python3.12/site-packages/my-robot-python.egg-link (link to .)
[3.416s] Installing joint0_srv_py script to /home/vincent-pc/ros2_jazzy/install/my_robot_python/lib/my_robot_python
[3.417s] Installing joint1_srv_py script to /home/vincent-pc/ros2_jazzy/install/my_robot_python/lib/my_robot_python
[3.420s] Installing my_robot_j0_py script to /home/vincent-pc/ros2_jazzy/install/my_robot_python/lib/my_robot_python
[3.421s] Installing my_robot_j1_py script to /home/vincent-pc/ros2_jazzy/install/my_robot_python/lib/my_robot_python
[3.421s] 
[3.421s] Installed /home/vincent-pc/ros2_jazzy/build/my_robot_python
[3.421s] running symlink_data
[3.502s] Invoked command in '/home/vincent-pc/ros2_jazzy/build/my_robot_python' returned '0': DEBUGINFOD_URLS=https://debuginfod.ubuntu.com PYTHONPATH=/home/vincent-pc/ros2_jazzy/build/my_robot_python/prefix_override:/usr/lib/python3/dist-packages/colcon_core/task/python/colcon_distutils_commands:/home/vincent-pc/ros2_jazzy/install/my_robot_python/lib/python3.12/site-packages:${PYTHONPATH} /usr/bin/python3 -W ignore:setup.py install is deprecated -W ignore:easy_install command is deprecated setup.py develop --editable --build-directory /home/vincent-pc/ros2_jazzy/build/my_robot_python/build --no-deps symlink_data
