[1.170s] Invoking command in '/home/vincent-pc/ros2_jazzy/build/my_robot_python': DEBUGINFOD_URLS=https://debuginfod.ubuntu.com PYTHONPATH=/home/vincent-pc/ros2_jazzy/build/my_robot_python/prefix_override:/usr/lib/python3/dist-packages/colcon_core/task/python/colcon_distutils_commands:/home/vincent-pc/ros2_jazzy/install/my_robot_python/lib/python3.12/site-packages:${PYTHONPATH} /usr/bin/python3 -W ignore:setup.py install is deprecated -W ignore:easy_install command is deprecated setup.py develop --uninstall --editable --build-directory /home/vincent-pc/ros2_jazzy/build/my_robot_python/build
[1.509s] running develop
[1.779s] Removing /home/vincent-pc/ros2_jazzy/install/my_robot_python/lib/python3.12/site-packages/my-robot-python.egg-link (link to .)
[1.836s] Invoked command in '/home/vincent-pc/ros2_jazzy/build/my_robot_python' returned '0': DEBUGINFOD_URLS=https://debuginfod.ubuntu.com PYTHONPATH=/home/vincent-pc/ros2_jazzy/build/my_robot_python/prefix_override:/usr/lib/python3/dist-packages/colcon_core/task/python/colcon_distutils_commands:/home/vincent-pc/ros2_jazzy/install/my_robot_python/lib/python3.12/site-packages:${PYTHONPATH} /usr/bin/python3 -W ignore:setup.py install is deprecated -W ignore:easy_install command is deprecated setup.py develop --uninstall --editable --build-directory /home/vincent-pc/ros2_jazzy/build/my_robot_python/build
[1.838s] Invoking command in '/home/vincent-pc/ros2_jazzy/src/my_robot_python': DEBUGINFOD_URLS=https://debuginfod.ubuntu.com PYTHONPATH=/home/vincent-pc/ros2_jazzy/build/my_robot_python/prefix_override:/usr/lib/python3/dist-packages/colcon_core/task/python/colcon_distutils_commands:/home/vincent-pc/ros2_jazzy/install/my_robot_python/lib/python3.12/site-packages:${PYTHONPATH} /usr/bin/python3 -W ignore:setup.py install is deprecated -W ignore:easy_install command is deprecated setup.py egg_info --egg-base ../../build/my_robot_python build --build-base /home/vincent-pc/ros2_jazzy/build/my_robot_python/build install --record /home/vincent-pc/ros2_jazzy/build/my_robot_python/install.log --single-version-externally-managed install_data --force
[2.144s] running egg_info
[2.179s] writing ../../build/my_robot_python/my_robot_python.egg-info/PKG-INFO
[2.179s] writing dependency_links to ../../build/my_robot_python/my_robot_python.egg-info/dependency_links.txt
[2.179s] writing entry points to ../../build/my_robot_python/my_robot_python.egg-info/entry_points.txt
[2.180s] writing requirements to ../../build/my_robot_python/my_robot_python.egg-info/requires.txt
[2.180s] writing top-level names to ../../build/my_robot_python/my_robot_python.egg-info/top_level.txt
[2.245s] reading manifest file '../../build/my_robot_python/my_robot_python.egg-info/SOURCES.txt'
[2.246s] writing manifest file '../../build/my_robot_python/my_robot_python.egg-info/SOURCES.txt'
[2.247s] running build
[2.247s] running build_py
[2.247s] running install
[2.255s] running install_lib
[2.279s] creating /home/vincent-pc/ros2_jazzy/install/my_robot_python/lib/python3.12/site-packages/my_robot_python
[2.279s] copying /home/vincent-pc/ros2_jazzy/build/my_robot_python/build/lib/my_robot_python/Template.py -> /home/vincent-pc/ros2_jazzy/install/my_robot_python/lib/python3.12/site-packages/my_robot_python
[2.279s] copying /home/vincent-pc/ros2_jazzy/build/my_robot_python/build/lib/my_robot_python/my_robot_joint1.py -> /home/vincent-pc/ros2_jazzy/install/my_robot_python/lib/python3.12/site-packages/my_robot_python
[2.279s] copying /home/vincent-pc/ros2_jazzy/build/my_robot_python/build/lib/my_robot_python/my_robot_joint1_srv.py -> /home/vincent-pc/ros2_jazzy/install/my_robot_python/lib/python3.12/site-packages/my_robot_python
[2.280s] copying /home/vincent-pc/ros2_jazzy/build/my_robot_python/build/lib/my_robot_python/my_robot.py -> /home/vincent-pc/ros2_jazzy/install/my_robot_python/lib/python3.12/site-packages/my_robot_python
[2.280s] copying /home/vincent-pc/ros2_jazzy/build/my_robot_python/build/lib/my_robot_python/__init__.py -> /home/vincent-pc/ros2_jazzy/install/my_robot_python/lib/python3.12/site-packages/my_robot_python
[2.280s] copying /home/vincent-pc/ros2_jazzy/build/my_robot_python/build/lib/my_robot_python/my_robot_master_action.py -> /home/vincent-pc/ros2_jazzy/install/my_robot_python/lib/python3.12/site-packages/my_robot_python
[2.280s] copying /home/vincent-pc/ros2_jazzy/build/my_robot_python/build/lib/my_robot_python/my_robot_joint0.py -> /home/vincent-pc/ros2_jazzy/install/my_robot_python/lib/python3.12/site-packages/my_robot_python
[2.280s] copying /home/vincent-pc/ros2_jazzy/build/my_robot_python/build/lib/my_robot_python/my_robot_joint0_srv.py -> /home/vincent-pc/ros2_jazzy/install/my_robot_python/lib/python3.12/site-packages/my_robot_python
[2.281s] byte-compiling /home/vincent-pc/ros2_jazzy/install/my_robot_python/lib/python3.12/site-packages/my_robot_python/Template.py to Template.cpython-312.pyc
[2.281s] byte-compiling /home/vincent-pc/ros2_jazzy/install/my_robot_python/lib/python3.12/site-packages/my_robot_python/my_robot_joint1.py to my_robot_joint1.cpython-312.pyc
[2.282s] byte-compiling /home/vincent-pc/ros2_jazzy/install/my_robot_python/lib/python3.12/site-packages/my_robot_python/my_robot_joint1_srv.py to my_robot_joint1_srv.cpython-312.pyc
[2.284s] byte-compiling /home/vincent-pc/ros2_jazzy/install/my_robot_python/lib/python3.12/site-packages/my_robot_python/my_robot.py to my_robot.cpython-312.pyc
[2.285s] byte-compiling /home/vincent-pc/ros2_jazzy/install/my_robot_python/lib/python3.12/site-packages/my_robot_python/__init__.py to __init__.cpython-312.pyc
[2.285s] byte-compiling /home/vincent-pc/ros2_jazzy/install/my_robot_python/lib/python3.12/site-packages/my_robot_python/my_robot_master_action.py to my_robot_master_action.cpython-312.pyc
[2.286s] byte-compiling /home/vincent-pc/ros2_jazzy/install/my_robot_python/lib/python3.12/site-packages/my_robot_python/my_robot_joint0.py to my_robot_joint0.cpython-312.pyc
[2.287s] byte-compiling /home/vincent-pc/ros2_jazzy/install/my_robot_python/lib/python3.12/site-packages/my_robot_python/my_robot_joint0_srv.py to my_robot_joint0_srv.cpython-312.pyc
[2.289s] running install_data
[2.290s] copying resource/my_robot_python -> /home/vincent-pc/ros2_jazzy/install/my_robot_python/share/ament_index/resource_index/packages
[2.290s] copying package.xml -> /home/vincent-pc/ros2_jazzy/install/my_robot_python/share/my_robot_python
[2.290s] running install_egg_info
[2.318s] Copying ../../build/my_robot_python/my_robot_python.egg-info to /home/vincent-pc/ros2_jazzy/install/my_robot_python/lib/python3.12/site-packages/my_robot_python-0.0.0-py3.12.egg-info
[2.319s] running install_scripts
[2.567s] Installing joint0_srv_py script to /home/vincent-pc/ros2_jazzy/install/my_robot_python/lib/my_robot_python
[2.567s] Installing joint1_srv_py script to /home/vincent-pc/ros2_jazzy/install/my_robot_python/lib/my_robot_python
[2.568s] Installing my_robot_j0_py script to /home/vincent-pc/ros2_jazzy/install/my_robot_python/lib/my_robot_python
[2.568s] Installing my_robot_j1_py script to /home/vincent-pc/ros2_jazzy/install/my_robot_python/lib/my_robot_python
[2.568s] writing list of installed files to '/home/vincent-pc/ros2_jazzy/build/my_robot_python/install.log'
[2.627s] Invoked command in '/home/vincent-pc/ros2_jazzy/src/my_robot_python' returned '0': DEBUGINFOD_URLS=https://debuginfod.ubuntu.com PYTHONPATH=/home/vincent-pc/ros2_jazzy/build/my_robot_python/prefix_override:/usr/lib/python3/dist-packages/colcon_core/task/python/colcon_distutils_commands:/home/vincent-pc/ros2_jazzy/install/my_robot_python/lib/python3.12/site-packages:${PYTHONPATH} /usr/bin/python3 -W ignore:setup.py install is deprecated -W ignore:easy_install command is deprecated setup.py egg_info --egg-base ../../build/my_robot_python build --build-base /home/vincent-pc/ros2_jazzy/build/my_robot_python/build install --record /home/vincent-pc/ros2_jazzy/build/my_robot_python/install.log --single-version-externally-managed install_data --force
