[3.681s] Invoking command in '/home/vincent-pc/ros2_jazzy/build/robot_py': DEBUGINFOD_URLS=https://debuginfod.ubuntu.com PYTHONPATH=/home/vincent-pc/ros2_jazzy/build/robot_py/prefix_override:/usr/lib/python3/dist-packages/colcon_core/task/python/colcon_distutils_commands:/home/vincent-pc/ros2_jazzy/install/robot_py/lib/python3.12/site-packages:${PYTHONPATH} /usr/bin/python3 -W ignore:setup.py install is deprecated -W ignore:easy_install command is deprecated setup.py develop --uninstall --editable --build-directory /home/vincent-pc/ros2_jazzy/build/robot_py/build
[4.742s] running develop
[5.404s] Removing /home/vincent-pc/ros2_jazzy/install/robot_py/lib/python3.12/site-packages/robot-py.egg-link (link to .)
[5.644s] Invoked command in '/home/vincent-pc/ros2_jazzy/build/robot_py' returned '0': DEBUGINFOD_URLS=https://debuginfod.ubuntu.com PYTHONPATH=/home/vincent-pc/ros2_jazzy/build/robot_py/prefix_override:/usr/lib/python3/dist-packages/colcon_core/task/python/colcon_distutils_commands:/home/vincent-pc/ros2_jazzy/install/robot_py/lib/python3.12/site-packages:${PYTHONPATH} /usr/bin/python3 -W ignore:setup.py install is deprecated -W ignore:easy_install command is deprecated setup.py develop --uninstall --editable --build-directory /home/vincent-pc/ros2_jazzy/build/robot_py/build
[5.647s] Invoking command in '/home/vincent-pc/ros2_jazzy/src/robot_py': DEBUGINFOD_URLS=https://debuginfod.ubuntu.com PYTHONPATH=/home/vincent-pc/ros2_jazzy/build/robot_py/prefix_override:/usr/lib/python3/dist-packages/colcon_core/task/python/colcon_distutils_commands:/home/vincent-pc/ros2_jazzy/install/robot_py/lib/python3.12/site-packages:${PYTHONPATH} /usr/bin/python3 -W ignore:setup.py install is deprecated -W ignore:easy_install command is deprecated setup.py egg_info --egg-base ../../build/robot_py build --build-base /home/vincent-pc/ros2_jazzy/build/robot_py/build install --record /home/vincent-pc/ros2_jazzy/build/robot_py/install.log --single-version-externally-managed install_data --force
[6.789s] running egg_info
[6.849s] writing ../../build/robot_py/robot_py.egg-info/PKG-INFO
[6.849s] writing dependency_links to ../../build/robot_py/robot_py.egg-info/dependency_links.txt
[6.851s] writing entry points to ../../build/robot_py/robot_py.egg-info/entry_points.txt
[6.854s] writing requirements to ../../build/robot_py/robot_py.egg-info/requires.txt
[6.856s] writing top-level names to ../../build/robot_py/robot_py.egg-info/top_level.txt
[6.990s] reading manifest file '../../build/robot_py/robot_py.egg-info/SOURCES.txt'
[6.992s] writing manifest file '../../build/robot_py/robot_py.egg-info/SOURCES.txt'
[6.992s] running build
[6.992s] running build_py
[6.993s] running install
[7.013s] running install_lib
[7.078s] creating /home/vincent-pc/ros2_jazzy/install/robot_py/lib/python3.12/site-packages/robot_py
[7.079s] copying /home/vincent-pc/ros2_jazzy/build/robot_py/build/lib/robot_py/Template.py -> /home/vincent-pc/ros2_jazzy/install/robot_py/lib/python3.12/site-packages/robot_py
[7.082s] copying /home/vincent-pc/ros2_jazzy/build/robot_py/build/lib/robot_py/my_robot_joint1.py -> /home/vincent-pc/ros2_jazzy/install/robot_py/lib/python3.12/site-packages/robot_py
[7.082s] copying /home/vincent-pc/ros2_jazzy/build/robot_py/build/lib/robot_py/my_robot_joint1_srv.py -> /home/vincent-pc/ros2_jazzy/install/robot_py/lib/python3.12/site-packages/robot_py
[7.082s] copying /home/vincent-pc/ros2_jazzy/build/robot_py/build/lib/robot_py/my_robot.py -> /home/vincent-pc/ros2_jazzy/install/robot_py/lib/python3.12/site-packages/robot_py
[7.083s] copying /home/vincent-pc/ros2_jazzy/build/robot_py/build/lib/robot_py/__init__.py -> /home/vincent-pc/ros2_jazzy/install/robot_py/lib/python3.12/site-packages/robot_py
[7.083s] copying /home/vincent-pc/ros2_jazzy/build/robot_py/build/lib/robot_py/my_robot_master_action.py -> /home/vincent-pc/ros2_jazzy/install/robot_py/lib/python3.12/site-packages/robot_py
[7.090s] copying /home/vincent-pc/ros2_jazzy/build/robot_py/build/lib/robot_py/my_robot_joint0.py -> /home/vincent-pc/ros2_jazzy/install/robot_py/lib/python3.12/site-packages/robot_py
[7.090s] copying /home/vincent-pc/ros2_jazzy/build/robot_py/build/lib/robot_py/my_robot_joint0_srv.py -> /home/vincent-pc/ros2_jazzy/install/robot_py/lib/python3.12/site-packages/robot_py
[7.090s] byte-compiling /home/vincent-pc/ros2_jazzy/install/robot_py/lib/python3.12/site-packages/robot_py/Template.py to Template.cpython-312.pyc
[7.090s] byte-compiling /home/vincent-pc/ros2_jazzy/install/robot_py/lib/python3.12/site-packages/robot_py/my_robot_joint1.py to my_robot_joint1.cpython-312.pyc
[7.098s] byte-compiling /home/vincent-pc/ros2_jazzy/install/robot_py/lib/python3.12/site-packages/robot_py/my_robot_joint1_srv.py to my_robot_joint1_srv.cpython-312.pyc
[7.101s] byte-compiling /home/vincent-pc/ros2_jazzy/install/robot_py/lib/python3.12/site-packages/robot_py/my_robot.py to my_robot.cpython-312.pyc
[7.101s] byte-compiling /home/vincent-pc/ros2_jazzy/install/robot_py/lib/python3.12/site-packages/robot_py/__init__.py to __init__.cpython-312.pyc
[7.101s] byte-compiling /home/vincent-pc/ros2_jazzy/install/robot_py/lib/python3.12/site-packages/robot_py/my_robot_master_action.py to my_robot_master_action.cpython-312.pyc
[7.104s] byte-compiling /home/vincent-pc/ros2_jazzy/install/robot_py/lib/python3.12/site-packages/robot_py/my_robot_joint0.py to my_robot_joint0.cpython-312.pyc
[7.111s] byte-compiling /home/vincent-pc/ros2_jazzy/install/robot_py/lib/python3.12/site-packages/robot_py/my_robot_joint0_srv.py to my_robot_joint0_srv.cpython-312.pyc
[7.111s] running install_data
[7.112s] copying resource/robot_py -> /home/vincent-pc/ros2_jazzy/install/robot_py/share/ament_index/resource_index/packages
[7.112s] copying package.xml -> /home/vincent-pc/ros2_jazzy/install/robot_py/share/robot_py
[7.112s] running install_egg_info
[7.173s] Copying ../../build/robot_py/robot_py.egg-info to /home/vincent-pc/ros2_jazzy/install/robot_py/lib/python3.12/site-packages/robot_py-0.0.0-py3.12.egg-info
[7.177s] running install_scripts
[7.751s] Installing joint0_srv_py script to /home/vincent-pc/ros2_jazzy/install/robot_py/lib/robot_py
[7.752s] Installing joint1_srv_py script to /home/vincent-pc/ros2_jazzy/install/robot_py/lib/robot_py
[7.754s] Installing my_robot_j0_py script to /home/vincent-pc/ros2_jazzy/install/robot_py/lib/robot_py
[7.759s] Installing my_robot_j1_py script to /home/vincent-pc/ros2_jazzy/install/robot_py/lib/robot_py
[7.759s] writing list of installed files to '/home/vincent-pc/ros2_jazzy/build/robot_py/install.log'
[8.517s] Invoked command in '/home/vincent-pc/ros2_jazzy/src/robot_py' returned '0': DEBUGINFOD_URLS=https://debuginfod.ubuntu.com PYTHONPATH=/home/vincent-pc/ros2_jazzy/build/robot_py/prefix_override:/usr/lib/python3/dist-packages/colcon_core/task/python/colcon_distutils_commands:/home/vincent-pc/ros2_jazzy/install/robot_py/lib/python3.12/site-packages:${PYTHONPATH} /usr/bin/python3 -W ignore:setup.py install is deprecated -W ignore:easy_install command is deprecated setup.py egg_info --egg-base ../../build/robot_py build --build-base /home/vincent-pc/ros2_jazzy/build/robot_py/build install --record /home/vincent-pc/ros2_jazzy/build/robot_py/install.log --single-version-externally-managed install_data --force
