[1.153s] Invoking command in '/home/vincent-pc/ros2_jazzy/src/my_robot_python': DEBUGINFOD_URLS=https://debuginfod.ubuntu.com PYTHONPATH=/home/vincent-pc/ros2_jazzy/src/build/my_robot_python/prefix_override:/usr/lib/python3/dist-packages/colcon_core/task/python/colcon_distutils_commands:/home/vincent-pc/ros2_jazzy/src/install/my_robot_python/lib/python3.12/site-packages:${PYTHONPATH} /usr/bin/python3 -W ignore:setup.py install is deprecated -W ignore:easy_install command is deprecated setup.py egg_info --egg-base ../build/my_robot_python build --build-base /home/vincent-pc/ros2_jazzy/src/build/my_robot_python/build install --record /home/vincent-pc/ros2_jazzy/src/build/my_robot_python/install.log --single-version-externally-managed install_data
[1.464s] running egg_info
[1.487s] writing ../build/my_robot_python/my_robot_python.egg-info/PKG-INFO
[1.488s] writing dependency_links to ../build/my_robot_python/my_robot_python.egg-info/dependency_links.txt
[1.488s] writing entry points to ../build/my_robot_python/my_robot_python.egg-info/entry_points.txt
[1.488s] writing requirements to ../build/my_robot_python/my_robot_python.egg-info/requires.txt
[1.489s] writing top-level names to ../build/my_robot_python/my_robot_python.egg-info/top_level.txt
[1.537s] reading manifest file '../build/my_robot_python/my_robot_python.egg-info/SOURCES.txt'
[1.539s] writing manifest file '../build/my_robot_python/my_robot_python.egg-info/SOURCES.txt'
[1.539s] running build
[1.539s] running build_py
[1.540s] running install
[1.550s] running install_lib
[1.578s] running install_data
[1.578s] running install_egg_info
[1.604s] removing '/home/vincent-pc/ros2_jazzy/src/install/my_robot_python/lib/python3.12/site-packages/my_robot_python-0.0.0-py3.12.egg-info' (and everything under it)
[1.604s] Copying ../build/my_robot_python/my_robot_python.egg-info to /home/vincent-pc/ros2_jazzy/src/install/my_robot_python/lib/python3.12/site-packages/my_robot_python-0.0.0-py3.12.egg-info
[1.605s] running install_scripts
[1.751s] Installing joint0_srv_py script to /home/vincent-pc/ros2_jazzy/src/install/my_robot_python/lib/my_robot_python
[1.751s] Installing joint1_srv_py script to /home/vincent-pc/ros2_jazzy/src/install/my_robot_python/lib/my_robot_python
[1.751s] Installing my_robot_j0_py script to /home/vincent-pc/ros2_jazzy/src/install/my_robot_python/lib/my_robot_python
[1.751s] Installing my_robot_j1_py script to /home/vincent-pc/ros2_jazzy/src/install/my_robot_python/lib/my_robot_python
[1.752s] writing list of installed files to '/home/vincent-pc/ros2_jazzy/src/build/my_robot_python/install.log'
[1.826s] Invoked command in '/home/vincent-pc/ros2_jazzy/src/my_robot_python' returned '0': DEBUGINFOD_URLS=https://debuginfod.ubuntu.com PYTHONPATH=/home/vincent-pc/ros2_jazzy/src/build/my_robot_python/prefix_override:/usr/lib/python3/dist-packages/colcon_core/task/python/colcon_distutils_commands:/home/vincent-pc/ros2_jazzy/src/install/my_robot_python/lib/python3.12/site-packages:${PYTHONPATH} /usr/bin/python3 -W ignore:setup.py install is deprecated -W ignore:easy_install command is deprecated setup.py egg_info --egg-base ../build/my_robot_python build --build-base /home/vincent-pc/ros2_jazzy/src/build/my_robot_python/build install --record /home/vincent-pc/ros2_jazzy/src/build/my_robot_python/install.log --single-version-externally-managed install_data
