-- Found ament_cmake: 2.5.4 (/opt/ros/jazzy/share/ament_cmake/cmake)
-- Found rclcpp: 28.1.13 (/opt/ros/jazzy/share/rclcpp/cmake)
-- Found rosidl_generator_c: 4.6.6 (/opt/ros/jazzy/share/rosidl_generator_c/cmake)
-- Found rosidl_generator_cpp: 4.6.6 (/opt/ros/jazzy/share/rosidl_generator_cpp/cmake)
-- Using all available rosidl_typesupport_c: rosidl_typesupport_fastrtps_c;rosidl_typesupport_introspection_c
-- Using all available rosidl_typesupport_cpp: rosidl_typesupport_fastrtps_cpp;rosidl_typesupport_introspection_cpp
-- Found rmw_implementation_cmake: 7.3.2 (/opt/ros/jazzy/share/rmw_implementation_cmake/cmake)
-- Found rmw_fastrtps_cpp: 8.4.3 (/opt/ros/jazzy/share/rmw_fastrtps_cpp/cmake)
-- Using RMW implementation 'rmw_fastrtps_cpp' as default
-- Found rclcpp_action: 28.1.13 (/opt/ros/jazzy/share/rclcpp_action/cmake)
-- Found rclcpp_lifecycle: 28.1.13 (/opt/ros/jazzy/share/rclcpp_lifecycle/cmake)
-- Found rclcpp_components: 28.1.13 (/opt/ros/jazzy/share/rclcpp_components/cmake)
-- Found my_robot_interfaces: 0.0.0 (/home/vincent-pc/ros2_jazzy/install/my_robot_interfaces/share/my_robot_interfaces/cmake)
-- Found example_interfaces: 0.12.0 (/opt/ros/jazzy/share/example_interfaces/cmake)
-- Configuring done (0.7s)
-- Generating done (0.0s)
-- Build files have been written to: /home/vincent-pc/ros2_jazzy/build/components_cpp
[ 16%] [32mBuilding CXX object CMakeFiles/number_pub_component.dir/src/number_publisher.cpp.o[0m
[ 83%] Built target manual_composition
[100%] [32m[1mLinking CXX shared library libnumber_pub_component.so[0m
[100%] Built target number_pub_component
-- Install configuration: ""
-- Installing: /home/vincent-pc/ros2_jazzy/install/components_cpp/lib/libnumber_pub_component.so
-- Set non-toolchain portion of runtime path of "/home/vincent-pc/ros2_jazzy/install/components_cpp/lib/libnumber_pub_component.so" to ""
-- Up-to-date: /home/vincent-pc/ros2_jazzy/install/components_cpp/lib/components_cpp/manual_composition
-- Installing: /home/vincent-pc/ros2_jazzy/install/components_cpp/share/ament_index/resource_index/package_run_dependencies/components_cpp
-- Installing: /home/vincent-pc/ros2_jazzy/install/components_cpp/share/ament_index/resource_index/parent_prefix_path/components_cpp
-- Up-to-date: /home/vincent-pc/ros2_jazzy/install/components_cpp/share/components_cpp/environment/ament_prefix_path.sh
-- Up-to-date: /home/vincent-pc/ros2_jazzy/install/components_cpp/share/components_cpp/environment/ament_prefix_path.dsv
-- Up-to-date: /home/vincent-pc/ros2_jazzy/install/components_cpp/share/components_cpp/environment/path.sh
-- Up-to-date: /home/vincent-pc/ros2_jazzy/install/components_cpp/share/components_cpp/environment/path.dsv
-- Up-to-date: /home/vincent-pc/ros2_jazzy/install/components_cpp/share/components_cpp/local_setup.bash
-- Up-to-date: /home/vincent-pc/ros2_jazzy/install/components_cpp/share/components_cpp/local_setup.sh
-- Up-to-date: /home/vincent-pc/ros2_jazzy/install/components_cpp/share/components_cpp/local_setup.zsh
-- Up-to-date: /home/vincent-pc/ros2_jazzy/install/components_cpp/share/components_cpp/local_setup.dsv
-- Installing: /home/vincent-pc/ros2_jazzy/install/components_cpp/share/components_cpp/package.dsv
-- Up-to-date: /home/vincent-pc/ros2_jazzy/install/components_cpp/share/ament_index/resource_index/packages/components_cpp
-- Installing: /home/vincent-pc/ros2_jazzy/install/components_cpp/share/ament_index/resource_index/rclcpp_components/components_cpp
-- Up-to-date: /home/vincent-pc/ros2_jazzy/install/components_cpp/share/components_cpp/cmake/components_cppConfig.cmake
-- Up-to-date: /home/vincent-pc/ros2_jazzy/install/components_cpp/share/components_cpp/cmake/components_cppConfig-version.cmake
-- Installing: /home/vincent-pc/ros2_jazzy/install/components_cpp/share/components_cpp/package.xml
