running egg_info
creating ../../build/robot_py/robot_py.egg-info
writing ../../build/robot_py/robot_py.egg-info/PKG-INFO
writing dependency_links to ../../build/robot_py/robot_py.egg-info/dependency_links.txt
writing entry points to ../../build/robot_py/robot_py.egg-info/entry_points.txt
writing requirements to ../../build/robot_py/robot_py.egg-info/requires.txt
writing top-level names to ../../build/robot_py/robot_py.egg-info/top_level.txt
writing manifest file '../../build/robot_py/robot_py.egg-info/SOURCES.txt'
reading manifest file '../../build/robot_py/robot_py.egg-info/SOURCES.txt'
writing manifest file '../../build/robot_py/robot_py.egg-info/SOURCES.txt'
running build
running build_py
creating /home/vincent-pc/ros2_jazzy/build/robot_py/build
creating /home/vincent-pc/ros2_jazzy/build/robot_py/build/lib
creating /home/vincent-pc/ros2_jazzy/build/robot_py/build/lib/my_robot_python
copying my_robot_python/Template.py -> /home/vincent-pc/ros2_jazzy/build/robot_py/build/lib/my_robot_python
copying my_robot_python/my_robot_joint1.py -> /home/vincent-pc/ros2_jazzy/build/robot_py/build/lib/my_robot_python
copying my_robot_python/my_robot_joint1_srv.py -> /home/vincent-pc/ros2_jazzy/build/robot_py/build/lib/my_robot_python
copying my_robot_python/my_robot.py -> /home/vincent-pc/ros2_jazzy/build/robot_py/build/lib/my_robot_python
copying my_robot_python/__init__.py -> /home/vincent-pc/ros2_jazzy/build/robot_py/build/lib/my_robot_python
copying my_robot_python/my_robot_master_action.py -> /home/vincent-pc/ros2_jazzy/build/robot_py/build/lib/my_robot_python
copying my_robot_python/my_robot_joint0.py -> /home/vincent-pc/ros2_jazzy/build/robot_py/build/lib/my_robot_python
copying my_robot_python/my_robot_joint0_srv.py -> /home/vincent-pc/ros2_jazzy/build/robot_py/build/lib/my_robot_python
running install
running install_lib
creating /home/vincent-pc/ros2_jazzy/install/robot_py/lib/python3.12/site-packages/my_robot_python
copying /home/vincent-pc/ros2_jazzy/build/robot_py/build/lib/my_robot_python/Template.py -> /home/vincent-pc/ros2_jazzy/install/robot_py/lib/python3.12/site-packages/my_robot_python
copying /home/vincent-pc/ros2_jazzy/build/robot_py/build/lib/my_robot_python/my_robot_joint1.py -> /home/vincent-pc/ros2_jazzy/install/robot_py/lib/python3.12/site-packages/my_robot_python
copying /home/vincent-pc/ros2_jazzy/build/robot_py/build/lib/my_robot_python/my_robot_joint1_srv.py -> /home/vincent-pc/ros2_jazzy/install/robot_py/lib/python3.12/site-packages/my_robot_python
copying /home/vincent-pc/ros2_jazzy/build/robot_py/build/lib/my_robot_python/my_robot.py -> /home/vincent-pc/ros2_jazzy/install/robot_py/lib/python3.12/site-packages/my_robot_python
copying /home/vincent-pc/ros2_jazzy/build/robot_py/build/lib/my_robot_python/__init__.py -> /home/vincent-pc/ros2_jazzy/install/robot_py/lib/python3.12/site-packages/my_robot_python
copying /home/vincent-pc/ros2_jazzy/build/robot_py/build/lib/my_robot_python/my_robot_master_action.py -> /home/vincent-pc/ros2_jazzy/install/robot_py/lib/python3.12/site-packages/my_robot_python
copying /home/vincent-pc/ros2_jazzy/build/robot_py/build/lib/my_robot_python/my_robot_joint0.py -> /home/vincent-pc/ros2_jazzy/install/robot_py/lib/python3.12/site-packages/my_robot_python
copying /home/vincent-pc/ros2_jazzy/build/robot_py/build/lib/my_robot_python/my_robot_joint0_srv.py -> /home/vincent-pc/ros2_jazzy/install/robot_py/lib/python3.12/site-packages/my_robot_python
byte-compiling /home/vincent-pc/ros2_jazzy/install/robot_py/lib/python3.12/site-packages/my_robot_python/Template.py to Template.cpython-312.pyc
byte-compiling /home/vincent-pc/ros2_jazzy/install/robot_py/lib/python3.12/site-packages/my_robot_python/my_robot_joint1.py to my_robot_joint1.cpython-312.pyc
byte-compiling /home/vincent-pc/ros2_jazzy/install/robot_py/lib/python3.12/site-packages/my_robot_python/my_robot_joint1_srv.py to my_robot_joint1_srv.cpython-312.pyc
byte-compiling /home/vincent-pc/ros2_jazzy/install/robot_py/lib/python3.12/site-packages/my_robot_python/my_robot.py to my_robot.cpython-312.pyc
byte-compiling /home/vincent-pc/ros2_jazzy/install/robot_py/lib/python3.12/site-packages/my_robot_python/__init__.py to __init__.cpython-312.pyc
byte-compiling /home/vincent-pc/ros2_jazzy/install/robot_py/lib/python3.12/site-packages/my_robot_python/my_robot_master_action.py to my_robot_master_action.cpython-312.pyc
byte-compiling /home/vincent-pc/ros2_jazzy/install/robot_py/lib/python3.12/site-packages/my_robot_python/my_robot_joint0.py to my_robot_joint0.cpython-312.pyc
byte-compiling /home/vincent-pc/ros2_jazzy/install/robot_py/lib/python3.12/site-packages/my_robot_python/my_robot_joint0_srv.py to my_robot_joint0_srv.cpython-312.pyc
running install_data
creating /home/vincent-pc/ros2_jazzy/install/robot_py/share/ament_index
creating /home/vincent-pc/ros2_jazzy/install/robot_py/share/ament_index/resource_index
creating /home/vincent-pc/ros2_jazzy/install/robot_py/share/ament_index/resource_index/packages
