[0.019s] Invoking command in '/home/vincent-pc/ros2_jazzy/build/actions_cpp': CMAKE_PREFIX_PATH=/home/vincent-pc/ros2_jazzy/install/my_robot_interfaces:/home/vincent-pc/ros2_jazzy/install/my_robot_cpp:/home/vincent-pc/ros2_jazzy/install/actions_cpp:/home/vincent-pc/ros2_jazzy/install/my_robot_description:/home/vincent-pc/ros2_jazzy/install/my_robot_bringup:/opt/ros/jazzy/opt/gz_sim_vendor:/opt/ros/jazzy/opt/gz_sensors_vendor:/opt/ros/jazzy/opt/gz_physics_vendor:/opt/ros/jazzy/opt/sdformat_vendor:/opt/ros/jazzy/opt/gz_gui_vendor:/opt/ros/jazzy/opt/gz_transport_vendor:/opt/ros/jazzy/opt/gz_rendering_vendor:/opt/ros/jazzy/opt/gz_plugin_vendor:/opt/ros/jazzy/opt/gz_fuel_tools_vendor:/opt/ros/jazzy/opt/gz_msgs_vendor:/opt/ros/jazzy/opt/gz_common_vendor:/opt/ros/jazzy/opt/gz_math_vendor:/opt/ros/jazzy/opt/gz_utils_vendor:/opt/ros/jazzy/opt/gz_tools_vendor:/opt/ros/jazzy/opt/gz_ogre_next_vendor:/opt/ros/jazzy/opt/gz_dartsim_vendor:/opt/ros/jazzy/opt/gz_cmake_vendor:/home/vincent-pc/ros2_jazzy/install/my_robot_python:/home/vincent-pc/ros2_jazzy/install/actions_py:/opt/ros/jazzy DEBUGINFOD_URLS=https://debuginfod.ubuntu.com PYTHONPATH=/home/vincent-pc/ros2_jazzy/install/my_robot_interfaces/lib/python3.12/site-packages:/home/vincent-pc/ros2_jazzy/build/my_robot_python:/home/vincent-pc/ros2_jazzy/install/my_robot_python/lib/python3.12/site-packages:/home/vincent-pc/ros2_jazzy/build/actions_py:/home/vincent-pc/ros2_jazzy/install/actions_py/lib/python3.12/site-packages:/opt/ros/jazzy/lib/python3.12/site-packages /usr/bin/cmake --build /home/vincent-pc/ros2_jazzy/build/actions_cpp -- -j8 -l8
[0.313s] [ 16%] Built target count_until_server_cpp
[0.313s] [ 33%] Built target count_until_server_policy_queue_cpp
[0.314s] [ 50%] Built target count_until_server_policy1_cpp
[0.314s] [ 66%] Built target count_until_client_cpp
[0.315s] [ 83%] Built target move_robot_server_cpp
[0.315s] [ 91%] [32mBuilding CXX object CMakeFiles/move_robot_client_cpp.dir/src/move_robot_client.cpp.o[0m
[2.782s] [01m[K/home/vincent-pc/ros2_jazzy/src/actions_cpp/src/move_robot_client.cpp:[m[K In member function ‘[01m[Kvoid MoveRobotClientNode::[01;32m[Ksend_goal[m[K(int, int)[m[K’:
[2.782s] [01m[K/home/vincent-pc/ros2_jazzy/src/actions_cpp/src/move_robot_client.cpp:31:58:[m[K [01;31m[Kerror: [m[K‘[01m[KSendGoalOption[m[K’ is not a member of ‘[01m[Krclcpp_action::Client<my_robot_interfaces::action::MoveRobot>[m[K’
[2.782s]    31 |         auto options = rclcpp_action::Client<MoveRobot>::[01;31m[KSendGoalOption[m[K():
[2.782s]       |                                                          [01;31m[K^~~~~~~~~~~~~~[m[K
[2.782s] [01m[K/home/vincent-pc/ros2_jazzy/src/actions_cpp/src/move_robot_client.cpp:33:67:[m[K [01;31m[Kerror: [m[K‘[01m[Kgoal_result_callback[m[K’ is not a member of ‘[01m[KMoveRobotClientNode[m[K’
[2.782s]    33 |         options.result_callback = std::bind(&MoveRobotClientNode::[01;31m[Kgoal_result_callback[m[K, this, _1);
[2.782s]       |                                                                   [01;31m[K^~~~~~~~~~~~~~~~~~~~[m[K
[2.786s] [01m[K/home/vincent-pc/ros2_jazzy/src/actions_cpp/src/move_robot_client.cpp:[m[K In member function ‘[01m[Kvoid MoveRobotClientNode::[01;32m[Kgoal_response_callback[m[K(const rclcpp_action::ClientGoalHandle<my_robot_interfaces::action::MoveRobot>::SharedPtr&)[m[K’:
[2.786s] [01m[K/home/vincent-pc/ros2_jazzy/src/actions_cpp/src/move_robot_client.cpp:53:9:[m[K [01;31m[Kerror: [m[Ka function-definition is not allowed here before ‘[01m[K{[m[K’ token
[2.787s]    53 |         [01;31m[K{[m[K
[2.787s]       |         [01;31m[K^[m[K
[2.791s] [01m[K/home/vincent-pc/ros2_jazzy/src/actions_cpp/src/move_robot_client.cpp:[m[K In member function ‘[01m[Kvoid MoveRobotClientNode::[01;32m[Kcancel_goal[m[K()[m[K’:
[2.791s] [01m[K/home/vincent-pc/ros2_jazzy/src/actions_cpp/src/move_robot_client.cpp:94:62:[m[K [01;31m[Kerror: [m[Kcannot convert ‘[01m[Krclcpp_action::ClientGoalHandle<my_robot_interfaces::action::MoveRobot>::SharedPtr[m[K’ {aka ‘[01m[Kstd::shared_ptr<rclcpp_action::ClientGoalHandle<my_robot_interfaces::action::MoveRobot> >[m[K’} to ‘[01m[Krclcpp_action::Client<my_robot_interfaces::action::MoveRobot>::CancelCallback[m[K’ {aka ‘[01m[Kstd::function<void(std::shared_ptr<action_msgs::srv::CancelGoal_Response_<std::allocator<void> > >)>[m[K’}
[2.791s]    94 |             this->move_robot_client_->async_cancel_all_goals([01;31m[Kgoal_handle_[m[K);
[2.792s]       |                                                              [01;31m[K^~~~~~~~~~~~[m[K
[2.792s]       |                                                              [01;31m[K|[m[K
[2.792s]       |                                                              [01;31m[Krclcpp_action::ClientGoalHandle<my_robot_interfaces::action::MoveRobot>::SharedPtr {aka std::shared_ptr<rclcpp_action::ClientGoalHandle<my_robot_interfaces::action::MoveRobot> >}[m[K
[2.792s] In file included from [01m[K/opt/ros/jazzy/include/rclcpp_action/rclcpp_action/rclcpp_action.hpp:36[m[K,
[2.792s]                  from [01m[K/home/vincent-pc/ros2_jazzy/src/actions_cpp/src/move_robot_client.cpp:2[m[K:
[2.792s] [01m[K/opt/ros/jazzy/include/rclcpp_action/rclcpp_action/client.hpp:565:41:[m[K [01;36m[Knote: [m[K  initializing argument 1 of ‘[01m[Kstd::shared_future<typename ActionT::Impl::CancelGoalService::Response::SharedPtr> rclcpp_action::Client<ActionT>::[01;32m[Kasync_cancel_all_goals[m[K(CancelCallback) [35m[K[with ActionT = my_robot_interfaces::action::MoveRobot; typename ActionT::Impl::CancelGoalService::Response::SharedPtr = std::shared_ptr<action_msgs::srv::CancelGoal_Response_<std::allocator<void> > >; typename ActionT::Impl::CancelGoalService::Response = action_msgs::srv::CancelGoal_Response_<std::allocator<void> >; typename ActionT::Impl::CancelGoalService = action_msgs::srv::CancelGoal; typename ActionT::Impl = my_robot_interfaces::action::MoveRobot::Impl; CancelCallback = std::function<void(std::shared_ptr<action_msgs::srv::CancelGoal_Response_<std::allocator<void> > >)>][m[K[m[K’
[2.792s]   565 |   async_cancel_all_goals([01;36m[KCancelCallback cancel_callback = nullptr[m[K)
[2.792s]       |                          [01;36m[K~~~~~~~~~~~~~~~^~~~~~~~~~~~~~~~~~~~~~~~~[m[K
[4.990s] gmake[2]: *** [CMakeFiles/move_robot_client_cpp.dir/build.make:76: CMakeFiles/move_robot_client_cpp.dir/src/move_robot_client.cpp.o] Error 1
[4.990s] gmake[1]: *** [CMakeFiles/Makefile2:277: CMakeFiles/move_robot_client_cpp.dir/all] Error 2
[4.990s] gmake: *** [Makefile:146: all] Error 2
[4.993s] Invoked command in '/home/vincent-pc/ros2_jazzy/build/actions_cpp' returned '2': CMAKE_PREFIX_PATH=/home/vincent-pc/ros2_jazzy/install/my_robot_interfaces:/home/vincent-pc/ros2_jazzy/install/my_robot_cpp:/home/vincent-pc/ros2_jazzy/install/actions_cpp:/home/vincent-pc/ros2_jazzy/install/my_robot_description:/home/vincent-pc/ros2_jazzy/install/my_robot_bringup:/opt/ros/jazzy/opt/gz_sim_vendor:/opt/ros/jazzy/opt/gz_sensors_vendor:/opt/ros/jazzy/opt/gz_physics_vendor:/opt/ros/jazzy/opt/sdformat_vendor:/opt/ros/jazzy/opt/gz_gui_vendor:/opt/ros/jazzy/opt/gz_transport_vendor:/opt/ros/jazzy/opt/gz_rendering_vendor:/opt/ros/jazzy/opt/gz_plugin_vendor:/opt/ros/jazzy/opt/gz_fuel_tools_vendor:/opt/ros/jazzy/opt/gz_msgs_vendor:/opt/ros/jazzy/opt/gz_common_vendor:/opt/ros/jazzy/opt/gz_math_vendor:/opt/ros/jazzy/opt/gz_utils_vendor:/opt/ros/jazzy/opt/gz_tools_vendor:/opt/ros/jazzy/opt/gz_ogre_next_vendor:/opt/ros/jazzy/opt/gz_dartsim_vendor:/opt/ros/jazzy/opt/gz_cmake_vendor:/home/vincent-pc/ros2_jazzy/install/my_robot_python:/home/vincent-pc/ros2_jazzy/install/actions_py:/opt/ros/jazzy DEBUGINFOD_URLS=https://debuginfod.ubuntu.com PYTHONPATH=/home/vincent-pc/ros2_jazzy/install/my_robot_interfaces/lib/python3.12/site-packages:/home/vincent-pc/ros2_jazzy/build/my_robot_python:/home/vincent-pc/ros2_jazzy/install/my_robot_python/lib/python3.12/site-packages:/home/vincent-pc/ros2_jazzy/build/actions_py:/home/vincent-pc/ros2_jazzy/install/actions_py/lib/python3.12/site-packages:/opt/ros/jazzy/lib/python3.12/site-packages /usr/bin/cmake --build /home/vincent-pc/ros2_jazzy/build/actions_cpp -- -j8 -l8
