-- Found ament_cmake: 2.5.4 (/opt/ros/jazzy/share/ament_cmake/cmake)
-- Found rclcpp: 28.1.13 (/opt/ros/jazzy/share/rclcpp/cmake)
-- Found rosidl_generator_c: 4.6.6 (/opt/ros/jazzy/share/rosidl_generator_c/cmake)
-- Found rosidl_generator_cpp: 4.6.6 (/opt/ros/jazzy/share/rosidl_generator_cpp/cmake)
-- Using all available rosidl_typesupport_c: rosidl_typesupport_fastrtps_c;rosidl_typesupport_introspection_c
-- Using all available rosidl_typesupport_cpp: rosidl_typesupport_fastrtps_cpp;rosidl_typesupport_introspection_cpp
-- Found rmw_implementation_cmake: 7.3.2 (/opt/ros/jazzy/share/rmw_implementation_cmake/cmake)
-- Found rmw_fastrtps_cpp: 8.4.3 (/opt/ros/jazzy/share/rmw_fastrtps_cpp/cmake)
-- Using RMW implementation 'rmw_fastrtps_cpp' as default
-- Found turtlesim: 1.8.3 (/opt/ros/jazzy/share/turtlesim/cmake)
-- Found rclcpp_action: 28.1.13 (/opt/ros/jazzy/share/rclcpp_action/cmake)
-- Found rclcpp_lifecycle: 28.1.13 (/opt/ros/jazzy/share/rclcpp_lifecycle/cmake)
-- Found rclcpp_components: 28.1.13 (/opt/ros/jazzy/share/rclcpp_components/cmake)
-- Found my_robot_interfaces: 0.0.0 (/home/vincent-pc/ros2_jazzy/install/my_robot_interfaces/share/my_robot_interfaces/cmake)
-- Found geometry_msgs: 5.3.6 (/opt/ros/jazzy/share/geometry_msgs/cmake)
-- Configuring done (4.2s)
-- Generating done (0.2s)
-- Build files have been written to: /home/vincent-pc/ros2_jazzy/build/final_project
[ 20%] Built target turtle_controller_component
[ 40%] Built target turtle_controller_action_cpp
[ 60%] Built target turtle_controller_node_cpp
[ 80%] Built target turtle_controller_cpp
[ 90%] [32mBuilding CXX object CMakeFiles/turtlebot3_controller_component.dir/src/turtlebot3_controller.cpp.o[0m
[01m[K/home/vincent-pc/ros2_jazzy/src/final_project/src/turtlebot3_controller.cpp:5:10:[m[K [01;31m[Kfatal error: [m[Kturtlesim/srv/kill.hpp: No such file or directory
    5 | #include [01;31m[K"turtlesim/srv/kill.hpp"[m[K
      |          [01;31m[K^~~~~~~~~~~~~~~~~~~~~~~~[m[K
compilation terminated.
gmake[2]: *** [CMakeFiles/turtlebot3_controller_component.dir/build.make:76: CMakeFiles/turtlebot3_controller_component.dir/src/turtlebot3_controller.cpp.o] Error 1
gmake[1]: *** [CMakeFiles/Makefile2:171: CMakeFiles/turtlebot3_controller_component.dir/all] Error 2
gmake: *** [Makefile:146: all] Error 2
