[4.193s] Invoking command in '/home/vincent-pc/ros2_jazzy/src/robot_py': DEBUGINFOD_URLS=https://debuginfod.ubuntu.com PYTHONPATH=/home/vincent-pc/ros2_jazzy/build/robot_py/prefix_override:/usr/lib/python3/dist-packages/colcon_core/task/python/colcon_distutils_commands:/home/vincent-pc/ros2_jazzy/install/robot_py/lib/python3.12/site-packages:${PYTHONPATH} /usr/bin/python3 -W ignore:setup.py install is deprecated -W ignore:easy_install command is deprecated setup.py egg_info --egg-base ../../build/robot_py build --build-base /home/vincent-pc/ros2_jazzy/build/robot_py/build install --record /home/vincent-pc/ros2_jazzy/build/robot_py/install.log --single-version-externally-managed install_data
[5.807s] running egg_info
[5.901s] writing ../../build/robot_py/robot_py.egg-info/PKG-INFO
[5.904s] writing dependency_links to ../../build/robot_py/robot_py.egg-info/dependency_links.txt
[5.905s] writing entry points to ../../build/robot_py/robot_py.egg-info/entry_points.txt
[5.909s] writing requirements to ../../build/robot_py/robot_py.egg-info/requires.txt
[5.909s] writing top-level names to ../../build/robot_py/robot_py.egg-info/top_level.txt
[6.103s] reading manifest file '../../build/robot_py/robot_py.egg-info/SOURCES.txt'
[6.106s] writing manifest file '../../build/robot_py/robot_py.egg-info/SOURCES.txt'
[6.108s] running build
[6.108s] running build_py
[6.111s] running install
[6.139s] running install_lib
[6.236s] running install_data
[6.241s] running install_egg_info
[6.339s] removing '/home/vincent-pc/ros2_jazzy/install/robot_py/lib/python3.12/site-packages/robot_py-0.0.0-py3.12.egg-info' (and everything under it)
[6.339s] Copying ../../build/robot_py/robot_py.egg-info to /home/vincent-pc/ros2_jazzy/install/robot_py/lib/python3.12/site-packages/robot_py-0.0.0-py3.12.egg-info
[6.344s] running install_scripts
[6.908s] Installing joint0_srv_py script to /home/vincent-pc/ros2_jazzy/install/robot_py/lib/robot_py
[6.908s] Installing joint1_srv_py script to /home/vincent-pc/ros2_jazzy/install/robot_py/lib/robot_py
[6.909s] Installing my_robot_j0_py script to /home/vincent-pc/ros2_jazzy/install/robot_py/lib/robot_py
[6.909s] Installing my_robot_j1_py script to /home/vincent-pc/ros2_jazzy/install/robot_py/lib/robot_py
[6.911s] writing list of installed files to '/home/vincent-pc/ros2_jazzy/build/robot_py/install.log'
[7.008s] Invoked command in '/home/vincent-pc/ros2_jazzy/src/robot_py' returned '0': DEBUGINFOD_URLS=https://debuginfod.ubuntu.com PYTHONPATH=/home/vincent-pc/ros2_jazzy/build/robot_py/prefix_override:/usr/lib/python3/dist-packages/colcon_core/task/python/colcon_distutils_commands:/home/vincent-pc/ros2_jazzy/install/robot_py/lib/python3.12/site-packages:${PYTHONPATH} /usr/bin/python3 -W ignore:setup.py install is deprecated -W ignore:easy_install command is deprecated setup.py egg_info --egg-base ../../build/robot_py build --build-base /home/vincent-pc/ros2_jazzy/build/robot_py/build install --record /home/vincent-pc/ros2_jazzy/build/robot_py/install.log --single-version-externally-managed install_data
