[1.401s] Invoking command in '/home/vincent-pc/ros2_jazzy/build/robot_py': DEBUGINFOD_URLS=https://debuginfod.ubuntu.com PYTHONPATH=/home/vincent-pc/ros2_jazzy/build/robot_py/prefix_override:/usr/lib/python3/dist-packages/colcon_core/task/python/colcon_distutils_commands:/home/vincent-pc/ros2_jazzy/install/robot_py/lib/python3.12/site-packages:${PYTHONPATH} /usr/bin/python3 -W ignore:setup.py install is deprecated -W ignore:easy_install command is deprecated setup.py develop --editable --build-directory /home/vincent-pc/ros2_jazzy/build/robot_py/build --no-deps symlink_data --force
[1.915s] running develop
[2.161s] running egg_info
[2.187s] writing robot_py.egg-info/PKG-INFO
[2.187s] writing dependency_links to robot_py.egg-info/dependency_links.txt
[2.187s] writing entry points to robot_py.egg-info/entry_points.txt
[2.187s] writing requirements to robot_py.egg-info/requires.txt
[2.188s] writing top-level names to robot_py.egg-info/top_level.txt
[2.248s] reading manifest file 'robot_py.egg-info/SOURCES.txt'
[2.249s] writing manifest file 'robot_py.egg-info/SOURCES.txt'
[2.295s] running build_ext
[2.295s] Creating /home/vincent-pc/ros2_jazzy/install/robot_py/lib/python3.12/site-packages/robot-py.egg-link (link to .)
[2.296s] Installing joint0_srv_py script to /home/vincent-pc/ros2_jazzy/install/robot_py/lib/robot_py
[2.296s] Installing joint1_srv_py script to /home/vincent-pc/ros2_jazzy/install/robot_py/lib/robot_py
[2.296s] Installing my_robot_j0_py script to /home/vincent-pc/ros2_jazzy/install/robot_py/lib/robot_py
[2.297s] Installing my_robot_j1_py script to /home/vincent-pc/ros2_jazzy/install/robot_py/lib/robot_py
[2.297s] 
[2.297s] Installed /home/vincent-pc/ros2_jazzy/build/robot_py
[2.297s] running symlink_data
[2.298s] symbolically linking /home/vincent-pc/ros2_jazzy/build/robot_py/resource/robot_py -> /home/vincent-pc/ros2_jazzy/install/robot_py/share/ament_index/resource_index/packages
[2.298s] symbolically linking /home/vincent-pc/ros2_jazzy/build/robot_py/package.xml -> /home/vincent-pc/ros2_jazzy/install/robot_py/share/robot_py
[3.071s] Invoked command in '/home/vincent-pc/ros2_jazzy/build/robot_py' returned '0': DEBUGINFOD_URLS=https://debuginfod.ubuntu.com PYTHONPATH=/home/vincent-pc/ros2_jazzy/build/robot_py/prefix_override:/usr/lib/python3/dist-packages/colcon_core/task/python/colcon_distutils_commands:/home/vincent-pc/ros2_jazzy/install/robot_py/lib/python3.12/site-packages:${PYTHONPATH} /usr/bin/python3 -W ignore:setup.py install is deprecated -W ignore:easy_install command is deprecated setup.py develop --editable --build-directory /home/vincent-pc/ros2_jazzy/build/robot_py/build --no-deps symlink_data --force
