-- Found ament_cmake: 2.5.4 (/opt/ros/jazzy/share/ament_cmake/cmake)
-- Override CMake install command with custom implementation using symlinks instead of copying resources
-- Found rclcpp: 28.1.13 (/opt/ros/jazzy/share/rclcpp/cmake)
-- Found rosidl_generator_c: 4.6.6 (/opt/ros/jazzy/share/rosidl_generator_c/cmake)
-- Found rosidl_generator_cpp: 4.6.6 (/opt/ros/jazzy/share/rosidl_generator_cpp/cmake)
-- Using all available rosidl_typesupport_c: rosidl_typesupport_fastrtps_c;rosidl_typesupport_introspection_c
-- Using all available rosidl_typesupport_cpp: rosidl_typesupport_fastrtps_cpp;rosidl_typesupport_introspection_cpp
-- Found rmw_implementation_cmake: 7.3.2 (/opt/ros/jazzy/share/rmw_implementation_cmake/cmake)
-- Found rmw_fastrtps_cpp: 8.4.3 (/opt/ros/jazzy/share/rmw_fastrtps_cpp/cmake)
-- Using RMW implementation 'rmw_fastrtps_cpp' as default
-- Found rclcpp_action: 28.1.13 (/opt/ros/jazzy/share/rclcpp_action/cmake)
-- Found my_robot_interfaces: 0.0.0 (/home/vincent-pc/ros2_jazzy/install/my_robot_interfaces/share/my_robot_interfaces/cmake)
-- Found example_interfaces: 0.12.0 (/opt/ros/jazzy/share/example_interfaces/cmake)
-- Configuring done (2.0s)
-- Generating done (0.1s)
-- Build files have been written to: /home/vincent-pc/ros2_jazzy/build/actions_cpp
[ 16%] Built target count_until_server_cpp
[ 33%] Built target move_robot_client_cpp
[ 50%] Built target move_robot_server_cpp
[ 66%] Built target count_until_client_cpp
[ 83%] Built target count_until_server_policy_queue_cpp
[100%] Built target count_until_server_policy1_cpp
-- Install configuration: ""
-- Execute custom install script
-- Up-to-date symlink: /home/vincent-pc/ros2_jazzy/install/actions_cpp/lib/actions_cpp//count_until_server_cpp
-- Up-to-date symlink: /home/vincent-pc/ros2_jazzy/install/actions_cpp/lib/actions_cpp//count_until_client_cpp
-- Up-to-date symlink: /home/vincent-pc/ros2_jazzy/install/actions_cpp/lib/actions_cpp//count_until_server_policy1_cpp
-- Up-to-date symlink: /home/vincent-pc/ros2_jazzy/install/actions_cpp/lib/actions_cpp//count_until_server_policy_queue_cpp
-- Up-to-date symlink: /home/vincent-pc/ros2_jazzy/install/actions_cpp/lib/actions_cpp//move_robot_server_cpp
-- Up-to-date symlink: /home/vincent-pc/ros2_jazzy/install/actions_cpp/lib/actions_cpp//move_robot_client_cpp
-- Up-to-date symlink: /home/vincent-pc/ros2_jazzy/install/actions_cpp/share/ament_index/resource_index/package_run_dependencies/actions_cpp
-- Up-to-date symlink: /home/vincent-pc/ros2_jazzy/install/actions_cpp/share/ament_index/resource_index/parent_prefix_path/actions_cpp
-- Up-to-date symlink: /home/vincent-pc/ros2_jazzy/install/actions_cpp/share/actions_cpp/environment/ament_prefix_path.sh
-- Up-to-date symlink: /home/vincent-pc/ros2_jazzy/install/actions_cpp/share/actions_cpp/environment/ament_prefix_path.dsv
-- Up-to-date symlink: /home/vincent-pc/ros2_jazzy/install/actions_cpp/share/actions_cpp/environment/path.sh
-- Up-to-date symlink: /home/vincent-pc/ros2_jazzy/install/actions_cpp/share/actions_cpp/environment/path.dsv
-- Up-to-date symlink: /home/vincent-pc/ros2_jazzy/install/actions_cpp/share/actions_cpp/local_setup.bash
-- Up-to-date symlink: /home/vincent-pc/ros2_jazzy/install/actions_cpp/share/actions_cpp/local_setup.sh
-- Up-to-date symlink: /home/vincent-pc/ros2_jazzy/install/actions_cpp/share/actions_cpp/local_setup.zsh
-- Up-to-date symlink: /home/vincent-pc/ros2_jazzy/install/actions_cpp/share/actions_cpp/local_setup.dsv
-- Symlinking: /home/vincent-pc/ros2_jazzy/install/actions_cpp/share/actions_cpp/package.dsv
-- Up-to-date symlink: /home/vincent-pc/ros2_jazzy/install/actions_cpp/share/ament_index/resource_index/packages/actions_cpp
-- Up-to-date symlink: /home/vincent-pc/ros2_jazzy/install/actions_cpp/share/actions_cpp/cmake/actions_cppConfig.cmake
-- Up-to-date symlink: /home/vincent-pc/ros2_jazzy/install/actions_cpp/share/actions_cpp/cmake/actions_cppConfig-version.cmake
-- Up-to-date symlink: /home/vincent-pc/ros2_jazzy/install/actions_cpp/share/actions_cpp/package.xml
