[2.950s] Invoking command in '/home/vincent-pc/ros2_jazzy/src/my_robot_python': DEBUGINFOD_URLS=https://debuginfod.ubuntu.com PYTHONPATH=/home/vincent-pc/ros2_jazzy/build/my_robot_python/prefix_override:/usr/lib/python3/dist-packages/colcon_core/task/python/colcon_distutils_commands:/home/vincent-pc/ros2_jazzy/install/my_robot_python/lib/python3.12/site-packages:${PYTHONPATH} /usr/bin/python3 -W ignore:setup.py install is deprecated -W ignore:easy_install command is deprecated setup.py egg_info --egg-base ../../build/my_robot_python build --build-base /home/vincent-pc/ros2_jazzy/build/my_robot_python/build install --record /home/vincent-pc/ros2_jazzy/build/my_robot_python/install.log --single-version-externally-managed install_data
[4.442s] running egg_info
[4.509s] writing ../../build/my_robot_python/my_robot_python.egg-info/PKG-INFO
[4.511s] writing dependency_links to ../../build/my_robot_python/my_robot_python.egg-info/dependency_links.txt
[4.512s] writing entry points to ../../build/my_robot_python/my_robot_python.egg-info/entry_points.txt
[4.513s] writing requirements to ../../build/my_robot_python/my_robot_python.egg-info/requires.txt
[4.513s] writing top-level names to ../../build/my_robot_python/my_robot_python.egg-info/top_level.txt
[4.656s] reading manifest file '../../build/my_robot_python/my_robot_python.egg-info/SOURCES.txt'
[4.659s] writing manifest file '../../build/my_robot_python/my_robot_python.egg-info/SOURCES.txt'
[4.659s] running build
[4.660s] running build_py
[4.662s] running install
[4.684s] running install_lib
[4.791s] running install_data
[4.794s] running install_egg_info
[4.938s] removing '/home/vincent-pc/ros2_jazzy/install/my_robot_python/lib/python3.12/site-packages/my_robot_python-0.0.0-py3.12.egg-info' (and everything under it)
[4.938s] Copying ../../build/my_robot_python/my_robot_python.egg-info to /home/vincent-pc/ros2_jazzy/install/my_robot_python/lib/python3.12/site-packages/my_robot_python-0.0.0-py3.12.egg-info
[4.938s] running install_scripts
[5.420s] Installing joint0_srv_py script to /home/vincent-pc/ros2_jazzy/install/my_robot_python/lib/my_robot_python
[5.421s] Installing joint1_srv_py script to /home/vincent-pc/ros2_jazzy/install/my_robot_python/lib/my_robot_python
[5.421s] Installing my_robot_j0_py script to /home/vincent-pc/ros2_jazzy/install/my_robot_python/lib/my_robot_python
[5.422s] Installing my_robot_j1_py script to /home/vincent-pc/ros2_jazzy/install/my_robot_python/lib/my_robot_python
[5.423s] writing list of installed files to '/home/vincent-pc/ros2_jazzy/build/my_robot_python/install.log'
[5.532s] Invoked command in '/home/vincent-pc/ros2_jazzy/src/my_robot_python' returned '0': DEBUGINFOD_URLS=https://debuginfod.ubuntu.com PYTHONPATH=/home/vincent-pc/ros2_jazzy/build/my_robot_python/prefix_override:/usr/lib/python3/dist-packages/colcon_core/task/python/colcon_distutils_commands:/home/vincent-pc/ros2_jazzy/install/my_robot_python/lib/python3.12/site-packages:${PYTHONPATH} /usr/bin/python3 -W ignore:setup.py install is deprecated -W ignore:easy_install command is deprecated setup.py egg_info --egg-base ../../build/my_robot_python build --build-base /home/vincent-pc/ros2_jazzy/build/my_robot_python/build install --record /home/vincent-pc/ros2_jazzy/build/my_robot_python/install.log --single-version-externally-managed install_data
