[0.067s] Invoking command in '/home/vincent-pc/ros2_jazzy/src/build/actions_cpp': AMENT_PREFIX_PATH=/home/vincent-pc/ros2_jazzy/src/install/my_robot_interfaces:${AMENT_PREFIX_PATH} CMAKE_PREFIX_PATH=/home/vincent-pc/ros2_jazzy/src/install/my_robot_interfaces:/home/vincent-pc/ros2_jazzy/install/my_robot_cpp:/home/vincent-pc/ros2_jazzy/install/actions_cpp:/home/vincent-pc/ros2_jazzy/install/my_robot_interfaces:/home/vincent-pc/ros2_jazzy/install/my_robot_description:/home/vincent-pc/ros2_jazzy/install/my_robot_bringup:/opt/ros/jazzy/opt/gz_sim_vendor:/opt/ros/jazzy/opt/gz_sensors_vendor:/opt/ros/jazzy/opt/gz_physics_vendor:/opt/ros/jazzy/opt/sdformat_vendor:/opt/ros/jazzy/opt/gz_gui_vendor:/opt/ros/jazzy/opt/gz_transport_vendor:/opt/ros/jazzy/opt/gz_rendering_vendor:/opt/ros/jazzy/opt/gz_plugin_vendor:/opt/ros/jazzy/opt/gz_fuel_tools_vendor:/opt/ros/jazzy/opt/gz_msgs_vendor:/opt/ros/jazzy/opt/gz_common_vendor:/opt/ros/jazzy/opt/gz_math_vendor:/opt/ros/jazzy/opt/gz_utils_vendor:/opt/ros/jazzy/opt/gz_tools_vendor:/opt/ros/jazzy/opt/gz_ogre_next_vendor:/opt/ros/jazzy/opt/gz_dartsim_vendor:/opt/ros/jazzy/opt/gz_cmake_vendor:/home/vincent-pc/ros2_jazzy/install/my_robot_python:/home/vincent-pc/ros2_jazzy/install/actions_py:/opt/ros/jazzy DEBUGINFOD_URLS=https://debuginfod.ubuntu.com LD_LIBRARY_PATH=/home/vincent-pc/ros2_jazzy/src/install/my_robot_interfaces/lib:${LD_LIBRARY_PATH} PYTHONPATH=/home/vincent-pc/ros2_jazzy/src/install/my_robot_interfaces/lib/python3.12/site-packages:${PYTHONPATH} /usr/bin/cmake --build /home/vincent-pc/ros2_jazzy/src/build/actions_cpp -- -j8 -l8
[0.381s] [ 16%] Built target move_robot_client_cpp
[0.381s] [ 33%] Built target count_until_server_cpp
[0.381s] [ 50%] Built target count_until_server_policy_queue_cpp
[0.382s] [ 66%] Built target move_robot_server_cpp
[0.383s] [ 83%] Built target count_until_client_cpp
[0.383s] [100%] Built target count_until_server_policy1_cpp
[0.678s] Invoked command in '/home/vincent-pc/ros2_jazzy/src/build/actions_cpp' returned '0': AMENT_PREFIX_PATH=/home/vincent-pc/ros2_jazzy/src/install/my_robot_interfaces:${AMENT_PREFIX_PATH} CMAKE_PREFIX_PATH=/home/vincent-pc/ros2_jazzy/src/install/my_robot_interfaces:/home/vincent-pc/ros2_jazzy/install/my_robot_cpp:/home/vincent-pc/ros2_jazzy/install/actions_cpp:/home/vincent-pc/ros2_jazzy/install/my_robot_interfaces:/home/vincent-pc/ros2_jazzy/install/my_robot_description:/home/vincent-pc/ros2_jazzy/install/my_robot_bringup:/opt/ros/jazzy/opt/gz_sim_vendor:/opt/ros/jazzy/opt/gz_sensors_vendor:/opt/ros/jazzy/opt/gz_physics_vendor:/opt/ros/jazzy/opt/sdformat_vendor:/opt/ros/jazzy/opt/gz_gui_vendor:/opt/ros/jazzy/opt/gz_transport_vendor:/opt/ros/jazzy/opt/gz_rendering_vendor:/opt/ros/jazzy/opt/gz_plugin_vendor:/opt/ros/jazzy/opt/gz_fuel_tools_vendor:/opt/ros/jazzy/opt/gz_msgs_vendor:/opt/ros/jazzy/opt/gz_common_vendor:/opt/ros/jazzy/opt/gz_math_vendor:/opt/ros/jazzy/opt/gz_utils_vendor:/opt/ros/jazzy/opt/gz_tools_vendor:/opt/ros/jazzy/opt/gz_ogre_next_vendor:/opt/ros/jazzy/opt/gz_dartsim_vendor:/opt/ros/jazzy/opt/gz_cmake_vendor:/home/vincent-pc/ros2_jazzy/install/my_robot_python:/home/vincent-pc/ros2_jazzy/install/actions_py:/opt/ros/jazzy DEBUGINFOD_URLS=https://debuginfod.ubuntu.com LD_LIBRARY_PATH=/home/vincent-pc/ros2_jazzy/src/install/my_robot_interfaces/lib:${LD_LIBRARY_PATH} PYTHONPATH=/home/vincent-pc/ros2_jazzy/src/install/my_robot_interfaces/lib/python3.12/site-packages:${PYTHONPATH} /usr/bin/cmake --build /home/vincent-pc/ros2_jazzy/src/build/actions_cpp -- -j8 -l8
[0.679s] Invoking command in '/home/vincent-pc/ros2_jazzy/src/build/actions_cpp': AMENT_PREFIX_PATH=/home/vincent-pc/ros2_jazzy/src/install/my_robot_interfaces:${AMENT_PREFIX_PATH} CMAKE_PREFIX_PATH=/home/vincent-pc/ros2_jazzy/src/install/my_robot_interfaces:/home/vincent-pc/ros2_jazzy/install/my_robot_cpp:/home/vincent-pc/ros2_jazzy/install/actions_cpp:/home/vincent-pc/ros2_jazzy/install/my_robot_interfaces:/home/vincent-pc/ros2_jazzy/install/my_robot_description:/home/vincent-pc/ros2_jazzy/install/my_robot_bringup:/opt/ros/jazzy/opt/gz_sim_vendor:/opt/ros/jazzy/opt/gz_sensors_vendor:/opt/ros/jazzy/opt/gz_physics_vendor:/opt/ros/jazzy/opt/sdformat_vendor:/opt/ros/jazzy/opt/gz_gui_vendor:/opt/ros/jazzy/opt/gz_transport_vendor:/opt/ros/jazzy/opt/gz_rendering_vendor:/opt/ros/jazzy/opt/gz_plugin_vendor:/opt/ros/jazzy/opt/gz_fuel_tools_vendor:/opt/ros/jazzy/opt/gz_msgs_vendor:/opt/ros/jazzy/opt/gz_common_vendor:/opt/ros/jazzy/opt/gz_math_vendor:/opt/ros/jazzy/opt/gz_utils_vendor:/opt/ros/jazzy/opt/gz_tools_vendor:/opt/ros/jazzy/opt/gz_ogre_next_vendor:/opt/ros/jazzy/opt/gz_dartsim_vendor:/opt/ros/jazzy/opt/gz_cmake_vendor:/home/vincent-pc/ros2_jazzy/install/my_robot_python:/home/vincent-pc/ros2_jazzy/install/actions_py:/opt/ros/jazzy DEBUGINFOD_URLS=https://debuginfod.ubuntu.com LD_LIBRARY_PATH=/home/vincent-pc/ros2_jazzy/src/install/my_robot_interfaces/lib:${LD_LIBRARY_PATH} PYTHONPATH=/home/vincent-pc/ros2_jazzy/src/install/my_robot_interfaces/lib/python3.12/site-packages:${PYTHONPATH} /usr/bin/cmake --install /home/vincent-pc/ros2_jazzy/src/build/actions_cpp
[0.694s] -- Install configuration: ""
[0.694s] -- Execute custom install script
[0.694s] -- Up-to-date symlink: /home/vincent-pc/ros2_jazzy/src/install/actions_cpp/lib/actions_cpp//count_until_server_cpp
[0.694s] -- Up-to-date symlink: /home/vincent-pc/ros2_jazzy/src/install/actions_cpp/lib/actions_cpp//count_until_client_cpp
[0.694s] -- Up-to-date symlink: /home/vincent-pc/ros2_jazzy/src/install/actions_cpp/lib/actions_cpp//count_until_server_policy1_cpp
[0.695s] -- Up-to-date symlink: /home/vincent-pc/ros2_jazzy/src/install/actions_cpp/lib/actions_cpp//count_until_server_policy_queue_cpp
[0.695s] -- Up-to-date symlink: /home/vincent-pc/ros2_jazzy/src/install/actions_cpp/lib/actions_cpp//move_robot_server_cpp
[0.695s] -- Up-to-date symlink: /home/vincent-pc/ros2_jazzy/src/install/actions_cpp/lib/actions_cpp//move_robot_client_cpp
[0.699s] -- Up-to-date symlink: /home/vincent-pc/ros2_jazzy/src/install/actions_cpp/share/ament_index/resource_index/package_run_dependencies/actions_cpp
[0.699s] -- Up-to-date symlink: /home/vincent-pc/ros2_jazzy/src/install/actions_cpp/share/ament_index/resource_index/parent_prefix_path/actions_cpp
[0.699s] -- Up-to-date symlink: /home/vincent-pc/ros2_jazzy/src/install/actions_cpp/share/actions_cpp/environment/ament_prefix_path.sh
[0.699s] -- Up-to-date symlink: /home/vincent-pc/ros2_jazzy/src/install/actions_cpp/share/actions_cpp/environment/ament_prefix_path.dsv
[0.699s] -- Up-to-date symlink: /home/vincent-pc/ros2_jazzy/src/install/actions_cpp/share/actions_cpp/environment/path.sh
[0.700s] -- Up-to-date symlink: /home/vincent-pc/ros2_jazzy/src/install/actions_cpp/share/actions_cpp/environment/path.dsv
[0.700s] -- Up-to-date symlink: /home/vincent-pc/ros2_jazzy/src/install/actions_cpp/share/actions_cpp/local_setup.bash
[0.700s] -- Up-to-date symlink: /home/vincent-pc/ros2_jazzy/src/install/actions_cpp/share/actions_cpp/local_setup.sh
[0.700s] -- Up-to-date symlink: /home/vincent-pc/ros2_jazzy/src/install/actions_cpp/share/actions_cpp/local_setup.zsh
[0.701s] -- Up-to-date symlink: /home/vincent-pc/ros2_jazzy/src/install/actions_cpp/share/actions_cpp/local_setup.dsv
[0.701s] -- Symlinking: /home/vincent-pc/ros2_jazzy/src/install/actions_cpp/share/actions_cpp/package.dsv
[0.719s] -- Up-to-date symlink: /home/vincent-pc/ros2_jazzy/src/install/actions_cpp/share/ament_index/resource_index/packages/actions_cpp
[0.720s] -- Up-to-date symlink: /home/vincent-pc/ros2_jazzy/src/install/actions_cpp/share/actions_cpp/cmake/actions_cppConfig.cmake
[0.720s] -- Up-to-date symlink: /home/vincent-pc/ros2_jazzy/src/install/actions_cpp/share/actions_cpp/cmake/actions_cppConfig-version.cmake
[0.721s] -- Up-to-date symlink: /home/vincent-pc/ros2_jazzy/src/install/actions_cpp/share/actions_cpp/package.xml
[0.727s] Invoked command in '/home/vincent-pc/ros2_jazzy/src/build/actions_cpp' returned '0': AMENT_PREFIX_PATH=/home/vincent-pc/ros2_jazzy/src/install/my_robot_interfaces:${AMENT_PREFIX_PATH} CMAKE_PREFIX_PATH=/home/vincent-pc/ros2_jazzy/src/install/my_robot_interfaces:/home/vincent-pc/ros2_jazzy/install/my_robot_cpp:/home/vincent-pc/ros2_jazzy/install/actions_cpp:/home/vincent-pc/ros2_jazzy/install/my_robot_interfaces:/home/vincent-pc/ros2_jazzy/install/my_robot_description:/home/vincent-pc/ros2_jazzy/install/my_robot_bringup:/opt/ros/jazzy/opt/gz_sim_vendor:/opt/ros/jazzy/opt/gz_sensors_vendor:/opt/ros/jazzy/opt/gz_physics_vendor:/opt/ros/jazzy/opt/sdformat_vendor:/opt/ros/jazzy/opt/gz_gui_vendor:/opt/ros/jazzy/opt/gz_transport_vendor:/opt/ros/jazzy/opt/gz_rendering_vendor:/opt/ros/jazzy/opt/gz_plugin_vendor:/opt/ros/jazzy/opt/gz_fuel_tools_vendor:/opt/ros/jazzy/opt/gz_msgs_vendor:/opt/ros/jazzy/opt/gz_common_vendor:/opt/ros/jazzy/opt/gz_math_vendor:/opt/ros/jazzy/opt/gz_utils_vendor:/opt/ros/jazzy/opt/gz_tools_vendor:/opt/ros/jazzy/opt/gz_ogre_next_vendor:/opt/ros/jazzy/opt/gz_dartsim_vendor:/opt/ros/jazzy/opt/gz_cmake_vendor:/home/vincent-pc/ros2_jazzy/install/my_robot_python:/home/vincent-pc/ros2_jazzy/install/actions_py:/opt/ros/jazzy DEBUGINFOD_URLS=https://debuginfod.ubuntu.com LD_LIBRARY_PATH=/home/vincent-pc/ros2_jazzy/src/install/my_robot_interfaces/lib:${LD_LIBRARY_PATH} PYTHONPATH=/home/vincent-pc/ros2_jazzy/src/install/my_robot_interfaces/lib/python3.12/site-packages:${PYTHONPATH} /usr/bin/cmake --install /home/vincent-pc/ros2_jazzy/src/build/actions_cpp
