[0.043s] Invoking command in '/home/vincent-pc/ros2_jazzy/src/build/robot_cpp': AMENT_PREFIX_PATH=/home/vincent-pc/ros2_jazzy/src/install/my_robot_interfaces:${AMENT_PREFIX_PATH} CMAKE_PREFIX_PATH=/home/vincent-pc/ros2_jazzy/src/install/my_robot_interfaces:/home/vincent-pc/ros2_jazzy/install/robot_cpp:/home/vincent-pc/ros2_jazzy/install/my_robot_cpp:/home/vincent-pc/ros2_jazzy/install/my_robot_bringup:/home/vincent-pc/ros2_jazzy/install/lifecycle_cpp:/home/vincent-pc/ros2_jazzy/install/actions_cpp:/home/vincent-pc/ros2_jazzy/install/my_robot_interfaces:/home/vincent-pc/ros2_jazzy/install/my_robot_description:/opt/ros/jazzy/opt/gz_sim_vendor:/opt/ros/jazzy/opt/gz_sensors_vendor:/opt/ros/jazzy/opt/gz_physics_vendor:/opt/ros/jazzy/opt/sdformat_vendor:/opt/ros/jazzy/opt/gz_gui_vendor:/opt/ros/jazzy/opt/gz_transport_vendor:/opt/ros/jazzy/opt/gz_rendering_vendor:/opt/ros/jazzy/opt/gz_plugin_vendor:/opt/ros/jazzy/opt/gz_fuel_tools_vendor:/opt/ros/jazzy/opt/gz_msgs_vendor:/opt/ros/jazzy/opt/gz_common_vendor:/opt/ros/jazzy/opt/gz_math_vendor:/opt/ros/jazzy/opt/gz_utils_vendor:/opt/ros/jazzy/opt/gz_tools_vendor:/opt/ros/jazzy/opt/gz_ogre_next_vendor:/opt/ros/jazzy/opt/gz_dartsim_vendor:/opt/ros/jazzy/opt/gz_cmake_vendor:/home/vincent-pc/ros2_jazzy/install/robot_py:/home/vincent-pc/ros2_jazzy/install/my_robot_python:/home/vincent-pc/ros2_jazzy/install/lifecycle_py:/home/vincent-pc/ros2_jazzy/install/actions_py:/opt/ros/jazzy DEBUGINFOD_URLS=https://debuginfod.ubuntu.com LD_LIBRARY_PATH=/home/vincent-pc/ros2_jazzy/src/install/my_robot_interfaces/lib:${LD_LIBRARY_PATH} PYTHONPATH=/home/vincent-pc/ros2_jazzy/src/install/my_robot_interfaces/lib/python3.12/site-packages:${PYTHONPATH} /usr/bin/cmake /home/vincent-pc/ros2_jazzy/src/robot_cpp -DCMAKE_INSTALL_PREFIX=/home/vincent-pc/ros2_jazzy/src/install/robot_cpp
[0.300s] -- The C compiler identification is GNU 13.3.0
[0.547s] -- The CXX compiler identification is GNU 13.3.0
[0.642s] -- Detecting C compiler ABI info
[1.061s] -- Detecting C compiler ABI info - done
[1.101s] -- Check for working C compiler: /usr/bin/cc - skipped
[1.104s] -- Detecting C compile features
[1.109s] -- Detecting C compile features - done
[1.156s] -- Detecting CXX compiler ABI info
[1.623s] -- Detecting CXX compiler ABI info - done
[1.658s] -- Check for working CXX compiler: /usr/bin/c++ - skipped
[1.660s] -- Detecting CXX compile features
[1.660s] -- Detecting CXX compile features - done
[1.676s] -- Found ament_cmake: 2.5.4 (/opt/ros/jazzy/share/ament_cmake/cmake)
[2.246s] -- Found Python3: /usr/bin/python3 (found version "3.12.3") found components: Interpreter 
[2.781s] -- Found rclcpp: 28.1.13 (/opt/ros/jazzy/share/rclcpp/cmake)
[2.938s] -- Found rosidl_generator_c: 4.6.6 (/opt/ros/jazzy/share/rosidl_generator_c/cmake)
[2.981s] -- Found rosidl_generator_cpp: 4.6.6 (/opt/ros/jazzy/share/rosidl_generator_cpp/cmake)
[3.035s] -- Using all available rosidl_typesupport_c: rosidl_typesupport_fastrtps_c;rosidl_typesupport_introspection_c
[3.154s] -- Using all available rosidl_typesupport_cpp: rosidl_typesupport_fastrtps_cpp;rosidl_typesupport_introspection_cpp
[3.613s] -- Found rmw_implementation_cmake: 7.3.2 (/opt/ros/jazzy/share/rmw_implementation_cmake/cmake)
[3.618s] -- Found rmw_fastrtps_cpp: 8.4.3 (/opt/ros/jazzy/share/rmw_fastrtps_cpp/cmake)
[3.896s] -- Found OpenSSL: /usr/lib/x86_64-linux-gnu/libcrypto.so (found version "3.0.13")  
[3.940s] -- Found FastRTPS: /opt/ros/jazzy/include (Required is at least version "2.13") 
[3.998s] -- Using RMW implementation 'rmw_fastrtps_cpp' as default
[4.213s] -- Found geometry_msgs: 5.3.6 (/opt/ros/jazzy/share/geometry_msgs/cmake)
[4.302s] -- Found my_robot_interfaces: 0.0.0 (/home/vincent-pc/ros2_jazzy/src/install/my_robot_interfaces/share/my_robot_interfaces/cmake)
[4.456s] -- Found sensor_msgs: 5.3.6 (/opt/ros/jazzy/share/sensor_msgs/cmake)
[4.816s] -- Configuring done (4.7s)
[4.924s] -- Generating done (0.1s)
[4.967s] -- Build files have been written to: /home/vincent-pc/ros2_jazzy/src/build/robot_cpp
[4.997s] Invoked command in '/home/vincent-pc/ros2_jazzy/src/build/robot_cpp' returned '0': AMENT_PREFIX_PATH=/home/vincent-pc/ros2_jazzy/src/install/my_robot_interfaces:${AMENT_PREFIX_PATH} CMAKE_PREFIX_PATH=/home/vincent-pc/ros2_jazzy/src/install/my_robot_interfaces:/home/vincent-pc/ros2_jazzy/install/robot_cpp:/home/vincent-pc/ros2_jazzy/install/my_robot_cpp:/home/vincent-pc/ros2_jazzy/install/my_robot_bringup:/home/vincent-pc/ros2_jazzy/install/lifecycle_cpp:/home/vincent-pc/ros2_jazzy/install/actions_cpp:/home/vincent-pc/ros2_jazzy/install/my_robot_interfaces:/home/vincent-pc/ros2_jazzy/install/my_robot_description:/opt/ros/jazzy/opt/gz_sim_vendor:/opt/ros/jazzy/opt/gz_sensors_vendor:/opt/ros/jazzy/opt/gz_physics_vendor:/opt/ros/jazzy/opt/sdformat_vendor:/opt/ros/jazzy/opt/gz_gui_vendor:/opt/ros/jazzy/opt/gz_transport_vendor:/opt/ros/jazzy/opt/gz_rendering_vendor:/opt/ros/jazzy/opt/gz_plugin_vendor:/opt/ros/jazzy/opt/gz_fuel_tools_vendor:/opt/ros/jazzy/opt/gz_msgs_vendor:/opt/ros/jazzy/opt/gz_common_vendor:/opt/ros/jazzy/opt/gz_math_vendor:/opt/ros/jazzy/opt/gz_utils_vendor:/opt/ros/jazzy/opt/gz_tools_vendor:/opt/ros/jazzy/opt/gz_ogre_next_vendor:/opt/ros/jazzy/opt/gz_dartsim_vendor:/opt/ros/jazzy/opt/gz_cmake_vendor:/home/vincent-pc/ros2_jazzy/install/robot_py:/home/vincent-pc/ros2_jazzy/install/my_robot_python:/home/vincent-pc/ros2_jazzy/install/lifecycle_py:/home/vincent-pc/ros2_jazzy/install/actions_py:/opt/ros/jazzy DEBUGINFOD_URLS=https://debuginfod.ubuntu.com LD_LIBRARY_PATH=/home/vincent-pc/ros2_jazzy/src/install/my_robot_interfaces/lib:${LD_LIBRARY_PATH} PYTHONPATH=/home/vincent-pc/ros2_jazzy/src/install/my_robot_interfaces/lib/python3.12/site-packages:${PYTHONPATH} /usr/bin/cmake /home/vincent-pc/ros2_jazzy/src/robot_cpp -DCMAKE_INSTALL_PREFIX=/home/vincent-pc/ros2_jazzy/src/install/robot_cpp
[5.000s] Invoking command in '/home/vincent-pc/ros2_jazzy/src/build/robot_cpp': AMENT_PREFIX_PATH=/home/vincent-pc/ros2_jazzy/src/install/my_robot_interfaces:${AMENT_PREFIX_PATH} CMAKE_PREFIX_PATH=/home/vincent-pc/ros2_jazzy/src/install/my_robot_interfaces:/home/vincent-pc/ros2_jazzy/install/robot_cpp:/home/vincent-pc/ros2_jazzy/install/my_robot_cpp:/home/vincent-pc/ros2_jazzy/install/my_robot_bringup:/home/vincent-pc/ros2_jazzy/install/lifecycle_cpp:/home/vincent-pc/ros2_jazzy/install/actions_cpp:/home/vincent-pc/ros2_jazzy/install/my_robot_interfaces:/home/vincent-pc/ros2_jazzy/install/my_robot_description:/opt/ros/jazzy/opt/gz_sim_vendor:/opt/ros/jazzy/opt/gz_sensors_vendor:/opt/ros/jazzy/opt/gz_physics_vendor:/opt/ros/jazzy/opt/sdformat_vendor:/opt/ros/jazzy/opt/gz_gui_vendor:/opt/ros/jazzy/opt/gz_transport_vendor:/opt/ros/jazzy/opt/gz_rendering_vendor:/opt/ros/jazzy/opt/gz_plugin_vendor:/opt/ros/jazzy/opt/gz_fuel_tools_vendor:/opt/ros/jazzy/opt/gz_msgs_vendor:/opt/ros/jazzy/opt/gz_common_vendor:/opt/ros/jazzy/opt/gz_math_vendor:/opt/ros/jazzy/opt/gz_utils_vendor:/opt/ros/jazzy/opt/gz_tools_vendor:/opt/ros/jazzy/opt/gz_ogre_next_vendor:/opt/ros/jazzy/opt/gz_dartsim_vendor:/opt/ros/jazzy/opt/gz_cmake_vendor:/home/vincent-pc/ros2_jazzy/install/robot_py:/home/vincent-pc/ros2_jazzy/install/my_robot_python:/home/vincent-pc/ros2_jazzy/install/lifecycle_py:/home/vincent-pc/ros2_jazzy/install/actions_py:/opt/ros/jazzy DEBUGINFOD_URLS=https://debuginfod.ubuntu.com LD_LIBRARY_PATH=/home/vincent-pc/ros2_jazzy/src/install/my_robot_interfaces/lib:${LD_LIBRARY_PATH} PYTHONPATH=/home/vincent-pc/ros2_jazzy/src/install/my_robot_interfaces/lib/python3.12/site-packages:${PYTHONPATH} /usr/bin/cmake --build /home/vincent-pc/ros2_jazzy/src/build/robot_cpp -- -j8 -l8
[5.172s] [  8%] [32mBuilding CXX object CMakeFiles/master_srv_cpp.dir/src/my_robot_master_srv.cpp.o[0m
[5.188s] [ 16%] [32mBuilding CXX object CMakeFiles/led_panel_cpp.dir/src/led_panel.cpp.o[0m
[5.192s] [ 25%] [32mBuilding CXX object CMakeFiles/differential_node_srv.dir/src/my_robot_differential_srv.cpp.o[0m
[5.199s] [ 33%] [32mBuilding CXX object CMakeFiles/my_robot_master_cpp.dir/src/my_robot_master.cpp.o[0m
[5.207s] [ 41%] [32mBuilding CXX object CMakeFiles/my_robot_differential_cpp.dir/src/my_robot_differential.cpp.o[0m
[5.209s] [ 50%] [32mBuilding CXX object CMakeFiles/battery_cpp.dir/src/led_panel.cpp.o[0m
[20.050s] [ 58%] [32m[1mLinking CXX executable led_panel_cpp[0m
[20.190s] [ 66%] [32m[1mLinking CXX executable master_srv_cpp[0m
[20.678s] [ 66%] Built target led_panel_cpp
[20.749s] [ 66%] Built target master_srv_cpp
[21.558s] [ 75%] [32m[1mLinking CXX executable battery_cpp[0m
[21.970s] [ 75%] Built target battery_cpp
[24.284s] [ 83%] [32m[1mLinking CXX executable my_robot_master_cpp[0m
[24.608s] [ 83%] Built target my_robot_master_cpp
[24.846s] [ 91%] [32m[1mLinking CXX executable my_robot_differential_cpp[0m
[25.196s] [ 91%] Built target my_robot_differential_cpp
[26.079s] [100%] [32m[1mLinking CXX executable differential_node_srv[0m
[26.454s] [100%] Built target differential_node_srv
[26.465s] Invoked command in '/home/vincent-pc/ros2_jazzy/src/build/robot_cpp' returned '0': AMENT_PREFIX_PATH=/home/vincent-pc/ros2_jazzy/src/install/my_robot_interfaces:${AMENT_PREFIX_PATH} CMAKE_PREFIX_PATH=/home/vincent-pc/ros2_jazzy/src/install/my_robot_interfaces:/home/vincent-pc/ros2_jazzy/install/robot_cpp:/home/vincent-pc/ros2_jazzy/install/my_robot_cpp:/home/vincent-pc/ros2_jazzy/install/my_robot_bringup:/home/vincent-pc/ros2_jazzy/install/lifecycle_cpp:/home/vincent-pc/ros2_jazzy/install/actions_cpp:/home/vincent-pc/ros2_jazzy/install/my_robot_interfaces:/home/vincent-pc/ros2_jazzy/install/my_robot_description:/opt/ros/jazzy/opt/gz_sim_vendor:/opt/ros/jazzy/opt/gz_sensors_vendor:/opt/ros/jazzy/opt/gz_physics_vendor:/opt/ros/jazzy/opt/sdformat_vendor:/opt/ros/jazzy/opt/gz_gui_vendor:/opt/ros/jazzy/opt/gz_transport_vendor:/opt/ros/jazzy/opt/gz_rendering_vendor:/opt/ros/jazzy/opt/gz_plugin_vendor:/opt/ros/jazzy/opt/gz_fuel_tools_vendor:/opt/ros/jazzy/opt/gz_msgs_vendor:/opt/ros/jazzy/opt/gz_common_vendor:/opt/ros/jazzy/opt/gz_math_vendor:/opt/ros/jazzy/opt/gz_utils_vendor:/opt/ros/jazzy/opt/gz_tools_vendor:/opt/ros/jazzy/opt/gz_ogre_next_vendor:/opt/ros/jazzy/opt/gz_dartsim_vendor:/opt/ros/jazzy/opt/gz_cmake_vendor:/home/vincent-pc/ros2_jazzy/install/robot_py:/home/vincent-pc/ros2_jazzy/install/my_robot_python:/home/vincent-pc/ros2_jazzy/install/lifecycle_py:/home/vincent-pc/ros2_jazzy/install/actions_py:/opt/ros/jazzy DEBUGINFOD_URLS=https://debuginfod.ubuntu.com LD_LIBRARY_PATH=/home/vincent-pc/ros2_jazzy/src/install/my_robot_interfaces/lib:${LD_LIBRARY_PATH} PYTHONPATH=/home/vincent-pc/ros2_jazzy/src/install/my_robot_interfaces/lib/python3.12/site-packages:${PYTHONPATH} /usr/bin/cmake --build /home/vincent-pc/ros2_jazzy/src/build/robot_cpp -- -j8 -l8
[26.467s] Invoking command in '/home/vincent-pc/ros2_jazzy/src/build/robot_cpp': AMENT_PREFIX_PATH=/home/vincent-pc/ros2_jazzy/src/install/my_robot_interfaces:${AMENT_PREFIX_PATH} CMAKE_PREFIX_PATH=/home/vincent-pc/ros2_jazzy/src/install/my_robot_interfaces:/home/vincent-pc/ros2_jazzy/install/robot_cpp:/home/vincent-pc/ros2_jazzy/install/my_robot_cpp:/home/vincent-pc/ros2_jazzy/install/my_robot_bringup:/home/vincent-pc/ros2_jazzy/install/lifecycle_cpp:/home/vincent-pc/ros2_jazzy/install/actions_cpp:/home/vincent-pc/ros2_jazzy/install/my_robot_interfaces:/home/vincent-pc/ros2_jazzy/install/my_robot_description:/opt/ros/jazzy/opt/gz_sim_vendor:/opt/ros/jazzy/opt/gz_sensors_vendor:/opt/ros/jazzy/opt/gz_physics_vendor:/opt/ros/jazzy/opt/sdformat_vendor:/opt/ros/jazzy/opt/gz_gui_vendor:/opt/ros/jazzy/opt/gz_transport_vendor:/opt/ros/jazzy/opt/gz_rendering_vendor:/opt/ros/jazzy/opt/gz_plugin_vendor:/opt/ros/jazzy/opt/gz_fuel_tools_vendor:/opt/ros/jazzy/opt/gz_msgs_vendor:/opt/ros/jazzy/opt/gz_common_vendor:/opt/ros/jazzy/opt/gz_math_vendor:/opt/ros/jazzy/opt/gz_utils_vendor:/opt/ros/jazzy/opt/gz_tools_vendor:/opt/ros/jazzy/opt/gz_ogre_next_vendor:/opt/ros/jazzy/opt/gz_dartsim_vendor:/opt/ros/jazzy/opt/gz_cmake_vendor:/home/vincent-pc/ros2_jazzy/install/robot_py:/home/vincent-pc/ros2_jazzy/install/my_robot_python:/home/vincent-pc/ros2_jazzy/install/lifecycle_py:/home/vincent-pc/ros2_jazzy/install/actions_py:/opt/ros/jazzy DEBUGINFOD_URLS=https://debuginfod.ubuntu.com LD_LIBRARY_PATH=/home/vincent-pc/ros2_jazzy/src/install/my_robot_interfaces/lib:${LD_LIBRARY_PATH} PYTHONPATH=/home/vincent-pc/ros2_jazzy/src/install/my_robot_interfaces/lib/python3.12/site-packages:${PYTHONPATH} /usr/bin/cmake --install /home/vincent-pc/ros2_jazzy/src/build/robot_cpp
[26.474s] -- Install configuration: ""
[26.474s] -- Installing: /home/vincent-pc/ros2_jazzy/src/install/robot_cpp/lib/robot_cpp/my_robot_differential_cpp
[26.479s] -- Set non-toolchain portion of runtime path of "/home/vincent-pc/ros2_jazzy/src/install/robot_cpp/lib/robot_cpp/my_robot_differential_cpp" to ""
[26.479s] -- Installing: /home/vincent-pc/ros2_jazzy/src/install/robot_cpp/lib/robot_cpp/my_robot_master_cpp
[26.482s] -- Set non-toolchain portion of runtime path of "/home/vincent-pc/ros2_jazzy/src/install/robot_cpp/lib/robot_cpp/my_robot_master_cpp" to ""
[26.482s] -- Installing: /home/vincent-pc/ros2_jazzy/src/install/robot_cpp/lib/robot_cpp/led_panel_cpp
[26.484s] -- Set non-toolchain portion of runtime path of "/home/vincent-pc/ros2_jazzy/src/install/robot_cpp/lib/robot_cpp/led_panel_cpp" to ""
[26.484s] -- Installing: /home/vincent-pc/ros2_jazzy/src/install/robot_cpp/lib/robot_cpp/battery_cpp
[26.485s] -- Set non-toolchain portion of runtime path of "/home/vincent-pc/ros2_jazzy/src/install/robot_cpp/lib/robot_cpp/battery_cpp" to ""
[26.485s] -- Installing: /home/vincent-pc/ros2_jazzy/src/install/robot_cpp/lib/robot_cpp/master_srv_cpp
[26.486s] -- Set non-toolchain portion of runtime path of "/home/vincent-pc/ros2_jazzy/src/install/robot_cpp/lib/robot_cpp/master_srv_cpp" to ""
[26.486s] -- Installing: /home/vincent-pc/ros2_jazzy/src/install/robot_cpp/lib/robot_cpp/differential_node_srv
[26.491s] -- Set non-toolchain portion of runtime path of "/home/vincent-pc/ros2_jazzy/src/install/robot_cpp/lib/robot_cpp/differential_node_srv" to ""
[26.491s] -- Installing: /home/vincent-pc/ros2_jazzy/src/install/robot_cpp/share/ament_index/resource_index/package_run_dependencies/robot_cpp
[26.491s] -- Installing: /home/vincent-pc/ros2_jazzy/src/install/robot_cpp/share/ament_index/resource_index/parent_prefix_path/robot_cpp
[26.491s] -- Installing: /home/vincent-pc/ros2_jazzy/src/install/robot_cpp/share/robot_cpp/environment/ament_prefix_path.sh
[26.491s] -- Installing: /home/vincent-pc/ros2_jazzy/src/install/robot_cpp/share/robot_cpp/environment/ament_prefix_path.dsv
[26.491s] -- Installing: /home/vincent-pc/ros2_jazzy/src/install/robot_cpp/share/robot_cpp/environment/path.sh
[26.492s] -- Installing: /home/vincent-pc/ros2_jazzy/src/install/robot_cpp/share/robot_cpp/environment/path.dsv
[26.492s] -- Installing: /home/vincent-pc/ros2_jazzy/src/install/robot_cpp/share/robot_cpp/local_setup.bash
[26.492s] -- Installing: /home/vincent-pc/ros2_jazzy/src/install/robot_cpp/share/robot_cpp/local_setup.sh
[26.492s] -- Installing: /home/vincent-pc/ros2_jazzy/src/install/robot_cpp/share/robot_cpp/local_setup.zsh
[26.492s] -- Installing: /home/vincent-pc/ros2_jazzy/src/install/robot_cpp/share/robot_cpp/local_setup.dsv
[26.492s] -- Installing: /home/vincent-pc/ros2_jazzy/src/install/robot_cpp/share/robot_cpp/package.dsv
[26.492s] -- Installing: /home/vincent-pc/ros2_jazzy/src/install/robot_cpp/share/ament_index/resource_index/packages/robot_cpp
[26.492s] -- Installing: /home/vincent-pc/ros2_jazzy/src/install/robot_cpp/share/robot_cpp/cmake/robot_cppConfig.cmake
[26.492s] -- Installing: /home/vincent-pc/ros2_jazzy/src/install/robot_cpp/share/robot_cpp/cmake/robot_cppConfig-version.cmake
[26.493s] -- Installing: /home/vincent-pc/ros2_jazzy/src/install/robot_cpp/share/robot_cpp/package.xml
[26.495s] Invoked command in '/home/vincent-pc/ros2_jazzy/src/build/robot_cpp' returned '0': AMENT_PREFIX_PATH=/home/vincent-pc/ros2_jazzy/src/install/my_robot_interfaces:${AMENT_PREFIX_PATH} CMAKE_PREFIX_PATH=/home/vincent-pc/ros2_jazzy/src/install/my_robot_interfaces:/home/vincent-pc/ros2_jazzy/install/robot_cpp:/home/vincent-pc/ros2_jazzy/install/my_robot_cpp:/home/vincent-pc/ros2_jazzy/install/my_robot_bringup:/home/vincent-pc/ros2_jazzy/install/lifecycle_cpp:/home/vincent-pc/ros2_jazzy/install/actions_cpp:/home/vincent-pc/ros2_jazzy/install/my_robot_interfaces:/home/vincent-pc/ros2_jazzy/install/my_robot_description:/opt/ros/jazzy/opt/gz_sim_vendor:/opt/ros/jazzy/opt/gz_sensors_vendor:/opt/ros/jazzy/opt/gz_physics_vendor:/opt/ros/jazzy/opt/sdformat_vendor:/opt/ros/jazzy/opt/gz_gui_vendor:/opt/ros/jazzy/opt/gz_transport_vendor:/opt/ros/jazzy/opt/gz_rendering_vendor:/opt/ros/jazzy/opt/gz_plugin_vendor:/opt/ros/jazzy/opt/gz_fuel_tools_vendor:/opt/ros/jazzy/opt/gz_msgs_vendor:/opt/ros/jazzy/opt/gz_common_vendor:/opt/ros/jazzy/opt/gz_math_vendor:/opt/ros/jazzy/opt/gz_utils_vendor:/opt/ros/jazzy/opt/gz_tools_vendor:/opt/ros/jazzy/opt/gz_ogre_next_vendor:/opt/ros/jazzy/opt/gz_dartsim_vendor:/opt/ros/jazzy/opt/gz_cmake_vendor:/home/vincent-pc/ros2_jazzy/install/robot_py:/home/vincent-pc/ros2_jazzy/install/my_robot_python:/home/vincent-pc/ros2_jazzy/install/lifecycle_py:/home/vincent-pc/ros2_jazzy/install/actions_py:/opt/ros/jazzy DEBUGINFOD_URLS=https://debuginfod.ubuntu.com LD_LIBRARY_PATH=/home/vincent-pc/ros2_jazzy/src/install/my_robot_interfaces/lib:${LD_LIBRARY_PATH} PYTHONPATH=/home/vincent-pc/ros2_jazzy/src/install/my_robot_interfaces/lib/python3.12/site-packages:${PYTHONPATH} /usr/bin/cmake --install /home/vincent-pc/ros2_jazzy/src/build/robot_cpp
