[2.095s] Invoking command in '/home/vincent-pc/ros2_jazzy/build/lifecycle_py': CMAKE_PREFIX_PATH=/home/vincent-pc/ros2_jazzy/install/my_robot_interfaces:/home/vincent-pc/ros2_jazzy/install/my_robot_cpp:/home/vincent-pc/ros2_jazzy/install/actions_cpp:/home/vincent-pc/ros2_jazzy/install/my_robot_description:/home/vincent-pc/ros2_jazzy/install/my_robot_bringup:/opt/ros/jazzy/opt/gz_sim_vendor:/opt/ros/jazzy/opt/gz_sensors_vendor:/opt/ros/jazzy/opt/gz_physics_vendor:/opt/ros/jazzy/opt/sdformat_vendor:/opt/ros/jazzy/opt/gz_gui_vendor:/opt/ros/jazzy/opt/gz_transport_vendor:/opt/ros/jazzy/opt/gz_rendering_vendor:/opt/ros/jazzy/opt/gz_plugin_vendor:/opt/ros/jazzy/opt/gz_fuel_tools_vendor:/opt/ros/jazzy/opt/gz_msgs_vendor:/opt/ros/jazzy/opt/gz_common_vendor:/opt/ros/jazzy/opt/gz_math_vendor:/opt/ros/jazzy/opt/gz_utils_vendor:/opt/ros/jazzy/opt/gz_tools_vendor:/opt/ros/jazzy/opt/gz_ogre_next_vendor:/opt/ros/jazzy/opt/gz_dartsim_vendor:/opt/ros/jazzy/opt/gz_cmake_vendor DEBUGINFOD_URLS=https://debuginfod.ubuntu.com PYTHONPATH=/home/vincent-pc/ros2_jazzy/build/lifecycle_py/prefix_override:/usr/lib/python3/dist-packages/colcon_core/task/python/colcon_distutils_commands:/home/vincent-pc/ros2_jazzy/install/lifecycle_py/lib/python3.12/site-packages:/home/vincent-pc/ros2_jazzy/install/my_robot_interfaces/lib/python3.12/site-packages:/home/vincent-pc/ros2_jazzy/install/my_robot_python/lib/python3.12/site-packages:/home/vincent-pc/ros2_jazzy/install/actions_py/lib/python3.12/site-packages:/opt/ros/jazzy/lib/python3.12/site-packages /usr/bin/python3 -W ignore:setup.py install is deprecated -W ignore:easy_install command is deprecated setup.py develop --editable --build-directory /home/vincent-pc/ros2_jazzy/build/lifecycle_py/build --no-deps symlink_data
[2.732s] running develop
[3.106s] running egg_info
[3.106s] creating lifecycle_py.egg-info
[3.132s] writing lifecycle_py.egg-info/PKG-INFO
[3.132s] writing dependency_links to lifecycle_py.egg-info/dependency_links.txt
[3.132s] writing entry points to lifecycle_py.egg-info/entry_points.txt
[3.132s] writing requirements to lifecycle_py.egg-info/requires.txt
[3.132s] writing top-level names to lifecycle_py.egg-info/top_level.txt
[3.132s] writing manifest file 'lifecycle_py.egg-info/SOURCES.txt'
[3.195s] reading manifest file 'lifecycle_py.egg-info/SOURCES.txt'
[3.195s] writing manifest file 'lifecycle_py.egg-info/SOURCES.txt'
[3.224s] running build_ext
[3.224s] Creating /home/vincent-pc/ros2_jazzy/install/lifecycle_py/lib/python3.12/site-packages/lifecycle-py.egg-link (link to .)
[3.225s] Installing number_publisher_py script to /home/vincent-pc/ros2_jazzy/install/lifecycle_py/lib/lifecycle_py
[3.225s] 
[3.225s] Installed /home/vincent-pc/ros2_jazzy/build/lifecycle_py
[3.225s] running symlink_data
[3.226s] creating /home/vincent-pc/ros2_jazzy/install/lifecycle_py/share/ament_index
[3.226s] creating /home/vincent-pc/ros2_jazzy/install/lifecycle_py/share/ament_index/resource_index
[3.226s] creating /home/vincent-pc/ros2_jazzy/install/lifecycle_py/share/ament_index/resource_index/packages
[3.226s] symbolically linking /home/vincent-pc/ros2_jazzy/build/lifecycle_py/resource/lifecycle_py -> /home/vincent-pc/ros2_jazzy/install/lifecycle_py/share/ament_index/resource_index/packages
[3.227s] symbolically linking /home/vincent-pc/ros2_jazzy/build/lifecycle_py/package.xml -> /home/vincent-pc/ros2_jazzy/install/lifecycle_py/share/lifecycle_py
[3.278s] Invoked command in '/home/vincent-pc/ros2_jazzy/build/lifecycle_py' returned '0': CMAKE_PREFIX_PATH=/home/vincent-pc/ros2_jazzy/install/my_robot_interfaces:/home/vincent-pc/ros2_jazzy/install/my_robot_cpp:/home/vincent-pc/ros2_jazzy/install/actions_cpp:/home/vincent-pc/ros2_jazzy/install/my_robot_description:/home/vincent-pc/ros2_jazzy/install/my_robot_bringup:/opt/ros/jazzy/opt/gz_sim_vendor:/opt/ros/jazzy/opt/gz_sensors_vendor:/opt/ros/jazzy/opt/gz_physics_vendor:/opt/ros/jazzy/opt/sdformat_vendor:/opt/ros/jazzy/opt/gz_gui_vendor:/opt/ros/jazzy/opt/gz_transport_vendor:/opt/ros/jazzy/opt/gz_rendering_vendor:/opt/ros/jazzy/opt/gz_plugin_vendor:/opt/ros/jazzy/opt/gz_fuel_tools_vendor:/opt/ros/jazzy/opt/gz_msgs_vendor:/opt/ros/jazzy/opt/gz_common_vendor:/opt/ros/jazzy/opt/gz_math_vendor:/opt/ros/jazzy/opt/gz_utils_vendor:/opt/ros/jazzy/opt/gz_tools_vendor:/opt/ros/jazzy/opt/gz_ogre_next_vendor:/opt/ros/jazzy/opt/gz_dartsim_vendor:/opt/ros/jazzy/opt/gz_cmake_vendor DEBUGINFOD_URLS=https://debuginfod.ubuntu.com PYTHONPATH=/home/vincent-pc/ros2_jazzy/build/lifecycle_py/prefix_override:/usr/lib/python3/dist-packages/colcon_core/task/python/colcon_distutils_commands:/home/vincent-pc/ros2_jazzy/install/lifecycle_py/lib/python3.12/site-packages:/home/vincent-pc/ros2_jazzy/install/my_robot_interfaces/lib/python3.12/site-packages:/home/vincent-pc/ros2_jazzy/install/my_robot_python/lib/python3.12/site-packages:/home/vincent-pc/ros2_jazzy/install/actions_py/lib/python3.12/site-packages:/opt/ros/jazzy/lib/python3.12/site-packages /usr/bin/python3 -W ignore:setup.py install is deprecated -W ignore:easy_install command is deprecated setup.py develop --editable --build-directory /home/vincent-pc/ros2_jazzy/build/lifecycle_py/build --no-deps symlink_data
