[1.121s] Invoking command in '/home/vincent-pc/ros2_jazzy/src/actions_py': CMAKE_PREFIX_PATH=/home/vincent-pc/ros2_jazzy/install/my_robot_interfaces:/home/vincent-pc/ros2_jazzy/install/my_robot_cpp:/home/vincent-pc/ros2_jazzy/install/actions_cpp:/home/vincent-pc/ros2_jazzy/install/my_robot_description:/home/vincent-pc/ros2_jazzy/install/my_robot_bringup:/opt/ros/jazzy/opt/gz_sim_vendor:/opt/ros/jazzy/opt/gz_sensors_vendor:/opt/ros/jazzy/opt/gz_physics_vendor:/opt/ros/jazzy/opt/sdformat_vendor:/opt/ros/jazzy/opt/gz_gui_vendor:/opt/ros/jazzy/opt/gz_transport_vendor:/opt/ros/jazzy/opt/gz_rendering_vendor:/opt/ros/jazzy/opt/gz_plugin_vendor:/opt/ros/jazzy/opt/gz_fuel_tools_vendor:/opt/ros/jazzy/opt/gz_msgs_vendor:/opt/ros/jazzy/opt/gz_common_vendor:/opt/ros/jazzy/opt/gz_math_vendor:/opt/ros/jazzy/opt/gz_utils_vendor:/opt/ros/jazzy/opt/gz_tools_vendor:/opt/ros/jazzy/opt/gz_ogre_next_vendor:/opt/ros/jazzy/opt/gz_dartsim_vendor:/opt/ros/jazzy/opt/gz_cmake_vendor DEBUGINFOD_URLS=https://debuginfod.ubuntu.com PYTHONPATH=/home/vincent-pc/ros2_jazzy/build/actions_py/prefix_override:/usr/lib/python3/dist-packages/colcon_core/task/python/colcon_distutils_commands:/home/vincent-pc/ros2_jazzy/install/actions_py/lib/python3.12/site-packages:/home/vincent-pc/ros2_jazzy/install/my_robot_interfaces/lib/python3.12/site-packages:/home/vincent-pc/ros2_jazzy/build/my_robot_python:/home/vincent-pc/ros2_jazzy/install/my_robot_python/lib/python3.12/site-packages:/home/vincent-pc/ros2_jazzy/build/actions_py:/home/vincent-pc/ros2_jazzy/install/actions_py/lib/python3.12/site-packages:/opt/ros/jazzy/lib/python3.12/site-packages /usr/bin/python3 -W ignore:setup.py install is deprecated -W ignore:easy_install command is deprecated setup.py egg_info --egg-base ../../build/actions_py build --build-base /home/vincent-pc/ros2_jazzy/build/actions_py/build install --record /home/vincent-pc/ros2_jazzy/build/actions_py/install.log --single-version-externally-managed install_data
[1.466s] running egg_info
[1.488s] writing ../../build/actions_py/actions_py.egg-info/PKG-INFO
[1.489s] writing dependency_links to ../../build/actions_py/actions_py.egg-info/dependency_links.txt
[1.489s] writing entry points to ../../build/actions_py/actions_py.egg-info/entry_points.txt
[1.489s] writing requirements to ../../build/actions_py/actions_py.egg-info/requires.txt
[1.489s] writing top-level names to ../../build/actions_py/actions_py.egg-info/top_level.txt
[1.541s] reading manifest file '../../build/actions_py/actions_py.egg-info/SOURCES.txt'
[1.542s] writing manifest file '../../build/actions_py/actions_py.egg-info/SOURCES.txt'
[1.542s] running build
[1.543s] running build_py
[1.543s] running install
[1.551s] running install_lib
[1.575s] running install_data
[1.575s] running install_egg_info
[1.601s] removing '/home/vincent-pc/ros2_jazzy/install/actions_py/lib/python3.12/site-packages/actions_py-0.0.0-py3.12.egg-info' (and everything under it)
[1.601s] Copying ../../build/actions_py/actions_py.egg-info to /home/vincent-pc/ros2_jazzy/install/actions_py/lib/python3.12/site-packages/actions_py-0.0.0-py3.12.egg-info
[1.602s] running install_scripts
[1.761s] Installing count_until_client_py script to /home/vincent-pc/ros2_jazzy/install/actions_py/lib/actions_py
[1.761s] Installing count_until_server_policy_py script to /home/vincent-pc/ros2_jazzy/install/actions_py/lib/actions_py
[1.761s] Installing count_until_server_policy_queue_py script to /home/vincent-pc/ros2_jazzy/install/actions_py/lib/actions_py
[1.761s] Installing count_until_server_py script to /home/vincent-pc/ros2_jazzy/install/actions_py/lib/actions_py
[1.761s] Installing move_robot_client_py script to /home/vincent-pc/ros2_jazzy/install/actions_py/lib/actions_py
[1.761s] Installing move_robot_server_policy_py script to /home/vincent-pc/ros2_jazzy/install/actions_py/lib/actions_py
[1.761s] Installing move_robot_server_py script to /home/vincent-pc/ros2_jazzy/install/actions_py/lib/actions_py
[1.762s] writing list of installed files to '/home/vincent-pc/ros2_jazzy/build/actions_py/install.log'
[1.807s] Invoked command in '/home/vincent-pc/ros2_jazzy/src/actions_py' returned '0': CMAKE_PREFIX_PATH=/home/vincent-pc/ros2_jazzy/install/my_robot_interfaces:/home/vincent-pc/ros2_jazzy/install/my_robot_cpp:/home/vincent-pc/ros2_jazzy/install/actions_cpp:/home/vincent-pc/ros2_jazzy/install/my_robot_description:/home/vincent-pc/ros2_jazzy/install/my_robot_bringup:/opt/ros/jazzy/opt/gz_sim_vendor:/opt/ros/jazzy/opt/gz_sensors_vendor:/opt/ros/jazzy/opt/gz_physics_vendor:/opt/ros/jazzy/opt/sdformat_vendor:/opt/ros/jazzy/opt/gz_gui_vendor:/opt/ros/jazzy/opt/gz_transport_vendor:/opt/ros/jazzy/opt/gz_rendering_vendor:/opt/ros/jazzy/opt/gz_plugin_vendor:/opt/ros/jazzy/opt/gz_fuel_tools_vendor:/opt/ros/jazzy/opt/gz_msgs_vendor:/opt/ros/jazzy/opt/gz_common_vendor:/opt/ros/jazzy/opt/gz_math_vendor:/opt/ros/jazzy/opt/gz_utils_vendor:/opt/ros/jazzy/opt/gz_tools_vendor:/opt/ros/jazzy/opt/gz_ogre_next_vendor:/opt/ros/jazzy/opt/gz_dartsim_vendor:/opt/ros/jazzy/opt/gz_cmake_vendor DEBUGINFOD_URLS=https://debuginfod.ubuntu.com PYTHONPATH=/home/vincent-pc/ros2_jazzy/build/actions_py/prefix_override:/usr/lib/python3/dist-packages/colcon_core/task/python/colcon_distutils_commands:/home/vincent-pc/ros2_jazzy/install/actions_py/lib/python3.12/site-packages:/home/vincent-pc/ros2_jazzy/install/my_robot_interfaces/lib/python3.12/site-packages:/home/vincent-pc/ros2_jazzy/build/my_robot_python:/home/vincent-pc/ros2_jazzy/install/my_robot_python/lib/python3.12/site-packages:/home/vincent-pc/ros2_jazzy/build/actions_py:/home/vincent-pc/ros2_jazzy/install/actions_py/lib/python3.12/site-packages:/opt/ros/jazzy/lib/python3.12/site-packages /usr/bin/python3 -W ignore:setup.py install is deprecated -W ignore:easy_install command is deprecated setup.py egg_info --egg-base ../../build/actions_py build --build-base /home/vincent-pc/ros2_jazzy/build/actions_py/build install --record /home/vincent-pc/ros2_jazzy/build/actions_py/install.log --single-version-externally-managed install_data
