[2.909s] Invoking command in '/home/vincent-pc/ros2_jazzy/src/actions_py': AMENT_PREFIX_PATH=/home/vincent-pc/ros2_jazzy/src/install/my_robot_interfaces:${AMENT_PREFIX_PATH} CMAKE_PREFIX_PATH=/home/vincent-pc/ros2_jazzy/src/install/my_robot_interfaces:${CMAKE_PREFIX_PATH} DEBUGINFOD_URLS=https://debuginfod.ubuntu.com LD_LIBRARY_PATH=/home/vincent-pc/ros2_jazzy/src/install/my_robot_interfaces/lib:${LD_LIBRARY_PATH} PYTHONPATH=/home/vincent-pc/ros2_jazzy/src/build/actions_py/prefix_override:/usr/lib/python3/dist-packages/colcon_core/task/python/colcon_distutils_commands:/home/vincent-pc/ros2_jazzy/src/install/actions_py/lib/python3.12/site-packages:/home/vincent-pc/ros2_jazzy/src/install/my_robot_interfaces/lib/python3.12/site-packages:${PYTHONPATH} /usr/bin/python3 -W ignore:setup.py install is deprecated -W ignore:easy_install command is deprecated setup.py egg_info --egg-base ../build/actions_py build --build-base /home/vincent-pc/ros2_jazzy/src/build/actions_py/build install --record /home/vincent-pc/ros2_jazzy/src/build/actions_py/install.log --single-version-externally-managed install_data
[3.794s] running egg_info
[3.906s] writing ../build/actions_py/actions_py.egg-info/PKG-INFO
[3.914s] writing dependency_links to ../build/actions_py/actions_py.egg-info/dependency_links.txt
[3.914s] writing entry points to ../build/actions_py/actions_py.egg-info/entry_points.txt
[3.914s] writing requirements to ../build/actions_py/actions_py.egg-info/requires.txt
[3.915s] writing top-level names to ../build/actions_py/actions_py.egg-info/top_level.txt
[4.180s] reading manifest file '../build/actions_py/actions_py.egg-info/SOURCES.txt'
[4.188s] writing manifest file '../build/actions_py/actions_py.egg-info/SOURCES.txt'
[4.189s] running build
[4.196s] running build_py
[4.196s] running install
[4.271s] running install_lib
[4.533s] running install_data
[4.533s] running install_egg_info
[4.769s] removing '/home/vincent-pc/ros2_jazzy/src/install/actions_py/lib/python3.12/site-packages/actions_py-0.0.0-py3.12.egg-info' (and everything under it)
[4.769s] Copying ../build/actions_py/actions_py.egg-info to /home/vincent-pc/ros2_jazzy/src/install/actions_py/lib/python3.12/site-packages/actions_py-0.0.0-py3.12.egg-info
[4.779s] running install_scripts
[5.377s] Installing count_until_client_py script to /home/vincent-pc/ros2_jazzy/src/install/actions_py/lib/actions_py
[5.378s] Installing count_until_server_policy_py script to /home/vincent-pc/ros2_jazzy/src/install/actions_py/lib/actions_py
[5.379s] Installing count_until_server_policy_queue_py script to /home/vincent-pc/ros2_jazzy/src/install/actions_py/lib/actions_py
[5.380s] Installing count_until_server_py script to /home/vincent-pc/ros2_jazzy/src/install/actions_py/lib/actions_py
[5.381s] Installing move_robot_client_py script to /home/vincent-pc/ros2_jazzy/src/install/actions_py/lib/actions_py
[5.382s] Installing move_robot_server_policy_py script to /home/vincent-pc/ros2_jazzy/src/install/actions_py/lib/actions_py
[5.382s] Installing move_robot_server_py script to /home/vincent-pc/ros2_jazzy/src/install/actions_py/lib/actions_py
[5.384s] writing list of installed files to '/home/vincent-pc/ros2_jazzy/src/build/actions_py/install.log'
[5.560s] Invoked command in '/home/vincent-pc/ros2_jazzy/src/actions_py' returned '0': AMENT_PREFIX_PATH=/home/vincent-pc/ros2_jazzy/src/install/my_robot_interfaces:${AMENT_PREFIX_PATH} CMAKE_PREFIX_PATH=/home/vincent-pc/ros2_jazzy/src/install/my_robot_interfaces:${CMAKE_PREFIX_PATH} DEBUGINFOD_URLS=https://debuginfod.ubuntu.com LD_LIBRARY_PATH=/home/vincent-pc/ros2_jazzy/src/install/my_robot_interfaces/lib:${LD_LIBRARY_PATH} PYTHONPATH=/home/vincent-pc/ros2_jazzy/src/build/actions_py/prefix_override:/usr/lib/python3/dist-packages/colcon_core/task/python/colcon_distutils_commands:/home/vincent-pc/ros2_jazzy/src/install/actions_py/lib/python3.12/site-packages:/home/vincent-pc/ros2_jazzy/src/install/my_robot_interfaces/lib/python3.12/site-packages:${PYTHONPATH} /usr/bin/python3 -W ignore:setup.py install is deprecated -W ignore:easy_install command is deprecated setup.py egg_info --egg-base ../build/actions_py build --build-base /home/vincent-pc/ros2_jazzy/src/build/actions_py/build install --record /home/vincent-pc/ros2_jazzy/src/build/actions_py/install.log --single-version-externally-managed install_data
