[1.772s] Invoking command in '/home/vincent-pc/ros2_jazzy/build/robot_py': DEBUGINFOD_URLS=https://debuginfod.ubuntu.com PYTHONPATH=/home/vincent-pc/ros2_jazzy/build/robot_py/prefix_override:/usr/lib/python3/dist-packages/colcon_core/task/python/colcon_distutils_commands:/home/vincent-pc/ros2_jazzy/install/robot_py/lib/python3.12/site-packages:${PYTHONPATH} /usr/bin/python3 -W ignore:setup.py install is deprecated -W ignore:easy_install command is deprecated setup.py develop --editable --build-directory /home/vincent-pc/ros2_jazzy/build/robot_py/build --no-deps symlink_data
[2.669s] running develop
[3.080s] running egg_info
[3.121s] writing robot_py.egg-info/PKG-INFO
[3.122s] writing dependency_links to robot_py.egg-info/dependency_links.txt
[3.122s] writing entry points to robot_py.egg-info/entry_points.txt
[3.122s] writing requirements to robot_py.egg-info/requires.txt
[3.122s] writing top-level names to robot_py.egg-info/top_level.txt
[3.220s] reading manifest file 'robot_py.egg-info/SOURCES.txt'
[3.231s] writing manifest file 'robot_py.egg-info/SOURCES.txt'
[3.339s] running build_ext
[3.339s] Creating /home/vincent-pc/ros2_jazzy/install/robot_py/lib/python3.12/site-packages/robot-py.egg-link (link to .)
[3.340s] Installing joint0_srv_py script to /home/vincent-pc/ros2_jazzy/install/robot_py/lib/robot_py
[3.341s] Installing joint1_srv_py script to /home/vincent-pc/ros2_jazzy/install/robot_py/lib/robot_py
[3.341s] Installing my_robot_j0_py script to /home/vincent-pc/ros2_jazzy/install/robot_py/lib/robot_py
[3.343s] Installing my_robot_j1_py script to /home/vincent-pc/ros2_jazzy/install/robot_py/lib/robot_py
[3.343s] 
[3.343s] Installed /home/vincent-pc/ros2_jazzy/build/robot_py
[3.343s] running symlink_data
[3.432s] Invoked command in '/home/vincent-pc/ros2_jazzy/build/robot_py' returned '0': DEBUGINFOD_URLS=https://debuginfod.ubuntu.com PYTHONPATH=/home/vincent-pc/ros2_jazzy/build/robot_py/prefix_override:/usr/lib/python3/dist-packages/colcon_core/task/python/colcon_distutils_commands:/home/vincent-pc/ros2_jazzy/install/robot_py/lib/python3.12/site-packages:${PYTHONPATH} /usr/bin/python3 -W ignore:setup.py install is deprecated -W ignore:easy_install command is deprecated setup.py develop --editable --build-directory /home/vincent-pc/ros2_jazzy/build/robot_py/build --no-deps symlink_data
