[01m[K/home/vincent-pc/ros2_jazzy/src/final_project/src/turtlesim_controller_step1.cpp:[m[K In constructor ‘[01m[KTurtleController::[01;32m[KTurtleController[m[K()[m[K’:
[01m[K/home/vincent-pc/ros2_jazzy/src/final_project/src/turtlesim_controller_step1.cpp:13:74:[m[K [01;35m[Kwarning: [m[K‘[01m[Ktypename rclcpp::Client<ServiceT>::SharedPtr rclcpp::Node::[01;32m[Kcreate_client[m[K(const std::string&, const rmw_qos_profile_t&, rclcpp::CallbackGroup::SharedPtr) [35m[K[with ServiceT = turtlesim::srv::Spawn; typename rclcpp::Client<ServiceT>::SharedPtr = std::shared_ptr<rclcpp::Client<turtlesim::srv::Spawn> >; std::string = std::__cxx11::basic_string<char>; rmw_qos_profile_t = rmw_qos_profile_s; rclcpp::CallbackGroup::SharedPtr = std::shared_ptr<rclcpp::CallbackGroup>][m[K[m[K’ is deprecated: use rclcpp::QoS instead of rmw_qos_profile_t [[01;35m[K]8;;https://gcc.gnu.org/onlinedocs/gcc/Warning-Options.html#index-Wdeprecated-declarations-Wdeprecated-declarations]8;;[m[K]
   13 | ent_ = [01;35m[Kthis->create_client<turtlesim::srv::Spawn>([m[K
      |        [01;35m[K~~~~~~~~~~~~~~~~~~~~~~~~~~~~~~~~~~~~~~~~~~^[m[K

   14 | [01;35m[Kw_qos_profile_services_default, cb_group_)[m[K;
      | [01;35m[K~~~~~~~~~~~~~~~~~~~~~~~~~~~~~~~~~~~~~~~~~~[m[K        

In file included from [01m[K/opt/ros/jazzy/include/rclcpp/rclcpp/node.hpp:1663[m[K,
                 from [01m[K/opt/ros/jazzy/include/rclcpp/rclcpp/executors/single_threaded_executor.hpp:28[m[K,
                 from [01m[K/opt/ros/jazzy/include/rclcpp/rclcpp/executors.hpp:22[m[K,
                 from [01m[K/opt/ros/jazzy/include/rclcpp/rclcpp/rclcpp.hpp:172[m[K,
                 from [01m[K/home/vincent-pc/ros2_jazzy/src/final_project/src/turtlesim_controller_step1.cpp:1[m[K:
[01m[K/opt/ros/jazzy/include/rclcpp/rclcpp/node_impl.hpp:159:1:[m[K [01;36m[Knote: [m[Kdeclared here
  159 | [01;36m[KNode[m[K::create_client(
      | [01;36m[K^~~~[m[K
[01m[K/home/vincent-pc/ros2_jazzy/src/final_project/src/turtlesim_controller_step1.cpp:15:72:[m[K [01;35m[Kwarning: [m[K‘[01m[Ktypename rclcpp::Client<ServiceT>::SharedPtr rclcpp::Node::[01;32m[Kcreate_client[m[K(const std::string&, const rmw_qos_profile_t&, rclcpp::CallbackGroup::SharedPtr) [35m[K[with ServiceT = turtlesim::srv::Kill; typename rclcpp::Client<ServiceT>::SharedPtr = std::shared_ptr<rclcpp::Client<turtlesim::srv::Kill> >; std::string = std::__cxx11::basic_string<char>; rmw_qos_profile_t = rmw_qos_profile_s; rclcpp::CallbackGroup::SharedPtr = std::shared_ptr<rclcpp::CallbackGroup>][m[K[m[K’ is deprecated: use rclcpp::QoS instead of rmw_qos_profile_t [[01;35m[K]8;;https://gcc.gnu.org/onlinedocs/gcc/Warning-Options.html#index-Wdeprecated-declarations-Wdeprecated-declarations]8;;[m[K]
   15 | ient_ = [01;35m[Kthis->create_client<turtlesim::srv::Kill>([m[K
      |         [01;35m[K~~~~~~~~~~~~~~~~~~~~~~~~~~~~~~~~~~~~~~~~~^[m[K

   16 | [01;35m[Kmw_qos_profile_services_default, cb_group_)[m[K;
      | [01;35m[K~~~~~~~~~~~~~~~~~~~~~~~~~~~~~~~~~~~~~~~~~~~[m[K       

[01m[K/opt/ros/jazzy/include/rclcpp/rclcpp/node_impl.hpp:159:1:[m[K [01;36m[Knote: [m[Kdeclared here
  159 | [01;36m[KNode[m[K::create_client(
      | [01;36m[K^~~~[m[K
