-- Found ament_cmake: 2.5.4 (/opt/ros/jazzy/share/ament_cmake/cmake)
-- Found rclcpp: 28.1.13 (/opt/ros/jazzy/share/rclcpp/cmake)
-- Found rosidl_generator_c: 4.6.6 (/opt/ros/jazzy/share/rosidl_generator_c/cmake)
-- Found rosidl_generator_cpp: 4.6.6 (/opt/ros/jazzy/share/rosidl_generator_cpp/cmake)
-- Using all available rosidl_typesupport_c: rosidl_typesupport_fastrtps_c;rosidl_typesupport_introspection_c
-- Using all available rosidl_typesupport_cpp: rosidl_typesupport_fastrtps_cpp;rosidl_typesupport_introspection_cpp
-- Found rmw_implementation_cmake: 7.3.2 (/opt/ros/jazzy/share/rmw_implementation_cmake/cmake)
-- Found rmw_fastrtps_cpp: 8.4.3 (/opt/ros/jazzy/share/rmw_fastrtps_cpp/cmake)
-- Using RMW implementation 'rmw_fastrtps_cpp' as default
-- Found turtlesim: 1.8.3 (/opt/ros/jazzy/share/turtlesim/cmake)
-- Found rclcpp_action: 28.1.13 (/opt/ros/jazzy/share/rclcpp_action/cmake)
-- Found rclcpp_lifecycle: 28.1.13 (/opt/ros/jazzy/share/rclcpp_lifecycle/cmake)
-- Found rclcpp_components: 28.1.13 (/opt/ros/jazzy/share/rclcpp_components/cmake)
-- Found my_robot_interfaces: 0.0.0 (/home/vincent-pc/ros2_jazzy/src/install/my_robot_interfaces/share/my_robot_interfaces/cmake)
-- Configuring done (0.9s)
-- Generating done (0.0s)
-- Build files have been written to: /home/vincent-pc/ros2_jazzy/src/build/final_project
[ 50%] [32mBuilding CXX object CMakeFiles/turtle_controller_cpp.dir/src/turtlesim_controller_step1.cpp.o[0m
[01m[K/home/vincent-pc/ros2_jazzy/src/final_project/src/turtlesim_controller_step1.cpp:[m[K In constructor ‘[01m[KTurtleController::[01;32m[KTurtleController[m[K()[m[K’:
[01m[K/home/vincent-pc/ros2_jazzy/src/final_project/src/turtlesim_controller_step1.cpp:13:74:[m[K [01;35m[Kwarning: [m[K‘[01m[Ktypename rclcpp::Client<ServiceT>::SharedPtr rclcpp::Node::[01;32m[Kcreate_client[m[K(const std::string&, const rmw_qos_profile_t&, rclcpp::CallbackGroup::SharedPtr) [35m[K[with ServiceT = turtlesim::srv::Spawn; typename rclcpp::Client<ServiceT>::SharedPtr = std::shared_ptr<rclcpp::Client<turtlesim::srv::Spawn> >; std::string = std::__cxx11::basic_string<char>; rmw_qos_profile_t = rmw_qos_profile_s; rclcpp::CallbackGroup::SharedPtr = std::shared_ptr<rclcpp::CallbackGroup>][m[K[m[K’ is deprecated: use rclcpp::QoS instead of rmw_qos_profile_t [[01;35m[K]8;;https://gcc.gnu.org/onlinedocs/gcc/Warning-Options.html#index-Wdeprecated-declarations-Wdeprecated-declarations]8;;[m[K]
   13 | ent_ = [01;35m[Kthis->create_client<turtlesim::srv::Spawn>([m[K
      |        [01;35m[K~~~~~~~~~~~~~~~~~~~~~~~~~~~~~~~~~~~~~~~~~~^[m[K

   14 | [01;35m[Kw_qos_profile_services_default, cb_group_)[m[K;
      | [01;35m[K~~~~~~~~~~~~~~~~~~~~~~~~~~~~~~~~~~~~~~~~~~[m[K        

In file included from [01m[K/opt/ros/jazzy/include/rclcpp/rclcpp/node.hpp:1663[m[K,
                 from [01m[K/opt/ros/jazzy/include/rclcpp/rclcpp/executors/single_threaded_executor.hpp:28[m[K,
                 from [01m[K/opt/ros/jazzy/include/rclcpp/rclcpp/executors.hpp:22[m[K,
                 from [01m[K/opt/ros/jazzy/include/rclcpp/rclcpp/rclcpp.hpp:172[m[K,
                 from [01m[K/home/vincent-pc/ros2_jazzy/src/final_project/src/turtlesim_controller_step1.cpp:1[m[K:
[01m[K/opt/ros/jazzy/include/rclcpp/rclcpp/node_impl.hpp:159:1:[m[K [01;36m[Knote: [m[Kdeclared here
  159 | [01;36m[KNode[m[K::create_client(
      | [01;36m[K^~~~[m[K
[01m[K/home/vincent-pc/ros2_jazzy/src/final_project/src/turtlesim_controller_step1.cpp:15:72:[m[K [01;35m[Kwarning: [m[K‘[01m[Ktypename rclcpp::Client<ServiceT>::SharedPtr rclcpp::Node::[01;32m[Kcreate_client[m[K(const std::string&, const rmw_qos_profile_t&, rclcpp::CallbackGroup::SharedPtr) [35m[K[with ServiceT = turtlesim::srv::Kill; typename rclcpp::Client<ServiceT>::SharedPtr = std::shared_ptr<rclcpp::Client<turtlesim::srv::Kill> >; std::string = std::__cxx11::basic_string<char>; rmw_qos_profile_t = rmw_qos_profile_s; rclcpp::CallbackGroup::SharedPtr = std::shared_ptr<rclcpp::CallbackGroup>][m[K[m[K’ is deprecated: use rclcpp::QoS instead of rmw_qos_profile_t [[01;35m[K]8;;https://gcc.gnu.org/onlinedocs/gcc/Warning-Options.html#index-Wdeprecated-declarations-Wdeprecated-declarations]8;;[m[K]
   15 | ient_ = [01;35m[Kthis->create_client<turtlesim::srv::Kill>([m[K
      |         [01;35m[K~~~~~~~~~~~~~~~~~~~~~~~~~~~~~~~~~~~~~~~~~^[m[K

   16 | [01;35m[Kmw_qos_profile_services_default, cb_group_)[m[K;
      | [01;35m[K~~~~~~~~~~~~~~~~~~~~~~~~~~~~~~~~~~~~~~~~~~~[m[K       

[01m[K/opt/ros/jazzy/include/rclcpp/rclcpp/node_impl.hpp:159:1:[m[K [01;36m[Knote: [m[Kdeclared here
  159 | [01;36m[KNode[m[K::create_client(
      | [01;36m[K^~~~[m[K
[100%] [32m[1mLinking CXX executable turtle_controller_cpp[0m
[100%] Built target turtle_controller_cpp
-- Install configuration: ""
-- Installing: /home/vincent-pc/ros2_jazzy/src/install/final_project/lib/final_project/turtle_controller_cpp
-- Set non-toolchain portion of runtime path of "/home/vincent-pc/ros2_jazzy/src/install/final_project/lib/final_project/turtle_controller_cpp" to ""
-- Installing: /home/vincent-pc/ros2_jazzy/src/install/final_project/share/ament_index/resource_index/package_run_dependencies/final_project
-- Installing: /home/vincent-pc/ros2_jazzy/src/install/final_project/share/ament_index/resource_index/parent_prefix_path/final_project
-- Installing: /home/vincent-pc/ros2_jazzy/src/install/final_project/share/final_project/environment/ament_prefix_path.sh
-- Installing: /home/vincent-pc/ros2_jazzy/src/install/final_project/share/final_project/environment/ament_prefix_path.dsv
-- Installing: /home/vincent-pc/ros2_jazzy/src/install/final_project/share/final_project/environment/path.sh
-- Installing: /home/vincent-pc/ros2_jazzy/src/install/final_project/share/final_project/environment/path.dsv
-- Installing: /home/vincent-pc/ros2_jazzy/src/install/final_project/share/final_project/local_setup.bash
-- Installing: /home/vincent-pc/ros2_jazzy/src/install/final_project/share/final_project/local_setup.sh
-- Installing: /home/vincent-pc/ros2_jazzy/src/install/final_project/share/final_project/local_setup.zsh
-- Installing: /home/vincent-pc/ros2_jazzy/src/install/final_project/share/final_project/local_setup.dsv
-- Installing: /home/vincent-pc/ros2_jazzy/src/install/final_project/share/final_project/package.dsv
-- Installing: /home/vincent-pc/ros2_jazzy/src/install/final_project/share/ament_index/resource_index/packages/final_project
-- Installing: /home/vincent-pc/ros2_jazzy/src/install/final_project/share/final_project/cmake/final_projectConfig.cmake
-- Installing: /home/vincent-pc/ros2_jazzy/src/install/final_project/share/final_project/cmake/final_projectConfig-version.cmake
-- Installing: /home/vincent-pc/ros2_jazzy/src/install/final_project/share/final_project/package.xml
