running develop
running egg_info
creating actions_py.egg-info
writing actions_py.egg-info/PKG-INFO
writing dependency_links to actions_py.egg-info/dependency_links.txt
writing entry points to actions_py.egg-info/entry_points.txt
writing requirements to actions_py.egg-info/requires.txt
writing top-level names to actions_py.egg-info/top_level.txt
writing manifest file 'actions_py.egg-info/SOURCES.txt'
reading manifest file 'actions_py.egg-info/SOURCES.txt'
writing manifest file 'actions_py.egg-info/SOURCES.txt'
running build_ext
Creating /home/vincent-pc/ros2_jazzy/src/install/actions_py/lib/python3.12/site-packages/actions-py.egg-link (link to .)
Installing count_until_client_py script to /home/vincent-pc/ros2_jazzy/src/install/actions_py/lib/actions_py
Installing count_until_server_policy_py script to /home/vincent-pc/ros2_jazzy/src/install/actions_py/lib/actions_py
Installing count_until_server_policy_queue_py script to /home/vincent-pc/ros2_jazzy/src/install/actions_py/lib/actions_py
Installing count_until_server_py script to /home/vincent-pc/ros2_jazzy/src/install/actions_py/lib/actions_py

Installed /home/vincent-pc/ros2_jazzy/src/build/actions_py
running symlink_data
creating /home/vincent-pc/ros2_jazzy/src/install/actions_py/share/ament_index
creating /home/vincent-pc/ros2_jazzy/src/install/actions_py/share/ament_index/resource_index
creating /home/vincent-pc/ros2_jazzy/src/install/actions_py/share/ament_index/resource_index/packages
symbolically linking /home/vincent-pc/ros2_jazzy/src/build/actions_py/resource/actions_py -> /home/vincent-pc/ros2_jazzy/src/install/actions_py/share/ament_index/resource_index/packages
symbolically linking /home/vincent-pc/ros2_jazzy/src/build/actions_py/package.xml -> /home/vincent-pc/ros2_jazzy/src/install/actions_py/share/actions_py
