running develop
Removing /home/vincent-pc/ros2_jazzy/install/actions_py/lib/python3.12/site-packages/actions-py.egg-link (link to .)
running egg_info
writing ../../build/actions_py/actions_py.egg-info/PKG-INFO
writing dependency_links to ../../build/actions_py/actions_py.egg-info/dependency_links.txt
writing entry points to ../../build/actions_py/actions_py.egg-info/entry_points.txt
writing requirements to ../../build/actions_py/actions_py.egg-info/requires.txt
writing top-level names to ../../build/actions_py/actions_py.egg-info/top_level.txt
reading manifest file '../../build/actions_py/actions_py.egg-info/SOURCES.txt'
writing manifest file '../../build/actions_py/actions_py.egg-info/SOURCES.txt'
running build
running build_py
copying actions_py/count_until_client.py -> /home/vincent-pc/ros2_jazzy/build/actions_py/build/lib/actions_py
copying actions_py/count_until_server.py -> /home/vincent-pc/ros2_jazzy/build/actions_py/build/lib/actions_py
running install
running install_lib
creating /home/vincent-pc/ros2_jazzy/install/actions_py/lib/python3.12/site-packages/actions_py
copying /home/vincent-pc/ros2_jazzy/build/actions_py/build/lib/actions_py/count_until_client.py -> /home/vincent-pc/ros2_jazzy/install/actions_py/lib/python3.12/site-packages/actions_py
copying /home/vincent-pc/ros2_jazzy/build/actions_py/build/lib/actions_py/__init__.py -> /home/vincent-pc/ros2_jazzy/install/actions_py/lib/python3.12/site-packages/actions_py
copying /home/vincent-pc/ros2_jazzy/build/actions_py/build/lib/actions_py/count_until_server.py -> /home/vincent-pc/ros2_jazzy/install/actions_py/lib/python3.12/site-packages/actions_py
byte-compiling /home/vincent-pc/ros2_jazzy/install/actions_py/lib/python3.12/site-packages/actions_py/count_until_client.py to count_until_client.cpython-312.pyc
byte-compiling /home/vincent-pc/ros2_jazzy/install/actions_py/lib/python3.12/site-packages/actions_py/__init__.py to __init__.cpython-312.pyc
byte-compiling /home/vincent-pc/ros2_jazzy/install/actions_py/lib/python3.12/site-packages/actions_py/count_until_server.py to count_until_server.cpython-312.pyc
running install_data
copying resource/actions_py -> /home/vincent-pc/ros2_jazzy/install/actions_py/share/ament_index/resource_index/packages
copying package.xml -> /home/vincent-pc/ros2_jazzy/install/actions_py/share/actions_py
running install_egg_info
Copying ../../build/actions_py/actions_py.egg-info to /home/vincent-pc/ros2_jazzy/install/actions_py/lib/python3.12/site-packages/actions_py-0.0.0-py3.12.egg-info
running install_scripts
Installing count_until_client_py script to /home/vincent-pc/ros2_jazzy/install/actions_py/lib/actions_py
Installing count_until_server_py script to /home/vincent-pc/ros2_jazzy/install/actions_py/lib/actions_py
writing list of installed files to '/home/vincent-pc/ros2_jazzy/build/actions_py/install.log'
