/home/vincent-pc/ros2_jazzy/src/install/my_robot_python/lib/python3.12/site-packages/my_robot_python/Template.py
/home/vincent-pc/ros2_jazzy/src/install/my_robot_python/lib/python3.12/site-packages/my_robot_python/my_robot_joint1.py
/home/vincent-pc/ros2_jazzy/src/install/my_robot_python/lib/python3.12/site-packages/my_robot_python/my_robot_joint1_srv.py
/home/vincent-pc/ros2_jazzy/src/install/my_robot_python/lib/python3.12/site-packages/my_robot_python/my_robot.py
/home/vincent-pc/ros2_jazzy/src/install/my_robot_python/lib/python3.12/site-packages/my_robot_python/__init__.py
/home/vincent-pc/ros2_jazzy/src/install/my_robot_python/lib/python3.12/site-packages/my_robot_python/my_robot_master_action.py
/home/vincent-pc/ros2_jazzy/src/install/my_robot_python/lib/python3.12/site-packages/my_robot_python/my_robot_joint0.py
/home/vincent-pc/ros2_jazzy/src/install/my_robot_python/lib/python3.12/site-packages/my_robot_python/my_robot_joint0_srv.py
/home/vincent-pc/ros2_jazzy/src/install/my_robot_python/lib/python3.12/site-packages/my_robot_python/__pycache__/Template.cpython-312.pyc
/home/vincent-pc/ros2_jazzy/src/install/my_robot_python/lib/python3.12/site-packages/my_robot_python/__pycache__/my_robot_joint1.cpython-312.pyc
/home/vincent-pc/ros2_jazzy/src/install/my_robot_python/lib/python3.12/site-packages/my_robot_python/__pycache__/my_robot_joint1_srv.cpython-312.pyc
/home/vincent-pc/ros2_jazzy/src/install/my_robot_python/lib/python3.12/site-packages/my_robot_python/__pycache__/my_robot.cpython-312.pyc
/home/vincent-pc/ros2_jazzy/src/install/my_robot_python/lib/python3.12/site-packages/my_robot_python/__pycache__/__init__.cpython-312.pyc
/home/vincent-pc/ros2_jazzy/src/install/my_robot_python/lib/python3.12/site-packages/my_robot_python/__pycache__/my_robot_master_action.cpython-312.pyc
/home/vincent-pc/ros2_jazzy/src/install/my_robot_python/lib/python3.12/site-packages/my_robot_python/__pycache__/my_robot_joint0.cpython-312.pyc
/home/vincent-pc/ros2_jazzy/src/install/my_robot_python/lib/python3.12/site-packages/my_robot_python/__pycache__/my_robot_joint0_srv.cpython-312.pyc
/home/vincent-pc/ros2_jazzy/src/install/my_robot_python/share/ament_index/resource_index/packages/my_robot_python
/home/vincent-pc/ros2_jazzy/src/install/my_robot_python/share/my_robot_python/package.xml
/home/vincent-pc/ros2_jazzy/src/install/my_robot_python/lib/python3.12/site-packages/my_robot_python-0.0.0-py3.12.egg-info/PKG-INFO
/home/vincent-pc/ros2_jazzy/src/install/my_robot_python/lib/python3.12/site-packages/my_robot_python-0.0.0-py3.12.egg-info/dependency_links.txt
/home/vincent-pc/ros2_jazzy/src/install/my_robot_python/lib/python3.12/site-packages/my_robot_python-0.0.0-py3.12.egg-info/top_level.txt
/home/vincent-pc/ros2_jazzy/src/install/my_robot_python/lib/python3.12/site-packages/my_robot_python-0.0.0-py3.12.egg-info/requires.txt
/home/vincent-pc/ros2_jazzy/src/install/my_robot_python/lib/python3.12/site-packages/my_robot_python-0.0.0-py3.12.egg-info/entry_points.txt
/home/vincent-pc/ros2_jazzy/src/install/my_robot_python/lib/python3.12/site-packages/my_robot_python-0.0.0-py3.12.egg-info/SOURCES.txt
/home/vincent-pc/ros2_jazzy/src/install/my_robot_python/lib/python3.12/site-packages/my_robot_python-0.0.0-py3.12.egg-info/zip-safe
/home/vincent-pc/ros2_jazzy/src/install/my_robot_python/lib/my_robot_python/joint0_srv_py
/home/vincent-pc/ros2_jazzy/src/install/my_robot_python/lib/my_robot_python/joint1_srv_py
/home/vincent-pc/ros2_jazzy/src/install/my_robot_python/lib/my_robot_python/my_robot_j0_py
/home/vincent-pc/ros2_jazzy/src/install/my_robot_python/lib/my_robot_python/my_robot_j1_py
