[0.029s] Invoking command in '/home/vincent-pc/ros2_jazzy/build/my_robot_interfaces': CMAKE_PREFIX_PATH=${CMAKE_PREFIX_PATH}:/home/vincent-pc/ros2_jazzy/install/my_robot_python:/home/vincent-pc/ros2_jazzy/install/lifecycle_py:/home/vincent-pc/ros2_jazzy/install/actions_py:/opt/ros/jazzy DEBUGINFOD_URLS=https://debuginfod.ubuntu.com /usr/bin/cmake /home/vincent-pc/ros2_jazzy/src/my_robot_interfaces -DCMAKE_INSTALL_PREFIX=/home/vincent-pc/ros2_jazzy/install/my_robot_interfaces
[0.328s] -- Found ament_cmake: 2.5.4 (/opt/ros/jazzy/share/ament_cmake/cmake)
[0.329s] -- Found Python3: /usr/bin/python3 (found version "3.12.3") found components: Interpreter 
[0.329s] -- Override CMake install command with custom implementation using symlinks instead of copying resources
[0.329s] -- Found rosidl_default_generators: 1.6.0 (/opt/ros/jazzy/share/rosidl_default_generators/cmake)
[0.329s] -- Using all available rosidl_typesupport_c: rosidl_typesupport_fastrtps_c;rosidl_typesupport_introspection_c
[0.329s] -- Using all available rosidl_typesupport_cpp: rosidl_typesupport_fastrtps_cpp;rosidl_typesupport_introspection_cpp
[0.329s] -- Found rosidl_adapter: 4.6.6 (/opt/ros/jazzy/share/rosidl_adapter/cmake)
[0.795s] -- Found ament_cmake_ros: 0.12.0 (/opt/ros/jazzy/share/ament_cmake_ros/cmake)
[0.913s] -- Using all available rosidl_typesupport_c: rosidl_typesupport_fastrtps_c;rosidl_typesupport_introspection_c
[1.059s] -- Using all available rosidl_typesupport_cpp: rosidl_typesupport_fastrtps_cpp;rosidl_typesupport_introspection_cpp
[1.060s] -- Found python_cmake_module: 0.11.1 (/opt/ros/jazzy/share/python_cmake_module/cmake)
[1.394s] -- Found Python3: /usr/bin/python3 (found version "3.12.3") found components: Interpreter Development NumPy Development.Module Development.Embed 
[1.448s] -- Configuring done (1.4s)
[1.514s] -- Generating done (0.1s)
[1.529s] -- Build files have been written to: /home/vincent-pc/ros2_jazzy/build/my_robot_interfaces
[1.538s] Invoked command in '/home/vincent-pc/ros2_jazzy/build/my_robot_interfaces' returned '0': CMAKE_PREFIX_PATH=${CMAKE_PREFIX_PATH}:/home/vincent-pc/ros2_jazzy/install/my_robot_python:/home/vincent-pc/ros2_jazzy/install/lifecycle_py:/home/vincent-pc/ros2_jazzy/install/actions_py:/opt/ros/jazzy DEBUGINFOD_URLS=https://debuginfod.ubuntu.com /usr/bin/cmake /home/vincent-pc/ros2_jazzy/src/my_robot_interfaces -DCMAKE_INSTALL_PREFIX=/home/vincent-pc/ros2_jazzy/install/my_robot_interfaces
[1.538s] Invoking command in '/home/vincent-pc/ros2_jazzy/build/my_robot_interfaces': CMAKE_PREFIX_PATH=${CMAKE_PREFIX_PATH}:/home/vincent-pc/ros2_jazzy/install/my_robot_python:/home/vincent-pc/ros2_jazzy/install/lifecycle_py:/home/vincent-pc/ros2_jazzy/install/actions_py:/opt/ros/jazzy DEBUGINFOD_URLS=https://debuginfod.ubuntu.com /usr/bin/cmake --build /home/vincent-pc/ros2_jazzy/build/my_robot_interfaces -- -j8 -l8
[1.600s] [  1%] Built target my_robot_interfaces__rosidl_generator_type_description
[1.614s] [  1%] Built target ament_cmake_python_symlink_my_robot_interfaces
[1.629s] [  1%] Built target my_robot_interfaces__cpp
[1.641s] [ 27%] Built target my_robot_interfaces__rosidl_generator_c
[1.687s] [ 37%] Built target my_robot_interfaces__rosidl_typesupport_introspection_c
[1.700s] [ 47%] Built target my_robot_interfaces__rosidl_typesupport_cpp
[1.702s] [ 57%] Built target my_robot_interfaces__rosidl_typesupport_c
[1.706s] [ 66%] Built target my_robot_interfaces__rosidl_typesupport_fastrtps_c
[1.708s] [ 75%] Built target my_robot_interfaces__rosidl_typesupport_introspection_cpp
[1.719s] [ 85%] Built target my_robot_interfaces__rosidl_typesupport_fastrtps_cpp
[1.742s] [ 85%] Built target my_robot_interfaces
[1.766s] [ 86%] Built target my_robot_interfaces__py
[1.804s] [ 94%] Built target my_robot_interfaces__rosidl_generator_py
[1.847s] [ 96%] Built target my_robot_interfaces_s__rosidl_typesupport_introspection_c
[1.850s] [ 98%] Built target my_robot_interfaces_s__rosidl_typesupport_c
[1.852s] [100%] Built target my_robot_interfaces_s__rosidl_typesupport_fastrtps_c
[1.932s] running egg_info
[1.961s] writing my_robot_interfaces.egg-info/PKG-INFO
[1.961s] writing dependency_links to my_robot_interfaces.egg-info/dependency_links.txt
[1.961s] writing top-level names to my_robot_interfaces.egg-info/top_level.txt
[2.025s] reading manifest file 'my_robot_interfaces.egg-info/SOURCES.txt'
[2.025s] writing manifest file 'my_robot_interfaces.egg-info/SOURCES.txt'
[2.057s] [100%] Built target ament_cmake_python_build_my_robot_interfaces_egg
